Archive member included to satisfy reference by file (symbol)

/home/weiqiang_sun/S_SDK_Repo/S_SDK_Repo_RTOS_Master_Temporary/amebagreen2_gcc_project/build/project_km4ns/asdk/make/image_rom_wifi/wifi_driver/rom/lib_wifi_driver_rom.a(rom_aes.o)
                              (--whole-archive)
/home/weiqiang_sun/S_SDK_Repo/S_SDK_Repo_RTOS_Master_Temporary/amebagreen2_gcc_project/build/project_km4ns/asdk/make/image_rom_wifi/wifi_driver/rom/lib_wifi_driver_rom.a(rom_arc4.o)
                              (--whole-archive)
/home/weiqiang_sun/S_SDK_Repo/S_SDK_Repo_RTOS_Master_Temporary/amebagreen2_gcc_project/build/project_km4ns/asdk/make/image_rom_wifi/wifi_driver/rom/lib_wifi_driver_rom.a(rom_md5.o)
                              (--whole-archive)
/home/weiqiang_sun/S_SDK_Repo/S_SDK_Repo_RTOS_Master_Temporary/amebagreen2_gcc_project/build/project_km4ns/asdk/make/image_rom_wifi/wifi_driver/rom/lib_wifi_driver_rom.a(rom_rc4.o)
                              (--whole-archive)
/home/weiqiang_sun/S_SDK_Repo/S_SDK_Repo_RTOS_Master_Temporary/amebagreen2_gcc_project/build/project_km4ns/asdk/make/image_rom_wifi/wifi_driver/rom/lib_wifi_driver_rom.a(rom_rtw_dh_groups.o)
                              (--whole-archive)
/home/weiqiang_sun/S_SDK_Repo/S_SDK_Repo_RTOS_Master_Temporary/amebagreen2_gcc_project/build/project_km4ns/asdk/make/image_rom_wifi/wifi_driver/rom/lib_wifi_driver_rom.a(rom_rtw_mbedtls_bignum.o)
                              (--whole-archive)
/home/weiqiang_sun/S_SDK_Repo/S_SDK_Repo_RTOS_Master_Temporary/amebagreen2_gcc_project/build/project_km4ns/asdk/make/image_rom_wifi/wifi_driver/rom/lib_wifi_driver_rom.a(rom_rtw_mbedtls_ecp.o)
                              (--whole-archive)
/home/weiqiang_sun/S_SDK_Repo/S_SDK_Repo_RTOS_Master_Temporary/amebagreen2_gcc_project/build/project_km4ns/asdk/make/image_rom_wifi/wifi_driver/rom/lib_wifi_driver_rom.a(rom_rtw_mbedtls_ecp_curves.o)
                              (--whole-archive)
/home/weiqiang_sun/S_SDK_Repo/S_SDK_Repo_RTOS_Master_Temporary/amebagreen2_gcc_project/build/project_km4ns/asdk/make/image_rom_wifi/wifi_driver/rom/lib_wifi_driver_rom.a(rom_rtw_mbedtls_func_map.o)
                              (--whole-archive)
/home/weiqiang_sun/S_SDK_Repo/S_SDK_Repo_RTOS_Master_Temporary/amebagreen2_gcc_project/build/project_km4ns/asdk/make/image_rom_wifi/wifi_driver/rom/lib_wifi_driver_rom.a(rom_rtw_mbedtls_platform.o)
                              (--whole-archive)
/home/weiqiang_sun/S_SDK_Repo/S_SDK_Repo_RTOS_Master_Temporary/amebagreen2_gcc_project/build/project_km4ns/asdk/make/image_rom_wifi/wifi_driver/rom/lib_wifi_driver_rom.a(rom_rtw_security.o)
                              (--whole-archive)
/home/weiqiang_sun/S_SDK_Repo/S_SDK_Repo_RTOS_Master_Temporary/amebagreen2_gcc_project/build/project_km4ns/asdk/make/image_rom_wifi/wifi_driver/rom/lib_wifi_driver_rom.a(rom_rtw_security_gcm.o)
                              (--whole-archive)
/home/weiqiang_sun/S_SDK_Repo/S_SDK_Repo_RTOS_Master_Temporary/amebagreen2_gcc_project/build/project_km4ns/asdk/make/image_rom_wifi/wifi_driver/rom/lib_wifi_driver_rom.a(rom_rtw_sha256.o)
                              (--whole-archive)
/home/weiqiang_sun/S_SDK_Repo/S_SDK_Repo_RTOS_Master_Temporary/amebagreen2_gcc_project/build/project_km4ns/asdk/make/image_rom_wifi/wifi_driver/rom/lib_wifi_driver_rom.a(rom_rtw_sha384.o)
                              (--whole-archive)
/home/weiqiang_sun/S_SDK_Repo/S_SDK_Repo_RTOS_Master_Temporary/amebagreen2_gcc_project/build/project_km4ns/asdk/make/image_rom_wifi/wifi_driver/rom/lib_wifi_driver_rom.a(rom_sha1.o)
                              (--whole-archive)
/home/weiqiang_sun/S_SDK_Repo/S_SDK_Repo_RTOS_Master_Temporary/amebagreen2_gcc_project/build/project_km4ns/asdk/make/image_rom_wifi/wifi_driver/rom/lib_wifi_driver_rom.a(rom_wpa_lite_part2.o)
                              (--whole-archive)
/home/weiqiang_sun/S_SDK_Repo/S_SDK_Repo_RTOS_Master_Temporary/amebagreen2_gcc_project/build/project_km4ns/asdk/make/image_rom_wifi/wifi_driver/rom/lib_wifi_driver_rom.a(rom_wpa_lite_psk.o)
                              (--whole-archive)
/home/weiqiang_sun/S_SDK_Repo/S_SDK_Repo_RTOS_Master_Temporary/amebagreen2_gcc_project/build/project_km4ns/asdk/make/image_rom_wifi/wifi_driver/rom/lib_wifi_driver_rom.a(rom_wpa_lite_sae.o)
                              (--whole-archive)
/home/weiqiang_sun/S_SDK_Repo/S_SDK_Repo_RTOS_Master_Temporary/amebagreen2_gcc_project/build/project_km4ns/asdk/make/image_rom_wifi/wifi_driver/rom/lib_wifi_driver_rom.a(rom_wpa_lite_sae_crypto.o)
                              (--whole-archive)
/home/weiqiang_sun/S_SDK_Repo/S_SDK_Repo_RTOS_Master_Temporary/amebagreen2_gcc_project/build/project_km4ns/asdk/make/image_rom_wifi/wifi_driver/rom/lib_wifi_driver_rom.a(rom_rtw_11d.o)
                              (--whole-archive)
[...]
Memory Configuration

Name             Origin             Length             Attributes
EMPTY_SECTION    0x0000000000000000 0x0000000000000000 xrw
KM4TZ_IROM       0x0000000000000000 0x000000000001d000 xr
KM4TZ_DROM       0x000000000001d000 0x0000000000002000 xr
KM4TZ_ONLY_ROM   0x000000000001f000 0x0000000000001000 xr
KM4NS_SYS_ROM    0x0000000000100000 0x0000000000001000 xr
SHARE_IROM       0x0000000000101000 0x000000000000b000 xr
SHARE_DROM       0x000000000010c000 0x0000000000003000 xr
OS_ROM           0x000000000010f000 0x0000000000005000 xr
WIFI_ROM         0x0000000000114000 0x0000000000033800 xr
DELAY_ROM        0x0000000000147800 0x0000000000000800 xr
KM4TZ_ROMBSS_RAM_S 0x0000000030000000 0x0000000000000600 rw
KM4TZ_MSP_RAM_S  0x0000000030000600 0x0000000000000a00 rw
KM4TZ_ROMBSS_RAM_NS 0x0000000020001000 0x0000000000001400 rw
KM4TZ_MSP_RAM_NS 0x0000000020002400 0x0000000000000c00 rw
KM4NS_ROMBSS_MMU 0x0000000020001000 0x0000000000001400 rw
KM4NS_ROMBSS_RAM 0x0000000020003000 0x0000000000001400 rw
KM4NS_MSP_RAM    0x0000000020004600 0x0000000000000a00 rw
KM4NS_IPC_RAM    0x0000000020004400 0x0000000000000200 xrw
FULLMAC_IMG2     0x0000000020003020 0x000000000006bfe0 xrw
FULLMAC_TCM_RAM  0x00000000000f0000 0x0000000000010000 xrw
FULLMAC_PG_LOADER_RAM 0x0000000030000040 0x0000000000000480 xrw
KM4TZ_BOOTLOADER_RAM_S 0x0000000030005020 0x0000000000000fe0 xrw
KM4TZ_FLOADER_RAM_S 0x0000000030070020 0x000000000000efe0 xrw
KM4TZ_BD_RAM_TZ_NSC 0x0000000020006020 0xffffffffffffffe0 xrw
KM4TZ_BD_RAM_TZ_ENTRY 0x0000000020006000 0x0000000000000000 xrw
KM4TZ_BD_RAM_TZ_S 0x0000000030006020 0xffffffffffffffe0 xrw
KM4TZ_BD_RAM     0x0000000020006020 0x0000000000049fe0 xrw
KM4NS_BD_RAM     0x0000000020050020 0x000000000002ffe0 xrw
KM4TZ_BD_PSRAM_TZ_NSC 0x0000000060000020 0xffffffffffffffe0 xrw
KM4TZ_BD_PSRAM_TZ_ENTRY 0x0000000060000000 0x0000000000000000 xrw
KM4TZ_BD_PSRAM_TZ_S 0x0000000070000020 0xffffffffffffffe0 xrw
KM4TZ_BD_PSRAM   0x0000000060000020 0x0000000000324fe0 xrw
KM4NS_BD_PSRAM   0x0000000060325020 0x00000000000dafe0 xrw
KM4TZ_PSRAM_HEAP_EXT 0x000000006fffffff 0x0000000000000000 xrw
KM4NS_PSRAM_HEAP_EXT 0x000000006fffffff 0x0000000000000000 xrw
RETENTION_RAM    0x000000004080aa00 0x0000000000000200 xrw
KM4TZ_BOOT_XIP   0x0000000010400020 0x00000000007fffe0 xr
KM4TZ_IMG3_XIP   0x0000000010c00020 0x00000000003fffe0 xr
KM4TZ_IMG2_XIP   0x0000000002000020 0x0000000001ffffe0 xr
KM4NS_IMG2_XIP   0x0000000004000020 0x0000000001ffffe0 xr
BTRACE           0x00000000c8800000 0x0000000000800000 xr
CTRACE           0x00000000ca000000 0x00000000007fffff xr
*default*        0x0000000000000000 0xffffffffffffffff

Linker script and memory map

                0x0000000020004400                __ipc_memory_start__ = ORIGIN (KM4NS_IPC_RAM)
                0x0000000004000020                __km4ns_flash_text_start__ = ORIGIN (KM4NS_IMG2_XIP)
                0x0000000006000000                __km4ns_flash_text_end__ = (ORIGIN (KM4NS_IMG2_XIP) + LENGTH (KM4NS_IMG2_XIP))
                0x0000000002000020                __km4tz_flash_text_start__ = ORIGIN (KM4TZ_IMG2_XIP)
                0x0000000004000000                __km4tz_flash_text_end__ = (ORIGIN (KM4TZ_IMG2_XIP) + LENGTH (KM4TZ_IMG2_XIP))
                0x0000000010400020                __km4tz_boot_text_start__ = ORIGIN (KM4TZ_BOOT_XIP)
                0x0000000010c00000                __km4tz_boot_text_end__ = (ORIGIN (KM4TZ_BOOT_XIP) + LENGTH (KM4TZ_BOOT_XIP))
                0x0000000010c00020                __km4tz_img3_text_start__ = ORIGIN (KM4TZ_IMG3_XIP)
                0x0000000011000000                __km4tz_img3_text_end__ = (ORIGIN (KM4TZ_IMG3_XIP) + LENGTH (KM4TZ_IMG3_XIP))
                0x0000000020006000                __km4tz_bd_ram_start__ = (ORIGIN (KM4TZ_BD_RAM) - 0x20)
                0x0000000060000000                __km4tz_bd_psram_start__ = (ORIGIN (KM4TZ_BD_PSRAM) - 0x20)
                0x0000000060400000                __non_secure_psram_end__ = 0x60400000

.rom_wifi.text  0x0000000000114000    0x2e7c0
                0x0000000000114000                AA__wifi_share_rom_start__ = .
 *(.wifi.rom.text*)
 .wifi.rom.text
                0x0000000000114000     0x2694 /home/weiqiang_sun/S_SDK_Repo/S_SDK_Repo_RTOS_Master_Temporary/amebagreen2_gcc_project/build/project_km4ns/asdk/make/image_rom_wifi/wifi_driver/rom/lib_wifi_driver_rom.a(rom_aes.o)
                0x0000000000114038                aes_set_key
                0x0000000000114408                aes_encrypt
                0x0000000000115290                aes_decrypt
                0x0000000000116180                AES_WRAP
                0x0000000000116334                AES_UnWRAP
                0x00000000001164a0                wifi_rom_omac1_aes_128_vector
 .wifi.rom.text
                0x0000000000116694      0x10c /home/weiqiang_sun/S_SDK_Repo/S_SDK_Repo_RTOS_Master_Temporary/amebagreen2_gcc_project/build/project_km4ns/asdk/make/image_rom_wifi/wifi_driver/rom/lib_wifi_driver_rom.a(rom_arc4.o)
                0x0000000000116694                crc32_get
                0x00000000001166c4                arc4_byte
                0x00000000001166f0                rt_arc4_init
                0x0000000000116750                rt_arc4_crypt
 .wifi.rom.text
                0x00000000001167a0      0xa7c /home/weiqiang_sun/S_SDK_Repo/S_SDK_Repo_RTOS_Master_Temporary/amebagreen2_gcc_project/build/project_km4ns/asdk/make/image_rom_wifi/wifi_driver/rom/lib_wifi_driver_rom.a(rom_md5.o)
                0x0000000000116f6c                rt_md5_init
                0x0000000000116f98                rt_md5_append
                0x0000000000117024                rt_md5_final
                0x0000000000117080                rt_md5_hmac
 .wifi.rom.text
                0x000000000011721c      0x414 /home/weiqiang_sun/S_SDK_Repo/S_SDK_Repo_RTOS_Master_Temporary/amebagreen2_gcc_project/build/project_km4ns/asdk/make/image_rom_wifi/wifi_driver/rom/lib_wifi_driver_rom.a(rom_rc4.o)
                0x000000000011721c                RC4
                0x000000000011754c                RC4_set_key
 .wifi.rom.text
                0x0000000000117630       0x28 /home/weiqiang_sun/S_SDK_Repo/S_SDK_Repo_RTOS_Master_Temporary/amebagreen2_gcc_project/build/project_km4ns/asdk/make/image_rom_wifi/wifi_driver/rom/lib_wifi_driver_rom.a(rom_rtw_dh_groups.o)
                0x0000000000117630                dh_groups_get
 .wifi.rom.text
                0x0000000000117658     0x27d4 /home/weiqiang_sun/S_SDK_Repo/S_SDK_Repo_RTOS_Master_Temporary/amebagreen2_gcc_project/build/project_km4ns/asdk/make/image_rom_wifi/wifi_driver/rom/lib_wifi_driver_rom.a(rom_rtw_mbedtls_bignum.o)
                0x0000000000117658                wifi_rom_mpi_init
                0x0000000000117664                wifi_rom_mpi_free
                0x0000000000117694                wifi_rom_mpi_grow
                0x00000000001176e8                wifi_rom_mpi_shrink
                0x0000000000117770                wifi_rom_mpi_copy
                0x00000000001177ec                wifi_rom_mpi_safe_cond_assign
                0x0000000000117870                wifi_rom_mpi_lset
                0x00000000001178e4                wifi_rom_mpi_get_bit
                0x0000000000117904                wifi_rom_mpi_set_bit
                0x0000000000117954                wifi_rom_mpi_lsb
                0x0000000000117998                wifi_rom_mpi_bitlen
                0x00000000001179f4                wifi_rom_mpi_size
                0x0000000000117a00                wifi_rom_mpi_read_binary
                0x0000000000117a9c                wifi_rom_mpi_write_binary
                0x0000000000117b28                wifi_rom_mpi_shift_l
                0x0000000000117bec                wifi_rom_mpi_shift_r
                0x0000000000117ca0                wifi_rom_mpi_cmp_abs
                0x0000000000117d30                wifi_rom_mpi_cmp_mpi
                0x0000000000117ddc                wifi_rom_mpi_cmp_int
                0x0000000000117e0c                wifi_rom_mpi_add_abs
                0x0000000000117ee4                wifi_rom_mpi_sub_abs
                0x0000000000117fe0                wifi_rom_mpi_add_mpi
                0x0000000000118030                wifi_rom_mpi_sub_mpi
                0x0000000000118080                wifi_rom_mpi_add_int
                0x00000000001180f0                wifi_rom_mpi_sub_int
                0x0000000000118160                wifi_rom_mpi_mul_hlp
                0x0000000000118ad4                wifi_rom_mpi_mul_mpi
                0x0000000000118c0c                wifi_rom_mpi_mul_int
                0x0000000000118c28                wifi_rom_mpi_div_mpi
                0x0000000000119138                wifi_rom_mpi_mod_mpi
                0x00000000001191c8                wifi_rom_mpi_exp_mod
                0x000000000011971c                wifi_rom_mpi_gcd
                0x0000000000119988                wifi_rom_mpi_fill_random
                0x0000000000119a20                wifi_rom_mpi_inv_mod
 .wifi.rom.text
                0x0000000000119e2c     0x1cec /home/weiqiang_sun/S_SDK_Repo/S_SDK_Repo_RTOS_Master_Temporary/amebagreen2_gcc_project/build/project_km4ns/asdk/make/image_rom_wifi/wifi_driver/rom/lib_wifi_driver_rom.a(rom_rtw_mbedtls_ecp.o)
                0x000000000011a984                wifi_rom_ecp_point_init
                0x000000000011a9a0                wifi_rom_ecp_group_init
                0x000000000011a9f4                wifi_rom_ecp_point_free
                0x000000000011aa14                wifi_rom_ecp_group_free
                0x000000000011aaac                wifi_rom_ecp_copy
                0x000000000011aadc                wifi_rom_ecp_set_zero
                0x000000000011b180                wifi_rom_ecp_is_zero
                0x000000000011b194                wifi_rom_ecp_point_cmp
                0x000000000011b1c8                wifi_rom_ecp_point_write_binary
                0x000000000011b26c                wifi_rom_ecp_point_read_binary
                0x000000000011b300                wifi_rom_ecp_mul_restartable
                0x000000000011b7cc                wifi_rom_ecp_mul
                0x000000000011b7e8                wifi_rom_ecp_muladd_restartable
                0x000000000011b880                wifi_rom_ecp_muladd
                0x000000000011b89c                wifi_rom_ecp_check_pubkey
                0x000000000011b8d4                wifi_rom_ecp_check_privkey
                0x000000000011b914                wifi_rom_mpi_add_mod
                0x000000000011b950                wifi_rom_mpi_mul_mod
                0x000000000011b970                wifi_rom_mpi_sub_int_mod
                0x000000000011b9b0                wifi_rom_ecp_sw_rhs
                0x000000000011ba78                wifi_rom_ecp_sw_derive_y
 .wifi.rom.text
                0x000000000011bb18      0xdac /home/weiqiang_sun/S_SDK_Repo/S_SDK_Repo_RTOS_Master_Temporary/amebagreen2_gcc_project/build/project_km4ns/asdk/make/image_rom_wifi/wifi_driver/rom/lib_wifi_driver_rom.a(rom_rtw_mbedtls_ecp_curves.o)
                0x000000000011c768                wifi_rom_ecp_group_load
 .wifi.rom.text
                0x000000000011c8c4        0x0 /home/weiqiang_sun/S_SDK_Repo/S_SDK_Repo_RTOS_Master_Temporary/amebagreen2_gcc_project/build/project_km4ns/asdk/make/image_rom_wifi/wifi_driver/rom/lib_wifi_driver_rom.a(rom_rtw_mbedtls_func_map.o)
 .wifi.rom.text
                0x000000000011c8c4       0x10 /home/weiqiang_sun/S_SDK_Repo/S_SDK_Repo_RTOS_Master_Temporary/amebagreen2_gcc_project/build/project_km4ns/asdk/make/image_rom_wifi/wifi_driver/rom/lib_wifi_driver_rom.a(rom_rtw_mbedtls_platform.o)
                0x000000000011c8c4                wifi_rom_platform_zeroize
 .wifi.rom.text
                0x000000000011c8d4     0x1760 /home/weiqiang_sun/S_SDK_Repo/S_SDK_Repo_RTOS_Master_Temporary/amebagreen2_gcc_project/build/project_km4ns/asdk/make/image_rom_wifi/wifi_driver/rom/lib_wifi_driver_rom.a(rom_rtw_security.o)
                0x000000000011c9f4                wep_80211_encrypt
                0x000000000011ca5c                wep_80211_decrypt
                0x000000000011caf0                tkip_micappendbyte
                0x000000000011cb4c                rtw_secmicsetkey
                0x000000000011cb98                rtw_secmicappend
                0x000000000011cbfc                rtw_secgetmic
                0x000000000011ccb4                rtw_seccalctkipmic
                0x000000000011cd88                tkip_phase1
                0x000000000011cee0                tkip_phase2
                0x000000000011d0ac                tkip_80211_encrypt
                0x000000000011d134                tkip_80211_decrypt
                0x000000000011d1e8                aes1_encrypt
                0x000000000011d4dc                aesccmp_construct_mic_iv
                0x000000000011d540                aesccmp_construct_mic_header1
                0x000000000011d5ac                aesccmp_construct_mic_header2
                0x000000000011d648                aesccmp_construct_ctr_preload
                0x000000000011d6d8                aes_80211_encrypt
                0x000000000011db14                aes_80211_decrypt
 .wifi.rom.text
                0x000000000011e034      0xd98 /home/weiqiang_sun/S_SDK_Repo/S_SDK_Repo_RTOS_Master_Temporary/amebagreen2_gcc_project/build/project_km4ns/asdk/make/image_rom_wifi/wifi_driver/rom/lib_wifi_driver_rom.a(rom_rtw_security_gcm.o)
                0x000000000011ead8                gcmp_80211_encrypt
                0x000000000011ebbc                gcmp_80211_decrypt
                0x000000000011ed44                bip_gcmp_protect
 .wifi.rom.text
                0x000000000011edcc      0x66c /home/weiqiang_sun/S_SDK_Repo/S_SDK_Repo_RTOS_Master_Temporary/amebagreen2_gcc_project/build/project_km4ns/asdk/make/image_rom_wifi/wifi_driver/rom/lib_wifi_driver_rom.a(rom_rtw_sha256.o)
                0x000000000011ef38                wifi_rom_sha256_vector
                0x000000000011f148                wifi_rom_hmac_sha256_vector
                0x000000000011f250                wifi_rom_hmac_sha256_kdf
                0x000000000011f328                wifi_rom_sha256_prf_bits
                0x000000000011f428                wifi_rom_sha256_prf
 .wifi.rom.text
                0x000000000011f438      0x7d4 /home/weiqiang_sun/S_SDK_Repo/S_SDK_Repo_RTOS_Master_Temporary/amebagreen2_gcc_project/build/project_km4ns/asdk/make/image_rom_wifi/wifi_driver/rom/lib_wifi_driver_rom.a(rom_rtw_sha384.o)
                0x000000000011fa24                wifi_rom_hmac_sha384_vector
                0x000000000011fb30                wifi_rom_sha384_prf
 *fill*         0x000000000011fc0c        0x4 
 .wifi.rom.text
                0x000000000011fc10      0x614 /home/weiqiang_sun/S_SDK_Repo/S_SDK_Repo_RTOS_Master_Temporary/amebagreen2_gcc_project/build/project_km4ns/asdk/make/image_rom_wifi/wifi_driver/rom/lib_wifi_driver_rom.a(rom_sha1.o)
                0x000000000011fecc                rt_sha1_init
                0x000000000011ff1c                rt_sha1_update
                0x000000000011ff84                rt_sha1_finish
                0x000000000011ff94                rt_hmac_sha1
 .wifi.rom.text
                0x0000000000120224      0xb74 /home/weiqiang_sun/S_SDK_Repo/S_SDK_Repo_RTOS_Master_Temporary/amebagreen2_gcc_project/build/project_km4ns/asdk/make/image_rom_wifi/wifi_driver/rom/lib_wifi_driver_rom.a(rom_wpa_lite_part2.o)
                0x0000000000120304                wifi_rom_enc_gtk
                0x0000000000120360                wifi_rom_gen_nonce
                0x00000000001203f8                wifi_rom_wpa_key_mgmt_sae
                0x0000000000120404                wifi_rom_wpa_key_mgmt_sha256
                0x0000000000120410                wifi_rom_wpa_key_mgmt_sha384
                0x0000000000120418                wifi_rom_ap_constructEAPOL_1Of4Way
                0x0000000000120558                wifi_rom_wpa_parse_rsnxe
                0x00000000001205ac                wifi_rom_wpa_append_rsnxe
                0x00000000001205d8                wifi_rom_check_append_rsnxe
                0x000000000012062c                wifi_rom_set_playercounter
                0x0000000000120634                wifi_rom_equal_playercounter
                0x0000000000120650                wifi_rom_fill_eapol_header
                0x00000000001206ac                wifi_rom_check_playercounter
                0x00000000001206d0                wifi_rom_set_group_cipher
                0x00000000001206fc                wifi_rom_parse_group_kde
                0x0000000000120830                wifi_rom_psk_ieee80211w_kde_add
                0x0000000000120890                wifi_rom_ap_constructEAPOL_1Of2Way
                0x0000000000120a78                wifi_rom_ap_fill_keydata
                0x0000000000120b54                wifi_rom_ap_constructEAPOL_3Of4Way
 .wifi.rom.text
                0x0000000000120d98      0xe6c /home/weiqiang_sun/S_SDK_Repo/S_SDK_Repo_RTOS_Master_Temporary/amebagreen2_gcc_project/build/project_km4ns/asdk/make/image_rom_wifi/wifi_driver/rom/lib_wifi_driver_rom.a(rom_wpa_lite_psk.o)
                0x0000000000120e3c                strtopsk
                0x0000000000120efc                rom_psk_PasswordHash
                0x0000000000120f38                rom_psk_CalcGTK
                0x0000000000120ff4                rom_psk_CalcPTK
                0x000000000012114c                _ntohs_rom
                0x0000000000121154                wifi_rom_message_replaycounter_oc2li
                0x0000000000121170                wifi_rom_message_equalreplaycounter
                0x00000000001211a4                wifi_rom_message_smallerequalreplaycounter
                0x00000000001211e0                wifi_rom_message_smallerreplaycounter
                0x000000000012121c                wifi_rom_message_setreplaycounter
                0x0000000000121238                wifi_rom_inc_largeinteger
                0x0000000000121254                wifi_rom_inc_octet16_integer
                0x00000000001212c4                wifi_rom_inc_octet32_integer
                0x0000000000121330                wifi_rom_set_eapolkeyiv
                0x00000000001213c4                wifi_rom_check_mic
                0x00000000001214e4                wifi_rom_calc_mic
                0x00000000001215bc                wifi_rom_decrypt_WPA2keydata
                0x00000000001216e8                wifi_rom_decrypt_GTK
                0x00000000001217d4                wifi_rom_client_constructEAPOL_2Of4Way
                0x00000000001218e4                wifi_rom_client_constructEAPOL_4Of4Way
                0x00000000001219bc                wifi_rom_client_constructEAPOL_2Of2Way
                0x0000000000121aac                wifi_rom_client_constructEAPOL_MICof2Way
                0x0000000000121b8c                wifi_rom_eapol_check_rsne_pmkid
 .wifi.rom.text
                0x0000000000121c04     0x1198 /home/weiqiang_sun/S_SDK_Repo/S_SDK_Repo_RTOS_Master_Temporary/amebagreen2_gcc_project/build/project_km4ns/asdk/make/image_rom_wifi/wifi_driver/rom/lib_wifi_driver_rom.a(rom_wpa_lite_sae.o)
                0x00000000001220d8                wifi_rom_sae_octect_buf_alloc
                0x000000000012211c                wifi_rom_sae_octect_buf_clear
                0x0000000000122148                wifi_rom_sae_set_state
                0x00000000001221bc                wifi_rom_sae_get_rand_mask
                0x000000000012234c                wifi_rom_sae_ecc_point_invert
                0x00000000001223a0                wifi_rom_sae_clear_data
                0x00000000001223a8                wifi_rom_sae_check_group
                0x000000000012241c                wifi_rom_sae_blind_select_group
                0x0000000000122470                wifi_rom_sae_target_select_group
                0x00000000001224e4                wifi_rom_sae_derive_pt
                0x0000000000122520                wifi_rom_sae_prepare_commit
                0x00000000001226d4                wifi_rom_sae_prepare_confirm
                0x00000000001227d8                wifi_rom_sae_del_event
                0x0000000000122804                wifi_rom_sae_parse_peer_commit
                0x0000000000122b3c                wifi_rom_sae_process_peer_commit
                0x0000000000122ba0                wifi_rom_sae_check_peer_confirm
                0x0000000000122c5c                wifi_rom_sae_check_big_sync
                0x0000000000122c68                wifi_rom_sae_generate_commit_element_ecc
                0x0000000000122cc8                wifi_rom_sae_generate_commit_element_ffc
                0x0000000000122d20                wifi_rom_is_duplicate_sae_auth
 .wifi.rom.text
                0x0000000000122d9c     0x1f10 /home/weiqiang_sun/S_SDK_Repo/S_SDK_Repo_RTOS_Master_Temporary/amebagreen2_gcc_project/build/project_km4ns/asdk/make/image_rom_wifi/wifi_driver/rom/lib_wifi_driver_rom.a(rom_wpa_lite_sae_crypto.o)
                0x0000000000122fa8                wifi_rom_dump_bignum
                0x000000000012304c                wifi_rom_dump_octect_string
                0x00000000001230d0                wifi_rom_ecc_point_read_bignum
                0x0000000000123158                wifi_rom_ecc_point_write_bignum
                0x00000000001231f0                wifi_rom_dump_ecc_point
                0x0000000000123270                wifi_rom_ecc_point_read_binary
                0x00000000001232e0                wifi_rom_ecc_point_write_binary
                0x0000000000123314                wifi_rom_ecc_point_add_point
                0x0000000000123360                wifi_rom_bignum_add_mod
                0x0000000000123384                wifi_rom_bignum_mul_mod
                0x0000000000123a2c                wifi_rom_sae_memcmp
                0x0000000000123a54                wifi_rom_sae_buf_shift_right
                0x0000000000123a8c                wifi_rom_sae_crypto_ecc_init
                0x0000000000123b44                wifi_rom_sae_crypto_ecc_free
                0x0000000000123b6c                wifi_rom_sae_derive_pwe_ecc
                0x0000000000124354                wifi_rom_sae_derive_pwe_ffc
                0x0000000000124520                wifi_rom_sae_derive_pwe_from_pt
                0x000000000012468c                wifi_rom_sae_derive_k_ecc
                0x0000000000124754                wifi_rom_sae_derive_k_ffc
                0x0000000000124800                wifi_rom_sae_derive_pmk_and_kck
                0x0000000000124ae0                wifi_rom_sae_derive_pt_ecc
 .wifi.rom.text
                0x0000000000124cac        0x0 /home/weiqiang_sun/S_SDK_Repo/S_SDK_Repo_RTOS_Master_Temporary/amebagreen2_gcc_project/build/project_km4ns/asdk/make/image_rom_wifi/wifi_driver/rom/lib_wifi_driver_rom.a(rom_rtw_11d.o)
 .wifi.rom.text
                0x0000000000124cac      0x264 /home/weiqiang_sun/S_SDK_Repo/S_SDK_Repo_RTOS_Master_Temporary/amebagreen2_gcc_project/build/project_km4ns/asdk/make/image_rom_wifi/wifi_driver/rom/lib_wifi_driver_rom.a(rom_rtw_80211w.o)
                0x0000000000124cac                wifi_rom_dot11w_construct_action_frame
                0x0000000000124d70                wifi_rom_dot11w_BIP_verify
 .wifi.rom.text
                0x0000000000124f10       0x88 /home/weiqiang_sun/S_SDK_Repo/S_SDK_Repo_RTOS_Master_Temporary/amebagreen2_gcc_project/build/project_km4ns/asdk/make/image_rom_wifi/wifi_driver/rom/lib_wifi_driver_rom.a(rom_rtw_action.o)
                0x0000000000124f10                wifi_rom_para_set_for_addba
                0x0000000000124f48                wifi_rom_on_action_csa
 .wifi.rom.text
                0x0000000000124f98      0x958 /home/weiqiang_sun/S_SDK_Repo/S_SDK_Repo_RTOS_Master_Temporary/amebagreen2_gcc_project/build/project_km4ns/asdk/make/image_rom_wifi/wifi_driver/rom/lib_wifi_driver_rom.a(rom_rtw_assoc.o)
                0x0000000000124f98                wifi_rom_issue_assocreq_fill_cap
                0x0000000000125170                wifi_rom_issue_assocreq_fill_vendor_ie
                0x00000000001252b0                wifi_rom_issue_assocrsp_fill_cap
                0x00000000001254d4                wifi_rom_on_assocreq_check
                0x0000000000125868                wifi_rom_on_assocrsp_wmm
 .wifi.rom.text
                0x00000000001258f0       0x24 /home/weiqiang_sun/S_SDK_Repo/S_SDK_Repo_RTOS_Master_Temporary/amebagreen2_gcc_project/build/project_km4ns/asdk/make/image_rom_wifi/wifi_driver/rom/lib_wifi_driver_rom.a(rom_rtw_auth.o)
                0x00000000001258f0                wifi_rom_set_beacon_timeout
 .wifi.rom.text
                0x0000000000125914      0xb30 /home/weiqiang_sun/S_SDK_Repo/S_SDK_Repo_RTOS_Master_Temporary/amebagreen2_gcc_project/build/project_km4ns/asdk/make/image_rom_wifi/wifi_driver/rom/lib_wifi_driver_rom.a(rom_rtw_beacon.o)
                0x0000000000125914                wifi_rom_beacon_rate_check
                0x0000000000125980                wifi_rom_beacon_bw_check
                0x00000000001259a4                wifi_rom_beacon_ssid_check
                0x0000000000125a30                wifi_rom_beacon_encryption_check
                0x0000000000125b38                wifi_rom_beacon_info_get
                0x0000000000125c58                wifi_rom_beacon_csa_info_get
                0x0000000000125cb0                wifi_rom_ap_beacon_update_hidden_ssid
                0x0000000000125d08                wifi_rom_ap_beacon_update_bcn_tim
                0x0000000000125e28                wifi_rom_ap_beacon_update_erpinfo_ie
                0x0000000000125e88                wifi_rom_ap_beacon_add_ie
                0x0000000000125fa4                wifi_rom_ap_beacon_remove_ie
                0x0000000000126034                wifi_rom_ap_beacon_gen_ie
 .wifi.rom.text
                0x0000000000126444      0x1a4 /home/weiqiang_sun/S_SDK_Repo/S_SDK_Repo_RTOS_Master_Temporary/amebagreen2_gcc_project/build/project_km4ns/asdk/make/image_rom_wifi/wifi_driver/rom/lib_wifi_driver_rom.a(rom_rtw_chbw.o)
                0x0000000000126444                wifi_rom_get_center_ch
                0x0000000000126504                wifi_rom_get_offset_by_chbw
                0x00000000001265a8                wifi_rom_get_primary_ch
 .wifi.rom.text
                0x00000000001265e8      0x14c /home/weiqiang_sun/S_SDK_Repo/S_SDK_Repo_RTOS_Master_Temporary/amebagreen2_gcc_project/build/project_km4ns/asdk/make/image_rom_wifi/wifi_driver/rom/lib_wifi_driver_rom.a(rom_rtw_he.o)
                0x00000000001265e8                wifi_rom_he_get_highest_rate
                0x0000000000126640                wifi_rom_he_nss_to_mcsmap
                0x0000000000126690                wifi_rom_he_mcsmap_to_bitmap
 .wifi.rom.text
                0x0000000000126734      0xb10 /home/weiqiang_sun/S_SDK_Repo/S_SDK_Repo_RTOS_Master_Temporary/amebagreen2_gcc_project/build/project_km4ns/asdk/make/image_rom_wifi/wifi_driver/rom/lib_wifi_driver_rom.a(rom_rtw_ieee80211.o)
                0x0000000000126734                rtw_get_bit_value_from_ieee_value
                0x0000000000126758                rtw_is_cckrates_included
                0x0000000000126790                rtw_is_cckratesonly_included
                0x00000000001267d0                rtw_check_wireless_mode
                0x0000000000126864                rtw_set_fixed_ie
                0x0000000000126884                rtw_set_ie
                0x00000000001268b0                rtw_get_ie
                0x00000000001268ec                rtw_set_supported_rate
                0x0000000000126940                rtw_get_rateset_len
                0x0000000000126958                rtw_get_wpa_ie
                0x00000000001269fc                rtw_get_wpa2_ie
                0x0000000000126a38                rtw_get_wpa_cipher_suite
                0x0000000000126aa0                rtw_get_wpa2_cipher_suite
                0x0000000000126b18                rtw_parse_wpa_ie
                0x0000000000126bd8                rtw_parse_wpa2_ie
                0x0000000000126cc4                rtw_get_sec_ie
                0x0000000000126d74                rtw_get_wps_ie
                0x0000000000126df8                rtw_get_wps_attr
                0x0000000000126e88                rtw_get_wps_attr_content
                0x0000000000126ed0                rtw_ieee802_11_parse_elems
                0x000000000012707c                str_2char2num
                0x00000000001270fc                key_2char2num
                0x000000000012716c                convert_ip_addr
 .wifi.rom.text
                0x0000000000127244      0xb34 /home/weiqiang_sun/S_SDK_Repo/S_SDK_Repo_RTOS_Master_Temporary/amebagreen2_gcc_project/build/project_km4ns/asdk/make/image_rom_wifi/wifi_driver/rom/lib_wifi_driver_rom.a(rom_rtw_ieee80211_part2.o)
                0x0000000000127244                wifi_rom_channel_num2bitmap_index
                0x00000000001272b0                wifi_rom_channel_bitmap_index2num
                0x00000000001272dc                wifi_rom_channel_is_contained
                0x0000000000127360                wifi_rom_chset_is_chbw_valid
                0x0000000000127418                wifi_rom_get_band_type_by_channel_plan
                0x000000000012744c                wifi_rom_init_channel_set
                0x00000000001274e4                wifi_rom_update_wireless_mode
                0x000000000012755c                wifi_rom_is_ap_in_tkip
                0x00000000001275e4                wifi_rom_support_short_GI
                0x00000000001275f4                wifi_rom_fill_wlan_header
                0x0000000000127668                wifi_rom_get_wpa2_akmp_suite
                0x000000000012775c                wifi_rom_get_mgmt_group_cipher_suite
                0x00000000001277b4                wifi_rom_parse_wpa_ie_akm
                0x0000000000127854                wifi_rom_parse_sec_ie_akm_mgc
                0x0000000000127970                wifi_rom_fill_frame_content
                0x000000000012798c                wifi_rom_set_ie_ram
                0x00000000001279cc                wifi_rom_get_ie_ex
                0x0000000000127a4c                wifi_rom_parse_rsnxe
                0x0000000000127aa8                wifi_rom_ht_mcsset_to_nss
                0x0000000000127ac4                wifi_rom_append_rsnxe
                0x0000000000127af0                wifi_rom_restruct_wmm_ie
                0x0000000000127b98                wifi_rom_restruct_sec_ie
                0x0000000000127c28                wifi_rom_append_exented_cap
                0x0000000000127c9c                wifi_rom_HT_caps_handler
                0x0000000000127d00                wifi_rom_check_rsn_ie_pmkid
 .wifi.rom.text
                0x0000000000127d78      0x238 /home/weiqiang_sun/S_SDK_Repo/S_SDK_Repo_RTOS_Master_Temporary/amebagreen2_gcc_project/build/project_km4ns/asdk/make/image_rom_wifi/wifi_driver/rom/lib_wifi_driver_rom.a(rom_rtw_pmksa_cache.o)
                0x0000000000127d78                wifi_rom_pmksa_cache_encrypt_macaddr
                0x0000000000127ec4                wifi_rom_pmksa_append_pmkid
 .wifi.rom.text
                0x0000000000127fb0       0xc8 /home/weiqiang_sun/S_SDK_Repo/S_SDK_Repo_RTOS_Master_Temporary/amebagreen2_gcc_project/build/project_km4ns/asdk/make/image_rom_wifi/wifi_driver/rom/lib_wifi_driver_rom.a(rom_rtw_probe.o)
                0x0000000000127fb0                wifi_rom_set_probersp_tim_ie
                0x0000000000128028                wifi_rom_on_probereq
 .wifi.rom.text
                0x0000000000128078      0x3e8 /home/weiqiang_sun/S_SDK_Repo/S_SDK_Repo_RTOS_Master_Temporary/amebagreen2_gcc_project/build/project_km4ns/asdk/make/image_rom_wifi/wifi_driver/rom/lib_wifi_driver_rom.a(rom_rtw_psk.o)
                0x0000000000128078                wifi_rom_psk_strip_rsn_pairwise
                0x0000000000128110                wifi_rom_psk_strip_wpa_pairwise
                0x00000000001281c8                wifi_rom_psk_strip_pmkid
                0x0000000000128234                wifi_rom_psk_strip_rsn_akmp
 .wifi.rom.text
                0x0000000000128460      0x1f0 /home/weiqiang_sun/S_SDK_Repo/S_SDK_Repo_RTOS_Master_Temporary/amebagreen2_gcc_project/build/project_km4ns/asdk/make/image_rom_wifi/wifi_driver/rom/lib_wifi_driver_rom.a(rom_rtw_rate.o)
                0x0000000000128460                wifi_rom_cckrates_included
                0x00000000001284a4                wifi_rom_cckratesonly_included
                0x00000000001284ec                wifi_rom_updateBratetbl
                0x0000000000128548                wifi_rom_updateBratetbl_softap
                0x0000000000128584                wifi_rom_rate2tbl_inx
                0x000000000012861c                wifi_rom_update_mcs_rate
                0x0000000000128628                wifi_rom_get_highest_rateidx
 .wifi.rom.text
                0x0000000000128650       0xd4 /home/weiqiang_sun/S_SDK_Repo/S_SDK_Repo_RTOS_Master_Temporary/amebagreen2_gcc_project/build/project_km4ns/asdk/make/image_rom_wifi/wifi_driver/rom/lib_wifi_driver_rom.a(rom_rtw_recv.o)
                0x0000000000128650                wifi_rom_check_pn
                0x0000000000128698                wifi_rom_check_indicate_seq
                0x00000000001286e0                wifi_rom_get_wmmps_ac
 .wifi.rom.text
                0x0000000000128724      0x1f0 /home/weiqiang_sun/S_SDK_Repo/S_SDK_Repo_RTOS_Master_Temporary/amebagreen2_gcc_project/build/project_km4ns/asdk/make/image_rom_wifi/wifi_driver/rom/lib_wifi_driver_rom.a(rom_rtw_rf.o)
                0x0000000000128724                wifi_rom_get_op_chs_by_cch_bw
                0x00000000001287a0                wifi_rom_ch2freq
                0x00000000001287d4                wifi_rom_freq2ch
                0x0000000000128850                wifi_rom_chbw_to_freq_range
                0x00000000001288cc                wifi_rom_ch_to_bb_gain_sel
 .wifi.rom.text
                0x0000000000128914      0x1bc /home/weiqiang_sun/S_SDK_Repo/S_SDK_Repo_RTOS_Master_Temporary/amebagreen2_gcc_project/build/project_km4ns/asdk/make/image_rom_wifi/wifi_driver/rom/lib_wifi_driver_rom.a(rom_rtw_vht.o)
                0x0000000000128914                wifi_rom_vht_get_highest_rate
                0x0000000000128984                wifi_rom_vht_mcsmap_to_nss
                0x00000000001289e0                wifi_rom_vht_nss_to_mcsmap
                0x0000000000128a2c                wifi_rom_vht_mcsmap_to_bitmap
 .wifi.rom.text
                0x0000000000128ad0      0x418 /home/weiqiang_sun/S_SDK_Repo/S_SDK_Repo_RTOS_Master_Temporary/amebagreen2_gcc_project/build/project_km4ns/asdk/make/image_rom_wifi/wifi_driver/rom/lib_wifi_driver_rom.a(rom_rtw_ht.o)
                0x0000000000128ad0                rtw_ht_caps_handler
                0x0000000000128b18                rtw_ht_info_handler
                0x0000000000128b40                rtw_restructure_ht_ie
                0x0000000000128c1c                rtw_update_ht_cap
                0x0000000000128cf4                rtw_ap_ht_operation_update
                0x0000000000128dc0                rtw_uapsd_check_ap_support
                0x0000000000128e2c                rtw_uapsd_restruct_wmm_ie
 .wifi.rom.text
                0x0000000000128ee8       0xb8 /home/weiqiang_sun/S_SDK_Repo/S_SDK_Repo_RTOS_Master_Temporary/amebagreen2_gcc_project/build/project_km4ns/asdk/make/image_rom_wifi/wifi_driver/rom/lib_wifi_driver_rom.a(rom_rtw_network.o)
                0x0000000000128ee8                rtw_network_update_for_scan
                0x0000000000128f38                rtw_network_check_same
 .wifi.rom.text
                0x0000000000128fa0      0x2b8 /home/weiqiang_sun/S_SDK_Repo/S_SDK_Repo_RTOS_Master_Temporary/amebagreen2_gcc_project/build/project_km4ns/asdk/make/image_rom_wifi/wifi_driver/rom/lib_wifi_driver_rom.a(rom_rtw_pmksa_cache_part2.o)
                0x0000000000128fa0                rtw_pmksa_cache_entry_free
                0x0000000000128fdc                rtw_pmksa_cache_entry_remove
                0x0000000000129048                rtw_pmksa_cache_entry_add
                0x0000000000129168                rtw_pmksa_cache_entry_search
                0x0000000000129194                rtw_pmksa_cache_set_current_entry
                0x000000000012919c                rtw_pmksa_cache_get_current_entry
                0x00000000001291a4                rtw_pmksa_cache_flush
                0x000000000012920c                rtw_pmksa_cache_init
                0x0000000000129234                rtw_pmksa_cache_deinit
 .wifi.rom.text
                0x0000000000129258      0x284 /home/weiqiang_sun/S_SDK_Repo/S_SDK_Repo_RTOS_Master_Temporary/amebagreen2_gcc_project/build/project_km4ns/asdk/make/image_rom_wifi/wifi_driver/rom/lib_wifi_driver_rom.a(rom_rtw_11d_part2.o)
                0x0000000000129258                rtw_11d_get_chplan_from_country
                0x0000000000129340                rtw_11d_restructure_country_ie
                0x000000000012937c                rtw_11d_reset_info
                0x00000000001293a4                rtw_11d_process_country_ie
                0x0000000000129478                rtw_11d_country_decision_default
 .wifi.rom.text
                0x00000000001294dc      0x794 /home/weiqiang_sun/S_SDK_Repo/S_SDK_Repo_RTOS_Master_Temporary/amebagreen2_gcc_project/build/project_km4ns/asdk/make/image_rom_wifi/wifi_driver/rom/lib_wifi_driver_rom.a(rom_rtw_he_part2.o)
                0x000000000012957c                HE_caps_handler
                0x000000000012966c                HE_operation_handler
                0x00000000001296a4                HE_mu_edca_handler
                0x00000000001296ec                HE_spatial_reuse_handler
                0x0000000000129700                HE_mac_caps_update_asoc_cap
                0x00000000001297fc                HE_phy_caps_update_asoc_cap
                0x00000000001298ac                HE_supp_mcs_update_asoc_cap
                0x00000000001298b4                rtw_restructure_he_ie
                0x0000000000129b08                rtw_he_fill_htc
                0x0000000000129b24                HE_operation_update_asoc_cap
                0x0000000000129c04                HE_caps_update_asoc_cap
 .wifi.rom.text
                0x0000000000129c70      0x1b8 /home/weiqiang_sun/S_SDK_Repo/S_SDK_Repo_RTOS_Master_Temporary/amebagreen2_gcc_project/build/project_km4ns/asdk/make/image_rom_wifi/wifi_driver/rom/lib_wifi_driver_rom.a(rom_rtw_shortcut.o)
                0x0000000000129c70                rtw_recv_get_rx_sc_free_entry
                0x0000000000129cdc                rtw_get_tx_sc_free_entry
                0x0000000000129d3c                rtw_set_tx_sc_entry
 .wifi.rom.text
                0x0000000000129e28      0x390 /home/weiqiang_sun/S_SDK_Repo/S_SDK_Repo_RTOS_Master_Temporary/amebagreen2_gcc_project/build/project_km4ns/asdk/make/image_rom_wifi/wifi_driver/rom/lib_wifi_driver_rom.a(rom_rtw_setkey.o)
                0x0000000000129e28                rtw_setkey_to_cam
                0x0000000000129ff4                rtw_bss_set_key_for_wep
                0x000000000012a0bc                rtw_setkey_clear_stakey
                0x000000000012a110                rtw_setkey_set_stakey
                0x000000000012a1ac                rtw_setkey_remove_ptk
 .wifi.rom.text
                0x000000000012a1b8      0x928 /home/weiqiang_sun/S_SDK_Repo/S_SDK_Repo_RTOS_Master_Temporary/amebagreen2_gcc_project/build/project_km4ns/asdk/make/image_rom_wifi/wifi_driver/rom/lib_wifi_driver_rom.a(rom_rtw_beacon_part2.o)
                0x000000000012a1b8                rtw_on_beacon_rate_check
                0x000000000012a244                rtw_on_beacon_bw_check
                0x000000000012a2f4                rtw_on_beacon_info_update
                0x000000000012a4d0                rtw_check_mode_info_change
                0x000000000012a568                rtw_on_beacon_info_check
                0x000000000012a6e8                rtw_get_bcn_info
                0x000000000012a7b4                rtw_ap_set_parameters_from_beacon
                0x000000000012aa40                rtw_ap_update_beacon
 .wifi.rom.text
                0x000000000012aae0      0x1a8 /home/weiqiang_sun/S_SDK_Repo/S_SDK_Repo_RTOS_Master_Temporary/amebagreen2_gcc_project/build/project_km4ns/asdk/make/image_rom_wifi/wifi_driver/rom/lib_wifi_driver_rom.a(rom_rtw_sitesurvey.o)
                0x000000000012aae0                _rtw_scan_start_scanpriv_init
                0x000000000012ac28                _rtw_scan_cmd_hdl_find_next_chan
 .wifi.rom.text
                0x000000000012ac88      0x5a4 /home/weiqiang_sun/S_SDK_Repo/S_SDK_Repo_RTOS_Master_Temporary/amebagreen2_gcc_project/build/project_km4ns/asdk/make/image_rom_wifi/wifi_driver/rom/lib_wifi_driver_rom.a(rom_rtw_sitesurvey_report.o)
                0x000000000012ac88                rtw_scan_report_free_remaining_node
                0x000000000012acf8                rtw_scan_report_node_process
                0x000000000012ad98                rtw_scan_report_node_sort_and_insert
                0x000000000012ae30                _rtw_scan_report_wps
                0x000000000012af28                _rtw_scan_collect_bss_info_ieproc
                0x000000000012b104                _rtw_scan_check_security_and_rsnie
 .wifi.rom.text
                0x000000000012b22c      0x4c0 /home/weiqiang_sun/S_SDK_Repo/S_SDK_Repo_RTOS_Master_Temporary/amebagreen2_gcc_project/build/project_km4ns/asdk/make/image_rom_wifi/wifi_driver/rom/lib_wifi_driver_rom.a(rom_rtw_ap_xmit.o)
                0x000000000012b3ac                rtw_ap_enqueue_for_sleeping_sta
                0x000000000012b3c4                rtw_ap_sleeping_q_free
                0x000000000012b408                rtw_ap_sleeping_q_to_pending_q
                0x000000000012b54c                rtw_ap_stop_sta_xmit
                0x000000000012b5d0                rtw_ap_wakeup_sta_to_xmit
 .wifi.rom.text
                0x000000000012b6ec      0x5d0 /home/weiqiang_sun/S_SDK_Repo/S_SDK_Repo_RTOS_Master_Temporary/amebagreen2_gcc_project/build/project_km4ns/asdk/make/image_rom_wifi/wifi_driver/rom/lib_wifi_driver_rom.a(rom_rtw_addba.o)
                0x000000000012b6ec                rtw_on_addba_req
                0x000000000012b7a8                rtw_issue_action_ba
                0x000000000012ba00                rtw_add_ba_hdl
                0x000000000012ba90                rtw_send_delba
                0x000000000012bb6c                rtw_addbareq_cmd
                0x000000000012bbc0                rtw_issue_addbareq_cmd
                0x000000000012bc70                rtw_addba_timer_hdl
 .wifi.rom.text
                0x000000000012bcbc      0x520 /home/weiqiang_sun/S_SDK_Repo/S_SDK_Repo_RTOS_Master_Temporary/amebagreen2_gcc_project/build/project_km4ns/asdk/make/image_rom_wifi/wifi_driver/rom/lib_wifi_driver_rom.a(rom_rtw_80211w_part2.o)
                0x000000000012bcbc                rtw_dot11w_issue_action_sa_query
                0x000000000012bd6c                rtw_dot11w_on_action_sa_query
                0x000000000012be10                rtw_dot11w_BIP_verify
                0x000000000012be50                rtw_dot11w_validate_mgmt
 .wifi.rom.text
                0x000000000012c1dc      0xae0 /home/weiqiang_sun/S_SDK_Repo/S_SDK_Repo_RTOS_Master_Temporary/amebagreen2_gcc_project/build/project_km4ns/asdk/make/image_rom_wifi/wifi_driver/rom/lib_wifi_driver_rom.a(rom_rtw_auth_part2.o)
                0x000000000012c1dc                rtw_issue_deauth
                0x000000000012c284                rtw_issue_auth
                0x000000000012c554                _rtw_ap_on_auth
                0x000000000012c988                _rtw_sta_on_auth
                0x000000000012ca78                _rtw_on_deauth_frameproc
 .wifi.rom.text
                0x000000000012ccbc      0x154 /home/weiqiang_sun/S_SDK_Repo/S_SDK_Repo_RTOS_Master_Temporary/amebagreen2_gcc_project/build/project_km4ns/asdk/make/image_rom_wifi/wifi_driver/rom/lib_wifi_driver_rom.a(rom_rtw_action_part2.o)
                0x000000000012ccbc                rtw_addba_rsp_hdl
                0x000000000012cd40                rtw_addba_delba_hdl
 .wifi.rom.text
                0x000000000012ce10      0xd04 /home/weiqiang_sun/S_SDK_Repo/S_SDK_Repo_RTOS_Master_Temporary/amebagreen2_gcc_project/build/project_km4ns/asdk/make/image_rom_wifi/wifi_driver/rom/lib_wifi_driver_rom.a(rom_rtw_join.o)
                0x000000000012ce10                _rtw_joinbss_set_uapsd_default_setting
                0x000000000012ce70                _rtw_joinbss_ie_restruct
                0x000000000012d034                _rtw_joinbss_cmd
                0x000000000012d1c8                rtw_joinbss_target_network_update
                0x000000000012d310                rtw_bss_get_password_for_wep
                0x000000000012d438                rtw_joinbss_set_chanmap
                0x000000000012d4c8                _rtw_leavebss_event_indicate
                0x000000000012d550                _rtw_joinbss_cmd_hdl_ieproc
                0x000000000012d618                _rtw_joinbss_timeout_proc
                0x000000000012d760                rtw_joinbss_in_target_network
                0x000000000012d834                _rtw_joinbss_start_proc
 .wifi.rom.text
                0x000000000012db14      0x3c0 /home/weiqiang_sun/S_SDK_Repo/S_SDK_Repo_RTOS_Master_Temporary/amebagreen2_gcc_project/build/project_km4ns/asdk/make/image_rom_wifi/wifi_driver/rom/lib_wifi_driver_rom.a(rom_rtw_join_result.o)
                0x000000000012db14                rtw_joinbss_chk_done_concurrent_check_chan
                0x000000000012dd4c                rtw_joinbss_chk_done_concurrent_check_5g
 .wifi.rom.text
                0x000000000012ded4     0x1120 /home/weiqiang_sun/S_SDK_Repo/S_SDK_Repo_RTOS_Master_Temporary/amebagreen2_gcc_project/build/project_km4ns/asdk/make/image_rom_wifi/wifi_driver/rom/lib_wifi_driver_rom.a(rom_rtw_assoc_part2.o)
                0x000000000012ded4                _rtw_sta_issue_assocreq_validcheck
                0x000000000012df84                _rtw_sta_issue_assocreq_htproc
                0x000000000012e070                _rtw_sta_issue_assocreq_frameproc
                0x000000000012e4ac                _rtw_ap_issue_assocrsp
                0x000000000012e5e8                _rtw_sta_on_assocrsp_frameproc
                0x000000000012e8fc                _rtw_ap_on_disassoc
                0x000000000012e9a0                _rtw_sta_on_disassoc
                0x000000000012eae0                rtw_assoc_resources_free
                0x000000000012ebbc                rtw_sta_on_assocrsp_wmm
                0x000000000012ec18                _rtw_ap_on_assocreq_frameproc
                0x000000000012eed0                _rtw_ap_on_assocreq_getaid_and_setcam
                0x000000000012ef5c                _rtw_ap_on_assocreq_asoc_list
 .wifi.rom.text
                0x000000000012eff4      0xec0 /home/weiqiang_sun/S_SDK_Repo/S_SDK_Repo_RTOS_Master_Temporary/amebagreen2_gcc_project/build/project_km4ns/asdk/make/image_rom_wifi/wifi_driver/rom/lib_wifi_driver_rom.a(rom_rtw_security_part2.o)
                0x000000000012eff4                rtw_security_method_get_rsn_ie_for_11w
                0x000000000012f190                rtw_security_method_set_from_ie_for_joinbss
                0x000000000012f404                rtw_security_method_get_from_ie_for_joinbss
                0x000000000012f7d4                rtw_security_method_set_from_usr_for_joinbss
                0x000000000012fa08                rtw_security_method_get_for_scan
                0x000000000012fbd8                rtw_security_method_set_from_ie_for_ap
                0x000000000012fcb0                rtw_security_method_set_from_usr_for_ap
 .wifi.rom.text
                0x000000000012feb4      0x324 /home/weiqiang_sun/S_SDK_Repo/S_SDK_Repo_RTOS_Master_Temporary/amebagreen2_gcc_project/build/project_km4ns/asdk/make/image_rom_wifi/wifi_driver/rom/lib_wifi_driver_rom.a(rom_rtw_vht_part2.o)
                0x000000000012feb4                rtw_vht_use_default_setting
                0x000000000012ff18                rtw_process_vht_op_mode_notify
                0x000000000012ffa4                rtw_build_vht_op_mode_notify_ie
                0x000000000012fffc                rtw_build_vht_cap_ie
                0x0000000000130124                rtw_restructure_vht_ie
 .wifi.rom.text
                0x00000000001301d8     0x1298 /home/weiqiang_sun/S_SDK_Repo/S_SDK_Repo_RTOS_Master_Temporary/amebagreen2_gcc_project/build/project_km4ns/asdk/make/image_rom_wifi/wifi_driver/rom/lib_wifi_driver_rom.a(rom_rtw_xmit.o)
                0x00000000001301d8                rtw_xmit_priv_free
                0x0000000000130238                rtw_xmit_open_pktfile
                0x000000000013024c                rtw_xmit_read_pktfile
                0x000000000013027c                rtw_xmit_update_attrib_qos_acm
                0x00000000001302dc                rtw_xmit_update_attrib_set_qos
                0x0000000000130390                rtw_xmit_pending_queue_check_all
                0x00000000001303ac                rtw_xmit_pending_queue_check
                0x00000000001303b4                rtw_xmit_put_snap
                0x00000000001303e8                rtw_xmitframe_alloc
                0x000000000013046c                rtw_xmitframe_free
                0x00000000001304e4                rtw_xmit_priv_init
                0x0000000000130578                rtw_xmit_update_attrib_phy_info
                0x000000000013064c                rtw_xmit_update_attrib_sec_info
                0x0000000000130790                rtw_xmit_enc_tkip_addmic
                0x000000000013088c                rtw_xmit_update_attrib_vcs_info
                0x00000000001308e0                rtw_xmit_count_stats
                0x0000000000130960                rtw_xmit_mgntframe
                0x0000000000130a1c                rtw_xmit_nulldata
                0x0000000000130aec                rtw_xmit_qos_nulldata
                0x0000000000130c18                rtw_xmit_cts2self
                0x0000000000130cbc                rtw_xmit_enc_software
                0x0000000000130df0                rtw_xmit_make_wlanhdr
                0x0000000000131094                rtw_xmit_update_attrib_raw
 .wifi.rom.text
                0x0000000000131470      0xf14 /home/weiqiang_sun/S_SDK_Repo/S_SDK_Repo_RTOS_Master_Temporary/amebagreen2_gcc_project/build/project_km4ns/asdk/make/image_rom_wifi/wifi_driver/rom/lib_wifi_driver_rom.a(rom_rtw_recv_part2.o)
                0x0000000000131470                rtw_recv_init_priv
                0x000000000013151c                rtw_recv_free_priv
                0x000000000013154c                rtw_recv_get_recvframe_data
                0x0000000000131554                rtw_recv_recvframe_pull_tail
                0x0000000000131574                rtw_recv_recvframe_pull
                0x0000000000131594                rtw_recv_recvframe_put
                0x00000000001315b4                rtw_recv_free_frame
                0x0000000000131698                rtw_recv_alloc_frame
                0x00000000001316f8                rtw_recv_free_frame_queue
                0x000000000013171c                rtw_recv_frame_chkmic
                0x0000000000131818                rtw_recv_frame_chkpn
                0x0000000000131898                rtw_recv_count_rx_stats
                0x00000000001318f4                rtw_recv_sta2sta_data_frame
                0x0000000000131a28                rtw_recv_ap2sta_data_frame
                0x0000000000131b7c                rtw_recv_sta2ap_data_frame
                0x0000000000131c3c                rtw_recv_validate_ctrl_frame
                0x0000000000131d0c                rtw_recv_validate_data_frame
                0x0000000000131fb4                rtw_recv_decryptor
                0x0000000000132194                rtw_recv_validate_frame
                0x0000000000132294                rtw_recv_func_prehandle
                0x00000000001322c0                rtw_recv_promisc
 .wifi.rom.text
                0x0000000000132384      0x334 /home/weiqiang_sun/S_SDK_Repo/S_SDK_Repo_RTOS_Master_Temporary/amebagreen2_gcc_project/build/project_km4ns/asdk/make/image_rom_wifi/wifi_driver/rom/lib_wifi_driver_rom.a(rom_rtw_recv_reorder.o)
                0x0000000000132384                rtw_recv_reorder_timer_hdl
                0x00000000001323dc                rtw_recv_reorder_dequeue
                0x0000000000132454                rtw_recv_reorder
                0x000000000013252c                rtw_recv_reorder_cmd_hdl
                0x00000000001325b4                rtw_recv_reorder_alloc
                0x000000000013261c                rtw_recv_reorder_free
 .wifi.rom.text
                0x00000000001326b8       0x90 /home/weiqiang_sun/S_SDK_Repo/S_SDK_Repo_RTOS_Master_Temporary/amebagreen2_gcc_project/build/project_km4ns/asdk/make/image_rom_wifi/wifi_driver/rom/lib_wifi_driver_rom.a(rom_rtw_mgnt.o)
                0x00000000001326b8                rtw_mgntframe_alloc
                0x0000000000132700                rtw_mgntframe_attrib_update
 .wifi.rom.text
                0x0000000000132748      0x1cc /home/weiqiang_sun/S_SDK_Repo/S_SDK_Repo_RTOS_Master_Temporary/amebagreen2_gcc_project/build/project_km4ns/asdk/make/image_rom_wifi/wifi_driver/rom/lib_wifi_driver_rom.a(rom_rtw_state.o)
                0x0000000000132748                rtw_state_set_ap_client_auth_ongoing
                0x0000000000132750                rtw_state_set_ap_client_auth_success
                0x0000000000132758                rtw_state_set_ap_client_assoc_success
                0x0000000000132760                rtw_state_reset_ap_client_state
                0x0000000000132768                rtw_state_check_ap_client_auth_ongoing
                0x0000000000132778                rtw_state_check_ap_client_auth_success
                0x0000000000132788                rtw_state_check_ap_client_assoc_success
                0x0000000000132798                rtw_check_sta_associated_to_ap
                0x00000000001327b0                rtw_check_sta_linking
                0x00000000001327d0                rtw_state_set_join_prepare
                0x00000000001327e8                rtw_state_set_join_doing
                0x0000000000132800                rtw_state_set_auth_doing
                0x0000000000132820                rtw_state_set_assoc_doing
                0x0000000000132840                rtw_state_set_assoc_success
                0x0000000000132860                rtw_state_check_sta_no_link
                0x000000000013287c                rtw_state_check_sta_prepare_join
                0x0000000000132894                rtw_state_check_sta_prepare_auth
                0x00000000001328ac                rtw_state_check_sta_auth_doing
                0x00000000001328c4                rtw_state_check_sta_assoc_doing
                0x00000000001328dc                rtw_state_set_sitesurvey_doing
                0x00000000001328f0                rtw_check_under_sitesurvey
                0x0000000000132900                rtw_state_reset
 .wifi.rom.text
                0x0000000000132914      0x2e0 /home/weiqiang_sun/S_SDK_Repo/S_SDK_Repo_RTOS_Master_Temporary/amebagreen2_gcc_project/build/project_km4ns/asdk/make/image_rom_wifi/wifi_driver/rom/lib_wifi_driver_rom.a(rom_rtw_sta_mgt.o)
                0x0000000000132914                rtw_sta_reset_stats
                0x000000000013292c                rtw_update_stainfo_ppe_g6
                0x000000000013299c                rtw_ap_update_asoc_cap_g6
                0x00000000001329f0                rtw_sta_update_asoc_cap_g6
                0x0000000000132a64                rtw_update_sta_info
                0x0000000000132ba8                rtw_sta_update_rateset
                0x0000000000132bdc                rtw_ap_get_assoc_sta_num
 .wifi.rom.text
                0x0000000000132bf4      0xae4 /home/weiqiang_sun/S_SDK_Repo/S_SDK_Repo_RTOS_Master_Temporary/amebagreen2_gcc_project/build/project_km4ns/asdk/make/image_rom_wifi/wifi_driver/rom/lib_wifi_driver_rom.a(rom_rtw_ap.o)
                0x0000000000132bf4                rtw_ap_init_mlme_info
                0x0000000000132c60                rtw_ap_update_bmc_sta
                0x0000000000132d5c                rtw_ap_associated_clients_update
                0x0000000000132dc8                rtw_ap_sta_info_update
                0x0000000000132f74                rtw_ap_bss_cap_update_on_sta_join
                0x00000000001331b4                rtw_ap_bss_cap_update_on_sta_leave
                0x0000000000133368                rtw_ap_deauth_and_free_sta
                0x0000000000133450                rtw_ap_expire_timeout_chk
                0x000000000013365c                rtw_ap_deauth_asoc_list
 .wifi.rom.text
                0x00000000001336d8      0x1a0 /home/weiqiang_sun/S_SDK_Repo/S_SDK_Repo_RTOS_Master_Temporary/amebagreen2_gcc_project/build/project_km4ns/asdk/make/image_rom_wifi/wifi_driver/rom/lib_wifi_driver_rom.a(rom_rtw_skbuff.o)
                0x00000000001336d8                get_buf_from_poll
                0x0000000000133700                release_buf_to_poll
                0x000000000013371c                init_skb_pool
                0x0000000000133804                deinit_skb_pool
                0x0000000000133830                skb_reserve
                0x0000000000133840                skb_assign_buf
                0x000000000013384c                skb_tail_pointer
                0x0000000000133850                skb_end_pointer
                0x0000000000133854                skb_set_tail_pointer
                0x000000000013385c                skb_push
 .wifi.rom.text
                0x0000000000133878      0x3f0 /home/weiqiang_sun/S_SDK_Repo/S_SDK_Repo_RTOS_Master_Temporary/amebagreen2_gcc_project/build/project_km4ns/asdk/make/image_rom_wifi/wifi_driver/rom/lib_wifi_driver_rom.a(rom_hal_debug.o)
                0x0000000000133878                _rom_wifi_hal_debug_dump
                0x00000000001339f4                rom_wifi_hal_dbg_regu
                0x0000000000133b10                rom_wifi_hal_dbg_os_static
                0x0000000000133be0                rom_wifi_hal_dbg_wpa_mode
                0x0000000000133c3c                rom_wifi_hal_dbg_read_mac_reg
 .wifi.rom.text
                0x0000000000133c68      0x70c /home/weiqiang_sun/S_SDK_Repo/S_SDK_Repo_RTOS_Master_Temporary/amebagreen2_gcc_project/build/project_km4ns/asdk/make/image_rom_wifi/wifi_driver/rom/lib_wifi_driver_rom.a(rom_hal_h2c.o)
                0x0000000000133c68                wifi_hal_rsvpage_construct_mgnt
                0x0000000000133d14                wifi_hal_rsvpage_construct_pspoll
                0x0000000000133d60                wifi_hal_rsvpage_construct_null
                0x0000000000133e74                wifi_hal_rsvpage_construct_arp_response
                0x00000000001340ec                wifi_hal_rsvpage_construct_null_bt
                0x00000000001341d4                wifi_hal_h2c_set_media_status
                0x0000000000134210                wifi_hal_h2c_keep_alive_cmd
                0x0000000000134240                wifi_hal_h2c_wowlan_ctrl_cmd
                0x000000000013428c                wifi_hal_h2c_twt_param
 .wifi.rom.text
                0x0000000000134374      0x194 /home/weiqiang_sun/S_SDK_Repo/S_SDK_Repo_RTOS_Master_Temporary/amebagreen2_gcc_project/build/project_km4ns/asdk/make/image_rom_wifi/wifi_driver/rom/lib_wifi_driver_rom.a(rom_hal_h2c_g1.o)
                0x0000000000134374                wifi_hal_h2c_down
                0x00000000001343a8                wifi_hal_h2c_fill_cmd
                0x00000000001344bc                wifi_hal_rsvpage_fill_txff
                0x00000000001344e8                wifi_hal_h2c_set_rsvpage_cmd
 .wifi.rom.text
                0x0000000000134508      0x7c8 /home/weiqiang_sun/S_SDK_Repo/S_SDK_Repo_RTOS_Master_Temporary/amebagreen2_gcc_project/build/project_km4ns/asdk/make/image_rom_wifi/wifi_driver/rom/lib_wifi_driver_rom.a(rom_hal_recv.o)
                0x0000000000134508                wifi_hal_clear_amsdu_priv
                0x000000000013452c                wifi_hal_rx_amsdu
                0x0000000000134a9c                wifi_hal_rx_ring_init
                0x0000000000134c38                wifi_hal_rx_ring_free
                0x0000000000134c6c                wifi_hal_rx_ring_reset
                0x0000000000134c7c                wifi_hal_rx_filter
 .wifi.rom.text
                0x0000000000134cd0        0x0 /home/weiqiang_sun/S_SDK_Repo/S_SDK_Repo_RTOS_Master_Temporary/amebagreen2_gcc_project/build/project_km4ns/asdk/make/image_rom_wifi/wifi_driver/rom/lib_wifi_driver_rom.a(rom_hal_structs.o)
 .wifi.rom.text
                0x0000000000134cd0      0x818 /home/weiqiang_sun/S_SDK_Repo/S_SDK_Repo_RTOS_Master_Temporary/amebagreen2_gcc_project/build/project_km4ns/asdk/make/image_rom_wifi/wifi_driver/rom/lib_wifi_driver_rom.a(rom_hal_xmit.o)
                0x0000000000134cd0                wifi_hal_pending_queue_free
                0x0000000000134d30                wifi_hal_polling_tx_done
                0x0000000000134d90                rtw_txframes_pending
                0x0000000000134dac                wifi_hal_xmitframe_dump
                0x0000000000134ff4                wifi_hal_raw_xmitframe_coalesce
                0x0000000000135088                rtw_mgnt_80211w_sw_encrypt
                0x000000000013515c                wifi_hal_xmitframe_coalesce
 .wifi.rom.text
                0x00000000001354e8      0x250 /home/weiqiang_sun/S_SDK_Repo/S_SDK_Repo_RTOS_Master_Temporary/amebagreen2_gcc_project/build/project_km4ns/asdk/make/image_rom_wifi/wifi_driver/rom/lib_wifi_driver_rom.a(rom_hal_xmit_g1.o)
                0x00000000001354e8                wifi_hal_tx_ring_init_queue
                0x000000000013552c                wifi_hal_tx_ring_init
                0x0000000000135568                wifi_hal_tx_ring_free
                0x00000000001355d0                wifi_hal_tx_ring_reset
                0x0000000000135660                wifi_hal_txbuf_check
                0x00000000001356c0                wifi_hal_txbd_enough_check
                0x00000000001356e4                wifi_hal_txbd_enough_check_all
 .wifi.rom.text
                0x0000000000135738      0x2ec /home/weiqiang_sun/S_SDK_Repo/S_SDK_Repo_RTOS_Master_Temporary/amebagreen2_gcc_project/build/project_km4ns/asdk/make/image_rom_wifi/wifi_driver/rom/lib_wifi_driver_rom.a(rom_wifi_hal_ax.o)
                0x0000000000135738                ROM_WIFI_AX_BSS_COLOR_SET
                0x000000000013576c                ROM_WIFI_AX_SET_ULOFDMA_RESP_NOMINAL_PAD
                0x00000000001357a8                ROM_WIFI_AX_MUEDCA_Para
                0x00000000001357d8                ROM_WIFI_AX_MBSSID_Cfg
                0x0000000000135840                ROM_WIFI_AX_SpecialReuse_Cfg
                0x0000000000135978                ROM_WIFI_AX_SET_MAC_AID
                0x0000000000135998                ROM_WIFI_AX_GET_MUDECA_PARAM
 .wifi.rom.text
                0x0000000000135a24       0xa4 /home/weiqiang_sun/S_SDK_Repo/S_SDK_Repo_RTOS_Master_Temporary/amebagreen2_gcc_project/build/project_km4ns/asdk/make/image_rom_wifi/wifi_driver/rom/lib_wifi_driver_rom.a(rom_wifi_hal_bcn.o)
                0x0000000000135a24                ROM_WIFI_BCN_FUNC
                0x0000000000135a50                ROM_WIFI_BCN_Tx_Ctrl
                0x0000000000135a5c                ROM_WIFI_BCN_Interval
                0x0000000000135a90                ROM_WIFI_BCN_FUNC_Enable
                0x0000000000135aa4                ROM_WIFI_BCN_VALID
 .wifi.rom.text
                0x0000000000135ac8      0x83c /home/weiqiang_sun/S_SDK_Repo/S_SDK_Repo_RTOS_Master_Temporary/amebagreen2_gcc_project/build/project_km4ns/asdk/make/image_rom_wifi/wifi_driver/rom/lib_wifi_driver_rom.a(rom_wifi_hal_debug.o)
                0x0000000000135ac8                rom_wifi_hal_dbg_mac_reg_dump
                0x0000000000135b58                rom_wifi_hal_dbg_bb_reg_dump
                0x0000000000135cd8                _rom_wifi_hal_get_rf_addr
                0x0000000000135d20                _rom_wifi_hal_write_rf_reg
                0x0000000000135d34                rom_wifi_hal_dbg_rf_reg_dump
                0x0000000000135da8                rom_wifi_hal_dbg_read_bb_reg
                0x0000000000135dd8                rom_wifi_hal_dbg_no_beacon
                0x0000000000135ed4                rom_wifi_hal_dbg_rx_cnt
                0x0000000000136128                rom_wifi_hal_dbg_tx_cnt
                0x000000000013628c                rom_wifi_hal_dbg_rxff
                0x00000000001362c8                rom_wifi_hal_dbg_txff
 .wifi.rom.text
                0x0000000000136304      0x5bc /home/weiqiang_sun/S_SDK_Repo/S_SDK_Repo_RTOS_Master_Temporary/amebagreen2_gcc_project/build/project_km4ns/asdk/make/image_rom_wifi/wifi_driver/rom/lib_wifi_driver_rom.a(rom_wifi_hal_init.o)
                0x0000000000136304                ROM_WIFI_InitLLTTable
                0x000000000013635c                ROM_WIFI_INIT_MACADDR_SET
                0x0000000000136398                ROM_WIFI_INIT_BeaconParameters
                0x00000000001363c8                ROM_WIFI_INIT_ReadChipVersion
                0x00000000001363dc                ROM_WIFI_Init_RESP_RATE
                0x0000000000136418                ROM_WIFI_InitTxBufferBoundary
                0x0000000000136448                ROM_WIFI_InitNormalChipRegPriority
                0x00000000001364a0                ROM_WIFI_InitPageBoundary
                0x00000000001364ac                ROM_WIFI_InitNetworkType
                0x00000000001364e4                ROM_WIFI_InitRCR
                0x0000000000136524                ROM_WIFI_InitAdaptiveCtrl
                0x000000000013656c                ROM_WIFI_InitSIFS
                0x00000000001365bc                ROM_WIFI_InitEDCA
                0x00000000001365d4                ROM_WIFI_InitRateFallback
                0x00000000001365ec                ROM_WIFI_InitRetryFunction
                0x0000000000136614                ROM_WIFI_InitBurstPktLen
                0x0000000000136620                ROM_WIFI_InitMacClk
                0x00000000001366dc                ROM_WIFI_Init32kClk
                0x00000000001366f8                ROM_WIFI_InitLxDma
                0x000000000013682c                ROM_WIFI_InitQueueReservedPage
                0x0000000000136858                ROM_WIFI_ENABLE_BB_RF
                0x0000000000136870                ROM_WIFI_DISABLE_MAC_CG
 .wifi.rom.text
                0x00000000001368c0       0x40 /home/weiqiang_sun/S_SDK_Repo/S_SDK_Repo_RTOS_Master_Temporary/amebagreen2_gcc_project/build/project_km4ns/asdk/make/image_rom_wifi/wifi_driver/rom/lib_wifi_driver_rom.a(rom_wifi_hal_io.o)
                0x00000000001368c0                rtw_read8
                0x00000000001368c8                rtw_read16
                0x00000000001368d4                rtw_read32
                0x00000000001368dc                rtw_write8
                0x00000000001368e8                rtw_write16
                0x00000000001368f4                rtw_write32
 .wifi.rom.text
                0x0000000000136900      0x688 /home/weiqiang_sun/S_SDK_Repo/S_SDK_Repo_RTOS_Master_Temporary/amebagreen2_gcc_project/build/project_km4ns/asdk/make/image_rom_wifi/wifi_driver/rom/lib_wifi_driver_rom.a(rom_wifi_hal_media_access.o)
                0x0000000000136900                ROM_WIFI_DISCONNECT
                0x0000000000136930                ROM_WIFI_BSSID_SET
                0x000000000013696c                ROM_WIFI_SetMSR
                0x0000000000136990                ROM_WIFI_ACM_CTRL
                0x00000000001369c0                ROM_WIFI_PHY_STATUS_CFG
                0x00000000001369dc                ROM_WIFI_SET_APMODE
                0x0000000000136b54                ROM_WIFI_UPDATE_Slottime
                0x0000000000136bd4                ROM_WIFI_Set_TXOP_Thres
                0x0000000000136c48                ROM_WIFI_SET_CCA
                0x0000000000136c4c                ROM_WIFI_SET_EDCCA
                0x0000000000136c50                ROM_WIFI_Set_AC_Param
                0x0000000000136c88                ROM_WIFI_Set_MLME_JOIN
                0x0000000000136dc0                ROM_WIFI_INIT_ADDR_CAM
                0x0000000000136df8                ROM_WIFI_ADDR_CAM_ENTRY_VALID
                0x0000000000136e28                ROM_WIFI_Set_MLME_Sitesurvey
                0x0000000000136f5c                ROM_WIFI_PORT_EN_CTRL
 .wifi.rom.text
                0x0000000000136f88      0x43c /home/weiqiang_sun/S_SDK_Repo/S_SDK_Repo_RTOS_Master_Temporary/amebagreen2_gcc_project/build/project_km4ns/asdk/make/image_rom_wifi/wifi_driver/rom/lib_wifi_driver_rom.a(rom_wifi_hal_misc.o)
                0x0000000000136f88                ROM_WIFI_32K_Cmd
                0x0000000000137054                ROM_WIFI_TX_PAUSE_SET
                0x00000000001370d8                ROM_WIFI_FIFO_CLEARN_UP
                0x0000000000137170                ROM_WIFI_CHECK_TXBUF
                0x00000000001371cc                ROM_WIFI_CONFIG_CSI
                0x0000000000137288                ROM_WIFI_IMR_UPDATE
                0x00000000001372f4                ROM_WIFI_ICV_CHECK_CFG
                0x0000000000137314                ROM_WIFI_CTRL_PKT_RPT
                0x0000000000137334                ROM_WIFI_SET_MAX_AGG_NUM
                0x0000000000137350                ROM_WIFI_GET_MAX_AGG_NUM
                0x0000000000137360                ROM_WIFI_High_Queue_Empty_Check
                0x0000000000137370                ROM_WIFI_GET_TXBUF_PKT_NUM
                0x0000000000137374                ROM_WIFI_MAC_CCK_CHECK
                0x0000000000137398                ROM_WIFI_RX_COND_SET
                0x00000000001373b4                ROM_WIFI_RX_COND_GET
 .wifi.rom.text
                0x00000000001373c4      0x330 /home/weiqiang_sun/S_SDK_Repo/S_SDK_Repo_RTOS_Master_Temporary/amebagreen2_gcc_project/build/project_km4ns/asdk/make/image_rom_wifi/wifi_driver/rom/lib_wifi_driver_rom.a(rom_wifi_hal_rate.o)
                0x00000000001373c4                ROM_WIFI_BRate_Get
                0x000000000013759c                ROM_WIFI_BRate_Set
                0x00000000001375dc                ROM_WIFI_MRateToHwRate
                0x00000000001376ac                ROM_WIFI_HwRateToMRate
 .wifi.rom.text
                0x00000000001376f4      0x1f0 /home/weiqiang_sun/S_SDK_Repo/S_SDK_Repo_RTOS_Master_Temporary/amebagreen2_gcc_project/build/project_km4ns/asdk/make/image_rom_wifi/wifi_driver/rom/lib_wifi_driver_rom.a(rom_wifi_hal_secure.o)
                0x00000000001376f4                ROM_WIFI_CAM_WRITE
                0x0000000000137768                ROM_WIFI_CAM_READ
                0x0000000000137834                ROM_WIFI_SEC_CFG
                0x0000000000137850                ROM_WIFI_CAM_WriteSppAmsduValid
                0x0000000000137860                ROM_WIFI_CAM_Entry_Clear
                0x0000000000137898                ROM_WIFI_CAM_FLUSH_ALL
 .wifi.rom.text
                0x00000000001378e4      0x170 /home/weiqiang_sun/S_SDK_Repo/S_SDK_Repo_RTOS_Master_Temporary/amebagreen2_gcc_project/build/project_km4ns/asdk/make/image_rom_wifi/wifi_driver/rom/lib_wifi_driver_rom.a(rom_wifi_hal_tsf.o)
                0x00000000001378e4                ROM_WIFI_TSF_SET
                0x0000000000137984                ROM_WIFI_TSF_TIMER0_SOURCE_CFG
                0x0000000000137998                ROM_WIFI_TSF_FREERUN_CFG
                0x00000000001379b8                ROM_WIFI_TSF_GetByPort
                0x0000000000137a04                ROM_WIFI_TSF_GetFreeRun
                0x0000000000137a14                ROM_WIFI_TSF_Sync
                0x0000000000137a40                ROM_WIFI_TSF_Sync_P1_From_P0
 .wifi.rom.text
                0x0000000000137a54      0x214 /home/weiqiang_sun/S_SDK_Repo/S_SDK_Repo_RTOS_Master_Temporary/amebagreen2_gcc_project/build/project_km4ns/asdk/make/image_rom_wifi/wifi_driver/rom/lib_wifi_driver_rom.a(rom_wifi_hal_txdesc.o)
                0x0000000000137a54                ROM_WIFI_TXDESC_BWMapping
                0x0000000000137a7c                ROM_WIFI_TXDESC_SCMapping
                0x0000000000137ac0                ROM_WIFI_TXDESC_FillSectype
                0x0000000000137af0                ROM_WIFI_TXDESC_FillFake
                0x0000000000137be0                ROM_WIFI_TXDESC_Get_BufAddr
                0x0000000000137bf4                ROM_WIFI_TXDESC_FillVCS
 .wifi.rom.text
                0x0000000000137c68      0x190 /home/weiqiang_sun/S_SDK_Repo/S_SDK_Repo_RTOS_Master_Temporary/amebagreen2_gcc_project/build/project_km4ns/asdk/make/image_rom_wifi/wifi_driver/rom/lib_wifi_driver_rom.a(rom_wifi_hal_rxdesc.o)
                0x0000000000137c68                ROM_WIFI_HAL_RXDESC_Percentage2dbm
                0x0000000000137c6c                ROM_WIFI_HAL_RXDESC_Power2strength
                0x0000000000137c88                ROM_WIFI_HAL_RXDESC_ProcessSignal
                0x0000000000137cb0                wifi_hal_rxdesc_query
 .wifi.rom.text
                0x0000000000137df8       0x68 /home/weiqiang_sun/S_SDK_Repo/S_SDK_Repo_RTOS_Master_Temporary/amebagreen2_gcc_project/build/project_km4ns/asdk/make/image_rom_wifi/wifi_driver/rom/lib_wifi_driver_rom.a(rom_rtw_queue.o)
                0x0000000000137df8                rtw_init_listhead
                0x0000000000137e00                rtw_is_list_empty
                0x0000000000137e0c                rtw_list_insert_head
                0x0000000000137e18                rtw_list_insert_tail
                0x0000000000137e24                rtw_list_delete
                0x0000000000137e34                rtw_init_queue
                0x0000000000137e48                rtw_queue_empty
                0x0000000000137e54                rtw_end_of_queue_search
 .wifi.rom.text
                0x0000000000137e60        0x0 /home/weiqiang_sun/S_SDK_Repo/S_SDK_Repo_RTOS_Master_Temporary/amebagreen2_gcc_project/build/project_km4ns/asdk/make/image_rom_wifi/wifi_driver/rom/lib_wifi_driver_rom.a(rom_hal_rom_to_flash.o)
 *(.wifi.rom.sramdram.only.text*)
 .wifi.rom.sramdram.only.text
                0x0000000000137e60      0x564 /home/weiqiang_sun/S_SDK_Repo/S_SDK_Repo_RTOS_Master_Temporary/amebagreen2_gcc_project/build/project_km4ns/asdk/make/image_rom_wifi/wifi_driver/rom/lib_wifi_driver_rom.a(rom_rtw_shortcut.o)
                0x0000000000137e60                rtw_recv_get_rx_sc_index
                0x0000000000137e90                rtw_recv_indicatepkt_sc
                0x0000000000138008                rtw_recv_check_rx_shortcut_path
                0x000000000013819c                rtw_get_tx_sc_index
                0x00000000001381c4                rtw_xmit_entry_sc
 .wifi.rom.sramdram.only.text
                0x00000000001383c4       0x90 /home/weiqiang_sun/S_SDK_Repo/S_SDK_Repo_RTOS_Master_Temporary/amebagreen2_gcc_project/build/project_km4ns/asdk/make/image_rom_wifi/wifi_driver/rom/lib_wifi_driver_rom.a(rom_hal_recv.o)
                0x00000000001383c4                wifi_hal_check_rxtg
                0x0000000000138428                wifi_hal_check_rxdesc_remain
 .wifi.rom.sramdram.only.text
                0x0000000000138454      0x7e0 /home/weiqiang_sun/S_SDK_Repo/S_SDK_Repo_RTOS_Master_Temporary/amebagreen2_gcc_project/build/project_km4ns/asdk/make/image_rom_wifi/wifi_driver/rom/lib_wifi_driver_rom.a(rom_hal_xmit.o)
                0x0000000000138454                wifi_hal_hwqueue_get
                0x0000000000138468                wifi_hal_tx_ring_skb_enqueue
                0x0000000000138480                wifi_hal_tx_ring_skb_dequeue
                0x00000000001384c4                wifi_hal_pending_q_enqueue
                0x0000000000138504                wifi_hal_pending_q_resume
                0x00000000001385b0                wifi_hal_xmitframe_dump_sc_filldesc
 .wifi.rom.sramdram.only.text
                0x0000000000138c34      0x258 /home/weiqiang_sun/S_SDK_Repo/S_SDK_Repo_RTOS_Master_Temporary/amebagreen2_gcc_project/build/project_km4ns/asdk/make/image_rom_wifi/wifi_driver/rom/lib_wifi_driver_rom.a(rom_hal_xmit_g1.o)
                0x0000000000138c34                wifi_hal_txbd_set
 *(.wifi.rom.rodata*)
 .wifi.rom.rodata.str1.4
                0x0000000000138e8c       0x45 /home/weiqiang_sun/S_SDK_Repo/S_SDK_Repo_RTOS_Master_Temporary/amebagreen2_gcc_project/build/project_km4ns/asdk/make/image_rom_wifi/wifi_driver/rom/lib_wifi_driver_rom.a(rom_aes.o)
 *fill*         0x0000000000138ed1        0x3 
 .wifi.rom.rodata
                0x0000000000138ed4     0x3828 /home/weiqiang_sun/S_SDK_Repo/S_SDK_Repo_RTOS_Master_Temporary/amebagreen2_gcc_project/build/project_km4ns/asdk/make/image_rom_wifi/wifi_driver/rom/lib_wifi_driver_rom.a(rom_aes.o)
 .wifi.rom.rodata
                0x000000000013c6fc      0x400 /home/weiqiang_sun/S_SDK_Repo/S_SDK_Repo_RTOS_Master_Temporary/amebagreen2_gcc_project/build/project_km4ns/asdk/make/image_rom_wifi/wifi_driver/rom/lib_wifi_driver_rom.a(rom_arc4.o)
 .wifi.rom.rodata
                0x000000000013cafc       0x40 /home/weiqiang_sun/S_SDK_Repo/S_SDK_Repo_RTOS_Master_Temporary/amebagreen2_gcc_project/build/project_km4ns/asdk/make/image_rom_wifi/wifi_driver/rom/lib_wifi_driver_rom.a(rom_md5.o)
 .wifi.rom.rodata
                0x000000000013cb3c     0x210d /home/weiqiang_sun/S_SDK_Repo/S_SDK_Repo_RTOS_Master_Temporary/amebagreen2_gcc_project/build/project_km4ns/asdk/make/image_rom_wifi/wifi_driver/rom/lib_wifi_driver_rom.a(rom_rtw_dh_groups.o)
                0x000000000013cb3c                dh_groups
                0x000000000013cc9c                dh_group24_order
                0x000000000013ccbc                dh_group24_prime
                0x000000000013cdbc                dh_group24_generator
                0x000000000013cebc                dh_group23_order
                0x000000000013ced8                dh_group23_prime
                0x000000000013cfd8                dh_group23_generator
                0x000000000013d0d8                dh_group22_order
                0x000000000013d0ec                dh_group22_prime
                0x000000000013d16c                dh_group22_generator
                0x000000000013d5ec                dh_group18_prime
                0x000000000013d9ec                dh_group18_generator
                0x000000000013d9f0                dh_group17_order
                0x000000000013dcf0                dh_group17_prime
                0x000000000013dff0                dh_group17_generator
                0x000000000013dff4                dh_group16_order
                0x000000000013e1f4                dh_group16_prime
                0x000000000013e3f4                dh_group16_generator
                0x000000000013e578                dh_group15_prime
                0x000000000013e6f8                dh_group15_generator
                0x000000000013e6fc                dh_group14_order
                0x000000000013e7fc                dh_group14_prime
                0x000000000013e8fc                dh_group14_generator
                0x000000000013e900                dh_group5_order
                0x000000000013e9c0                dh_group5_prime
                0x000000000013ea80                dh_group5_generator
                0x000000000013ea84                dh_group2_order
                0x000000000013eb04                dh_group2_prime
                0x000000000013eb84                dh_group2_generator
                0x000000000013eb88                dh_group1_order
                0x000000000013ebe8                dh_group1_prime
                0x000000000013ec48                dh_group1_generator
 *fill*         0x000000000013ec49        0x3 
 .wifi.rom.rodata
                0x000000000013ec4c      0x3ec /home/weiqiang_sun/S_SDK_Repo/S_SDK_Repo_RTOS_Master_Temporary/amebagreen2_gcc_project/build/project_km4ns/asdk/make/image_rom_wifi/wifi_driver/rom/lib_wifi_driver_rom.a(rom_rtw_mbedtls_ecp_curves.o)
 .wifi.rom.rodata
                0x000000000013f038      0x50c /home/weiqiang_sun/S_SDK_Repo/S_SDK_Repo_RTOS_Master_Temporary/amebagreen2_gcc_project/build/project_km4ns/asdk/make/image_rom_wifi/wifi_driver/rom/lib_wifi_driver_rom.a(rom_rtw_security.o)
 .wifi.rom.rodata.str1.4
                0x000000000013f544       0x76 /home/weiqiang_sun/S_SDK_Repo/S_SDK_Repo_RTOS_Master_Temporary/amebagreen2_gcc_project/build/project_km4ns/asdk/make/image_rom_wifi/wifi_driver/rom/lib_wifi_driver_rom.a(rom_rtw_security_gcm.o)
 *fill*         0x000000000013f5ba        0x2 
 .wifi.rom.rodata
                0x000000000013f5bc      0x41d /home/weiqiang_sun/S_SDK_Repo/S_SDK_Repo_RTOS_Master_Temporary/amebagreen2_gcc_project/build/project_km4ns/asdk/make/image_rom_wifi/wifi_driver/rom/lib_wifi_driver_rom.a(rom_rtw_security_gcm.o)
                0x000000000013f9bc                rcons
 *fill*         0x000000000013f9d9        0x3 
 .wifi.rom.rodata.str1.4
                0x000000000013f9dc        0x1 /home/weiqiang_sun/S_SDK_Repo/S_SDK_Repo_RTOS_Master_Temporary/amebagreen2_gcc_project/build/project_km4ns/asdk/make/image_rom_wifi/wifi_driver/rom/lib_wifi_driver_rom.a(rom_rtw_sha256.o)
 *fill*         0x000000000013f9dd        0x3 
 .wifi.rom.rodata
                0x000000000013f9e0      0x100 /home/weiqiang_sun/S_SDK_Repo/S_SDK_Repo_RTOS_Master_Temporary/amebagreen2_gcc_project/build/project_km4ns/asdk/make/image_rom_wifi/wifi_driver/rom/lib_wifi_driver_rom.a(rom_rtw_sha256.o)
 .wifi.rom.rodata
                0x000000000013fae0      0x280 /home/weiqiang_sun/S_SDK_Repo/S_SDK_Repo_RTOS_Master_Temporary/amebagreen2_gcc_project/build/project_km4ns/asdk/make/image_rom_wifi/wifi_driver/rom/lib_wifi_driver_rom.a(rom_rtw_sha384.o)
 .wifi.rom.rodata.str1.4
                0x000000000013fd60        0x9 /home/weiqiang_sun/S_SDK_Repo/S_SDK_Repo_RTOS_Master_Temporary/amebagreen2_gcc_project/build/project_km4ns/asdk/make/image_rom_wifi/wifi_driver/rom/lib_wifi_driver_rom.a(rom_wpa_lite_part2.o)
 *fill*         0x000000000013fd69        0x3 
 .wifi.rom.rodata
                0x000000000013fd6c       0x18 /home/weiqiang_sun/S_SDK_Repo/S_SDK_Repo_RTOS_Master_Temporary/amebagreen2_gcc_project/build/project_km4ns/asdk/make/image_rom_wifi/wifi_driver/rom/lib_wifi_driver_rom.a(rom_wpa_lite_part2.o)
 .wifi.rom.rodata.str1.4
                0x000000000013fd84        0x9 /home/weiqiang_sun/S_SDK_Repo/S_SDK_Repo_RTOS_Master_Temporary/amebagreen2_gcc_project/build/project_km4ns/asdk/make/image_rom_wifi/wifi_driver/rom/lib_wifi_driver_rom.a(rom_wpa_lite_psk.o)
 *fill*         0x000000000013fd8d        0x3 
 .wifi.rom.rodata
                0x000000000013fd90       0x3f /home/weiqiang_sun/S_SDK_Repo/S_SDK_Repo_RTOS_Master_Temporary/amebagreen2_gcc_project/build/project_km4ns/asdk/make/image_rom_wifi/wifi_driver/rom/lib_wifi_driver_rom.a(rom_wpa_lite_psk.o)
                0x000000000013fd90                igtk_expansion_const
 *fill*         0x000000000013fdcf        0x1 
 .wifi.rom.rodata.str1.4
                0x000000000013fdd0      0x509 /home/weiqiang_sun/S_SDK_Repo/S_SDK_Repo_RTOS_Master_Temporary/amebagreen2_gcc_project/build/project_km4ns/asdk/make/image_rom_wifi/wifi_driver/rom/lib_wifi_driver_rom.a(rom_wpa_lite_sae.o)
 *fill*         0x00000000001402d9        0x3 
 .wifi.rom.rodata
                0x00000000001402dc       0x5d /home/weiqiang_sun/S_SDK_Repo/S_SDK_Repo_RTOS_Master_Temporary/amebagreen2_gcc_project/build/project_km4ns/asdk/make/image_rom_wifi/wifi_driver/rom/lib_wifi_driver_rom.a(rom_wpa_lite_sae.o)
                0x00000000001402ec                sae_groups
 *fill*         0x0000000000140339        0x3 
 .wifi.rom.rodata.str1.4
                0x000000000014033c      0x30a /home/weiqiang_sun/S_SDK_Repo/S_SDK_Repo_RTOS_Master_Temporary/amebagreen2_gcc_project/build/project_km4ns/asdk/make/image_rom_wifi/wifi_driver/rom/lib_wifi_driver_rom.a(rom_wpa_lite_sae_crypto.o)
 *fill*         0x0000000000140646        0x2 
 .wifi.rom.rodata
                0x0000000000140648       0x1c /home/weiqiang_sun/S_SDK_Repo/S_SDK_Repo_RTOS_Master_Temporary/amebagreen2_gcc_project/build/project_km4ns/asdk/make/image_rom_wifi/wifi_driver/rom/lib_wifi_driver_rom.a(rom_wpa_lite_sae_crypto.o)
 .wifi.rom.rodata.str1.4
                0x0000000000140664       0x48 /home/weiqiang_sun/S_SDK_Repo/S_SDK_Repo_RTOS_Master_Temporary/amebagreen2_gcc_project/build/project_km4ns/asdk/make/image_rom_wifi/wifi_driver/rom/lib_wifi_driver_rom.a(rom_rtw_80211w.o)
 .wifi.rom.rodata.str1.4
                0x00000000001406ac       0x5f /home/weiqiang_sun/S_SDK_Repo/S_SDK_Repo_RTOS_Master_Temporary/amebagreen2_gcc_project/build/project_km4ns/asdk/make/image_rom_wifi/wifi_driver/rom/lib_wifi_driver_rom.a(rom_rtw_assoc.o)
 *fill*         0x000000000014070b        0x1 
 .wifi.rom.rodata
                0x000000000014070c       0x3a /home/weiqiang_sun/S_SDK_Repo/S_SDK_Repo_RTOS_Master_Temporary/amebagreen2_gcc_project/build/project_km4ns/asdk/make/image_rom_wifi/wifi_driver/rom/lib_wifi_driver_rom.a(rom_rtw_assoc.o)
                0x0000000000140730                WPS_OUI
                0x0000000000140734                WMM_OUI
                0x0000000000140738                WMM_PARA_OUI
                0x0000000000140740                WMM_INFO_OUI
 *fill*         0x0000000000140746        0x2 
 .wifi.rom.rodata
                0x0000000000140748        0x6 /home/weiqiang_sun/S_SDK_Repo/S_SDK_Repo_RTOS_Master_Temporary/amebagreen2_gcc_project/build/project_km4ns/asdk/make/image_rom_wifi/wifi_driver/rom/lib_wifi_driver_rom.a(rom_rtw_beacon.o)
 *fill*         0x000000000014074e        0x2 
 .wifi.rom.rodata
                0x0000000000140750       0x6e /home/weiqiang_sun/S_SDK_Repo/S_SDK_Repo_RTOS_Master_Temporary/amebagreen2_gcc_project/build/project_km4ns/asdk/make/image_rom_wifi/wifi_driver/rom/lib_wifi_driver_rom.a(rom_rtw_ieee80211.o)
                0x000000000014076c                RTW_WPA_OUI_TYPE
                0x0000000000140770                WPA_CIPHER_SUITE_NONE
                0x0000000000140774                WPA_CIPHER_SUITE_WEP40
                0x0000000000140778                WPA_CIPHER_SUITE_TKIP
                0x000000000014077c                WPA_CIPHER_SUITE_CCMP
                0x0000000000140780                WPA_CIPHER_SUITE_WEP104
                0x0000000000140784                RSN_CIPHER_SUITE_NONE
                0x0000000000140788                RSN_CIPHER_SUITE_WEP40
                0x000000000014078c                RSN_CIPHER_SUITE_TKIP
                0x0000000000140790                RSN_CIPHER_SUITE_CCMP
                0x0000000000140794                RSN_CIPHER_SUITE_WEP104
                0x00000000001407b4                RSN_AUTH_KEY_MGMT_PSK_OVER_802_1X
                0x00000000001407b8                RSN_AUTH_KEY_MGMT_UNSPEC_802_1X
                0x00000000001407bc                RSN_VERSION_BSD
 *fill*         0x00000000001407be        0x2 
 .wifi.rom.rodata
                0x00000000001407c0      0x860 /home/weiqiang_sun/S_SDK_Repo/S_SDK_Repo_RTOS_Master_Temporary/amebagreen2_gcc_project/build/project_km4ns/asdk/make/image_rom_wifi/wifi_driver/rom/lib_wifi_driver_rom.a(rom_rtw_ieee80211_part2.o)
                0x00000000001407c0                RTW_ChannelPlanMap
                0x00000000001409c0                RTW_ChannelPlanBitmap2G
                0x00000000001409f8                RTW_ChannelPlanBitmap5G
                0x0000000000140fe0                RTW_WPA_OUI
                0x0000000000140fe4                RSN_TKIP_CIPHER
                0x0000000000140fe8                RSN_AUTH_KEY_MGMT_FT_802_1X
                0x0000000000140fec                RSN_AUTH_KEY_MGMT_FT_PSK
                0x0000000000140ff0                RSN_AUTH_KEY_MGMT_802_1X_SHA256
                0x0000000000140ff4                RSN_AUTH_KEY_MGMT_PSK_SHA256
                0x0000000000140ff8                RSN_AUTH_KEY_MGMT_SAE
                0x0000000000140ffc                RSN_AUTH_KEY_MGMT_FT_SAE
                0x0000000000141000                RSN_AUTH_KEY_MGMT_802_1X_SUITE_B
                0x0000000000141004                RSN_AUTH_KEY_MGMT_802_1X_SUITE_B_192
                0x0000000000141008                RSN_AUTH_KEY_MGMT_DPP
                0x000000000014100c                RSN_AUTH_KEY_MGMT_OWE
                0x0000000000141010                RSN_CIPHER_SUITE_AES_128_CMAC
                0x0000000000141014                RSN_CIPHER_SUITE_BIP_GMAC_128
                0x0000000000141018                RSN_CIPHER_SUITE_BIP_GMAC_256
                0x000000000014101c                RSN_CIPHER_SUITE_BIP_CMAC_256
 .wifi.rom.rodata.str1.4
                0x0000000000141020       0x21 /home/weiqiang_sun/S_SDK_Repo/S_SDK_Repo_RTOS_Master_Temporary/amebagreen2_gcc_project/build/project_km4ns/asdk/make/image_rom_wifi/wifi_driver/rom/lib_wifi_driver_rom.a(rom_rtw_psk.o)
 *fill*         0x0000000000141041        0x3 
 .wifi.rom.rodata
                0x0000000000141044        0x7 /home/weiqiang_sun/S_SDK_Repo/S_SDK_Repo_RTOS_Master_Temporary/amebagreen2_gcc_project/build/project_km4ns/asdk/make/image_rom_wifi/wifi_driver/rom/lib_wifi_driver_rom.a(rom_rtw_rate.o)
                0x0000000000141044                rtw_basic_rate_mix
 *fill*         0x000000000014104b        0x1 
 .wifi.rom.rodata
                0x000000000014104c      0x17e /home/weiqiang_sun/S_SDK_Repo/S_SDK_Repo_RTOS_Master_Temporary/amebagreen2_gcc_project/build/project_km4ns/asdk/make/image_rom_wifi/wifi_driver/rom/lib_wifi_driver_rom.a(rom_rtw_rf.o)
                0x000000000014104c                center_chs_2g_by_bw
                0x000000000014105c                op_chs_of_cch_2g_by_bw
                0x000000000014106c                center_chs_5g_by_bw
                0x000000000014108c                op_chs_of_cch_5g_by_bw
                0x00000000001410ac                _ch_width_to_bw_cap
                0x00000000001410b4                op_chs_of_cch_5g_160m
                0x00000000001410cc                center_ch_5g_160m
                0x00000000001410d0                op_chs_of_cch_5g_80m
                0x00000000001410ec                center_ch_5g_80m
                0x00000000001410f4                op_chs_of_cch_5g_40m
                0x0000000000141110                center_ch_5g_20m_40m
                0x000000000014113c                center_ch_5g_40m
                0x000000000014114c                center_ch_5g_20m
                0x0000000000141168                center_ch_5g_all
                0x000000000014119c                op_chs_of_cch_2g_40m
                0x00000000001411b0                center_ch_2g_40m
                0x00000000001411bc                center_ch_2g
 *fill*         0x00000000001411ca        0x2 
 .wifi.rom.rodata
                0x00000000001411cc        0x7 /home/weiqiang_sun/S_SDK_Repo/S_SDK_Repo_RTOS_Master_Temporary/amebagreen2_gcc_project/build/project_km4ns/asdk/make/image_rom_wifi/wifi_driver/rom/lib_wifi_driver_rom.a(rom_rtw_ht.o)
 *fill*         0x00000000001411d3        0x1 
 .wifi.rom.rodata.str1.4
                0x00000000001411d4       0x55 /home/weiqiang_sun/S_SDK_Repo/S_SDK_Repo_RTOS_Master_Temporary/amebagreen2_gcc_project/build/project_km4ns/asdk/make/image_rom_wifi/wifi_driver/rom/lib_wifi_driver_rom.a(rom_rtw_pmksa_cache_part2.o)
 *fill*         0x0000000000141229        0x3 
 .wifi.rom.rodata.str1.4
                0x000000000014122c       0x52 /home/weiqiang_sun/S_SDK_Repo/S_SDK_Repo_RTOS_Master_Temporary/amebagreen2_gcc_project/build/project_km4ns/asdk/make/image_rom_wifi/wifi_driver/rom/lib_wifi_driver_rom.a(rom_rtw_11d_part2.o)
 *fill*         0x000000000014127e        0x2 
 .wifi.rom.rodata
                0x0000000000141280        0x3 /home/weiqiang_sun/S_SDK_Repo/S_SDK_Repo_RTOS_Master_Temporary/amebagreen2_gcc_project/build/project_km4ns/asdk/make/image_rom_wifi/wifi_driver/rom/lib_wifi_driver_rom.a(rom_rtw_11d_part2.o)
 *fill*         0x0000000000141283        0x1 
 .wifi.rom.rodata.str1.4
                0x0000000000141284       0x5a /home/weiqiang_sun/S_SDK_Repo/S_SDK_Repo_RTOS_Master_Temporary/amebagreen2_gcc_project/build/project_km4ns/asdk/make/image_rom_wifi/wifi_driver/rom/lib_wifi_driver_rom.a(rom_rtw_he_part2.o)
 *fill*         0x00000000001412de        0x2 
 .wifi.rom.rodata.str1.4
                0x00000000001412e0        0x7 /home/weiqiang_sun/S_SDK_Repo/S_SDK_Repo_RTOS_Master_Temporary/amebagreen2_gcc_project/build/project_km4ns/asdk/make/image_rom_wifi/wifi_driver/rom/lib_wifi_driver_rom.a(rom_rtw_shortcut.o)
 *fill*         0x00000000001412e7        0x1 
 .wifi.rom.rodata
                0x00000000001412e8        0x6 /home/weiqiang_sun/S_SDK_Repo/S_SDK_Repo_RTOS_Master_Temporary/amebagreen2_gcc_project/build/project_km4ns/asdk/make/image_rom_wifi/wifi_driver/rom/lib_wifi_driver_rom.a(rom_rtw_shortcut.o)
 *fill*         0x00000000001412ee        0x2 
 .wifi.rom.rodata.str1.4
                0x00000000001412f0       0x5c /home/weiqiang_sun/S_SDK_Repo/S_SDK_Repo_RTOS_Master_Temporary/amebagreen2_gcc_project/build/project_km4ns/asdk/make/image_rom_wifi/wifi_driver/rom/lib_wifi_driver_rom.a(rom_rtw_setkey.o)
 .wifi.rom.rodata
                0x000000000014134c        0x6 /home/weiqiang_sun/S_SDK_Repo/S_SDK_Repo_RTOS_Master_Temporary/amebagreen2_gcc_project/build/project_km4ns/asdk/make/image_rom_wifi/wifi_driver/rom/lib_wifi_driver_rom.a(rom_rtw_setkey.o)
 *fill*         0x0000000000141352        0x2 
 .wifi.rom.rodata.str1.4