Archive member included to satisfy reference by file (symbol)

/home/eric_gao/repo/repoe/amebagreen2_gcc_project/build/project_km4ns/asdk/make_rom/fwlib/lib_rom_fwlib_km4ns.a(ameba_boot_rom.o)
                              (--whole-archive)
/home/eric_gao/repo/repoe/amebagreen2_gcc_project/build/project_km4ns/asdk/make_rom/fwlib/lib_rom_fwlib_km4ns.a(ameba_vector_rom.o)
                              (--whole-archive)
/home/eric_gao/repo/repoe/amebagreen2_gcc_project/build/project_km4ns/asdk/make_rom/fwlib/lib_rom_fwlib_km4ns.a(ameba_vectors.o)
                              (--whole-archive)
/home/eric_gao/repo/repoe/amebagreen2_gcc_project/build/project_km4ns/asdk/make_rom/fwlib_com/lib_rom_fwlib_com_km4ns.a(ameba_crypto_aes.o)
                              (--whole-archive)
/home/eric_gao/repo/repoe/amebagreen2_gcc_project/build/project_km4ns/asdk/make_rom/fwlib_com/lib_rom_fwlib_com_km4ns.a(ameba_crypto_sha.o)
                              (--whole-archive)
/home/eric_gao/repo/repoe/amebagreen2_gcc_project/build/project_km4ns/asdk/make_rom/fwlib_com/lib_rom_fwlib_com_km4ns.a(ameba_crypto.o)
                              (--whole-archive)
/home/eric_gao/repo/repoe/amebagreen2_gcc_project/build/project_km4ns/asdk/make_rom/fwlib_com/lib_rom_fwlib_com_km4ns.a(ameba_pke_ecc.o)
                              (--whole-archive)
/home/eric_gao/repo/repoe/amebagreen2_gcc_project/build/project_km4ns/asdk/make_rom/fwlib_com/lib_rom_fwlib_com_km4ns.a(ameba_pke_rsa.o)
                              (--whole-archive)
/home/eric_gao/repo/repoe/amebagreen2_gcc_project/build/project_km4ns/asdk/make_rom/fwlib_com/lib_rom_fwlib_com_km4ns.a(ameba_pke_common.o)
                              (--whole-archive)
/home/eric_gao/repo/repoe/amebagreen2_gcc_project/build/project_km4ns/asdk/make_rom/fwlib_com/lib_rom_fwlib_com_km4ns.a(ameba_assert_rom.o)
                              (--whole-archive)
/home/eric_gao/repo/repoe/amebagreen2_gcc_project/build/project_km4ns/asdk/make_rom/fwlib_com/lib_rom_fwlib_com_km4ns.a(ameba_flash_rom.o)
                              (--whole-archive)
/home/eric_gao/repo/repoe/amebagreen2_gcc_project/build/project_km4ns/asdk/make_rom/fwlib_com/lib_rom_fwlib_com_km4ns.a(ameba_otp_rom.o)
                              (--whole-archive)
/home/eric_gao/repo/repoe/amebagreen2_gcc_project/build/project_km4ns/asdk/make_rom/fwlib_com/lib_rom_fwlib_com_km4ns.a(ameba_shell_rom.o)
                              (--whole-archive)
/home/eric_gao/repo/repoe/amebagreen2_gcc_project/build/project_km4ns/asdk/make_rom/fwlib_com/lib_rom_fwlib_com_km4ns.a(ameba_tim_rom.o)
                              (--whole-archive)
/home/eric_gao/repo/repoe/amebagreen2_gcc_project/build/project_km4ns/asdk/make_rom/fwlib_com/lib_rom_fwlib_com_km4ns.a(ameba_backup_reg.o)
                              (--whole-archive)
/home/eric_gao/repo/repoe/amebagreen2_gcc_project/build/project_km4ns/asdk/make_rom/fwlib_com/lib_rom_fwlib_com_km4ns.a(ameba_gpio_rom.o)
                              (--whole-archive)
/home/eric_gao/repo/repoe/amebagreen2_gcc_project/build/project_km4ns/asdk/make_rom/fwlib_com/lib_rom_fwlib_com_km4ns.a(ameba_pinmux_rom.o)
                              (--whole-archive)
/home/eric_gao/repo/repoe/amebagreen2_gcc_project/build/project_km4ns/asdk/make_rom/fwlib_com/lib_rom_fwlib_com_km4ns.a(ameba_rcc_rom.o)
                              (--whole-archive)
/home/eric_gao/repo/repoe/amebagreen2_gcc_project/build/project_km4ns/asdk/make_rom/fwlib_com/lib_rom_fwlib_com_km4ns.a(ameba_spinand_rom.o)
                              (--whole-archive)
/home/eric_gao/repo/repoe/amebagreen2_gcc_project/build/project_km4ns/asdk/make_rom/fwlib_com/lib_rom_fwlib_com_km4ns.a(ameba_trng.o)
                              (--whole-archive)
/home/eric_gao/repo/repoe/amebagreen2_gcc_project/build/project_km4ns/asdk/make_rom/fwlib_com/lib_rom_fwlib_com_km4ns.a(ameba_chipinfo_rom.o)
                              (--whole-archive)
/home/eric_gao/repo/repoe/amebagreen2_gcc_project/build/project_km4ns/asdk/make_rom/fwlib_com/lib_rom_fwlib_com_km4ns.a(ameba_loguart_rom.o)
                              (--whole-archive)
/home/eric_gao/repo/repoe/amebagreen2_gcc_project/build/project_km4ns/asdk/make_rom/fwlib_com/lib_rom_fwlib_com_km4ns.a(ameba_sdio_rom.o)
                              (--whole-archive)
/home/eric_gao/repo/repoe/amebagreen2_gcc_project/build/project_km4ns/asdk/make_rom/fwlib_com/lib_rom_fwlib_com_km4ns.a(ameba_syscfg_rom.o)
                              (--whole-archive)
/home/eric_gao/repo/repoe/amebagreen2_gcc_project/build/project_km4ns/asdk/make_rom/fwlib_com/lib_rom_fwlib_com_km4ns.a(ameba_uart_rom.o)
                              (--whole-archive)
/home/eric_gao/repo/repoe/amebagreen2_gcc_project/build/project_km4ns/asdk/make_rom/fwlib_com/lib_rom_fwlib_com_km4ns.a(ameba_clk_rom.o)
                              (--whole-archive)
[...]
Memory Configuration

Name             Origin             Length             Attributes
EMPTY_SECTION    0x0000000000000000 0x0000000000000000 xrw
AP_IROM          0x0000000000000000 0x000000000001d000 xr
AP_DROM          0x000000000001d000 0x0000000000002000 xr
AP_ONLY_ROM      0x000000000001f000 0x0000000000001000 xr
NP_SYS_ROM       0x0000000000100000 0x0000000000001000 xr
SHARE_IROM       0x0000000000101000 0x000000000000b000 xr
SHARE_DROM       0x000000000010c000 0x0000000000003000 xr
OS_ROM           0x000000000010f000 0x0000000000005000 xr
WIFI_ROM         0x0000000000114000 0x0000000000033800 xr
DELAY_ROM        0x0000000000147800 0x0000000000000800 xr
AP_ROMBSS_RAM_S  0x0000000030000000 0x0000000000000600 rw
AP_MSP_RAM_S     0x0000000030000600 0x0000000000000a00 rw
AP_ROMBSS_RAM_NS 0x0000000020001000 0x0000000000001400 rw
AP_MSP_RAM_NS    0x0000000020002400 0x0000000000000c00 rw
NP_ROMBSS_MMU    0x0000000020001000 0x0000000000001400 rw
NP_ROMBSS_RAM    0x0000000020003000 0x0000000000001400 rw
NP_MSP_RAM       0x0000000020004600 0x0000000000000a00 rw
NP_IPC_RAM       0x0000000020004400 0x0000000000000200 xrw
AP_BOOTLOADER_RAM_S 0x0000000030005020 0x0000000000005fe0 xrw
AP_FLOADER_RAM_S 0x0000000030070020 0x000000000000ffe0 xrw
FULLMAC_IMG2     0x0000000020002420 0x000000000006cbe0 xrw
FULLMAC_BOOTLOADER 0x0000000030070020 0x000000000000efe0 xrw
FULLMAC_MANIFEST 0x000000002007f000 0x0000000000001000 xrw
FULLMAC_TCM_RAM  0x00000000000f0000 0x0000000000010000 xrw
AP_BD_RAM        0x000000002000b020 0x0000000000044fe0 xrw
NP_BD_RAM        0x0000000020050020 0x000000000002ffe0 xrw
AP_BD_PSRAM      0x0000000060000020 0x000000000017ffe0 xrw
NP_BD_PSRAM      0x0000000060180020 0x000000000017ffe0 xrw
AP_PSRAM_HEAP_EXT 0x000000006fffffff 0x0000000000000000 xrw
NP_PSRAM_HEAP_EXT 0x000000006fffffff 0x0000000000000000 xrw
RETENTION_RAM    0x000000004080aa00 0x0000000000000200 xrw
AP_BOOT_XIP      0x0000000010400020 0x00000000007fffe0 xr
AP_IMG3_XIP      0x0000000010c00020 0x00000000003fffe0 xr
AP_IMG2_XIP      0x0000000002000020 0x0000000001ffffe0 xr
NP_IMG2_XIP      0x0000000004000020 0x0000000001ffffe0 xr
BTRACE           0x00000000c8800000 0x0000000000800000 xr
CTRACE           0x00000000ca000000 0x00000000007fffff xr
*default*        0x0000000000000000 0xffffffffffffffff

Linker script and memory map

                0x0000000020004400                __ipc_memory_start__ = ORIGIN (NP_IPC_RAM)
                0x0000000004000020                __np_flash_text_start__ = ORIGIN (NP_IMG2_XIP)
                0x0000000006000000                __np_flash_text_end__ = (ORIGIN (NP_IMG2_XIP) + LENGTH (NP_IMG2_XIP))
                0x0000000002000020                __ap_flash_text_start__ = ORIGIN (AP_IMG2_XIP)
                0x0000000004000000                __ap_flash_text_end__ = (ORIGIN (AP_IMG2_XIP) + LENGTH (AP_IMG2_XIP))
                0x0000000010400020                __ap_boot_text_start__ = ORIGIN (AP_BOOT_XIP)
                0x0000000010c00000                __ap_boot_text_end__ = (ORIGIN (AP_BOOT_XIP) + LENGTH (AP_BOOT_XIP))
                0x0000000010c00020                __ap_img3_text_start__ = ORIGIN (AP_IMG3_XIP)
                0x0000000011000000                __ap_img3_text_end__ = (ORIGIN (AP_IMG3_XIP) + LENGTH (AP_IMG3_XIP))
                0x000000002000b000                __ap_bd_ram_start__ = (ORIGIN (AP_BD_RAM) - 0x20)
                0x0000000060000000                __ap_bd_psram_start__ = (ORIGIN (AP_BD_PSRAM) - 0x20)

.rom.sys        0x0000000000100000      0x4de
 *(.rom_vector_table1)
 .rom_vector_table1
                0x0000000000100000      0x164 /home/eric_gao/repo/repoe/amebagreen2_gcc_project/build/project_km4ns/asdk/make_rom/fwlib/lib_rom_fwlib_km4ns.a(ameba_vector_rom.o)
                0x0000000000100000                RomVectorTable
 *(.vectors_table_text)
 .vectors_table_text
                0x0000000000100164       0x14 /home/eric_gao/repo/repoe/amebagreen2_gcc_project/build/project_km4ns/asdk/make_rom/fwlib/lib_rom_fwlib_km4ns.a(ameba_vectors.o)
                0x0000000000100164                Reset_Handler
 *ameba_vector_rom.o(.hal.rom.text*)
 .hal.rom.text  0x0000000000100178      0x308 /home/eric_gao/repo/repoe/amebagreen2_gcc_project/build/project_km4ns/asdk/make_rom/fwlib/lib_rom_fwlib_km4ns.a(ameba_vector_rom.o)
                0x0000000000100178                INT_HardFault
                0x0000000000100182                INT_MemManage
                0x000000000010018c                INT_BusFault
                0x0000000000100196                INT_UsageFault
                0x00000000001001a0                INT_SecureFault
                0x00000000001001aa                INT_NMI
                0x00000000001001c0                INT_SVCall
                0x00000000001001e0                INT_PendSV
                0x0000000000100200                INT_SysTick
                0x00000000001003a4                INT_HardFault_C
                0x0000000000100410                FaultHandler
                0x0000000000100420                PreFaultPatch_register
                0x000000000010042c                PostFaultPatch_register
                0x0000000000100438                SVCall_irqfunc_set
                0x0000000000100444                SVCall_irqfunc_get
                0x0000000000100450                PendSV_irqfunc_set
                0x000000000010045c                PendSV_irqfunc_get
                0x0000000000100468                Systick_irqfunc_set
                0x0000000000100474                Systick_irqfunc_get
 *ameba_boot_rom.o(.hal.rom.text*)
 .hal.rom.text  0x0000000000100480       0x5c /home/eric_gao/repo/repoe/amebagreen2_gcc_project/build/project_km4ns/asdk/make_rom/fwlib/lib_rom_fwlib_km4ns.a(ameba_boot_rom.o)
                0x0000000000100480                BOOT_ROM_LoaderEntry
                0x0000000000100498                BOOT_ROM_InitDebugFlg
                0x00000000001004b8                BOOT_ROM_ResetVsr
 *ameba_boot_rom.o(.rom.rodata*)
 .rom.rodata.str1.1
                0x00000000001004dc        0x2 /home/eric_gao/repo/repoe/amebagreen2_gcc_project/build/project_km4ns/asdk/make_rom/fwlib/lib_rom_fwlib_km4ns.a(ameba_boot_rom.o)

.delay.rom      0x0000000000147800       0x94
 *ameba_delay_rom.o(.hal.rom.text*)
 .hal.rom.text  0x0000000000147800       0x94 /home/eric_gao/repo/repoe/amebagreen2_gcc_project/build/project_km4ns/asdk/make_rom/fwlib_com/lib_rom_fwlib_com_km4ns.a(ameba_delay_rom.o)
                0x0000000000147800                DelayNop
                0x000000000014780c                DelayUs
                0x000000000014786c                DelayMs
                0x0000000000147880                DelayClkUpdate

.share.text     0x0000000000101000     0x9ef0
 *(.share.rom.text*)
 .share.rom.text
                0x0000000000101000      0x154 /home/eric_gao/repo/repoe/amebagreen2_gcc_project/build/project_km4ns/asdk/make_rom/fwlib/lib_rom_fwlib_km4ns.a(ameba_vector_rom.o)
                0x0000000000101000                irq_enable
                0x000000000010101c                irq_disable
                0x0000000000101040                irq_set_priority
                0x0000000000101090                irq_get_priority
                0x00000000001010b4                irq_set_pending
                0x00000000001010d0                irq_get_pending
                0x00000000001010f4                irq_clear_pending
                0x0000000000101110                irq_register
                0x0000000000101138                irq_unregister
 *(.libc.rom.text*)
 .libc.rom.text
                0x0000000000101154      0x11c /home/eric_gao/repo/repoe/amebagreen2_gcc_project/build/project_km4ns/asdk/make_rom/string/lib_rom_string_km4ns.a(char2num.o)
                0x0000000000101154                _char2num
                0x0000000000101180                _2char2dec
                0x0000000000101200                _2char2hex
 .libc.rom.text
                0x0000000000101270       0x88 /home/eric_gao/repo/repoe/amebagreen2_gcc_project/build/project_km4ns/asdk/make_rom/string/lib_rom_string_km4ns.a(memchr.o)
                0x0000000000101270                _memchr
 .libc.rom.text
                0x00000000001012f8       0x6c /home/eric_gao/repo/repoe/amebagreen2_gcc_project/build/project_km4ns/asdk/make_rom/string/lib_rom_string_km4ns.a(memcmp.o)
                0x00000000001012f8                _memcmp
 .libc.rom.text
                0x0000000000101364       0xa8 /home/eric_gao/repo/repoe/amebagreen2_gcc_project/build/project_km4ns/asdk/make_rom/string/lib_rom_string_km4ns.a(memcpy.o)
                0x0000000000101364                _memcpy
 .libc.rom.text
                0x000000000010140c       0xec /home/eric_gao/repo/repoe/amebagreen2_gcc_project/build/project_km4ns/asdk/make_rom/string/lib_rom_string_km4ns.a(memmove.o)
                0x000000000010140c                _memmove
 .libc.rom.text
                0x00000000001014f8       0xbc /home/eric_gao/repo/repoe/amebagreen2_gcc_project/build/project_km4ns/asdk/make_rom/string/lib_rom_string_km4ns.a(memset.o)
                0x00000000001014f8                _memset
 .libc.rom.text
                0x00000000001015b4      0x558 /home/eric_gao/repo/repoe/amebagreen2_gcc_project/build/project_km4ns/asdk/make_rom/string/lib_rom_string_km4ns.a(sscanf_minimal.o)
                0x0000000000101658                _vsscanf_minimal
                0x0000000000101af0                _sscanf_ss
 .libc.rom.text
                0x0000000000101b0c       0x68 /home/eric_gao/repo/repoe/amebagreen2_gcc_project/build/project_km4ns/asdk/make_rom/string/lib_rom_string_km4ns.a(strcmp.o)
                0x0000000000101b0c                _strcmp
 .libc.rom.text
                0x0000000000101b74       0x4c /home/eric_gao/repo/repoe/amebagreen2_gcc_project/build/project_km4ns/asdk/make_rom/string/lib_rom_string_km4ns.a(strcpy.o)
                0x0000000000101b74                _strcpy
 .libc.rom.text
                0x0000000000101bc0       0x5c /home/eric_gao/repo/repoe/amebagreen2_gcc_project/build/project_km4ns/asdk/make_rom/string/lib_rom_string_km4ns.a(stricmp.o)
                0x0000000000101bc0                _stricmp
 .libc.rom.text
                0x0000000000101c1c       0x4c /home/eric_gao/repo/repoe/amebagreen2_gcc_project/build/project_km4ns/asdk/make_rom/string/lib_rom_string_km4ns.a(strlen.o)
                0x0000000000101c1c                _strlen
 .libc.rom.text
                0x0000000000101c68       0x8c /home/eric_gao/repo/repoe/amebagreen2_gcc_project/build/project_km4ns/asdk/make_rom/string/lib_rom_string_km4ns.a(strncpy.o)
                0x0000000000101c68                _strncpy
 .libc.rom.text
                0x0000000000101cf4      0x118 /home/eric_gao/repo/repoe/amebagreen2_gcc_project/build/project_km4ns/asdk/make_rom/string/lib_rom_string_km4ns.a(strtol.o)
                0x0000000000101cf4                _strtol
 .libc.rom.text
                0x0000000000101e0c      0x140 /home/eric_gao/repo/repoe/amebagreen2_gcc_project/build/project_km4ns/asdk/make_rom/string/lib_rom_string_km4ns.a(strtoul.o)
                0x0000000000101e0c                _strtoul
 .libc.rom.text
                0x0000000000101f4c       0x1c /home/eric_gao/repo/repoe/amebagreen2_gcc_project/build/project_km4ns/asdk/make_rom/string/lib_rom_string_km4ns.a(strupr.o)
                0x0000000000101f4c                _strupr
 .libc.rom.text
                0x0000000000101f68       0xa0 /home/eric_gao/repo/repoe/amebagreen2_gcc_project/build/project_km4ns/asdk/make_rom/string/lib_rom_string_km4ns.a(strwrap.o)
                0x0000000000101f68                __wrap_memset
                0x0000000000101f70                __wrap_memcpy
                0x0000000000101f78                __wrap_memcmp
                0x0000000000101f80                __wrap_memchr
                0x0000000000101f88                __wrap_memmove
                0x0000000000101f90                __wrap_strlen
                0x0000000000101f98                __wrap_strcmp
                0x0000000000101fa0                __wrap_stricmp
                0x0000000000101fa8                __wrap_strupr
                0x0000000000101fb0                __wrap_strncpy
                0x0000000000101fb8                __wrap_strtoul
                0x0000000000101fc0                __wrap_strcpy
                0x0000000000101fc8                __wrap_strtol
                0x0000000000101fd0                __wrap_printf
                0x0000000000101fec                __wrap_sprintf
 *(.hal.rom.text*)
 .hal.rom.text  0x0000000000102008     0x112c /home/eric_gao/repo/repoe/amebagreen2_gcc_project/build/project_km4ns/asdk/make_rom/fwlib_com/lib_rom_fwlib_com_km4ns.a(ameba_crypto_aes.o)
                0x0000000000102008                AES_Get_AES_Addr
                0x0000000000102028                AES_get_km_aes_addr
                0x0000000000102048                AES_Get_DMA_Addr
                0x0000000000102068                AES_Disable_SCA_Mask
                0x000000000010207c                AES_Enable_SCA_Mask
                0x0000000000102090                AES_Set_SCA_Mask
                0x00000000001020bc                AES_DMA_Init
                0x00000000001020e8                AES_StructInit
                0x00000000001020f8                AES_Init
                0x0000000000102160                AES_Cmd
                0x0000000000102180                AES_GetIv
                0x00000000001021a0                AES_SetIv
                0x00000000001021c0                AES_GetTag
                0x0000000000102208                AES_InitTag
                0x0000000000102228                AES_ProcessDma
                0x0000000000102588                AES_GCM_Set_Iv
                0x0000000000102680                AES_lock_mutex
                0x00000000001026d4                AES_unlock_mutex
                0x00000000001026e8                AES_set_swap_setting
                0x0000000000102714                AES_get_swap_setting
                0x0000000000102738                AES_load_key
                0x0000000000102838                crypto_aes_set_sw_key
                0x00000000001029cc                crypto_aes_share_secure_key
                0x0000000000102a4c                crypto_aes_slave_start
                0x0000000000102b90                crypto_aes_ecb_slave
                0x0000000000102bb0                crypto_aes_ctr_slave
                0x0000000000102bd2                crypto_aes_start
                0x0000000000102cb4                crypto_aes_ecb
                0x0000000000102ce0                crypto_aes_cbc
                0x0000000000102d0e                crypto_aes_cfb
                0x0000000000102d30                crypto_aes_ofb
                0x0000000000102d52                crypto_aes_ctr
                0x0000000000102d74                crypto_aes_xts
                0x0000000000102db4                crypto_cmac
                0x0000000000102e38                crypto_gcm_encrypt_and_tag
                0x0000000000103018                crypto_gcm_auth_decrypt
 .hal.rom.text  0x0000000000103134      0xd64 /home/eric_gao/repo/repoe/amebagreen2_gcc_project/build/project_km4ns/asdk/make_rom/fwlib_com/lib_rom_fwlib_com_km4ns.a(ameba_crypto_sha.o)
                0x0000000000103134                SHA2_Get_SHA_Addr
                0x0000000000103154                SHA2_get_km_hmac_addr
                0x0000000000103174                SHA2_Get_DMA_Addr
                0x0000000000103194                SHA2_Restore
                0x0000000000103230                SHA2_Save
                0x0000000000103280                SHA2_Get_Final_Digest
                0x0000000000103398                SHA_StructInit
                0x00000000001033a6                SHA2_Init
                0x0000000000103454                SHA2_DMA_Init
                0x000000000010349c                SHA2_SlaveEnd
                0x00000000001034d8                SHA2_DmaStart
                0x0000000000103768                SHA2_ProcessDma
                0x00000000001037dc                SHA2_lock_mutex
                0x0000000000103830                SHA2_unlock_mutex
                0x0000000000103844                SHA2_set_swap_setting
                0x0000000000103878                SHA2_get_swap_setting
                0x000000000010389c                SHA2_hmac_load_key
                0x000000000010394c                crypto_sha2_init
                0x00000000001039d0                crypto_sha2_update
                0x0000000000103b70                crypto_sha2_final
                0x0000000000103c38                crypto_hmac_sha2_set_sw_key
                0x0000000000103d4c                crypto_hmac_sha2_share_secure_key
                0x0000000000103dc0                crypto_hmac_sha2_init
                0x0000000000103e80                crypto_hmac_sha2_update
                0x0000000000103e8c                crypto_hmac_sha2_final
 .hal.rom.text  0x0000000000103e98       0xa8 /home/eric_gao/repo/repoe/amebagreen2_gcc_project/build/project_km4ns/asdk/make_rom/fwlib_com/lib_rom_fwlib_com_km4ns.a(ameba_crypto.o)
                0x0000000000103e98                CRYPTO_Init
                0x0000000000103ee0                CRYPTO_Addr_Not_Alined_Warning
                0x0000000000103f10                CRYPTO_Length_Not_Alined_Warning
 .hal.rom.text  0x0000000000103f40     0x10f8 /home/eric_gao/repo/repoe/amebagreen2_gcc_project/build/project_km4ns/asdk/make_rom/fwlib_com/lib_rom_fwlib_com_km4ns.a(ameba_pke_ecc.o)
                0x0000000000103f40                pke_ecp_group_init_in_rom
                0x00000000001042f4                pke_ecp_set_mmem_curve_parameter
                0x000000000010437c                pke_ecp_set_tmem_curve_parameter
                0x000000000010440c                pke_ecp_point_init
                0x0000000000104424                pke_ecp_point_init_base_point
                0x0000000000104450                pke_ecp_mul
                0x00000000001045cc                pke_ecdsa_lalu_hash_process
                0x0000000000104634                pke_ecdsa_set_key
                0x0000000000104694                pke_ecdsa_genkey
                0x000000000010476c                pke_ecdsa_write_signature
                0x00000000001048a4                pke_ecdsa_read_signature
                0x00000000001049f4                pke_eddsa_genkey
                0x0000000000104ab0                pke_eddsa_write_signature_R
                0x0000000000104b74                pke_eddsa_write_signature_S
                0x0000000000104c3c                pke_eddsa_read_signature
                0x0000000000104d60                pke_eddsa_ed25519_get_r_value
                0x0000000000104df8                pke_eddsa_ed25519_get_k_value
                0x0000000000104ea8                pke_eddsa_ed25519_genkey
                0x0000000000104f1c                pke_eddsa_ed25519_write_signature
                0x0000000000104ffc                pke_eddsa_ed25519_read_signature
 .hal.rom.text  0x0000000000105038      0x13c /home/eric_gao/repo/repoe/amebagreen2_gcc_project/build/project_km4ns/asdk/make_rom/fwlib_com/lib_rom_fwlib_com_km4ns.a(ameba_pke_rsa.o)
                0x0000000000105038                pke_rsa_witness
                0x00000000001050d4                pke_rsa_exp_mod
 .hal.rom.text  0x0000000000105174      0x2c0 /home/eric_gao/repo/repoe/amebagreen2_gcc_project/build/project_km4ns/asdk/make_rom/fwlib_com/lib_rom_fwlib_com_km4ns.a(ameba_pke_common.o)
                0x0000000000105174                pke_get_pke_addr
                0x0000000000105194                pke_lock_mutex
                0x000000000010521c                pke_unlock_mutex
                0x000000000010522c                pke_engine_init
                0x0000000000105264                pke_engine_check_status
                0x0000000000105300                pke_engine_write
                0x0000000000105328                pke_function_set_entry
                0x0000000000105350                pke_read_string
                0x000000000010540c                pke_reverse_array
 .hal.rom.text  0x0000000000105434       0x1c /home/eric_gao/repo/repoe/amebagreen2_gcc_project/build/project_km4ns/asdk/make_rom/fwlib_com/lib_rom_fwlib_com_km4ns.a(ameba_assert_rom.o)
                0x0000000000105434                io_assert_failed
 .hal.rom.text  0x0000000000105450      0x8d4 /home/eric_gao/repo/repoe/amebagreen2_gcc_project/build/project_km4ns/asdk/make_rom/fwlib_com/lib_rom_fwlib_com_km4ns.a(ameba_flash_rom.o)
                0x0000000000105450                FLASH_UserMode_Enter
                0x0000000000105470                FLASH_UserMode_Exit
                0x000000000010548c                FLASH_Config
                0x0000000000105520                FLASH_SetSpiMode
                0x00000000001055fc                FLASH_RxCmd_InUserMode
                0x000000000010563c                FLASH_RxCmd
                0x0000000000105652                FLASH_WaitBusy_InUserMode
                0x00000000001056c4                FLASH_RxBasic_InUserMode
                0x00000000001057c8                FLASH_RxData
                0x00000000001057f4                FLASH_TxBasic_InUserMode
                0x00000000001058d4                FLASH_TxCmd_InUserMode
                0x00000000001058fc                FLASH_WriteEn_InUserMode
                0x0000000000105920                FLASH_TxBasic
                0x000000000010595c                FLASH_TxData
                0x00000000001059bc                FLASH_SetStatus
                0x00000000001059e4                FLASH_Erase
                0x0000000000105a60                FLASH_Addr4ByteEn
                0x0000000000105a82                FLASH_Addr4ByteDis
                0x0000000000105aa4                FLASH_DeepPowerDown
                0x0000000000105afc                FLASH_SetStatusBits
                0x0000000000105ba4                FLASH_RxBasic
                0x0000000000105bf0                FLASH_StructInit
                0x0000000000105c38                FLASH_StructInit_Micron
                0x0000000000105c5c                FLASH_StructInit_MXIC
                0x0000000000105c74                FLASH_StructInit_GD
                0x0000000000105c80                FLASH_Init
                0x0000000000105ca0                FLASH_Wait_Boot_Finish
                0x0000000000105cc4                FLASH_DeepSleep_PDEX
 .hal.rom.text  0x0000000000105d24      0x854 /home/eric_gao/repo/repoe/amebagreen2_gcc_project/build/project_km4ns/asdk/make_rom/fwlib_com/lib_rom_fwlib_com_km4ns.a(ameba_otp_rom.o)
                0x0000000000105e48                OTP_Read8_Rom
                0x0000000000105e4c                OTP_ProgramMarginRead8
                0x0000000000105e50                _OTP_Write8
                0x0000000000105eec                OTP_Write8_Rom
                0x0000000000105fc4                OTPGetCRC
                0x0000000000105fe0                OTP_Read8
                0x0000000000106024                OTP_Read32
                0x00000000001060a0                otp_logical_remain
                0x00000000001060ba                OTPSetCRC
                0x00000000001061c8                OTP_LogicalMap_Read
                0x00000000001062c8                OTP_Write8
                0x0000000000106414                OTP_LogicalMap_Write
 .hal.rom.text  0x0000000000106578      0x3ac /home/eric_gao/repo/repoe/amebagreen2_gcc_project/build/project_km4ns/asdk/make_rom/fwlib_com/lib_rom_fwlib_com_km4ns.a(ameba_shell_rom.o)
                0x00000000001065d4                shell_array_init
                0x00000000001065e2                shell_get_argc
                0x000000000010660e                shell_get_argv
                0x00000000001066d0                shell_cmd_chk
                0x00000000001067bc                shell_uart_irq_rom
                0x000000000010686c                shell_init_rom
                0x00000000001068dc                shell_task_rom
                0x0000000000106904                shell_rom
 .hal.rom.text  0x0000000000106924      0x2a0 /home/eric_gao/repo/repoe/amebagreen2_gcc_project/build/project_km4ns/asdk/make_rom/fwlib_com/lib_rom_fwlib_com_km4ns.a(ameba_tim_rom.o)
                0x0000000000106924                RTIM_TimeBaseStructInit
                0x000000000010693c                RTIM_Cmd
                0x0000000000106960                RTIM_GetCount
                0x0000000000106964                RTIM_INTConfig
                0x0000000000106998                RTIM_INTClear
                0x00000000001069ae                RTIM_TimeBaseInit
                0x0000000000106ad4                RTIM_DeInit
                0x0000000000106af4                RTIM_INTClearPendingBit
                0x0000000000106b2c                RTIM_GetFlagStatus
                0x0000000000106b74                RTIM_GetINTStatus
 .hal.rom.text  0x0000000000106bc4       0x9c /home/eric_gao/repo/repoe/amebagreen2_gcc_project/build/project_km4ns/asdk/make_rom/fwlib_com/lib_rom_fwlib_com_km4ns.a(ameba_backup_reg.o)
                0x0000000000106bc4                BKUP_Write
                0x0000000000106be8                BKUP_Read
                0x0000000000106c0c                BKUP_Set
                0x0000000000106c34                BKUP_Clear
 .hal.rom.text  0x0000000000106c60      0x4cc /home/eric_gao/repo/repoe/amebagreen2_gcc_project/build/project_km4ns/asdk/make_rom/fwlib_com/lib_rom_fwlib_com_km4ns.a(ameba_gpio_rom.o)
                0x0000000000106c98                GPIO_INTMode
                0x0000000000106d18                GPIO_INTConfig
                0x0000000000106d5c                GPIO_DeInit
                0x0000000000106dac                GPIO_ReadDataBit
                0x0000000000106de4                GPIO_PortDirection
                0x0000000000106e2c                GPIO_PortRead
                0x0000000000106e68                GPIO_PortWrite
                0x0000000000106eac                GPIO_DebounceClock
                0x0000000000106f00                GPIO_LevelSync
                0x0000000000106f40                GPIO_INTStatusGet
                0x0000000000106f4a                GPIO_INTStatusClearEdge
                0x0000000000106f56                GPIO_SetDWWrapper
                0x0000000000106f7c                GPIO_GetDWWrapper
                0x0000000000106f8c                GPIO_Direction
                0x0000000000106ff4                GPIO_Init
                0x0000000000107080                GPIO_ODWriteBit
                0x0000000000107094                GPIO_WriteBit
                0x00000000001070fc                GPIO_ODInit
 .hal.rom.text  0x000000000010712c      0x3dc /home/eric_gao/repo/repoe/amebagreen2_gcc_project/build/project_km4ns/asdk/make_rom/fwlib_com/lib_rom_fwlib_com_km4ns.a(ameba_pinmux_rom.o)
                0x000000000010712c                PAD_DrvStrength
                0x000000000010714c                PAD_SchmitCtrl
                0x000000000010716c                PAD_SlewRateCtrl
                0x000000000010718c                PAD_PullCtrl
                0x000000000010727c                PAD_SleepPullCtrl
                0x000000000010736c                PAD_ResistorCtrl
                0x000000000010738c                PAD_InputCtrl
                0x00000000001073ac                PAD_CMD
                0x00000000001073cc                PAD_SpicCtrl
                0x0000000000107424                Pinmux_Config
                0x00000000001074aa                Pinmux_ConfigGet
                0x00000000001074b8                Pinmux_UartLogCtrl
                0x00000000001074e4                Pinmux_BootSpicCtrl
                0x00000000001074e8                Pinmux_ComboSpicCtrl
                0x00000000001074f2                Pinmux_Swdoff
 .hal.rom.text  0x0000000000107508       0xcc /home/eric_gao/repo/repoe/amebagreen2_gcc_project/build/project_km4ns/asdk/make_rom/fwlib_com/lib_rom_fwlib_com_km4ns.a(ameba_rcc_rom.o)
                0x0000000000107508                RCC_PeriphClockCmd
 .hal.rom.text  0x00000000001075d4      0x930 /home/eric_gao/repo/repoe/amebagreen2_gcc_project/build/project_km4ns/asdk/make_rom/fwlib_com/lib_rom_fwlib_com_km4ns.a(ameba_spinand_rom.o)
                0x00000000001075d4                SPIC_Config
                0x00000000001076a8                NAND_SetSpiMode
                0x0000000000107738                NAND_RxCmd
                0x00000000001077f4                NAND_GetStatus
                0x0000000000107820                NAND_WaitBusy
                0x00000000001078a0                FLASH_UserModeEn
                0x00000000001078c4                NAND_UserModeEn
                0x00000000001078c8                NAND_RxData
                0x00000000001079b4                NAND_Page_Read_FromCache
                0x00000000001079c0                NAND_TxCmd
                0x0000000000107a68                NAND_WriteEn
                0x0000000000107a90                NAND_TxData
                0x0000000000107b8c                NAND_Page_Write_Data_Xfer
                0x0000000000107bac                NAND_SetStatus
                0x0000000000107bdc                NAND_Erase
                0x0000000000107c1c                NAND_Page_Read_ArrayToCache
                0x0000000000107c50                NAND_Page_Read
                0x0000000000107c74                NAND_CheckBadBlock
                0x0000000000107cc4                NAND_Page_Write_Program_Execute
                0x0000000000107d00                NAND_Page_Write
                0x0000000000107d3c                NAND_SetStatusBits
                0x0000000000107d64                NAND_GetPageSize
                0x0000000000107e0c                NAND_StructInit
                0x0000000000107e60                NAND_StructInit_Micron
                0x0000000000107e76                NAND_StructInit_MXIC
                0x0000000000107e84                NAND_StructInit_GD
                0x0000000000107e94                NAND_Reset
                0x0000000000107ee4                NAND_Init
 .hal.rom.text  0x0000000000107f04      0x270 /home/eric_gao/repo/repoe/amebagreen2_gcc_project/build/project_km4ns/asdk/make_rom/fwlib_com/lib_rom_fwlib_com_km4ns.a(ameba_trng.o)
                0x0000000000107f04                TRNG_Random_Delay
                0x0000000000107f74                TRNG_Security_Only
                0x0000000000107fa8                TRNG_INTConfig
                0x0000000000107fd4                TRNG_ClearINT
                0x0000000000107ffc                TRNG_GetINT
                0x0000000000108020                TRNG_Init
                0x0000000000108038                TRNG_GetFIFOLevel
                0x000000000010805c                _rand
                0x00000000001080a0                __wrap_rand
                0x00000000001080a4                TRNG_get_random_bytes
                0x000000000010816c                TRNG_get_random_bytes_f_rng
 .hal.rom.text  0x0000000000108174      0x134 /home/eric_gao/repo/repoe/amebagreen2_gcc_project/build/project_km4ns/asdk/make_rom/fwlib_com/lib_rom_fwlib_com_km4ns.a(ameba_chipinfo_rom.o)
                0x0000000000108174                EFUSE_GetChipVersion
                0x0000000000108194                EFUSE_GetBDNum
                0x00000000001081b4                EFUSE_GetESFlag
                0x00000000001081d4                EFUSE_GetUUID
                0x000000000010821c                EFUSE_Get_Info
                0x000000000010828c                EFUSE_GetChipInfo
 .hal.rom.text  0x00000000001082a8      0x8ec /home/eric_gao/repo/repoe/amebagreen2_gcc_project/build/project_km4ns/asdk/make_rom/fwlib_com/lib_rom_fwlib_com_km4ns.a(ameba_loguart_rom.o)
                0x00000000001082a8                LOGUART_StructInit
                0x00000000001082d8                LOGUART_SetBaud
                0x0000000000108380                LOGUART_RxCmd
                0x0000000000108392                LOGUART_INTCoreConfig
                0x00000000001083a2                LOGUART_INT_NP2AP
                0x00000000001083c0                LOGUART_INT_AP2NP
                0x00000000001083dc                LOGUART_AGGCmd
                0x00000000001083ee                LOGUART_AGGPathCmd
                0x0000000000108458                LOGUART_AGGSetTimeOut
                0x0000000000108474                LOGUART_AGGSetThreshold
                0x0000000000108498                LOGUART_AGGSetSyncPattern
                0x00000000001084a6                LOGUART_AGGPathAllCmd
                0x00000000001084c4                LOGUART_WaitTx
                0x00000000001084fc                LOGUART_PutChar
                0x000000000010853c                LOGUART_GetChar
                0x0000000000108550                LOGUART_PutStr
                0x00000000001085a8                LOGUART_Writable
                0x00000000001085d4                LOGUART_Readable
                0x00000000001085e4                LOGUART_GetRxCount
                0x00000000001085f0                LOGUART_GetIMR
                0x00000000001085fc                LOGUART_SetIMR
                0x0000000000108608                LOGUART_INTConfig
                0x0000000000108646                LOGUART_INTClear
                0x000000000010864e                LOGUART_GetStatus
                0x0000000000108652                LOGUART_ClearRxFifo
                0x000000000010866e                _LOGUART_Init
                0x00000000001087c8                LOGUART_Init
                0x0000000000108828                LOGUART_WaitBusy
                0x0000000000108860                LOGUART_WaitTxComplete
                0x000000000010888c                LOGUART_BT_SendData
                0x00000000001088d0                LOGUART_Relay_StructInit
                0x00000000001088e2                LOGUART_Relay_SetFormat
                0x0000000000108928                LOGUART_Relay_SetBaud
                0x000000000010897c                LOGUART_Relay_ClearRxFifo
                0x000000000010899e                LOGUART_Relay_RxCmd
                0x00000000001089b0                LOGUART_MonitorParaConfig
                0x00000000001089ec                LOGUART_LPBaudSet
                0x0000000000108a90                LOGUART_Relay_LPSetBaud
                0x0000000000108aec                LOGUART_RxMonitorCmd
                0x0000000000108afe                LOGUART_RxMonBaudCtrlRegGet
                0x0000000000108b02                LOGUART_RxMonitorSatusGet
                0x0000000000108b06                LOGUART_DiagInit
 .hal.rom.text  0x0000000000108b94      0x1e4 /home/eric_gao/repo/repoe/amebagreen2_gcc_project/build/project_km4ns/asdk/make_rom/fwlib_com/lib_rom_fwlib_com_km4ns.a(ameba_sdio_rom.o)
                0x0000000000108b94                SDIO_StructInit
                0x0000000000108bb0                SDIO_Init
                0x0000000000108c5c                SDIO_INTClear
                0x0000000000108c62                SDIO_INTClearAll
                0x0000000000108c6e                SDIO_INTConfig
                0x0000000000108c8a                SDIO_INTStatus
                0x0000000000108c92                SDIO_RPWM1_Get
                0x0000000000108c9a                SDIO_RPWM2_Get
                0x0000000000108ca2                SDIO_CPWM1_Set
                0x0000000000108cc4                SDIO_CPWM2_Set
                0x0000000000108cec                SDIO_H2C_MSG_Get
                0x0000000000108cf2                SDIO_H2C_MSG_EXT_Get
                0x0000000000108cf8                SDIO_C2H_MSG_Set
                0x0000000000108d06                SDIO_C2H_MSG_EXT_Set
                0x0000000000108d0c                SDIO_Tx_AGG_Set
                0x0000000000108d24                SDIO_RXBD_RPTR_Get
                0x0000000000108d2c                SDIO_RXBD_WPTR_Set
                0x0000000000108d32                SDIO_TXBD_WPTR_Get
                0x0000000000108d3a                SDIO_TXBD_RPTR_Set
                0x0000000000108d40                SDIO_TXBD_RPTR_Get
                0x0000000000108d48                SDIO_DMA_Reset
                0x0000000000108d50                SDIO_DMA_CTRL_Get
                0x0000000000108d56                SDIO_SetReady
                0x0000000000108d6e                SDIO_RxReq
 .hal.rom.text  0x0000000000108d78      0x388 /home/eric_gao/repo/repoe/amebagreen2_gcc_project/build/project_km4ns/asdk/make_rom/fwlib_com/lib_rom_fwlib_com_km4ns.a(ameba_syscfg_rom.o)
                0x0000000000108d78                SYSCFG_TRP_UARTImage
                0x0000000000108d88                SYSCFG_TRP_ICFG
                0x0000000000108da0                SYSCFG_TRP_TestMode
                0x0000000000108db0                SYSCFG_TRP_OTPBYP
                0x0000000000108dc0                SYSCFG_TRP_Boot_Int
                0x0000000000108dd0                SYSCFG_TRP_Boot_Nor
                0x0000000000108de0                SYSCFG_CHIPType_Get
                0x0000000000108df0                SYSCFG_RLVersion
                0x0000000000108e14                SYSCFG_GetRLNum
                0x0000000000108e38                SYSCFG_OTP_BOOTSEL
                0x0000000000108e46                SYSCFG_OTP_BTFUNC
                0x0000000000108e54                SYSCFG_OTP_SDIO_PINMUX
                0x0000000000108e62                SYSCFG_OTP_BootMCMFlash
                0x0000000000108e92                SYSCFG_OTP_FlashDSleepEn
                0x0000000000108ea0                SYSCFG_OTP_SPICAddr4ByteEn
                0x0000000000108eae                SYSCFG_OTP_SPICBootSpeedUpDis
                0x0000000000108ebc                SYSCFG_OTP_BootFlashBaud
                0x0000000000108eca                SYSCFG_OTP_BigPageNand
                0x0000000000108ed8                SYSCFG_OTP_BOOT_CNT_LMT_EN
                0x0000000000108ee6                SYSCFG_OTP_BootFromNor
                0x0000000000108f10                SYSCFG_OTP_DisBootLog
                0x0000000000108f1e                SYSCFG_OTP_LowBaudLog
                0x0000000000108f2c                SYSCFG_OTP_SBootEn
                0x0000000000108f4a                SYSCFG_OTP_RDPEn
                0x0000000000108f68                SYSCFG_OTP_RSIPEn
                0x0000000000108f86                SYSCFG_OTP_UsbDownloadEn
                0x0000000000108f92                SYSCFG_OTP_RandDelayEn
                0x0000000000108fa4                SYSCFG_OTP_AntiRollback
                0x0000000000108fb6                SYSCFG_OTP_FaultLogDis
                0x0000000000108fc8                SYSCFG_OTP_RSIPMode
                0x0000000000108fe0                SYSCFG_OTP_HUKDerivEn
                0x0000000000108ff2                SYSCFG_OTP_PKID2
                0x0000000000109004                SYSCFG_HWTrigDownload
                0x0000000000109034                SYSCFG_SWTrigDownload
                0x000000000010905c                SYSCFG_OTP_AuthAlg
                0x000000000010906a                SYSCFG_OTP_HashAlg
                0x0000000000109076                SYSCFG_OTP_OTAAddr
                0x0000000000109082                SYSCFG_OTP_BootVer
                0x00000000001090b8                SYSCFG_OTP_RMAMode
                0x00000000001090e8                SYSCFG_OTP_RomPatchEn
 .hal.rom.text  0x0000000000109100      0x3e4 /home/eric_gao/repo/repoe/amebagreen2_gcc_project/build/project_km4ns/asdk/make_rom/fwlib_com/lib_rom_fwlib_com_km4ns.a(ameba_uart_rom.o)
                0x0000000000109100                UART_DeInit
                0x0000000000109106                UART_StructInit
                0x0000000000109122                UART_BaudParaGetFull
                0x0000000000109158                UART_BaudParaGet
                0x0000000000109178                UART_SetBaud
                0x0000000000109220                UART_SetBaudExt
                0x00000000001092ac                UART_SetRxLevel
                0x00000000001092bc                UART_RxCmd
                0x00000000001092ce                UART_Writable
                0x00000000001092d6                UART_Readable
                0x00000000001092de                UART_CharPut
                0x00000000001092e2                UART_CharGet
                0x00000000001092e8                UART_ReceiveData
                0x000000000010930c                UART_SendData
                0x0000000000109330                UART_ReceiveDataTO
                0x000000000010936c                UART_SendDataTO
                0x00000000001093a8                UART_RxByteCntClear
                0x00000000001093b2                UART_RxByteCntGet
                0x00000000001093b8                UART_BreakCtl
                0x00000000001093cc                UART_ClearRxFifo
                0x00000000001093e8                UART_ClearTxFifo
                0x00000000001093f2                UART_Init
                0x00000000001094a0                UART_INTConfig
                0x00000000001094ae                UART_INT_Clear
                0x00000000001094b6                UART_IntStatus
                0x00000000001094ba                UART_ModemStatusGet
                0x00000000001094be                UART_LineStatusGet
                0x00000000001094c2                UART_WaitBusy
 .hal.rom.text  0x00000000001094e4       0x48 /home/eric_gao/repo/repoe/amebagreen2_gcc_project/build/project_km4ns/asdk/make_rom/fwlib_com/lib_rom_fwlib_com_km4ns.a(ameba_clk_rom.o)
                0x00000000001094e4                XTAL_ClkGet
                0x00000000001094ec                XTAL_Check_READY
 .hal.rom.text  0x000000000010952c      0x16c /home/eric_gao/repo/repoe/amebagreen2_gcc_project/build/project_km4ns/asdk/make_rom/fwlib_com/lib_rom_fwlib_com_km4ns.a(ameba_monitor_rom.o)
                0x000000000010968c                cmd_rom_table
 .hal.rom.text  0x0000000000109698       0x98 /home/eric_gao/repo/repoe/amebagreen2_gcc_project/build/project_km4ns/asdk/make_rom/fwlib_com/lib_rom_fwlib_com_km4ns.a(ameba_sema_rom.o)
                0x0000000000109698                IPC_SEMAInit
                0x00000000001096b8                IPC_SEMTake
                0x0000000000109700                IPC_SEMFree
                0x0000000000109724                IPC_SEMDelayStub
 .hal.rom.text  0x0000000000109730       0xac /home/eric_gao/repo/repoe/amebagreen2_gcc_project/build/project_km4ns/asdk/make_rom/fwlib_com/lib_rom_fwlib_com_km4ns.a(ameba_systimer_rom.o)
                0x0000000000109730                SYSTIMER_Init
                0x000000000010977c                SYSTIMER_TickGet
                0x000000000010978c                SYSTIMER_GetPassTick
                0x00000000001097ac                SYSTIMER_GetPassTime
 .hal.rom.text  0x00000000001097dc      0x168 /home/eric_gao/repo/repoe/amebagreen2_gcc_project/build/project_km4ns/asdk/make_rom/fwlib_com/lib_rom_fwlib_com_km4ns.a(ameba_wdg.o)
                0x00000000001097dc                WDG_Wait_Busy
                0x00000000001097fc                WDG_StructInit
                0x000000000010980c                WDG_Init
                0x000000000010984c                WDG_Enable
                0x0000000000109890                WDG_Timeout
                0x00000000001098c0                WDG_Refresh
                0x00000000001098d0                WDG_INTConfig
                0x00000000001098f8                WDG_ClearINT
                0x0000000000109916                IWDG_LP_Enable
 .hal.rom.text  0x0000000000109944      0x934 /home/eric_gao/repo/repoe/amebagreen2_gcc_project/build/project_km4ns/asdk/make_rom/stdlib/lib_rom_stdlib_km4ns.a(diag.o)
                0x0000000000109c84                DiagFVSNprintf
                0x000000000010a03e                DiagFVSNprintfNano
                0x000000000010a1b6                DiagVSNprintf
                0x000000000010a1d0                DiagVSprintf
                0x000000000010a1dc                DiagVprintf
                0x000000000010a1e8                DiagPrintf
                0x000000000010a202                DiagVSNprintfNano
                0x000000000010a21c                DiagVprintfNano
                0x000000000010a228                DiagPrintfNano
                0x000000000010a242                DiagSPrintf
                0x000000000010a25c                DiagSnPrintf
 .hal.rom.text  0x000000000010a278      0x3f8 /home/eric_gao/repo/repoe/amebagreen2_gcc_project/build/project_km4ns/asdk/make_rom/stdlib/lib_rom_stdlib_km4ns.a(log.o)
                0x000000000010a278                rtk_log_array_clear
                0x000000000010a294                rtk_log_level_get
                0x000000000010a2e4                rtk_log_isprint
                0x000000000010a2f4                rtk_log_write
                0x000000000010a334                rtk_log_write_nano
                0x000000000010a374                rtk_log_array_print
                0x000000000010a41c                rtk_log_level_set
                0x000000000010a490                rtk_log_memory_dump_word
                0x000000000010a510                rtk_log_memory_dump_byte
                0x000000000010a588                rtk_log_memory_dump2char
 .hal.rom.text  0x000000000010a670      0x110 /home/eric_gao/repo/repoe/amebagreen2_gcc_project/build/project_km4ns/asdk/make_rom/crashdump/lib_rom_crashdump_km4ns.a(ameba_dump_stack.o)
                0x000000000010a670                crash_GetExStackContent
                0x000000000010a75c                crash_GetExStackDepth
                0x000000000010a768                crash_SetExStackDepth
 .hal.rom.text  0x000000000010a780      0x770 /home/eric_gao/repo/repoe/amebagreen2_gcc_project/build/project_km4ns/asdk/make_rom/crashdump/lib_rom_crashdump_km4ns.a(ameba_v8m_crashdump.o)
                0x000000000010a780                crash_Diagnosis
                0x000000000010aab8                crash_GetExStack
                0x000000000010ab00                crash_GetFaultInfo
                0x000000000010ab70                crash_GetGeneralReg
                0x000000000010abcc                crash_GetSysStatus
                0x000000000010ae30                crash_GetExReason
                0x000000000010ae84                crash_Main

.share.rodata   0x000000000010c000     0x2388
                0x000000000010c000                __drom_common_start__ = .
 *ameba_vector_rom.o(*.rom.rodata*)
 .rom.rodata.str1.1
                0x000000000010c000       0xf4 /home/eric_gao/repo/repoe/amebagreen2_gcc_project/build/project_km4ns/asdk/make_rom/fwlib/lib_rom_fwlib_km4ns.a(ameba_vector_rom.o)
 *ameba_crypto_aes.o(*.rom.rodata*)
 .com.rom.rodata.str1.1
                0x000000000010c0f4       0x8d /home/eric_gao/repo/repoe/amebagreen2_gcc_project/build/project_km4ns/asdk/make_rom/fwlib_com/lib_rom_fwlib_com_km4ns.a(ameba_crypto_aes.o)
 *fill*         0x000000000010c181        0x1 
 .com.rom.rodata
                0x000000000010c182       0x95 /home/eric_gao/repo/repoe/amebagreen2_gcc_project/build/project_km4ns/asdk/make_rom/fwlib_com/lib_rom_fwlib_com_km4ns.a(ameba_crypto_aes.o)
 *ameba_crypto_sha.o(*.rom.rodata*)
 .com.rom.rodata.str1.1
                0x000000000010c217       0x65 /home/eric_gao/repo/repoe/amebagreen2_gcc_project/build/project_km4ns/asdk/make_rom/fwlib_com/lib_rom_fwlib_com_km4ns.a(ameba_crypto_sha.o)
 .com.rom.rodata
                0x000000000010c27c        0x7 /home/eric_gao/repo/repoe/amebagreen2_gcc_project/build/project_km4ns/asdk/make_rom/fwlib_com/lib_rom_fwlib_com_km4ns.a(ameba_crypto_sha.o)
 *ameba_crypto.o(*.rom.rodata*)
 .com.rom.rodata.str1.1
                0x000000000010c283      0x17e /home/eric_gao/repo/repoe/amebagreen2_gcc_project/build/project_km4ns/asdk/make_rom/fwlib_com/lib_rom_fwlib_com_km4ns.a(ameba_crypto.o)
 *ameba_pke_ecc.o(*.rom.rodata*)
 .com.rom.rodata.str1.1
                0x000000000010c401       0x64 /home/eric_gao/repo/repoe/amebagreen2_gcc_project/build/project_km4ns/asdk/make_rom/fwlib_com/lib_rom_fwlib_com_km4ns.a(ameba_pke_ecc.o)
 .com.rom.rodata
                0x000000000010c465      0x8fc /home/eric_gao/repo/repoe/amebagreen2_gcc_project/build/project_km4ns/asdk/make_rom/fwlib_com/lib_rom_fwlib_com_km4ns.a(ameba_pke_ecc.o)
 *ameba_pke_rsa.o(*.rom.rodata*)
 *ameba_pke_common.o(*.rom.rodata*)
 .com.rom.rodata.str1.1
                0x000000000010cd61       0xd7 /home/eric_gao/repo/repoe/amebagreen2_gcc_project/build/project_km4ns/asdk/make_rom/fwlib_com/lib_rom_fwlib_com_km4ns.a(ameba_pke_common.o)
 *(.libc.rom.rodata*)
 *(.com.rom.rodata*)
 .com.rom.rodata.str1.1
                0x000000000010ce38       0x3c /home/eric_gao/repo/repoe/amebagreen2_gcc_project/build/project_km4ns/asdk/make_rom/fwlib_com/lib_rom_fwlib_com_km4ns.a(ameba_assert_rom.o)
 .com.rom.rodata.str1.1
                0x000000000010ce74       0x5e /home/eric_gao/repo/repoe/amebagreen2_gcc_project/build/project_km4ns/asdk/make_rom/fwlib_com/lib_rom_fwlib_com_km4ns.a(ameba_flash_rom.o)
 *fill*         0x000000000010ced2        0x2 
 .com.rom.rodata.hal
                0x000000000010ced4        0x8 /home/eric_gao/repo/repoe/amebagreen2_gcc_project/build/project_km4ns/asdk/make_rom/fwlib_com/lib_rom_fwlib_com_km4ns.a(ameba_flash_rom.o)
                0x000000000010ced4                SPIC_CALIB_PATTERN
 .com.rom.rodata.str1.1
                0x000000000010cedc      0x1d7 /home/eric_gao/repo/repoe/amebagreen2_gcc_project/build/project_km4ns/asdk/make_rom/fwlib_com/lib_rom_fwlib_com_km4ns.a(ameba_otp_rom.o)
 .com.rom.rodata.str1.1
                0x000000000010d0b3       0x2d /home/eric_gao/repo/repoe/amebagreen2_gcc_project/build/project_km4ns/asdk/make_rom/fwlib_com/lib_rom_fwlib_com_km4ns.a(ameba_shell_rom.o)
 .com.rom.rodata.str1.1
                0x000000000010d0e0       0x3a /home/eric_gao/repo/repoe/amebagreen2_gcc_project/build/project_km4ns/asdk/make_rom/fwlib_com/lib_rom_fwlib_com_km4ns.a(ameba_tim_rom.o)
 .com.rom.rodata.str1.1
                0x000000000010d11a       0x3d /home/eric_gao/repo/repoe/amebagreen2_gcc_project/build/project_km4ns/asdk/make_rom/fwlib_com/lib_rom_fwlib_com_km4ns.a(ameba_backup_reg.o)
 .com.rom.rodata.str1.1
                0x000000000010d157       0x3b /home/eric_gao/repo/repoe/amebagreen2_gcc_project/build/project_km4ns/asdk/make_rom/fwlib_com/lib_rom_fwlib_com_km4ns.a(ameba_gpio_rom.o)
 *fill*         0x000000000010d192        0x2 
 .com.rom.rodata.hal
                0x000000000010d194       0x18 /home/eric_gao/repo/repoe/amebagreen2_gcc_project/build/project_km4ns/asdk/make_rom/fwlib_com/lib_rom_fwlib_com_km4ns.a(ameba_gpio_rom.o)
                0x000000000010d194                GPIO_PORTx_S
                0x000000000010d1a0                GPIO_PORTx
 .com.rom.rodata.str1.1
                0x000000000010d1ac       0x3f /home/eric_gao/repo/repoe/amebagreen2_gcc_project/build/project_km4ns/asdk/make_rom/fwlib_com/lib_rom_fwlib_com_km4ns.a(ameba_spinand_rom.o)
 .com.rom.rodata.str1.1
                0x000000000010d1eb       0x3e /home/eric_gao/repo/repoe/amebagreen2_gcc_project/build/project_km4ns/asdk/make_rom/fwlib_com/lib_rom_fwlib_com_km4ns.a(ameba_loguart_rom.o)
 *fill*         0x000000000010d229        0x3 
 .com.rom.rodata.hal
                0x000000000010d22c       0x28 /home/eric_gao/repo/repoe/amebagreen2_gcc_project/build/project_km4ns/asdk/make_rom/fwlib_com/lib_rom_fwlib_com_km4ns.a(ameba_loguart_rom.o)
 .com.rom.rodata.str1.1
                0x000000000010d254       0x3b /home/eric_gao/repo/repoe/amebagreen2_gcc_project/build/project_km4ns/asdk/make_rom/fwlib_com/lib_rom_fwlib_com_km4ns.a(ameba_uart_rom.o)
 .com.rom.rodata.str1.1
                0x000000000010d28f        0xf /home/eric_gao/repo/repoe/amebagreen2_gcc_project/build/project_km4ns/asdk/make_rom/fwlib_com/lib_rom_fwlib_com_km4ns.a(ameba_clk_rom.o)
 .com.rom.rodata
                0x000000000010d29e       0x11 /home/eric_gao/repo/repoe/amebagreen2_gcc_project/build/project_km4ns/asdk/make_rom/fwlib_com/lib_rom_fwlib_com_km4ns.a(ameba_clk_rom.o)
 .com.rom.rodata.str1.1
                0x000000000010d2af      0x163 /home/eric_gao/repo/repoe/amebagreen2_gcc_project/build/project_km4ns/asdk/make_rom/fwlib_com/lib_rom_fwlib_com_km4ns.a(ameba_monitor_rom.o)
 .com.rom.rodata.str1.1
                0x000000000010d412       0x3b /home/eric_gao/repo/repoe/amebagreen2_gcc_project/build/project_km4ns/asdk/make_rom/fwlib_com/lib_rom_fwlib_com_km4ns.a(ameba_sema_rom.o)
 .com.rom.rodata.str1.1
                0x000000000010d44d       0x36 /home/eric_gao/repo/repoe/amebagreen2_gcc_project/build/project_km4ns/asdk/make_rom/fwlib_com/lib_rom_fwlib_com_km4ns.a(ameba_wdg.o)
 .com.rom.rodata.str1.1
                0x000000000010d483       0x8f /home/eric_gao/repo/repoe/amebagreen2_gcc_project/build/project_km4ns/asdk/make_rom/stdlib/lib_rom_stdlib_km4ns.a(log.o)
 .com.rom.rodata.hal
                0x000000000010d512      0x101 /home/eric_gao/repo/repoe/amebagreen2_gcc_project/build/project_km4ns/asdk/make_rom/stdlib/lib_rom_stdlib_km4ns.a(log.o)
                0x000000000010d512                _ctype_
 .com.rom.rodata.str1.1
                0x000000000010d613       0x7c /home/eric_gao/repo/repoe/amebagreen2_gcc_project/build/project_km4ns/asdk/make_rom/crashdump/lib_rom_crashdump_km4ns.a(ameba_dump_stack.o)
 .com.rom.rodata.str1.1
                0x000000000010d68f      0xbc2 /home/eric_gao/repo/repoe/amebagreen2_gcc_project/build/project_km4ns/asdk/make_rom/crashdump/lib_rom_crashdump_km4ns.a(ameba_v8m_crashdump.o)
 *fill*         0x000000000010e251        0x3 
 .com.rom.rodata.hal
                0x000000000010e254      0x104 /home/eric_gao/repo/repoe/amebagreen2_gcc_project/build/project_km4ns/asdk/make_rom/crashdump/lib_rom_crashdump_km4ns.a(ameba_v8m_crashdump.o)
                0x000000000010e254                crash_reg_name
                0x000000000010e298                crash_print_info
                0x000000000010e358                __drom_common_end__ = .
 *(.hal.rom.rodata*)
                0x000000000010e358                __drom_bank_start__ = .
 *(.hal.rom.bank.rodata*)
 .hal.rom.bank.rodata
                0x000000000010e358       0x30 /home/eric_gao/repo/repoe/amebagreen2_gcc_project/build/project_km4ns/asdk/make_rom/fwlib_com/lib_rom_fwlib_com_km4ns.a(ameba_monitor_rom.o)
 *(.rom.rodata*)

.wifi.rom       0x0000000000114000    0x2cbbc
                0x0000000000114000                AA__wifi_share_rom_start__ = .
 *(.wifi.rom.text*)
 .wifi.rom.text
                0x0000000000114000      0x614 /home/eric_gao/repo/repoe/amebagreen2_gcc_project/build/project_km4ns/asdk/make_rom/wifi_driver/lib_rom_wifi_driver_km4ns.a(rom_sha1.o)
                0x00000000001142bc                rt_sha1_init
                0x000000000011430c                rt_sha1_update
                0x0000000000114374                rt_sha1_finish
                0x0000000000114384                rt_hmac_sha1
 .wifi.rom.text
                0x0000000000114614      0xa7c /home/eric_gao/repo/repoe/amebagreen2_gcc_project/build/project_km4ns/asdk/make_rom/wifi_driver/lib_rom_wifi_driver_km4ns.a(rom_md5.o)
                0x0000000000114de0                rt_md5_init
                0x0000000000114e0c                rt_md5_append
                0x0000000000114e98                rt_md5_final
                0x0000000000114ef4                rt_md5_hmac
 .wifi.rom.text
                0x0000000000115090     0x2670 /home/eric_gao/repo/repoe/amebagreen2_gcc_project/build/project_km4ns/asdk/make_rom/wifi_driver/lib_rom_wifi_driver_km4ns.a(rom_aes.o)
                0x00000000001150c8                aes_set_key
                0x0000000000115498                aes_encrypt
                0x0000000000116320                aes_decrypt
                0x0000000000117210                AES_WRAP
                0x00000000001173c4                AES_UnWRAP
                0x000000000011750c                wifi_rom_omac1_aes_128_vector
 .wifi.rom.text
                0x0000000000117700      0x66c /home/eric_gao/repo/repoe/amebagreen2_gcc_project/build/project_km4ns/asdk/make_rom/wifi_driver/lib_rom_wifi_driver_km4ns.a(rom_rtw_sha256.o)
                0x000000000011786c                wifi_rom_sha256_vector
                0x0000000000117a7c                wifi_rom_hmac_sha256_vector
                0x0000000000117b84                wifi_rom_hmac_sha256_kdf
                0x0000000000117c5c                wifi_rom_sha256_prf_bits
                0x0000000000117d5c                wifi_rom_sha256_prf
 .wifi.rom.text
                0x0000000000117d6c       0x28 /home/eric_gao/repo/repoe/amebagreen2_gcc_project/build/project_km4ns/asdk/make_rom/wifi_driver/lib_rom_wifi_driver_km4ns.a(rom_rtw_dh_groups.o)
                0x0000000000117d6c                dh_groups_get
 .wifi.rom.text
                0x0000000000117d94      0x10c /home/eric_gao/repo/repoe/amebagreen2_gcc_project/build/project_km4ns/asdk/make_rom/wifi_driver/lib_rom_wifi_driver_km4ns.a(rom_arc4.o)
                0x0000000000117d94                crc32_get
                0x0000000000117dc4                arc4_byte
                0x0000000000117df0                rt_arc4_init
                0x0000000000117e50                rt_arc4_crypt
 .wifi.rom.text
                0x0000000000117ea0      0x414 /home/eric_gao/repo/repoe/amebagreen2_gcc_project/build/project_km4ns/asdk/make_rom/wifi_driver/lib_rom_wifi_driver_km4ns.a(rom_rc4.o)
                0x0000000000117ea0                RC4
                0x00000000001181d0                RC4_set_key
 .wifi.rom.text
                0x00000000001182b4     0x27d4 /home/eric_gao/repo/repoe/amebagreen2_gcc_project/build/project_km4ns/asdk/make_rom/wifi_driver/lib_rom_wifi_driver_km4ns.a(rom_rtw_mbedtls_bignum.o)
                0x00000000001182b4                wifi_rom_mpi_init
                0x00000000001182c0                wifi_rom_mpi_free
                0x00000000001182f0                wifi_rom_mpi_grow
                0x0000000000118344                wifi_rom_mpi_shrink
                0x00000000001183cc                wifi_rom_mpi_copy
                0x0000000000118448                wifi_rom_mpi_safe_cond_assign
                0x00000000001184cc                wifi_rom_mpi_lset
                0x0000000000118540                wifi_rom_mpi_get_bit
                0x0000000000118560                wifi_rom_mpi_set_bit
                0x00000000001185b0                wifi_rom_mpi_lsb
                0x00000000001185f4                wifi_rom_mpi_bitlen
                0x0000000000118650                wifi_rom_mpi_size
                0x000000000011865c                wifi_rom_mpi_read_binary
                0x00000000001186f8                wifi_rom_mpi_write_binary
                0x0000000000118784                wifi_rom_mpi_shift_l
                0x0000000000118848                wifi_rom_mpi_shift_r
                0x00000000001188fc                wifi_rom_mpi_cmp_abs
                0x000000000011898c                wifi_rom_mpi_cmp_mpi
                0x0000000000118a38                wifi_rom_mpi_cmp_int
                0x0000000000118a68                wifi_rom_mpi_add_abs
                0x0000000000118b40                wifi_rom_mpi_sub_abs
                0x0000000000118c3c                wifi_rom_mpi_add_mpi
                0x0000000000118c8c                wifi_rom_mpi_sub_mpi
                0x0000000000118cdc                wifi_rom_mpi_add_int
                0x0000000000118d4c                wifi_rom_mpi_sub_int
                0x0000000000118dbc                wifi_rom_mpi_mul_hlp
                0x0000000000119730                wifi_rom_mpi_mul_mpi
                0x0000000000119868                wifi_rom_mpi_mul_int
                0x0000000000119884                wifi_rom_mpi_div_mpi
                0x0000000000119d94                wifi_rom_mpi_mod_mpi
                0x0000000000119e24                wifi_rom_mpi_exp_mod
                0x000000000011a378                wifi_rom_mpi_gcd
                0x000000000011a5e4                wifi_rom_mpi_fill_random
                0x000000000011a67c                wifi_rom_mpi_inv_mod
 .wifi.rom.text
                0x000000000011aa88     0x1cec /home/eric_gao/repo/repoe/amebagreen2_gcc_project/build/project_km4ns/asdk/make_rom/wifi_driver/lib_rom_wifi_driver_km4ns.a(rom_rtw_mbedtls_ecp.o)
                0x000000000011b5e0                wifi_rom_ecp_point_init
                0x000000000011b5fc                wifi_rom_ecp_group_init
                0x000000000011b650                wifi_rom_ecp_point_free
                0x000000000011b670                wifi_rom_ecp_group_free
                0x000000000011b708                wifi_rom_ecp_copy
                0x000000000011b738                wifi_rom_ecp_set_zero
                0x000000000011bddc                wifi_rom_ecp_is_zero
                0x000000000011bdf0                wifi_rom_ecp_point_cmp
                0x000000000011be24                wifi_rom_ecp_point_write_binary
                0x000000000011bec8                wifi_rom_ecp_point_read_binary
                0x000000000011bf5c                wifi_rom_ecp_mul_restartable
                0x000000000011c428                wifi_rom_ecp_mul
                0x000000000011c444                wifi_rom_ecp_muladd_restartable
                0x000000000011c4dc                wifi_rom_ecp_muladd
                0x000000000011c4f8                wifi_rom_ecp_check_pubkey
                0x000000000011c530                wifi_rom_ecp_check_privkey
                0x000000000011c570                wifi_rom_mpi_add_mod
                0x000000000011c5ac                wifi_rom_mpi_mul_mod
                0x000000000011c5cc                wifi_rom_mpi_sub_int_mod
                0x000000000011c60c                wifi_rom_ecp_sw_rhs
                0x000000000011c6d4                wifi_rom_ecp_sw_derive_y
 .wifi.rom.text
                0x000000000011c774      0xdac /home/eric_gao/repo/repoe/amebagreen2_gcc_project/build/project_km4ns/asdk/make_rom/wifi_driver/lib_rom_wifi_driver_km4ns.a(rom_rtw_mbedtls_ecp_curves.o)
                0x000000000011d3c4                wifi_rom_ecp_group_load
 .wifi.rom.text
                0x000000000011d520       0x10 /home/eric_gao/repo/repoe/amebagreen2_gcc_project/build/project_km4ns/asdk/make_rom/wifi_driver/lib_rom_wifi_driver_km4ns.a(rom_rtw_mbedtls_platform.o)
                0x000000000011d520                wifi_rom_platform_zeroize
 .wifi.rom.text
                0x000000000011d530        0x0 /home/eric_gao/repo/repoe/amebagreen2_gcc_project/build/project_km4ns/asdk/make_rom/wifi_driver/lib_rom_wifi_driver_km4ns.a(rom_rtw_mbedtls_func_map.o)
 .wifi.rom.text
                0x000000000011d530     0x1760 /home/eric_gao/repo/repoe/amebagreen2_gcc_project/build/project_km4ns/asdk/make_rom/wifi_driver/lib_rom_wifi_driver_km4ns.a(rom_rtw_security.o)
                0x000000000011d650                wep_80211_encrypt
                0x000000000011d6b8                wep_80211_decrypt
                0x000000000011d74c                tkip_micappendbyte
                0x000000000011d7a8                rtw_secmicsetkey
                0x000000000011d7f4                rtw_secmicappend
                0x000000000011d858                rtw_secgetmic
                0x000000000011d910                rtw_seccalctkipmic
                0x000000000011d9e4                tkip_phase1
                0x000000000011db3c                tkip_phase2
                0x000000000011dd08                tkip_80211_encrypt
                0x000000000011dd90                tkip_80211_decrypt
                0x000000000011de44                aes1_encrypt
                0x000000000011e138                aesccmp_construct_mic_iv
                0x000000000011e19c                aesccmp_construct_mic_header1
                0x000000000011e208                aesccmp_construct_mic_header2
                0x000000000011e2a4                aesccmp_construct_ctr_preload
                0x000000000011e334                aes_80211_encrypt
                0x000000000011e770                aes_80211_decrypt
 .wifi.rom.text
                0x000000000011ec90      0xd90 /home/eric_gao/repo/repoe/amebagreen2_gcc_project/build/project_km4ns/asdk/make_rom/wifi_driver/lib_rom_wifi_driver_km4ns.a(rom_wpa_lite_psk.o)
                0x000000000011ed34                strtopsk
                0x000000000011edf4                rom_psk_PasswordHash
                0x000000000011ee30                rom_psk_CalcGTK
                0x000000000011eeec                rom_psk_CalcPTK
                0x000000000011f024                _ntohs_rom
                0x000000000011f02c                wifi_rom_message_replaycounter_oc2li
                0x000000000011f048                wifi_rom_message_equalreplaycounter
                0x000000000011f07c                wifi_rom_message_smallerequalreplaycounter
                0x000000000011f0b8                wifi_rom_message_smallerreplaycounter
                0x000000000011f0f4                wifi_rom_message_setreplaycounter
                0x000000000011f110                wifi_rom_inc_largeinteger
                0x000000000011f12c                wifi_rom_inc_octet16_integer
                0x000000000011f19c                wifi_rom_inc_octet32_integer
                0x000000000011f208                wifi_rom_set_eapolkeyiv
                0x000000000011f29c                wifi_rom_check_mic
                0x000000000011f398                wifi_rom_calc_mic
                0x000000000011f430                wifi_rom_decrypt_WPA2keydata
                0x000000000011f55c                wifi_rom_decrypt_GTK
                0x000000000011f634                wifi_rom_client_constructEAPOL_2Of4Way
                0x000000000011f744                wifi_rom_client_constructEAPOL_4Of4Way
                0x000000000011f804                wifi_rom_client_constructEAPOL_2Of2Way
                0x000000000011f8d8                wifi_rom_client_constructEAPOL_MICof2Way
                0x000000000011f9a8                wifi_rom_eapol_check_rsne_pmkid
 .wifi.rom.text
                0x000000000011fa20      0xcac /home/eric_gao/repo/repoe/amebagreen2_gcc_project/build/project_km4ns/asdk/make_rom/wifi_driver/lib_rom_wifi_driver_km4ns.a(rom_wpa_lite_part2.o)
                0x000000000011fb00                wifi_rom_enc_gtk
                0x000000000011fb5c                wifi_rom_gen_nonce
                0x000000000011fbf4                wifi_rom_wpa_key_mgmt_sae
                0x000000000011fc00                wifi_rom_wpa_key_mgmt_sha256
                0x000000000011fc0c                wifi_rom_wpa_key_mgmt_sha384
                0x000000000011fc14                wifi_rom_ap_constructEAPOL_1Of4Way
                0x000000000011fd50                wifi_rom_wpa_pmksa_append_pmkid
                0x000000000011fe3c                wifi_rom_check_append_pmkid
                0x000000000011feac                wifi_rom_wpa_parse_rsnxe
                0x000000000011ff00                wifi_rom_wpa_append_rsnxe
                0x000000000011ff2c                wifi_rom_check_append_rsnxe
                0x000000000011ff80                wifi_rom_set_playercounter
                0x000000000011ff88                wifi_rom_equal_playercounter
                0x000000000011ffa4                wifi_rom_fill_eapol_header
                0x000000000011fffc                wifi_rom_check_playercounter
                0x0000000000120020                wifi_rom_set_group_cipher
                0x0000000000120030                wifi_rom_parse_group_kde
                0x0000000000120164                wifi_rom_psk_ieee80211w_kde_add
                0x00000000001201c4                wifi_rom_ap_constructEAPOL_1Of2Way
                0x00000000001203ac                wifi_rom_ap_fill_keydata
                0x0000000000120488                wifi_rom_ap_constructEAPOL_3Of4Way
 .wifi.rom.text
                0x00000000001206cc     0x1198 /home/eric_gao/repo/repoe/amebagreen2_gcc_project/build/project_km4ns/asdk/make_rom/wifi_driver/lib_rom_wifi_driver_km4ns.a(rom_wpa_lite_sae.o)
                0x0000000000120ba0                wifi_rom_sae_octect_buf_alloc
                0x0000000000120be4                wifi_rom_sae_octect_buf_clear
                0x0000000000120c10                wifi_rom_sae_set_state
                0x0000000000120c84                wifi_rom_sae_get_rand_mask
                0x0000000000120e14                wifi_rom_sae_ecc_point_invert
                0x0000000000120e68                wifi_rom_sae_clear_data
                0x0000000000120e70                wifi_rom_sae_check_group
                0x0000000000120ee4                wifi_rom_sae_blind_select_group
                0x0000000000120f38                wifi_rom_sae_target_select_group
                0x0000000000120fac                wifi_rom_sae_derive_pt
                0x0000000000120fe8                wifi_rom_sae_prepare_commit
                0x000000000012119c                wifi_rom_sae_prepare_confirm
                0x00000000001212a0                wifi_rom_sae_del_event
                0x00000000001212cc                wifi_rom_sae_parse_peer_commit
                0x0000000000121604                wifi_rom_sae_process_peer_commit
                0x0000000000121668                wifi_rom_sae_check_peer_confirm
                0x0000000000121724                wifi_rom_sae_check_big_sync
                0x0000000000121730                wifi_rom_sae_generate_commit_element_ecc
                0x0000000000121790                wifi_rom_sae_generate_commit_element_ffc
                0x00000000001217e8                wifi_rom_is_duplicate_sae_auth
 .wifi.rom.text
                0x0000000000121864     0x1f10 /home/eric_gao/repo/repoe/amebagreen2_gcc_project/build/project_km4ns/asdk/make_rom/wifi_driver/lib_rom_wifi_driver_km4ns.a(rom_wpa_lite_sae_crypto.o)
                0x0000000000121a70                wifi_rom_dump_bignum
                0x0000000000121b14                wifi_rom_dump_octect_string
                0x0000000000121b98                wifi_rom_ecc_point_read_bignum
                0x0000000000121c20                wifi_rom_ecc_point_write_bignum
                0x0000000000121cb8                wifi_rom_dump_ecc_point
                0x0000000000121d38                wifi_rom_ecc_point_read_binary
                0x0000000000121da8                wifi_rom_ecc_point_write_binary
                0x0000000000121ddc                wifi_rom_ecc_point_add_point
                0x0000000000121e28                wifi_rom_bignum_add_mod
                0x0000000000121e4c                wifi_rom_bignum_mul_mod
                0x00000000001224f4                wifi_rom_sae_memcmp
                0x000000000012251c                wifi_rom_sae_buf_shift_right
                0x0000000000122554                wifi_rom_sae_crypto_ecc_init
                0x000000000012260c                wifi_rom_sae_crypto_ecc_free
                0x0000000000122634                wifi_rom_sae_derive_pwe_ecc
                0x0000000000122e1c                wifi_rom_sae_derive_pwe_ffc
                0x0000000000122fe8                wifi_rom_sae_derive_pwe_from_pt
                0x0000000000123154                wifi_rom_sae_derive_k_ecc
                0x000000000012321c                wifi_rom_sae_derive_k_ffc
                0x00000000001232c8                wifi_rom_sae_derive_pmk_and_kck
                0x00000000001235a8                wifi_rom_sae_derive_pt_ecc
 .wifi.rom.text
                0x0000000000123774      0xacc /home/eric_gao/repo/repoe/amebagreen2_gcc_project/build/project_km4ns/asdk/make_rom/wifi_driver/lib_rom_wifi_driver_km4ns.a(rom_rtw_ieee80211.o)
                0x0000000000123774                rtw_get_bit_value_from_ieee_value
                0x0000000000123798                rtw_is_cckrates_included
                0x00000000001237d0                rtw_is_cckratesonly_included
                0x0000000000123810                rtw_check_wireless_mode
                0x00000000001238a4                rtw_set_fixed_ie
                0x00000000001238c4                rtw_set_ie
                0x00000000001238f0                rtw_get_ie
                0x000000000012392c                rtw_set_supported_rate
                0x0000000000123980                rtw_get_rateset_len
                0x0000000000123998                rtw_get_wpa_ie
                0x0000000000123a3c                rtw_get_wpa2_ie
                0x0000000000123a78                rtw_get_wpa_cipher_suite
                0x0000000000123ae0                rtw_get_wpa2_cipher_suite
                0x0000000000123b48                rtw_parse_wpa_ie
                0x0000000000123c08                rtw_parse_wpa2_ie
                0x0000000000123cc0                rtw_get_sec_ie
                0x0000000000123d70                rtw_get_wps_ie
                0x0000000000123df4                rtw_get_wps_attr
                0x0000000000123e84                rtw_get_wps_attr_content
                0x0000000000123ecc                rtw_ieee802_11_parse_elems
                0x0000000000124078                str_2char2num
                0x00000000001240f8                key_2char2num
                0x0000000000124168                convert_ip_addr
 .wifi.rom.text
                0x0000000000124240      0xafc /home/eric_gao/repo/repoe/amebagreen2_gcc_project/build/project_km4ns/asdk/make_rom/wifi_driver/lib_rom_wifi_driver_km4ns.a(rom_rtw_ieee80211_part2.o)
                0x0000000000124240                wifi_rom_channel_num2bitmap_index
                0x00000000001242ac                wifi_rom_channel_bitmap_index2num
                0x00000000001242d8                wifi_rom_channel_is_contained
                0x000000000012435c                wifi_rom_chset_is_chbw_valid
                0x0000000000124414                wifi_rom_get_band_type_by_channel_plan
                0x0000000000124448                wifi_rom_init_channel_set
                0x00000000001244c4                wifi_rom_update_wireless_mode
                0x000000000012453c                wifi_rom_is_ap_in_tkip
                0x00000000001245c4                wifi_rom_support_short_GI
                0x00000000001245d4                wifi_rom_fill_wlan_header
                0x0000000000124648                wifi_rom_get_wpa2_akmp_suite
                0x0000000000124728                wifi_rom_get_mgmt_group_cipher_suite
                0x0000000000124780                wifi_rom_parse_wpa_ie_akm
                0x0000000000124820                wifi_rom_parse_sec_ie_akm_mgc
                0x000000000012493c                wifi_rom_fill_frame_content
                0x0000000000124958                wifi_rom_set_ie_ram
                0x0000000000124998                wifi_rom_get_ie_ex
                0x0000000000124a18                wifi_rom_parse_rsnxe
                0x0000000000124a6c                wifi_rom_ht_mcsset_to_nss
                0x0000000000124a88                wifi_rom_append_rsnxe
                0x0000000000124ab4                wifi_rom_restruct_wmm_ie
                0x0000000000124b5c                wifi_rom_restruct_sec_ie
                0x0000000000124bec                wifi_rom_append_exented_cap
                0x0000000000124c60                wifi_rom_HT_caps_handler
                0x0000000000124cc4                wifi_rom_check_rsn_ie_pmkid
 .wifi.rom.text
                0x0000000000124d3c       0xc8 /home/eric_gao/repo/repoe/amebagreen2_gcc_project/build/project_km4ns/asdk/make_rom/wifi_driver/lib_rom_wifi_driver_km4ns.a(rom_rtw_probe.o)
                0x0000000000124d3c                wifi_rom_set_probersp_tim_ie
                0x0000000000124db4                wifi_rom_on_probereq
 .wifi.rom.text
                0x0000000000124e04       0x24 /home/eric_gao/repo/repoe/amebagreen2_gcc_project/build/project_km4ns/asdk/make_rom/wifi_driver/lib_rom_wifi_driver_km4ns.a(rom_rtw_auth.o)
                0x0000000000124e04                wifi_rom_set_beacon_timeout
 .wifi.rom.text
                0x0000000000124e28       0x78 /home/eric_gao/repo/repoe/amebagreen2_gcc_project/build/project_km4ns/asdk/make_rom/wifi_driver/lib_rom_wifi_driver_km4ns.a(rom_rtw_action.o)
                0x0000000000124e28                wifi_rom_para_set_for_addba
                0x0000000000124e60                wifi_rom_on_action_csa
 .wifi.rom.text
                0x0000000000124ea0      0x358 /home/eric_gao/repo/repoe/amebagreen2_gcc_project/build/project_km4ns/asdk/make_rom/wifi_driver/lib_rom_wifi_driver_km4ns.a(rom_rtw_psk.o)
                0x0000000000124ea0                wifi_rom_psk_strip_rsn_pairwise
                0x0000000000124f38                wifi_rom_psk_strip_wpa_pairwise
                0x0000000000124ff0                wifi_rom_psk_strip_pmkid
                0x000000000012505c                wifi_rom_psk_strip_rsn_akmp
 .wifi.rom.text
                0x00000000001251f8      0x238 /home/eric_gao/repo/repoe/amebagreen2_gcc_project/build/project_km4ns/asdk/make_rom/wifi_driver/lib_rom_wifi_driver_km4ns.a(rom_rtw_pmksa_cache.o)
                0x00000000001251f8                wifi_rom_pmksa_cache_encrypt_macaddr
                0x0000000000125344                wifi_rom_pmksa_append_pmkid
 .wifi.rom.text
                0x0000000000125430      0x1f0 /home/eric_gao/repo/repoe/amebagreen2_gcc_project/build/project_km4ns/asdk/make_rom/wifi_driver/lib_rom_wifi_driver_km4ns.a(rom_rtw_rf.o)
                0x0000000000125430                wifi_rom_get_op_chs_by_cch_bw
                0x00000000001254ac                wifi_rom_ch2freq
                0x00000000001254e0                wifi_rom_freq2ch
                0x000000000012555c                wifi_rom_chbw_to_freq_range
                0x00000000001255d8                wifi_rom_ch_to_bb_gain_sel
 .wifi.rom.text
                0x0000000000125620       0xd4 /home/eric_gao/repo/repoe/amebagreen2_gcc_project/build/project_km4ns/asdk/make_rom/wifi_driver/lib_rom_wifi_driver_km4ns.a(rom_rtw_recv.o)
                0x0000000000125620                wifi_rom_check_pn
                0x0000000000125668                wifi_rom_check_indicate_seq
                0x00000000001256b0                wifi_rom_get_wmmps_ac
 .wifi.rom.text
                0x00000000001256f4      0xb28 /home/eric_gao/repo/repoe/amebagreen2_gcc_project/build/project_km4ns/asdk/make_rom/wifi_driver/lib_rom_wifi_driver_km4ns.a(rom_rtw_beacon.o)
                0x00000000001256f4                wifi_rom_beacon_rate_check
                0x0000000000125760                wifi_rom_beacon_bw_check
                0x0000000000125784                wifi_rom_beacon_ssid_check
                0x0000000000125810                wifi_rom_beacon_encryption_check
                0x0000000000125918                wifi_rom_beacon_info_get
                0x0000000000125a38                wifi_rom_beacon_csa_info_get
                0x0000000000125a88                wifi_rom_ap_beacon_update_hidden_ssid
                0x0000000000125ae0                wifi_rom_ap_beacon_update_bcn_tim
                0x0000000000125c00                wifi_rom_ap_beacon_update_erpinfo_ie
                0x0000000000125c60                wifi_rom_ap_beacon_add_ie
                0x0000000000125d7c                wifi_rom_ap_beacon_remove_ie
                0x0000000000125e0c                wifi_rom_ap_beacon_gen_ie
 .wifi.rom.text
                0x000000000012621c      0xa94 /home/eric_gao/repo/repoe/amebagreen2_gcc_project/build/project_km4ns/asdk/make_rom/wifi_driver/lib_rom_wifi_driver_km4ns.a(rom_rtw_assoc.o)
                0x000000000012621c                wifi_rom_issue_assocreq_fill_cap
                0x00000000001263f4                wifi_rom_issue_assocreq_fill_vendor_ie
                0x0000000000126534                wifi_rom_issue_assocrsp_fill_cap
                0x0000000000126758                wifi_rom_on_assocreq_check
                0x0000000000126c28                wifi_rom_on_assocrsp_wmm
 .wifi.rom.text
                0x0000000000126cb0      0x1bc /home/eric_gao/repo/repoe/amebagreen2_gcc_project/build/project_km4ns/asdk/make_rom/wifi_driver/lib_rom_wifi_driver_km4ns.a(rom_rtw_vht.o)
                0x0000000000126cb0                wifi_rom_vht_get_highest_rate
                0x0000000000126d20                wifi_rom_vht_mcsmap_to_nss
                0x0000000000126d7c                wifi_rom_vht_nss_to_mcsmap
                0x0000000000126dc8                wifi_rom_vht_mcsmap_to_bitmap
 .wifi.rom.text
                0x0000000000126e6c      0x1d8 /home/eric_gao/repo/repoe/amebagreen2_gcc_project/build/project_km4ns/asdk/make_rom/wifi_driver/lib_rom_wifi_driver_km4ns.a(rom_rtw_he.o)
                0x0000000000126e6c                wifi_rom_he_get_muedca_param
                0x0000000000126ef8                wifi_rom_he_get_highest_rate
                0x0000000000126f50                wifi_rom_he_nss_to_mcsmap
                0x0000000000126fa0                wifi_rom_he_mcsmap_to_bitmap
 .wifi.rom.text
                0x0000000000127044      0x1fc /home/eric_gao/repo/repoe/amebagreen2_gcc_project/build/project_km4ns/asdk/make_rom/wifi_driver/lib_rom_wifi_driver_km4ns.a(rom_rtw_80211w.o)
                0x0000000000127044                wifi_rom_dot11w_construct_action_frame
                0x0000000000127108                wifi_rom_dot11w_BIP_verify
 .wifi.rom.text
                0x0000000000127240      0x1f0 /home/eric_gao/repo/repoe/amebagreen2_gcc_project/build/project_km4ns/asdk/make_rom/wifi_driver/lib_rom_wifi_driver_km4ns.a(rom_rtw_rate.o)
                0x0000000000127240                wifi_rom_cckrates_included
                0x0000000000127284                wifi_rom_cckratesonly_included
                0x00000000001272cc                wifi_rom_updateBratetbl
                0x0000000000127328                wifi_rom_updateBratetbl_softap
                0x0000000000127364                wifi_rom_rate2tbl_inx
                0x00000000001273fc                wifi_rom_update_mcs_rate
                0x0000000000127408                wifi_rom_get_highest_rateidx
 .wifi.rom.text
                0x0000000000127430      0x1a4 /home/eric_gao/repo/repoe/amebagreen2_gcc_project/build/project_km4ns/asdk/make_rom/wifi_driver/lib_rom_wifi_driver_km4ns.a(rom_rtw_chbw.o)
                0x0000000000127430                wifi_rom_get_center_ch
                0x00000000001274f0                wifi_rom_get_offset_by_chbw
                0x0000000000127594                wifi_rom_get_primary_ch
 .wifi.rom.text
                0x00000000001275d4        0x0 /home/eric_gao/repo/repoe/amebagreen2_gcc_project/build/project_km4ns/asdk/make_rom/wifi_driver/lib_rom_wifi_driver_km4ns.a(rom_rtw_11d.o)
 .wifi.rom.text
                0x00000000001275d4      0x418 /home/eric_gao/repo/repoe/amebagreen2_gcc_project/build/project_km4ns/asdk/make_rom/wifi_driver/lib_rom_wifi_driver_km4ns.a(rom_rtw_ht.o)
                0x00000000001275d4                rtw_ht_caps_handler
                0x000000000012761c                rtw_ht_info_handler
                0x0000000000127644                rtw_restructure_ht_ie
                0x0000000000127720                rtw_update_ht_cap
                0x00000000001277f8                rtw_ap_ht_operation_update
                0x00000000001278c4                rtw_uapsd_check_ap_support
                0x0000000000127930                rtw_uapsd_restruct_wmm_ie
 .wifi.rom.text
                0x00000000001279ec       0xb8 /home/eric_gao/repo/repoe/amebagreen2_gcc_project/build/project_km4ns/asdk/make_rom/wifi_driver/lib_rom_wifi_driver_km4ns.a(rom_rtw_network.o)
                0x00000000001279ec                rtw_network_update_for_scan
                0x0000000000127a3c                rtw_network_check_same
 .wifi.rom.text
                0x0000000000127aa4      0x2b8 /home/eric_gao/repo/repoe/amebagreen2_gcc_project/build/project_km4ns/asdk/make_rom/wifi_driver/lib_rom_wifi_driver_km4ns.a(rom_rtw_pmksa_cache_part2.o)
                0x0000000000127aa4                rtw_pmksa_cache_entry_free
                0x0000000000127ae0                rtw_pmksa_cache_entry_remove
                0x0000000000127b4c                rtw_pmksa_cache_entry_add
                0x0000000000127c6c                rtw_pmksa_cache_entry_search
                0x0000000000127c98                rtw_pmksa_cache_set_current_entry
                0x0000000000127ca0                rtw_pmksa_cache_get_current_entry
                0x0000000000127ca8                rtw_pmksa_cache_flush
                0x0000000000127d10                rtw_pmksa_cache_init
                0x0000000000127d38                rtw_pmksa_cache_deinit
 .wifi.rom.text
                0x0000000000127d5c      0x284 /home/eric_gao/repo/repoe/amebagreen2_gcc_project/build/project_km4ns/asdk/make_rom/wifi_driver/lib_rom_wifi_driver_km4ns.a(rom_rtw_11d_part2.o)
                0x0000000000127d5c                rtw_11d_get_chplan_from_country
                0x0000000000127e44                rtw_11d_restructure_country_ie
                0x0000000000127e80                rtw_11d_reset_info
                0x0000000000127ea8                rtw_11d_process_country_ie
                0x0000000000127f7c                rtw_11d_country_decision_default
 .wifi.rom.text
                0x0000000000127fe0      0x788 /home/eric_gao/repo/repoe/amebagreen2_gcc_project/build/project_km4ns/asdk/make_rom/wifi_driver/lib_rom_wifi_driver_km4ns.a(rom_rtw_he_part2.o)
                0x0000000000128080                HE_caps_handler
                0x0000000000128170                HE_operation_handler
                0x00000000001281a8                HE_mu_edca_handler
                0x00000000001281f0                HE_spatial_reuse_handler
                0x0000000000128204                HE_mac_caps_update_asoc_cap
                0x0000000000128300                HE_phy_caps_update_asoc_cap
                0x00000000001283b0                HE_supp_mcs_update_asoc_cap
                0x00000000001283b8                rtw_restructure_he_ie
                0x0000000000128600                rtw_he_fill_htc
                0x000000000012861c                HE_operation_update_asoc_cap
                0x00000000001286fc                HE_caps_update_asoc_cap
 .wifi.rom.text
                0x0000000000128768      0x698 /home/eric_gao/repo/repoe/amebagreen2_gcc_project/build/project_km4ns/asdk/make_rom/wifi_driver/lib_rom_wifi_driver_km4ns.a(rom_rtw_shortcut.o)
                0x0000000000128768                rtw_recv_get_rx_sc_index
                0x0000000000128798                rtw_recv_get_rx_sc_free_entry
                0x0000000000128804                rtw_recv_indicatepkt_sc
                0x000000000012891c                rtw_recv_check_rx_shortcut_path
                0x0000000000128ab4                rtw_get_tx_sc_index
                0x0000000000128adc                rtw_get_tx_sc_free_entry
                0x0000000000128b3c                rtw_xmit_entry_sc
                0x0000000000128d14                rtw_set_tx_sc_entry
 .wifi.rom.text
                0x0000000000128e00      0x310 /home/eric_gao/repo/repoe/amebagreen2_gcc_project/build/project_km4ns/asdk/make_rom/wifi_driver/lib_rom_wifi_driver_km4ns.a(rom_rtw_setkey.o)
                0x0000000000128e00                rtw_setkey_to_cam
                0x0000000000128f50                rtw_bss_set_key_for_wep
                0x0000000000129018                rtw_setkey_clear_stakey
                0x000000000012906c                rtw_setkey_set_stakey
                0x0000000000129104                rtw_setkey_remove_ptk
 .wifi.rom.text
                0x0000000000129110      0x918 /home/eric_gao/repo/repoe/amebagreen2_gcc_project/build/project_km4ns/asdk/make_rom/wifi_driver/lib_rom_wifi_driver_km4ns.a(rom_rtw_beacon_part2.o)
                0x0000000000129110                rtw_on_beacon_rate_check
                0x000000000012919c                rtw_on_beacon_bw_check
                0x000000000012924c                rtw_on_beacon_info_update
                0x0000000000129428                rtw_check_mode_info_change
                0x00000000001294bc                rtw_on_beacon_info_check
                0x0000000000129640                rtw_get_bcn_info
                0x00000000001296fc                rtw_ap_set_parameters_from_beacon
                0x0000000000129988                rtw_ap_update_beacon
 .wifi.rom.text
                0x0000000000129a28      0x1a0 /home/eric_gao/repo/repoe/amebagreen2_gcc_project/build/project_km4ns/asdk/make_rom/wifi_driver/lib_rom_wifi_driver_km4ns.a(rom_rtw_sitesurvey.o)
                0x0000000000129a28                _rtw_scan_start_scanpriv_init
                0x0000000000129b68                _rtw_scan_cmd_hdl_find_next_chan
 .wifi.rom.text
                0x0000000000129bc8      0x5a4 /home/eric_gao/repo/repoe/amebagreen2_gcc_project/build/project_km4ns/asdk/make_rom/wifi_driver/lib_rom_wifi_driver_km4ns.a(rom_rtw_sitesurvey_report.o)
                0x0000000000129bc8                rtw_scan_report_free_remaining_node
                0x0000000000129c38                rtw_scan_report_node_process
                0x0000000000129cd8                rtw_scan_report_node_sort_and_insert
                0x0000000000129d70                _rtw_scan_report_wps
                0x0000000000129e68                _rtw_scan_collect_bss_info_ieproc
                0x000000000012a044                _rtw_scan_check_security_and_rsnie
 .wifi.rom.text
                0x000000000012a16c      0x4c0 /home/eric_gao/repo/repoe/amebagreen2_gcc_project/build/project_km4ns/asdk/make_rom/wifi_driver/lib_rom_wifi_driver_km4ns.a(rom_rtw_ap_xmit.o)
                0x000000000012a2ec                rtw_ap_enqueue_for_sleeping_sta
                0x000000000012a304                rtw_ap_sleeping_q_free
                0x000000000012a348                rtw_ap_sleeping_q_to_pending_q
                0x000000000012a48c                rtw_ap_stop_sta_xmit
                0x000000000012a510                rtw_ap_wakeup_sta_to_xmit
 .wifi.rom.text
                0x000000000012a62c      0x57c /home/eric_gao/repo/repoe/amebagreen2_gcc_project/build/project_km4ns/asdk/make_rom/wifi_driver/lib_rom_wifi_driver_km4ns.a(rom_rtw_addba.o)
                0x000000000012a62c                rtw_on_addba_req
                0x000000000012a6e8                rtw_issue_action_ba
                0x000000000012a940                rtw_add_ba_hdl
                0x000000000012a9d0                rtw_send_delba
                0x000000000012aaac                rtw_addbareq_cmd
                0x000000000012ab00                rtw_issue_addbareq_cmd
                0x000000000012ab5c                rtw_addba_timer_hdl
 .wifi.rom.text
                0x000000000012aba8      0x398 /home/eric_gao/repo/repoe/amebagreen2_gcc_project/build/project_km4ns/asdk/make_rom/wifi_driver/lib_rom_wifi_driver_km4ns.a(rom_rtw_80211w_part2.o)
                0x000000000012aba8                rtw_dot11w_issue_action_sa_query
                0x000000000012ac58                rtw_dot11w_on_action_sa_query
                0x000000000012acfc                rtw_dot11w_BIP_verify
                0x000000000012ad34                rtw_dot11w_validate_mgmt
 .wifi.rom.text
                0x000000000012af40      0xb54 /home/eric_gao/repo/repoe/amebagreen2_gcc_project/build/project_km4ns/asdk/make_rom/wifi_driver/lib_rom_wifi_driver_km4ns.a(rom_rtw_auth_part2.o)
                0x000000000012af40                rtw_issue_deauth
                0x000000000012afe8                rtw_issue_auth
                0x000000000012b2b8                _rtw_ap_on_auth
                0x000000000012b6e8                _rtw_sta_on_auth
                0x000000000012b85c                _rtw_on_deauth_frameproc
 .wifi.rom.text
                0x000000000012ba94      0x154 /home/eric_gao/repo/repoe/amebagreen2_gcc_project/build/project_km4ns/asdk/make_rom/wifi_driver/lib_rom_wifi_driver_km4ns.a(rom_rtw_action_part2.o)
                0x000000000012ba94                rtw_addba_rsp_hdl
                0x000000000012bb18                rtw_addba_delba_hdl
 .wifi.rom.text
                0x000000000012bbe8      0xd7c /home/eric_gao/repo/repoe/amebagreen2_gcc_project/build/project_km4ns/asdk/make_rom/wifi_driver/lib_rom_wifi_driver_km4ns.a(rom_rtw_join.o)
                0x000000000012bbe8                _rtw_joinbss_set_uapsd_default_setting
                0x000000000012bc48                _rtw_joinbss_ie_restruct
                0x000000000012be08                _rtw_joinbss_cmd
                0x000000000012bfa0                rtw_joinbss_target_network_update
                0x000000000012c0e8                rtw_bss_get_password_for_wep
                0x000000000012c210                rtw_joinbss_set_chanmap
                0x000000000012c2a0                _rtw_leavebss_event_indicate
                0x000000000012c3a0                _rtw_joinbss_cmd_hdl_ieproc
                0x000000000012c468                _rtw_joinbss_timeout_proc
                0x000000000012c5b0                rtw_joinbss_in_target_network
                0x000000000012c684                _rtw_joinbss_start_proc
 .wifi.rom.text
                0x000000000012c964      0x3c0 /home/eric_gao/repo/repoe/amebagreen2_gcc_project/build/project_km4ns/asdk/make_rom/wifi_driver/lib_rom_wifi_driver_km4ns.a(rom_rtw_join_result.o)
                0x000000000012c964                rtw_joinbss_chk_done_concurrent_check_chan
                0x000000000012cb9c                rtw_joinbss_chk_done_concurrent_check_5g
 .wifi.rom.text
                0x000000000012cd24     0x12c0 /home/eric_gao/repo/repoe/amebagreen2_gcc_project/build/project_km4ns/asdk/make_rom/wifi_driver/lib_rom_wifi_driver_km4ns.a(rom_rtw_assoc_part2.o)
                0x000000000012cd24                _rtw_sta_issue_assocreq_validcheck