/home/auto_jenkins_wlan5/IOT_ATS/repos/release-master/source/amebalite_gcc_project/project_kr4/vsdk/../../../component/lwip/lwip_v2.1.2/src/core/ipv4/dhcp.c:1481:1:dhcp_set_state	0	static
/home/auto_jenkins_wlan5/IOT_ATS/repos/release-master/source/amebalite_gcc_project/project_kr4/vsdk/../../../component/lwip/lwip_v2.1.2/src/core/ipv4/dhcp.c:1516:1:dhcp_option_short	0	static
/home/auto_jenkins_wlan5/IOT_ATS/repos/release-master/source/amebalite_gcc_project/project_kr4/vsdk/../../../component/lwip/lwip_v2.1.2/src/core/ipv4/dhcp.c:1525:1:dhcp_option_long	0	static
/home/auto_jenkins_wlan5/IOT_ATS/repos/release-master/source/amebalite_gcc_project/project_kr4/vsdk/../../../component/lwip/lwip_v2.1.2/src/core/ipv4/dhcp.c:1938:1:dhcp_create_msg	32	static
/home/auto_jenkins_wlan5/IOT_ATS/repos/release-master/source/amebalite_gcc_project/project_kr4/vsdk/../../../component/lwip/lwip_v2.1.2/src/core/ipv4/dhcp.c:2030:1:dhcp_option_trailer	0	static
/home/auto_jenkins_wlan5/IOT_ATS/repos/release-master/source/amebalite_gcc_project/project_kr4/vsdk/../../../component/lwip/lwip_v2.1.2/src/core/ipv4/dhcp.c:1324:1:dhcp_reboot	48	static
/home/auto_jenkins_wlan5/IOT_ATS/repos/release-master/source/amebalite_gcc_project/project_kr4/vsdk/../../../component/lwip/lwip_v2.1.2/src/core/ipv4/dhcp.c:1039:1:dhcp_discover	48	static
/home/auto_jenkins_wlan5/IOT_ATS/repos/release-master/source/amebalite_gcc_project/project_kr4/vsdk/../../../component/lwip/lwip_v2.1.2/src/core/ipv4/dhcp.c:310:1:dhcp_check	16	static
/home/auto_jenkins_wlan5/IOT_ATS/repos/release-master/source/amebalite_gcc_project/project_kr4/vsdk/../../../component/lwip/lwip_v2.1.2/src/core/ipv4/dhcp.c:1104:1:dhcp_bind	32	static
/home/auto_jenkins_wlan5/IOT_ATS/repos/release-master/source/amebalite_gcc_project/project_kr4/vsdk/../../../component/lwip/lwip_v2.1.2/src/core/ipv4/dhcp.c:233:1:dhcp_inc_pcb_refcount	16	static
/home/auto_jenkins_wlan5/IOT_ATS/repos/release-master/source/amebalite_gcc_project/project_kr4/vsdk/../../../component/lwip/lwip_v2.1.2/src/core/ipv4/dhcp.c:260:1:dhcp_dec_pcb_refcount	16	static
/home/auto_jenkins_wlan5/IOT_ATS/repos/release-master/source/amebalite_gcc_project/project_kr4/vsdk/../../../component/lwip/lwip_v2.1.2/src/core/ipv4/dhcp.c:622:1:dhcp_handle_ack.isra	32	static
/home/auto_jenkins_wlan5/IOT_ATS/repos/release-master/source/amebalite_gcc_project/project_kr4/vsdk/../../../component/lwip/lwip_v2.1.2/src/core/ipv4/dhcp.c:373:1:dhcp_select.isra	48	static
/home/auto_jenkins_wlan5/IOT_ATS/repos/release-master/source/amebalite_gcc_project/project_kr4/vsdk/../../../component/lwip/lwip_v2.1.2/src/core/ipv4/dhcp.c:1818:1:dhcp_recv	112	static
/home/auto_jenkins_wlan5/IOT_ATS/repos/release-master/source/amebalite_gcc_project/project_kr4/vsdk/../../../component/lwip/lwip_v2.1.2/src/core/ipv4/dhcp.c:713:1:dhcp_set_struct	16	static
/home/auto_jenkins_wlan5/IOT_ATS/repos/release-master/source/amebalite_gcc_project/project_kr4/vsdk/../../../component/lwip/lwip_v2.1.2/src/core/ipv4/dhcp.c:735:6:dhcp_cleanup	16	static
/home/auto_jenkins_wlan5/IOT_ATS/repos/release-master/source/amebalite_gcc_project/project_kr4/vsdk/../../../component/lwip/lwip_v2.1.2/src/core/ipv4/dhcp.c:864:1:dhcp_inform	96	static
/home/auto_jenkins_wlan5/IOT_ATS/repos/release-master/source/amebalite_gcc_project/project_kr4/vsdk/../../../component/lwip/lwip_v2.1.2/src/core/ipv4/dhcp.c:908:1:dhcp_network_changed	16	static
/home/auto_jenkins_wlan5/IOT_ATS/repos/release-master/source/amebalite_gcc_project/project_kr4/vsdk/../../../component/lwip/lwip_v2.1.2/src/core/ipv4/dhcp.c:955:1:dhcp_arp_reply	48	static
/home/auto_jenkins_wlan5/IOT_ATS/repos/release-master/source/amebalite_gcc_project/project_kr4/vsdk/../../../component/lwip/lwip_v2.1.2/src/core/ipv4/dhcp.c:1214:1:dhcp_renew	64	static
/home/auto_jenkins_wlan5/IOT_ATS/repos/release-master/source/amebalite_gcc_project/project_kr4/vsdk/../../../component/lwip/lwip_v2.1.2/src/core/ipv4/dhcp.c:2050:1:dhcp_supplied_address	0	static
/home/auto_jenkins_wlan5/IOT_ATS/repos/release-master/source/amebalite_gcc_project/project_kr4/vsdk/../../../component/lwip/lwip_v2.1.2/src/core/ipv4/dhcp.c:1382:1:dhcp_release_and_stop	48	static
/home/auto_jenkins_wlan5/IOT_ATS/repos/release-master/source/amebalite_gcc_project/project_kr4/vsdk/../../../component/lwip/lwip_v2.1.2/src/core/ipv4/dhcp.c:760:1:dhcp_start	32	static
/home/auto_jenkins_wlan5/IOT_ATS/repos/release-master/source/amebalite_gcc_project/project_kr4/vsdk/../../../component/lwip/lwip_v2.1.2/src/core/ipv4/dhcp.c:444:1:dhcp_coarse_tmr	80	static
/home/auto_jenkins_wlan5/IOT_ATS/repos/release-master/source/amebalite_gcc_project/project_kr4/vsdk/../../../component/lwip/lwip_v2.1.2/src/core/ipv4/dhcp.c:486:1:dhcp_fine_tmr	32	static
/home/auto_jenkins_wlan5/IOT_ATS/repos/release-master/source/amebalite_gcc_project/project_kr4/vsdk/../../../component/lwip/lwip_v2.1.2/src/core/ipv4/dhcp.c:1458:1:dhcp_release	16	static
/home/auto_jenkins_wlan5/IOT_ATS/repos/release-master/source/amebalite_gcc_project/project_kr4/vsdk/../../../component/lwip/lwip_v2.1.2/src/core/ipv4/dhcp.c:1470:1:dhcp_stop	0	static
