/home/auto_jenkins_wlan5/IOT_ATS/repos/release-master/source/amebalite_gcc_project/project_kr4/vsdk/../../../component/lwip/lwip_v2.1.2/src/core/ipv4/etharp.c:173:1:etharp_free_entry	16	static
/home/auto_jenkins_wlan5/IOT_ATS/repos/release-master/source/amebalite_gcc_project/project_kr4/vsdk/../../../component/lwip/lwip_v2.1.2/src/core/ipv4/etharp.c:261:1:etharp_find_entry	32	static
/home/auto_jenkins_wlan5/IOT_ATS/repos/release-master/source/amebalite_gcc_project/project_kr4/vsdk/../../../component/lwip/lwip_v2.1.2/src/core/ipv4/etharp.c:431:1:etharp_update_arp_entry	32	static
/home/auto_jenkins_wlan5/IOT_ATS/repos/release-master/source/amebalite_gcc_project/project_kr4/vsdk/../../../component/lwip/lwip_v2.1.2/src/core/ipv4/etharp.c:408:6:etharp_arp_table_clear	0	static
/home/auto_jenkins_wlan5/IOT_ATS/repos/release-master/source/amebalite_gcc_project/project_kr4/vsdk/../../../component/lwip/lwip_v2.1.2/src/core/ipv4/etharp.c:512:1:etharp_add_static_entry	32	static
/home/auto_jenkins_wlan5/IOT_ATS/repos/release-master/source/amebalite_gcc_project/project_kr4/vsdk/../../../component/lwip/lwip_v2.1.2/src/core/ipv4/etharp.c:538:1:etharp_remove_static_entry	16	static
/home/auto_jenkins_wlan5/IOT_ATS/repos/release-master/source/amebalite_gcc_project/project_kr4/vsdk/../../../component/lwip/lwip_v2.1.2/src/core/ipv4/etharp.c:568:1:etharp_cleanup_netif	32	static
/home/auto_jenkins_wlan5/IOT_ATS/repos/release-master/source/amebalite_gcc_project/project_kr4/vsdk/../../../component/lwip/lwip_v2.1.2/src/core/ipv4/etharp.c:592:1:etharp_find_addr	16	static
/home/auto_jenkins_wlan5/IOT_ATS/repos/release-master/source/amebalite_gcc_project/project_kr4/vsdk/../../../component/lwip/lwip_v2.1.2/src/core/ipv4/etharp.c:621:1:etharp_get_entry	0	static
/home/auto_jenkins_wlan5/IOT_ATS/repos/release-master/source/amebalite_gcc_project/project_kr4/vsdk/../../../component/lwip/lwip_v2.1.2/src/core/ipv4/etharp.c:1128:1:etharp_raw	48	static
/home/auto_jenkins_wlan5/IOT_ATS/repos/release-master/source/amebalite_gcc_project/project_kr4/vsdk/../../../component/lwip/lwip_v2.1.2/src/core/ipv4/etharp.c:650:1:etharp_input	64	static
/home/auto_jenkins_wlan5/IOT_ATS/repos/release-master/source/amebalite_gcc_project/project_kr4/vsdk/../../../component/lwip/lwip_v2.1.2/src/core/ipv4/etharp.c:1235:1:etharp_request	0	static
/home/auto_jenkins_wlan5/IOT_ATS/repos/release-master/source/amebalite_gcc_project/project_kr4/vsdk/../../../component/lwip/lwip_v2.1.2/src/core/ipv4/etharp.c:202:1:etharp_tmr	48	static
/home/auto_jenkins_wlan5/IOT_ATS/repos/release-master/source/amebalite_gcc_project/project_kr4/vsdk/../../../component/lwip/lwip_v2.1.2/src/core/ipv4/etharp.c:770:1:etharp_output_to_arp_index	32	static
/home/auto_jenkins_wlan5/IOT_ATS/repos/release-master/source/amebalite_gcc_project/project_kr4/vsdk/../../../component/lwip/lwip_v2.1.2/src/core/ipv4/etharp.c:955:1:etharp_query	32	static
/home/auto_jenkins_wlan5/IOT_ATS/repos/release-master/source/amebalite_gcc_project/project_kr4/vsdk/../../../component/lwip/lwip_v2.1.2/src/core/ipv4/etharp.c:813:1:etharp_output	32	static
