
Memory Configuration

Name             Origin             Length             Attributes
KM4_IROM         0x0000000000000000 0x000000000001e000 xr
KM4_IROM_NS      0x000000000001e000 0x0000000000016000 xr
KM4_IROM_STDLIB_NS 0x0000000000034000 0x000000000000d000 xr
KM4_DROM_NS      0x0000000000041000 0x0000000000004000 xr
KM4_DROM         0x0000000000045000 0x0000000000003000 xr
KM4_ROMBSS_RAM_S 0x0000000030007000 0x0000000000001000 rw
KM4_MSP_RAM_S    0x0000000030008000 0x0000000000002000 rw
KM4_BOOTLOADER_RAM_S 0x000000003000a020 0x0000000000005fe0 xrw
KM4_FLOADER_RAM_S 0x000000003000a020 0x0000000000015fe0 xrw
KM4_BD_RAM_NSC   0x000000006015b020 0x0000000000000fe0 xrw
KM4_BD_RAM_ENTRY 0x000000006015c000 0x0000000000004000 xrw
KM4_BD_RAM_S     0x0000000070160020 0x000000000001ffe0 xrw
KM4_MSP_RAM_NS   0x0000000020003000 0x0000000000001000 rw
KM4_ROMBSS_RAM_COM 0x0000000020004000 0x0000000000001000 rw
KM4_ROMBSS_RAM_NS 0x0000000020005000 0x0000000000001000 rw
KM4_STDLIB_HEAP_RAM_NS 0x0000000020006000 0x0000000000001000 rw
KM4_BD_RAM       0x0000000020010020 0x000000000001ffe0 xrw
DSP_BD_RAM       0x0000000020030020 0x000000000000ffe0 xrw
KR4_BD_RAM       0x0000000020040020 0x000000000001fce0 xrw
KR4_IPC_RAM      0x000000002005fd00 0x0000000000000300 xrw
KM4_AUDIO_BUFFER 0x0000000020060000 0x0000000000020000 rw
DSP_TCM          0x0000000020080020 0x000000000003ffe0 xrw
KM4_BD_PSRAM_NS_TZ 0x0000000060000020 0x000000000015afe0 xrw
KM4_BD_PSRAM_NS_NTZ 0x0000000060000020 0x000000000017ffe0 xrw
KR4_BD_PSRAM     0x0000000060180020 0x000000000017ffe0 xrw
DSP_BD_PSRAM     0x0000000060300020 0x00000000004fffe0 xrw
EXTENTION_SRAM   0x0000000022000000 0x0000000000000000 xrw
RETENTION_RAM    0x0000000021020000 0x0000000000000200 xrw
KR4_IROM         0x0000000000000000 0x000000000001c000 xr
KR4_IROM_STDLIB  0x000000000001c000 0x0000000000011000 xr
KR4_DROM         0x000000000002d000 0x0000000000003000 xr
KR4_ROMBSS_RAM   0x0000000020000000 0x0000000000001000 rw
KR4_MSP_RAM      0x0000000020001000 0x0000000000001000 rw
KR4_STDLIB_HEAP_RAM 0x0000000020002000 0x0000000000001000 rw
PHY_IMG1         0x0000000008001020 0x0000000000005fe0 xr
KM4_BOOT         0x000000000f800020 0x00000000007fffe0 xr
PHY_IMG2         0x0000000008014000 0x00000000001cc000 xr
KM4_IMG3         0x00000000081e0000 0x0000000000020000 xr
KR4_IMG2         0x000000000c000020 0x0000000001ffffe0 xr
KM4_IMG2         0x000000000e000020 0x00000000017fffe0 xr
BTRACE           0x0000000010000020 0x0000000000ffffe0 xr
DSP_IROM         0x0000000000000000 0x0000000000000400 xr
*default*        0x0000000000000000 0xffffffffffffffff

Linker script and memory map

                0x0000000000034000                __rom_stdlib_text_start__ = ORIGIN (KM4_IROM_STDLIB_NS)
                0x0000000020040020                __kr4_image2_entry_func__ = ORIGIN (KR4_BD_RAM)
                0x000000002005fd00                __kr4_ipc_memory_start__ = ORIGIN (KR4_IPC_RAM)
                0x000000000c000020                __kr4_flash_text_start__ = ORIGIN (KR4_IMG2)
                0x000000000e000020                __km4_flash_text_start__ = ORIGIN (KM4_IMG2)
                0x0000000060180020                __kr4_psram_text_start__ = ORIGIN (KR4_BD_PSRAM)
                0x000000000f800020                __km4_boot_text_start__ = ORIGIN (KM4_BOOT)
                0x00000000081e0000                __km4_image3_flash_start__ = ORIGIN (KM4_IMG3)
                0x0000000008014000                __nspe_phy_addr__ = ORIGIN (PHY_IMG2)

.rom.text       0x0000000000000000    0x1c220
 *(.vectors_table)
 .vectors_table
                0x0000000000000000       0x20 ./build/rom/ameba_vectors_km4.o
                0x0000000000000000                __vectors_table
                0x0000000000000140                . = 0x140
 *fill*         0x0000000000000020      0x120 
 *ameba_boot_rom.o(.hal.rom.text*)
 .hal.rom.text  0x0000000000000140     0x1204 ./build/rom/ameba_boot_rom.o
                0x0000000000000140                BOOT_ROM_OTFCheck
                0x000000000000020c                BOOT_ROM_OTPCheck
                0x000000000000026c                BOOT_ROM_PatchCmd
                0x0000000000000338                BOOT_ROM_PatchEntry
                0x000000000000037c                BOOT_ROM_SPUFlash
                0x00000000000003d0                BOOT_ROM_InitFlash
                0x000000000000053c                BOOT_ROM_LoadImage
                0x00000000000006a8                BOOT_ROM_SignatureCheck
                0x0000000000000778                BOOT_ROM_LoaderEntry
                0x0000000000000798                BOOT_ROM_KeyDeriveFunc
                0x00000000000009f4                BOOT_ROM_HUKDerive
                0x0000000000000ae4                BOOT_ROM_SecurityConfig
                0x0000000000000cdc                BOOT_ROM_BootldrSelect
                0x0000000000000edc                BOOT_ROM_FromFlash
                0x00000000000010a8                BOOT_ROM_InitDebugFlg
                0x00000000000010e8                BOOT_ROM_OSC131_Enable
                0x0000000000001100                BOOT_ROM_ResetVsr
 *ameba_crypto_rom.o(.hal.rom.text*)
 .hal.rom.text  0x0000000000001344     0x1a4c ./build/rom/ameba_crypto_rom.o
                0x0000000000001344                CRYPTO_MemDump
                0x000000000000146c                CRYPTO_SetSrcDesc
                0x00000000000014fc                CRYPTO_SetDstDesc
                0x000000000000158c                CRYPTO_CleanCmdOk
                0x00000000000015d8                CRYPTO_ClearAllINT
                0x0000000000001620                CRYPTO_SetCmdBuf
                0x00000000000018cc                CRYPTO_SrcDescKeyIv
                0x0000000000001dac                CRYPTO_Reset
                0x0000000000001df8                CRYPTO_SHA_Reset
                0x0000000000001e48                CRYPTO_SetSecurityModeAD
                0x0000000000002034                CRYPTO_Init
                0x000000000000205c                CRYPTO_SHA_Init
                0x0000000000002084                CRYPTO_OTPKey_Init
                0x00000000000020e8                CRYPTO_OTPKey_SHA_Init
                0x0000000000002168                CRYPTO_Cache_Sync
                0x0000000000002348                CRYPTO_ProcessAD
                0x0000000000002bf0                CRYPTO_SendSeqBuf
                0x0000000000002d00                CRYPTO_CipherInit
                0x0000000000002d24                CRYPTO_CipherEncryptAD
                0x0000000000002d58                CRYPTO_CipherDecryptAD
 *ameba_secure_boot.o(.hal.rom.text*)
 .hal.rom.text  0x0000000000002d90      0x51c ./build/rom/ameba_secure_boot.o
                0x0000000000002d90                SBOOT_SwapData
                0x0000000000002dac                SBOOT_GetMdType
                0x0000000000002e38                SBOOT_EDDSA_Verify_SW
                0x0000000000002e54                SBOOT_ECDSA_Verify_HW
                0x0000000000002f6c                SBOOT_Validate_Algorithm
                0x0000000000002fb0                SBOOT_Validate_Signature
                0x0000000000002ffc                SBOOT_Validate_PubKey
                0x00000000000030a8                SBOOT_Validate_ImgHash
                0x00000000000031fc                SBOOT_SignatureVerify
 *ameba_ecdsa.o(.hal.rom.text*)
 .hal.rom.text  0x00000000000032ac      0x8b4 ./build/rom/ameba_ecdsa.o
                0x00000000000032ac                ECDSA_BufSub
                0x0000000000003314                ECDSA_BufCmp
                0x000000000000337c                ECDSA_HashBuf_Setting
                0x00000000000034fc                ECDSA_CurveSel
                0x000000000000363c                ECDSA_EngRst
                0x0000000000003650                ECDSA_Cmd
                0x0000000000003674                ECDSA_KeyGen
                0x0000000000003758                ECDSA_Sign
                0x0000000000003888                ECDSA_Verify
                0x0000000000003970                ECDSA_ECDH_Compute_Shared
                0x0000000000003a64                ECDSA_Basic_Func
 *ameba_aes.o(.hal.rom.text*)
 .hal.rom.text  0x0000000000003b60      0x658 ./build/rom/ameba_aes.o
                0x0000000000003b60                rtl_crypto_aes_cbc_init
                0x0000000000003bc0                rtl_crypto_aes_cbc_encrypt
                0x0000000000003c14                rtl_crypto_aes_cbc_decrypt
                0x0000000000003c68                rtl_crypto_aes_ecb_init
                0x0000000000003cc8                rtl_crypto_aes_ecb_encrypt
                0x0000000000003d08                rtl_crypto_aes_ecb_decrypt
                0x0000000000003d48                rtl_crypto_aes_ctr_init
                0x0000000000003da8                rtl_crypto_aes_ctr_encrypt
                0x0000000000003df4                rtl_crypto_aes_ctr_decrypt
                0x0000000000003e40                rtl_crypto_aes_cfb_init
                0x0000000000003ea0                rtl_crypto_aes_cfb_encrypt
                0x0000000000003eec                rtl_crypto_aes_cfb_decrypt
                0x0000000000003f38                rtl_crypto_aes_ofb_init
                0x0000000000003f98                rtl_crypto_aes_ofb_encrypt
                0x0000000000003fe4                rtl_crypto_aes_ofb_decrypt
                0x0000000000004030                rtl_crypto_aes_gcm_init
                0x0000000000004090                rtl_crypto_aes_gcm_encrypt
                0x0000000000004124                rtl_crypto_aes_gcm_decrypt
 *ameba_sha.o(.hal.rom.text*)
 .hal.rom.text  0x00000000000041b8      0xfd4 ./build/rom/ameba_sha.o
                0x00000000000041b8                hash_save
                0x0000000000004230                hash_restore
                0x00000000000042b8                rtl_crypto_sha1_init
                0x000000000000434c                rtl_crypto_sha1_process
                0x000000000000438c                rtl_crypto_sha1_update_rom
                0x0000000000004408                rtl_crypto_sha1_update
                0x0000000000004474                rtl_crypto_sha1_final
                0x00000000000044f0                rtl_crypto_sha1
                0x000000000000451c                rtl_crypto_sha2_init
                0x00000000000047e0                rtl_crypto_sha2_process
                0x0000000000004824                rtl_crypto_sha2_update_rom
                0x00000000000048a4                rtl_crypto_sha2_update
                0x0000000000004910                rtl_crypto_sha2_final
                0x0000000000004990                rtl_crypto_sha2
                0x00000000000049bc                rtl_crypto_hmac_sha1_init
                0x0000000000004a9c                rtl_crypto_hmac_sha1_process
                0x0000000000004ae0                rtl_crypto_hmac_sha1_update_rom
                0x0000000000004b64                rtl_crypto_hmac_sha1_update
                0x0000000000004bd0                rtl_crypto_hmac_sha1_final
                0x0000000000004c50                rtl_crypto_hmac_sha1
                0x0000000000004c80                rtl_crypto_hmac_sha2_init
                0x0000000000004fa0                rtl_crypto_hmac_sha2_process
                0x0000000000004fe8                rtl_crypto_hmac_sha2_update_rom
                0x000000000000506c                rtl_crypto_hmac_sha2_update
                0x00000000000050d8                rtl_crypto_hmac_sha2_final
                0x000000000000515c                rtl_crypto_hmac_sha2
 *ameba_md5.o(.hal.rom.text*)
 .hal.rom.text  0x000000000000518c      0x650 ./build/rom/ameba_md5.o
                0x000000000000518c                md_hash_save
                0x0000000000005204                md_hash_restore
                0x000000000000528c                rtl_crypto_md5_init
                0x0000000000005314                rtl_crypto_md5_process
                0x0000000000005378                rtl_crypto_md5_update_rom
                0x00000000000053f8                rtl_crypto_md5_update
                0x0000000000005464                rtl_crypto_md5_final
                0x00000000000054e4                rtl_crypto_md5
                0x0000000000005510                rtl_crypto_hmac_md5_init
                0x00000000000055e8                rtl_crypto_hmac_md5_process
                0x0000000000005630                rtl_crypto_hmac_md5_update_rom
                0x00000000000056bc                rtl_crypto_hmac_md5_update
                0x0000000000005728                rtl_crypto_hmac_md5_final
                0x00000000000057ac                rtl_crypto_hmac_md5
 *ameba_otf_rom.o(.hal.rom.text*)
 .hal.rom.text  0x00000000000057dc      0x154 ./build/rom/ameba_otf_rom.o
                0x00000000000057dc                RSIP_OTF_init
                0x00000000000057f0                RSIP_IV_Set
                0x0000000000005810                RSIP_OTF_Cmd
                0x000000000000582c                RSIP_OTF_Enable
                0x00000000000058b4                RSIP_MMU_Config
                0x00000000000058f0                RSIP_MMU_Cmd
                0x000000000000591c                RSIP_MMU_Cache_Clean
 *(.apple.rom.text*)
 .apple.rom.text
                0x0000000000005930        0x4 ./build/rom/boot_rom_homekit_ed25519.o
                0x0000000000005930                boot_rom_ed25519_verify_signature
 .apple.rom.text
                0x0000000000005934     0x1d14 ./build/rom/boot_rom_homekit_ed25519_ge_fe.o
                0x0000000000006c58                boot_rom_ed25519_ge_double_scalarmult_vartime
                0x000000000000702a                boot_rom_ed25519_ge_frombytes_negate_vartime
                0x00000000000074c4                boot_rom_ed25519_ge_tobytes
 .apple.rom.text
                0x0000000000007648      0x1fe ./build/rom/boot_rom_homekit_ed25519_open.o
                0x0000000000007648                boot_rom_ed25519_crypto_sign_verify_detached
 .apple.rom.text
                0x0000000000007846      0xf7e ./build/rom/boot_rom_homekit_ed25519_sc.o
                0x0000000000007860                boot_rom_ed25519_sc_reduce
 .apple.rom.text
                0x00000000000087c4      0x21a ./build/rom/rom_homekit_sha512.o
                0x00000000000087c4                rom_sha512_starts
                0x00000000000087c8                rom_sha512_update
                0x00000000000087cc                rom_sha512_finish
                0x00000000000087d0                rom_sha512
                0x00000000000087d4                rom_sha512_hmac_starts
                0x000000000000885e                rom_sha512_hmac_update
                0x0000000000008862                rom_sha512_hmac_finish
                0x00000000000088b6                rom_sha512_hmac_reset
                0x00000000000088d2                rom_sha512_hmac
                0x000000000000890e                rom_sha512_hkdf
                0x000000000000b000                . = 0xb000
 *fill*         0x00000000000089de     0x2622 
 *(.vectors_table_text)
 .vectors_table_text
                0x000000000000b000       0x2c ./build/rom/ameba_vectors_km4.o
                0x000000000000b000                Reset_Handler
                0x000000000000b010                NMI_Handler
                0x000000000000b014                HardFault_Handler
                0x000000000000b018                MemManage_Handler
                0x000000000000b01c                BusFault_Handler
                0x000000000000b020                UsageFault_Handler
                0x000000000000b024                SecureFault_Handler
 *(.hal.rom.text*)
 .hal.rom.text  0x000000000000b02c       0x20 ./build/rom/ameba_assert_rom.o
                0x000000000000b02c                io_assert_failed
 .hal.rom.text  0x000000000000b04c       0xa8 ./build/rom/ameba_backup_reg.o
                0x000000000000b04c                BKUP_Write
                0x000000000000b078                BKUP_Read
                0x000000000000b0a0                BKUP_Set
                0x000000000000b0c8                BKUP_Clear
 .hal.rom.text  0x000000000000b0f4      0x124 ./build/rom/ameba_clk_rom.o
                0x000000000000b0f4                XTAL_ClkGet
                0x000000000000b110                CPU_ClkSrc_Set
                0x000000000000b12c                CPU_ClkSrc_Get
                0x000000000000b13c                PLL_ClkGet
                0x000000000000b190                CPU_ClkGet
 .hal.rom.text  0x000000000000b218       0x98 ./build/rom/ameba_delay_rom.o
                0x000000000000b218                DelayNop
                0x000000000000b224                DelayUs
                0x000000000000b29c                DelayMs
 .hal.rom.text  0x000000000000b2b0      0xa00 ./build/rom/ameba_flash_rom.o
                0x000000000000b350                FLASH_SetSpiMode
                0x000000000000b468                FLASH_RxCmd
                0x000000000000b4e8                FLASH_WaitBusy
                0x000000000000b594                FLASH_RxData
                0x000000000000b668                FLASH_TxCmd
                0x000000000000b6d0                FLASH_WriteEn
                0x000000000000b6f4                FLASH_TxData
                0x000000000000b7ec                FLASH_SetStatus
                0x000000000000b810                FLASH_Erase
                0x000000000000b8c8                FLASH_DeepPowerDown
                0x000000000000b91c                FLASH_WaitBusy_Timeout
                0x000000000000b9a4                FLASH_WriteEn_Timeout
                0x000000000000b9c8                FLASH_SetStatusBits
                0x000000000000ba94                FLASH_StructInit_Micron
                0x000000000000bb10                FLASH_StructInit_MXIC
                0x000000000000bb8c                FLASH_StructInit_GD
                0x000000000000bc08                FLASH_StructInit
                0x000000000000bc84                FLASH_Init
                0x000000000000bca0                FLASH_Wait_Boot_Finish
 .hal.rom.text  0x000000000000bcb0      0x62c ./build/rom/ameba_flashclk_rom.o
                0x000000000000bcb0                FLASH_CalibrationPLLSel
                0x000000000000bcbc                FLASH_CalibrationPLL_GetSrc
                0x000000000000bcc8                FLASH_Calibration_PSPLL_Open
                0x000000000000bd18                FLASH_Calibration_PSPLL_Close
                0x000000000000bd50                FLASH_CalibrationPLLPSCmd
                0x000000000000bd8c                FLASH_CalibrationPLLPS_Shift
                0x000000000000bdb8                FLASH_PLLInit_ClockDiv
                0x000000000000be3c                FLASH_CalibrationPhase
                0x000000000000becc                FLASH_CalibrationPhaseIdx
                0x000000000000bed8                FLASH_CalibrationNewCmd
                0x000000000000bf00                FLASH_CalibrationNew
                0x000000000000c0bc                FLASH_Read_HandShake_Cmd
                0x000000000000c0f4                FLASH_Read_HandShake
                0x000000000000c1c4                FLASH_Calibration
 .hal.rom.text  0x000000000000c2dc      0x508 ./build/rom/ameba_gpio_rom.o
                0x000000000000c2dc                GPIO_INTMode
                0x000000000000c368                GPIO_INTConfig
                0x000000000000c3ac                GPIO_INTHandler
                0x000000000000c464                GPIO_Direction
                0x000000000000c4b0                GPIO_Init
                0x000000000000c540                GPIO_DeInit
                0x000000000000c5b4                GPIO_ReadDataBit
                0x000000000000c5ec                GPIO_WriteBit
                0x000000000000c638                GPIO_PortDirection
                0x000000000000c68c                GPIO_PortRead
                0x000000000000c6d0                GPIO_PortWrite
                0x000000000000c71c                GPIO_DebounceClock
                0x000000000000c76c                GPIO_LevelSync
                0x000000000000c7b8                GPIO_UserRegIrq
 .hal.rom.text  0x000000000000c7e4      0x860 ./build/rom/ameba_loguart_rom.o
                0x000000000000c7e4                LOGUART_StructInit
                0x000000000000c81c                LOGUART_SetBaud
                0x000000000000c8c8                LOGUART_RxCmd
                0x000000000000c8dc                LOGUART_AGGCmd
                0x000000000000c8f0                LOGUART_AGGPathCmd
                0x000000000000c970                LOGUART_AGGSetTimeOut
                0x000000000000c98c                LOGUART_AGGSetThreshold
                0x000000000000c9b8                LOGUART_AGGSetSyncPattern
                0x000000000000c9c8                LOGUART_AGGPathAllCmd
                0x000000000000c9ec                LOGUART_PutChar
                0x000000000000ca54                LOGUART_GetChar
                0x000000000000ca70                LOGUART_Readable
                0x000000000000ca80                LOGUART_GetRxCount
                0x000000000000ca8c                LOGUART_GetIMR
                0x000000000000ca98                LOGUART_SetIMR
                0x000000000000caa4                LOGUART_INTConfig
                0x000000000000cab4                LOGUART_INTClear
                0x000000000000cabc                LOGUART_GetStatus
                0x000000000000cac0                LOGUART_ClearRxFifo
                0x000000000000cae0                _LOGUART_Init
                0x000000000000cc34                LOGUART_Init
                0x000000000000cc98                LOGUART_WaitBusy
                0x000000000000ccd8                LOGUART_WaitTxComplete
                0x000000000000cd18                LOGUART_BT_SendData
                0x000000000000cd50                LOGUART_Relay_StructInit
                0x000000000000cd64                LOGUART_Relay_SetFormat
                0x000000000000cdb4                LOGUART_Relay_SetBaud
                0x000000000000ce0c                LOGUART_Relay_ClearRxFifo
                0x000000000000ce30                LOGUART_Relay_RxCmd
                0x000000000000ce44                LOGUART_MonitorParaConfig
                0x000000000000ce8c                LOGUART_LPBaudSet
                0x000000000000cf38                LOGUART_Relay_LPSetBaud
                0x000000000000cf98                LOGUART_RxMonitorCmd
                0x000000000000cfac                LOGUART_RxMonBaudCtrlRegGet
                0x000000000000cfb0                LOGUART_RxMonitorSatusGet
                0x000000000000cfb4                LOGUART_DiagInit
 .hal.rom.text  0x000000000000d044      0x3a0 ./build/rom/ameba_pinmux_rom.o
                0x000000000000d044                PAD_DrvStrength
                0x000000000000d068                PAD_PullCtrl
                0x000000000000d130                PAD_SleepPullCtrl
                0x000000000000d1f8                PAD_ResistorCtrl
                0x000000000000d21c                PAD_CMD
                0x000000000000d23c                Pinmux_Config
                0x000000000000d254                Pinmux_ConfigGet
                0x000000000000d264                Pinmux_UartLogCtrl
                0x000000000000d2ac                PAD_SpicCtrl
                0x000000000000d308                Pinmux_SpicCtrl
                0x000000000000d3d0                Pinmux_Swdoff
 .hal.rom.text  0x000000000000d3e4      0x290 ./build/rom/ameba_rcc_rom.o
                0x000000000000d3e4                RCC_PeriphClockCmd
                0x000000000000d484                RCC_PeriphClockSource_UART
                0x000000000000d500                RCC_PeriphClockSource_SPIC
                0x000000000000d51c                RCC_PeriphClockSource_PSRAM
                0x000000000000d538                RCC_PeriphClockSource_SDM
                0x000000000000d55c                RCC_PeriphClockSource_VADMEM
                0x000000000000d578                RCC_PeriphClockSource_AUDIOCODEC
                0x000000000000d594                RCC_PeriphClockSource_CTC
                0x000000000000d5b0                RCC_PeriphClockSource_ADC
                0x000000000000d5cc                RCC_PeriphClockSource_GPIO
                0x000000000000d5e8                RCC_PeriphClockSource_SPORT
                0x000000000000d620                RCC_PeriphClockSource_32K
                0x000000000000d638                RCC_PeriphClockSource_LOGUART
 .hal.rom.text  0x000000000000d674      0x274 ./build/rom/ameba_syscfg_rom.o
                0x000000000000d674                SYSCFG_RLVersion
                0x000000000000d698                SYSCFG_GetRLNum
                0x000000000000d6bc                SYSCFG_TRP_UARTImage
                0x000000000000d6cc                SYSCFG_TRP_ICFG
                0x000000000000d6dc                SYSCFG_TRP_TestMode
                0x000000000000d6ec                SYSCFG_TRP_OTPBYP
                0x000000000000d6fc                SYSCFG_ROMINFO_Get
                0x000000000000d70c                SYSCFG_ROMINFO_Set
                0x000000000000d728                SYSCFG_CHIPType_Get
                0x000000000000d738                SYSCFG_OTP_RDPEn
                0x000000000000d758                SYSCFG_OTP_RSIPEn
                0x000000000000d778                SYSCFG_OTP_SBootEn
                0x000000000000d798                SYSCFG_OTP_LowBaudLog
                0x000000000000d7a8                SYSCFG_OTP_DisBootLog
                0x000000000000d7b8                SYSCFG_OTP_BootFlashBaud
                0x000000000000d7c8                SYSCFG_OTP_SPICBootSpeedUpDis
                0x000000000000d7d8                SYSCFG_OTP_SPICAddr4ByteEn
                0x000000000000d7e8                SYSCFG_OTP_FlashDSleepEn
                0x000000000000d7f8                SYSCFG_OTP_UartDownloadDis
                0x000000000000d808                SYSCFG_OTP_AntiRollback
                0x000000000000d81c                SYSCFG_OTP_FaultLogDis
                0x000000000000d830                SYSCFG_OTP_RSIPMode
                0x000000000000d848                SYSCFG_OTP_HUKDerivEn
                0x000000000000d85c                SYSCFG_OTP_RomPatchEn
                0x000000000000d87c                SYSCFG_OTP_RandDelayEn
                0x000000000000d88c                SYSCFG_OTP_RMAMode
                0x000000000000d8b0                SYSCFG_HWTrigDownload
                0x000000000000d8c4                SYSCFG_SWTrigDownload
 .hal.rom.text  0x000000000000d8e8       0xac ./build/rom/ameba_systimer_rom.o
                0x000000000000d8e8                SYSTIMER_Init
                0x000000000000d934                SYSTIMER_TickGet
                0x000000000000d944                SYSTIMER_GetPassTick
                0x000000000000d964                SYSTIMER_GetPassTime
 .hal.rom.text  0x000000000000d994      0xc14 ./build/rom/ameba_tim_rom.o
                0x000000000000d994                RTIM_TimeBaseStructInit
                0x000000000000d9b4                RTIM_Cmd
                0x000000000000dae4                RTIM_GetCount
                0x000000000000dbf4                RTIM_INTConfig
                0x000000000000dd34                RTIM_INTClear
                0x000000000000de54                RTIM_TimeBaseInit
                0x000000000000e058                RTIM_DeInit
                0x000000000000e178                RTIM_INTClearPendingBit
                0x000000000000e2b4                RTIM_GetFlagStatus
                0x000000000000e428                RTIM_GetINTStatus
 .hal.rom.text  0x000000000000e5a8      0x150 ./build/rom/ameba_trng.o
                0x000000000000e5a8                TRNG_Random_Delay
                0x000000000000e628                TRNG_Security_Only
                0x000000000000e674                TRNG_INTConfig
                0x000000000000e6a8                TRNG_ClearINT
                0x000000000000e6d0                TRNG_GetINT
                0x000000000000e6f4                TRNG_Init
 .hal.rom.text  0x000000000000e6f8      0x40c ./build/rom/ameba_uart_rom.o
                0x000000000000e6f8                UART_DeInit
                0x000000000000e700                UART_StructInit
                0x000000000000e71c                UART_BaudParaGetFull
                0x000000000000e75c                UART_BaudParaGet
                0x000000000000e784                UART_SetBaud
                0x000000000000e834                UART_SetBaudExt
                0x000000000000e8c4                UART_SetRxLevel
                0x000000000000e8d4                UART_RxCmd
                0x000000000000e8e8                UART_Writable
                0x000000000000e8f0                UART_Readable
                0x000000000000e8f8                UART_CharPut
                0x000000000000e8fc                UART_CharGet
                0x000000000000e904                UART_ReceiveData
                0x000000000000e92c                UART_SendData
                0x000000000000e954                UART_ReceiveDataTO
                0x000000000000e990                UART_SendDataTO
                0x000000000000e9cc                UART_RxByteCntClear
                0x000000000000e9d8                UART_RxByteCntGet
                0x000000000000e9e0                UART_BreakCtl
                0x000000000000e9f4                UART_ClearRxFifo
                0x000000000000ea14                UART_Init
                0x000000000000eab0                UART_ClearTxFifo
                0x000000000000eabc                UART_INTConfig
                0x000000000000eacc                UART_INT_Clear
                0x000000000000ead4                UART_IntStatus
                0x000000000000ead8                UART_ModemStatusGet
                0x000000000000eadc                UART_LineStatusGet
                0x000000000000eae0                UART_WaitBusy
 .hal.rom.text  0x000000000000eb04      0xab8 ./build/rom/ameba_vector_rom.o
                0x000000000000eb04                INT_HardFault
                0x000000000000eb28                INT_MemManage
                0x000000000000eb4c                INT_BusFault
                0x000000000000eb70                INT_UsageFault
                0x000000000000eb94                INT_SecureFault
                0x000000000000ebb8                INT_HardFault_C
                0x000000000000f008                INT_NMI
                0x000000000000f1a8                irq_table_init
                0x000000000000f448                irq_enable
                0x000000000000f464                irq_disable
                0x000000000000f48c                irq_set_priority
                0x000000000000f4b4                irq_get_priority
                0x000000000000f4d4                irq_set_pending
                0x000000000000f4f4                irq_get_pending
                0x000000000000f518                irq_clear_pending
                0x000000000000f538                irq_register
                0x000000000000f588                irq_unregister
                0x000000000000f5ac                FaultPatch_register
 .hal.rom.text  0x000000000000f5bc      0x444 ./build/rom/ameba_wdg.o
                0x000000000000f5bc                WDG_Wait_Busy
                0x000000000000f5e0                WDG_StructInit
                0x000000000000f5f0                WDG_Init
                0x000000000000f678                WDG_Enable
                0x000000000000f6d4                WDG_Timeout
                0x000000000000f748                WDG_Refresh
                0x000000000000f7a4                WDG_INTConfig
                0x000000000000f818                WDG_ClearINT
                0x000000000000f884                IWDG_LP_Enable
                0x000000000000f8c4                WDG_Reset_Bypass
                0x000000000000f954                WDG_Reset_Timeout
                0x000000000000f96c                WDG_Reset_ClearINT
 .hal.rom.text  0x000000000000fa00      0x61c ./build/rom/diag.o
                0x000000000000fa00                DiagVSprintf
                0x000000000000fcc8                DiagPrintf
                0x000000000000fcfc                DiagPrintfD
                0x000000000000fd30                DiagSPrintf
                0x000000000000fd64                DiagSnPrintf
 .hal.rom.text  0x000000000001001c       0xd4 ./build/rom/monitor_rom.o
                0x00000000000100e4                cmd_rom_table
 .hal.rom.text  0x00000000000100f0      0x128 ./build/rom/rand.o
                0x00000000000100f0                _rand
                0x000000000001014c                __wrap_rand
                0x0000000000010150                RandBytes_Get
 .hal.rom.text  0x0000000000010218      0x3fc ./build/rom/shell_rom.o
                0x0000000000010218                shell_array_init
                0x0000000000010226                shell_get_argc
                0x0000000000010252                shell_get_argv
                0x0000000000010320                shell_cmd_chk
                0x00000000000103dc                shell_uart_irq_rom
                0x0000000000010500                shell_init_rom
                0x0000000000010574                shell_task_rom
                0x00000000000105a4                shell_rom
 .hal.rom.text  0x0000000000010614      0x770 ./build/rom/xmodem_rom.o
                0x0000000000010614                xmodem_img_rxbuffer
 .hal.rom.text  0x0000000000010d84      0x19c ./build/rom/xmodem_uart_rom.o
                0x0000000000010d84                xmodem_uart_init
                0x0000000000010df8                xmodem_uart_port_init
                0x0000000000010e0c                xmodem_uart_port_deinit
                0x0000000000010e40                xmodem_uart_readable
                0x0000000000010e48                xmodem_uart_writable
                0x0000000000010e58                xmodem_uart_getc
                0x0000000000010e64                xmodem_uart_putc
                0x0000000000010e70                xmodem_uart_putdata
                0x0000000000010e8c                xmodem_uart_getc_to
                0x0000000000010eb8                xmodem_uart_clean_rx
                0x0000000000010ed4                xmodem_uart_waitbusy
                0x0000000000010eec                xmodem_uart_setbaud
 .hal.rom.text  0x0000000000010f20      0x264 ./build/rom/xmodem_update_rom.o
                0x0000000000010f20                xmodem_img_write
                0x0000000000010fb4                xmodem_vefiry_floader
                0x0000000000011108                xmodem_img_download
 *(.libc.rom.text*)
 .libc.rom.text
                0x0000000000011184      0x124 ./build/rom/char2num.o
                0x0000000000011184                _char2num
                0x00000000000111b4                _2char2dec
                0x0000000000011228                _2char2hex
 .libc.rom.text
                0x00000000000112a8       0x80 ./build/rom/memchr.o
                0x00000000000112a8                _memchr
 .libc.rom.text
                0x0000000000011328       0x60 ./build/rom/memcmp.o
                0x0000000000011328                _memcmp
 .libc.rom.text
                0x0000000000011388       0xd0 ./build/rom/memcpy.o
                0x0000000000011388                _memcpy
 .libc.rom.text
                0x0000000000011458       0xf8 ./build/rom/memmove.o
                0x0000000000011458                _memmove
 .libc.rom.text
                0x0000000000011550       0xa4 ./build/rom/memset.o
                0x0000000000011550                _memset
 .libc.rom.text
                0x00000000000115f4       0x7c ./build/rom/strcmp.o
                0x00000000000115f4                _strcmp
 .libc.rom.text
                0x0000000000011670       0x54 ./build/rom/stricmp.o
                0x0000000000011670                _stricmp
 .libc.rom.text
                0x00000000000116c4       0x5c ./build/rom/strlen.o
                0x00000000000116c4                _strlen
 .libc.rom.text
                0x0000000000011720      0x12c ./build/rom/strtoul.o
                0x0000000000011720                _strtoul
 .libc.rom.text
                0x000000000001184c       0x1c ./build/rom/strupr.o
                0x000000000001184c                _strupr
 .libc.rom.text
                0x0000000000011868       0x50 ./build/rom/strwrap.o
                0x0000000000011868                __wrap_memset
                0x0000000000011870                __wrap_memcpy
                0x0000000000011878                __wrap_memcmp
                0x0000000000011880                __wrap_memchr
                0x0000000000011888                __wrap_memmove
                0x0000000000011890                __wrap_strlen
                0x0000000000011898                __wrap_strcmp
                0x00000000000118a0                __wrap_stricmp
                0x00000000000118a8                __wrap_strupr
                0x00000000000118b0                __wrap_strtoul
 *(.ssl.rom.text*)
 *(.dsp.rom.text*)
 .rom.text      0x00000000000118b8      0x380 ./build/rom/mbedtls_rom_asn1parse.o
                0x00000000000118b8                mbedtls_asn1_get_len
                0x000000000001194c                mbedtls_asn1_get_tag
                0x0000000000011974                mbedtls_asn1_get_bool
                0x00000000000119a4                mbedtls_asn1_get_int
                0x00000000000119ec                mbedtls_asn1_get_mpi
                0x0000000000011a12                mbedtls_asn1_get_bitstring
                0x0000000000011a52                mbedtls_asn1_get_bitstring_null
                0x0000000000011a7a                mbedtls_asn1_get_sequence_of
                0x0000000000011afc                mbedtls_asn1_get_alg
                0x0000000000011b92                mbedtls_asn1_get_alg_null
                0x0000000000011bc2                mbedtls_asn1_free_named_data
                0x0000000000011bec                mbedtls_asn1_free_named_data_list
                0x0000000000011c10                mbedtls_asn1_find_named_data
 .rom.text      0x0000000000011c38      0x51c ./build/rom/mbedtls_rom_asn1write.o
                0x0000000000011c38                mbedtls_asn1_write_len
                0x0000000000011d20                mbedtls_asn1_write_tag
                0x0000000000011d3c                mbedtls_asn1_write_raw_buffer
                0x0000000000011d66                mbedtls_asn1_write_mpi
                0x0000000000011de8                mbedtls_asn1_write_null
                0x0000000000011e0e                mbedtls_asn1_write_oid
                0x0000000000011e44                mbedtls_asn1_write_algorithm_identifier
                0x0000000000011e96                mbedtls_asn1_write_bool
                0x0000000000011ee0                mbedtls_asn1_write_int
                0x0000000000011f46                mbedtls_asn1_write_tagged_string
                0x0000000000011f86                mbedtls_asn1_write_utf8_string
                0x0000000000011f98                mbedtls_asn1_write_printable_string
                0x0000000000011faa                mbedtls_asn1_write_ia5_string
                0x0000000000011fbc                mbedtls_asn1_write_bitstring
                0x0000000000012046                mbedtls_asn1_write_octet_string
                0x000000000001207c                mbedtls_asn1_store_named_data
 .rom.text      0x0000000000012154     0x2878 ./build/rom/mbedtls_rom_bignum.o
                0x0000000000012bb2                mbedtls_mpi_init
                0x0000000000012bbe                mbedtls_mpi_free
                0x0000000000012bec                mbedtls_mpi_grow
                0x0000000000012c44                mbedtls_mpi_shrink
                0x0000000000012cb8                mbedtls_mpi_copy
                0x0000000000012d10                mbedtls_mpi_swap
                0x0000000000012d3c                mbedtls_mpi_safe_cond_assign
                0x0000000000012da6                mbedtls_mpi_safe_cond_swap
                0x0000000000012e28                mbedtls_mpi_lset
                0x0000000000012e60                mbedtls_mpi_get_bit
                0x0000000000012e82                mbedtls_mpi_set_bit
                0x0000000000012ed4                mbedtls_mpi_lsb
                0x0000000000012f08                mbedtls_mpi_bitlen
                0x0000000000012f3e                mbedtls_mpi_size
                0x0000000000012f4a                mbedtls_mpi_read_binary
                0x0000000000012fb6                mbedtls_mpi_write_binary
                0x0000000000013022                mbedtls_mpi_shift_l
                0x00000000000130c2                mbedtls_mpi_shift_r
                0x0000000000013136                mbedtls_mpi_cmp_abs
                0x000000000001319c                mbedtls_mpi_cmp_mpi
                0x000000000001321e                mbedtls_mpi_lt_mpi_ct
                0x00000000000132ae                mbedtls_mpi_cmp_int
                0x00000000000132da                mbedtls_mpi_add_abs
                0x000000000001338a                mbedtls_mpi_sub_abs
                0x0000000000013426                mbedtls_mpi_add_mpi
                0x000000000001346a                mbedtls_mpi_sub_mpi
                0x00000000000134b0                mbedtls_mpi_add_int
                0x00000000000134dc                mbedtls_mpi_sub_int
                0x0000000000013508                mbedtls_mpi_mul_mpi
                0x00000000000135d0                mbedtls_mpi_mul_int
                0x00000000000135ea                mbedtls_mpi_read_string
                0x0000000000013710                mbedtls_mpi_div_mpi
                0x0000000000013b1a                mbedtls_mpi_div_int
                0x0000000000013b44                mbedtls_mpi_mod_mpi
                0x0000000000013ba8                mbedtls_mpi_mod_int
                0x0000000000013be2                mbedtls_mpi_write_string
                0x0000000000013d88                mbedtls_mpi_exp_mod
                0x000000000001419e                mbedtls_mpi_gcd
                0x00000000000142a6                mbedtls_mpi_fill_random
                0x000000000001449e                mbedtls_mpi_inv_mod
                0x0000000000014756                mbedtls_mpi_is_prime_ext
                0x00000000000147b0                mbedtls_mpi_is_prime
                0x00000000000147ba                mbedtls_mpi_gen_prime
 .rom.text      0x00000000000149cc      0x314 ./build/rom/mbedtls_rom_ecdh.o
                0x00000000000149cc                mbedtls_ecdh_gen_public
                0x0000000000014a00                mbedtls_ecdh_compute_shared
                0x0000000000014a54                mbedtls_ecdh_init
                0x0000000000014a9c                mbedtls_ecdh_setup
                0x0000000000014ab0                mbedtls_ecdh_free
                0x0000000000014af8                mbedtls_ecdh_make_params
                0x0000000000014b60                mbedtls_ecdh_read_params
                0x0000000000014ba0                mbedtls_ecdh_get_params
                0x0000000000014c00                mbedtls_ecdh_make_public
                0x0000000000014c4c                mbedtls_ecdh_read_public
                0x0000000000014c78                mbedtls_ecdh_calc_secret
 .rom.text      0x0000000000014ce0      0x680 ./build/rom/mbedtls_rom_ecdsa.o
                0x0000000000015110                mbedtls_ecdsa_sign
                0x0000000000015130                mbedtls_ecdsa_sign_det
                0x0000000000015150                mbedtls_ecdsa_sign_det_ext
                0x000000000001515e                mbedtls_ecdsa_verify
                0x0000000000015160                mbedtls_ecdsa_write_signature_restartable
                0x0000000000015208                mbedtls_ecdsa_write_signature
                0x0000000000015228                mbedtls_ecdsa_write_signature_det
                0x0000000000015246                mbedtls_ecdsa_read_signature_restartable
                0x00000000000152e4                mbedtls_ecdsa_read_signature
                0x00000000000152f6                mbedtls_ecdsa_genkey
                0x000000000001531a                mbedtls_ecdsa_init
                0x000000000001531e                mbedtls_ecdsa_free
                0x0000000000015326                mbedtls_ecdsa_from_keypair
 .rom.text      0x0000000000015360     0x21fc ./build/rom/mbedtls_rom_ecp.o
                0x0000000000015e04                mbedtls_ecp_curve_list
                0x0000000000015e0c                mbedtls_ecp_grp_id_list
                0x0000000000015e44                mbedtls_ecp_curve_info_from_grp_id
                0x0000000000015e5c                mbedtls_ecp_curve_info_from_tls_id
                0x0000000000015e78                mbedtls_ecp_curve_info_from_name
                0x0000000000015ea4                mbedtls_ecp_point_init
                0x0000000000015ec0                mbedtls_ecp_group_init
                0x0000000000015f02                mbedtls_ecp_keypair_init
                0x0000000000015f1e                mbedtls_ecp_point_free
                0x0000000000015f24                mbedtls_ecp_group_free
                0x0000000000015f90                mbedtls_ecp_keypair_free
                0x0000000000015fb0                mbedtls_ecp_copy
                0x0000000000015fdc                mbedtls_ecp_group_copy
                0x0000000000015fe2                mbedtls_ecp_set_zero
                0x0000000000016820                mbedtls_ecp_is_zero
                0x0000000000016832                mbedtls_ecp_point_cmp
                0x0000000000016868                mbedtls_ecp_point_read_string
                0x0000000000016894                mbedtls_ecp_point_write_binary
                0x0000000000016930                mbedtls_ecp_point_read_binary
                0x00000000000169a0                mbedtls_ecp_tls_read_point
                0x00000000000169d0                mbedtls_ecp_tls_write_point
                0x0000000000016a00                mbedtls_ecp_tls_read_group_id
                0x0000000000016a44                mbedtls_ecp_tls_read_group
                0x0000000000016a60                mbedtls_ecp_tls_write_group
                0x0000000000016a98                mbedtls_ecp_check_pubkey
                0x0000000000016c20                mbedtls_ecp_check_privkey
                0x0000000000016c94                mbedtls_ecp_mul_restartable
                0x00000000000171fc                mbedtls_ecp_mul
                0x000000000001728e                mbedtls_ecp_muladd_restartable
                0x0000000000017308                mbedtls_ecp_muladd
                0x000000000001731e                mbedtls_ecp_gen_privkey
                0x0000000000017434                mbedtls_ecp_gen_keypair_base
                0x0000000000017468                mbedtls_ecp_gen_keypair
                0x0000000000017480                mbedtls_ecp_gen_key
                0x00000000000174a8                mbedtls_ecp_check_pub_priv
 .rom.text      0x000000000001755c     0x10f0 ./build/rom/mbedtls_rom_ecp_curves.o
                0x0000000000018274                mbedtls_ecp_group_load
 .rom.text      0x000000000001864c      0x336 ./build/rom/mbedtls_rom_hmac_drbg.o
                0x000000000001864c                mbedtls_hmac_drbg_init
                0x0000000000018660                mbedtls_hmac_drbg_update_ret
                0x00000000000187ce                mbedtls_hmac_drbg_update
                0x00000000000187d2                mbedtls_hmac_drbg_seed_buf
                0x000000000001881e                mbedtls_hmac_drbg_reseed
                0x0000000000018822                mbedtls_hmac_drbg_seed
                0x000000000001888c                mbedtls_hmac_drbg_set_prediction_resistance
                0x0000000000018890                mbedtls_hmac_drbg_set_entropy_len
                0x0000000000018894                mbedtls_hmac_drbg_set_reseed_interval
                0x0000000000018898                mbedtls_hmac_drbg_random_with_add
                0x0000000000018958                mbedtls_hmac_drbg_random
                0x0000000000018968                mbedtls_hmac_drbg_free
 *fill*         0x0000000000018982        0x2 
 .rom.text      0x0000000000018984      0x404 ./build/rom/mbedtls_rom_md.o
                0x0000000000018984                mbedtls_md_list
                0x000000000001898c                mbedtls_md_info_from_string
                0x0000000000018a2c                mbedtls_md_info_from_type
                0x0000000000018a70                mbedtls_md_init
                0x0000000000018a7a                mbedtls_md_free
                0x0000000000018ab8                mbedtls_md_clone
                0x0000000000018ae0                mbedtls_md_setup
                0x0000000000018b28                mbedtls_md_init_ctx
                0x0000000000018b2e                mbedtls_md_starts
                0x0000000000018b44                mbedtls_md_update
                0x0000000000018b58                mbedtls_md_finish
                0x0000000000018b6c                mbedtls_md
                0x0000000000018b8c                mbedtls_md_hmac_starts
                0x0000000000018c54                mbedtls_md_hmac_update
                0x0000000000018c78                mbedtls_md_hmac_finish
                0x0000000000018cd8                mbedtls_md_hmac_reset
                0x0000000000018d08                mbedtls_md_hmac
                0x0000000000018d60                mbedtls_md_process
                0x0000000000018d74                mbedtls_md_get_size
                0x0000000000018d7a                mbedtls_md_get_type
                0x0000000000018d80                mbedtls_md_get_name
 .rom.text      0x0000000000018d88      0x918 ./build/rom/mbedtls_rom_md5.o
                0x0000000000018d88                mbedtls_md5_init
                0x0000000000018d90                mbedtls_md5_free
                0x0000000000018d9a                mbedtls_md5_clone
                0x0000000000018da4                mbedtls_md5_starts_ret
                0x0000000000018dd0                mbedtls_md5_starts
                0x0000000000018dd4                mbedtls_internal_md5_process
                0x000000000001950c                mbedtls_md5_process
                0x0000000000019510                mbedtls_md5_update_ret
                0x000000000001958a                mbedtls_md5_update
                0x000000000001958e                mbedtls_md5_finish_ret
                0x000000000001963c                mbedtls_md5_finish
                0x0000000000019640                mbedtls_md5_ret
                0x000000000001969c                mbedtls_md5
 .rom.text      0x00000000000196a0      0x168 ./build/rom/mbedtls_rom_md_wrap.o
 .rom.text      0x0000000000019808       0x10 ./build/rom/mbedtls_rom_platform_util.o
                0x0000000000019808                mbedtls_platform_zeroize
 .rom.text      0x0000000000019818     0x1070 ./build/rom/mbedtls_rom_sha1.o
                0x0000000000019818                mbedtls_sha1_init
                0x0000000000019820                mbedtls_sha1_free
                0x000000000001982a                mbedtls_sha1_clone
                0x0000000000019834                mbedtls_sha1_starts_ret
                0x0000000000019868                mbedtls_sha1_starts
                0x000000000001986c                mbedtls_internal_sha1_process
                0x000000000001a6f8                mbedtls_sha1_process
                0x000000000001a6fc                mbedtls_sha1_update_ret
                0x000000000001a776                mbedtls_sha1_update
                0x000000000001a77a                mbedtls_sha1_finish_ret
                0x000000000001a840                mbedtls_sha1_finish
                0x000000000001a844                mbedtls_sha1_ret
                0x000000000001a882                mbedtls_sha1
 .rom.text      0x000000000001a888      0x998 ./build/rom/mbedtls_rom_sha256.o
                0x000000000001a888                mbedtls_sha256_init
                0x000000000001a890                mbedtls_sha256_free
                0x000000000001a89a                mbedtls_sha256_clone
                0x000000000001a8a4                mbedtls_sha256_starts_ret
                0x000000000001a948                mbedtls_sha256_starts
                0x000000000001a94c                mbedtls_internal_sha256_process
                0x000000000001b04e                mbedtls_sha256_process
                0x000000000001b052                mbedtls_sha256_update_ret
                0x000000000001b0cc                mbedtls_sha256_update
                0x000000000001b0d0                mbedtls_sha256_finish_ret
                0x000000000001b1d6                mbedtls_sha256_finish
                0x000000000001b1da                mbedtls_sha256_ret
                0x000000000001b21c                mbedtls_sha256
 .rom.text      0x000000000001b220     0x1000 ./build/rom/mbedtls_rom_sha512.o
                0x000000000001b220                mbedtls_sha512_init
                0x000000000001b228                mbedtls_sha512_free
                0x000000000001b232                mbedtls_sha512_clone
                0x000000000001b23c                mbedtls_sha512_starts_ret
                0x000000000001b370                mbedtls_sha512_starts
                0x000000000001b374                mbedtls_internal_sha512_process
                0x000000000001bf02                mbedtls_sha512_process
                0x000000000001bf06                mbedtls_sha512_update_ret
                0x000000000001bf98                mbedtls_sha512_update
                0x000000000001bf9c                mbedtls_sha512_finish_ret
                0x000000000001c1d4                mbedtls_sha512_finish
                0x000000000001c1d8                mbedtls_sha512_ret
                0x000000000001c21a                mbedtls_sha512
 .rom.text      0x000000000001c220        0x0 ./build/rom/rom_ssl_ram_map.o

.rom.rodata     0x0000000000045000     0x2dd7
 *(.sim.rom.rodata*)
 *(.hal.rom.rodata*)
 .hal.rom.rodata
                0x0000000000045000        0x4 ./build/rom/ameba_aes.o
 .hal.rom.rodata
                0x0000000000045004        0x8 ./build/rom/ameba_boot_rom.o
 .hal.rom.rodata
                0x000000000004500c       0x40 ./build/rom/ameba_clk_rom.o
 .hal.rom.rodata
                0x000000000004504c      0x3a0 ./build/rom/ameba_ecdsa.o
 .hal.rom.rodata
                0x00000000000453ec        0x8 ./build/rom/ameba_flash_rom.o
                0x00000000000453ec                SPIC_CALIB_PATTERN
 .hal.rom.rodata
                0x00000000000453f4       0x10 ./build/rom/ameba_gpio_rom.o
                0x00000000000453f4                GPIO_PORTx_S
                0x00000000000453fc                GPIO_PORTx
 .hal.rom.rodata
                0x0000000000045404       0x3c ./build/rom/ameba_loguart_rom.o
 .hal.rom.rodata
                0x0000000000045440       0x20 ./build/rom/monitor_rom.o
 .hal.rom.rodata
                0x0000000000045460       0x90 ./build/rom/xmodem_rom.o
                0x0000000000045460                BAUDRATE_TABLE
 *(.libc.rom.rodata*)
 *(.apple.rom.rodata*)
 .apple.rom.rodata
                0x00000000000454f0      0x438 ./build/rom/boot_rom_homekit_ed25519_ge_fe.o
 *(.ssl.rom.rodata*)
 *(.rom.rodata*)
 .rom.rodata    0x0000000000045928       0x90 ./build/rom/ameba_aes.o
 .rom.rodata.str1.4
                0x00000000000459b8       0x36 ./build/rom/ameba_assert_rom.o
 *fill*         0x00000000000459ee        0x2 
 .rom.rodata    0x00000000000459f0       0x2f ./build/rom/ameba_backup_reg.o
 *fill*         0x0000000000045a1f        0x1 
 .rom.rodata.str1.4
                0x0000000000045a20      0x1b7 ./build/rom/ameba_boot_rom.o
 *fill*         0x0000000000045bd7        0x1 
 .rom.rodata.str1.4
                0x0000000000045bd8      0x25a ./build/rom/ameba_crypto_rom.o
 *fill*         0x0000000000045e32        0x2 
 .rom.rodata    0x0000000000045e34       0x2d ./build/rom/ameba_crypto_rom.o
 *fill*         0x0000000000045e61        0x3 
 .rom.rodata    0x0000000000045e64       0x1c ./build/rom/ameba_flash_rom.o
 .rom.rodata.str1.4
                0x0000000000045e80      0x16c ./build/rom/ameba_flashclk_rom.o
 .rom.rodata    0x0000000000045fec       0x63 ./build/rom/ameba_gpio_rom.o
 *fill*         0x000000000004604f        0x1 
 .rom.rodata    0x0000000000046050       0x84 ./build/rom/ameba_loguart_rom.o
 .rom.rodata    0x00000000000460d4       0xae ./build/rom/ameba_md5.o
 *fill*         0x0000000000046182        0x2 
 .rom.rodata    0x0000000000046184       0x10 ./build/rom/ameba_otf_rom.o
 .rom.rodata    0x0000000000046194       0x13 ./build/rom/ameba_pinmux_rom.o
 *fill*         0x00000000000461a7        0x1 
 .rom.rodata    0x00000000000461a8       0x10 ./build/rom/ameba_rcc_rom.o
 .rom.rodata    0x00000000000461b8      0x147 ./build/rom/ameba_sha.o
 *fill*         0x00000000000462ff        0x1 
 .rom.rodata    0x0000000000046300       0x9a ./build/rom/ameba_tim_rom.o
 *fill*         0x000000000004639a        0x2 
 .rom.rodata    0x000000000004639c       0x35 ./build/rom/ameba_trng.o
 *fill*         0x00000000000463d1        0x3 
 .rom.rodata    0x00000000000463d4        0xa ./build/rom/ameba_uart_rom.o
 *fill*         0x00000000000463de        0x2 
 .rom.rodata.str1.4
                0x00000000000463e0      0x492 ./build/rom/ameba_vector_rom.o
 *fill*         0x0000000000046872        0x2 
 .rom.rodata    0x0000000000046874       0x87 ./build/rom/ameba_wdg.o
 *fill*         0x00000000000468fb        0x1 
 .rom.rodata.str1.4
                0x00000000000468fc       0x11 ./build/rom/diag.o
 .rom.rodata.str1.1
                0x000000000004690d       0x11 ./build/rom/mbedtls_rom_bignum.o
 *fill*         0x000000000004691e        0x2 
 .rom.rodata    0x0000000000046920      0x2a0 ./build/rom/mbedtls_rom_bignum.o
 .rom.rodata.str1.1
                0x0000000000046bc0       0x11 ./build/rom/mbedtls_rom_ecdsa.o
 .rom.rodata.str1.1
                0x0000000000046bd1       0x80 ./build/rom/mbedtls_rom_ecp.o
 *fill*         0x0000000000046c51        0x3 
 .rom.rodata    0x0000000000046c54       0x90 ./build/rom/mbedtls_rom_ecp.o
 .rom.rodata.str1.1
                0x0000000000046ce4       0x28 ./build/rom/mbedtls_rom_ecp_curves.o
 .rom.rodata    0x0000000000046d0c      0x8b8 ./build/rom/mbedtls_rom_ecp_curves.o
 .rom.rodata.str1.1
                0x00000000000475c4       0x29 ./build/rom/mbedtls_rom_md.o
 *fill*         0x00000000000475ed        0x3 
 .rom.rodata    0x00000000000475f0       0x1c ./build/rom/mbedtls_rom_md.o
 .rom.rodata.str1.1
                0x000000000004760c       0x25 ./build/rom/mbedtls_rom_md_wrap.o
 *fill*         0x0000000000047631        0x3 
 .rom.rodata    0x0000000000047634      0x120 ./build/rom/mbedtls_rom_md_wrap.o
                0x0000000000047634                mbedtls_sha512_info
                0x0000000000047664                mbedtls_sha384_info
                0x0000000000047694                mbedtls_sha256_info
                0x00000000000476c4                mbedtls_sha224_info
                0x00000000000476f4                mbedtls_sha1_info
                0x0000000000047724                mbedtls_md5_info
 .rom.rodata    0x0000000000047754      0x100 ./build/rom/mbedtls_rom_sha256.o
 *fill*         0x0000000000047854        0x4 
 .rom.rodata    0x0000000000047858      0x280 ./build/rom/mbedtls_rom_sha512.o
 .rom.rodata.str1.1
                0x0000000000047ad8      0x108 ./build/rom/monitor_rom.o
 .rom.rodata.str1.1
                0x0000000000047be0       0x2b ./build/rom/shell_rom.o
 *fill*         0x0000000000047c0b        0x1 
 .rom.rodata.str1.4
                0x0000000000047c0c      0x159 ./build/rom/xmodem_rom.o
 *fill*         0x0000000000047d65        0x3 
 .rom.rodata.str1.4
                0x0000000000047d68       0x1d ./build/rom/xmodem_uart_rom.o
 *fill*         0x0000000000047d85        0x3 
 .rom.rodata.str1.4
                0x0000000000047d88       0x4f ./build/rom/xmodem_update_rom.o
 *(.rodata*)

.hal.rom.bss    0x0000000020004000      0x8e4
                0x0000000020004000                __rom_bss_start__ = .
 *diag.o(.hal.rom.bss*)
 .hal.rom.bss   0x0000000020004000       0x14 ./build/rom/diag.o
                0x0000000020004000                ConfigDebugClose
                0x0000000020004004                ConfigDebug
 *ameba_flash_rom.o(.hal.rom.bss*)
 .hal.rom.bss   0x0000000020004014       0x68 ./build/rom/ameba_flash_rom.o
                0x0000000020004014                flash_init_para
 *shell_rom.o(.hal.rom.bss*)
 .hal.rom.bss   0x000000002000407c      0x164 ./build/rom/shell_rom.o
                0x000000002000407c                shell_argv_array
                0x00000000200040bc                shell_ctl
                0x00000000200040e0                shell_rxbuf
                0x0000000020004160                shell_buf
 *ameba_crypto_rom.o(.hal.rom.bss*)
 .hal.rom.bss   0x00000000200041e0      0x4e0 ./build/rom/ameba_crypto_rom.o
                0x00000000200041e0                SHA_OTPKEY
                0x0000000020004200                crypto_engine
                0x0000000020004440                crypto_sha_engine
 *mbedtls_rom_ecp.o(.hal.rom.bss*)
 .hal.rom.bss   0x00000000200046c0       0x10 ./build/rom/mbedtls_rom_ecp.o
 *mbedtls_rom_ecp_curves.o(.hal.rom.bss*)
 .hal.rom.bss   0x00000000200046d0        0xc ./build/rom/mbedtls_rom_ecp_curves.o
 *(.hal.rom.bss*)
 .hal.rom.bss   0x00000000200046dc        0x4 ./build/rom/ameba_delay_rom.o
                0x00000000200046dc                RBSS_UDELAY_CLK
 .hal.rom.bss   0x00000000200046e0        0x1 ./build/rom/ameba_flashclk_rom.o
                0x00000000200046e0                FLASH_PLL_Source_IsCPU
 *fill*         0x00000000200046e1        0x3 
 .hal.rom.bss   0x00000000200046e4      0x200 ./build/rom/ameba_gpio_rom.o
                0x00000000200046e4                PortA_IrqHandler
                0x0000000020004764                PortA_IrqData
                0x00000000200047e4                PortB_IrqHandler
                0x0000000020004864                PortB_IrqData
                0x00000000200048e4                __rom_bss_end__ = .

.hal.s_rom.bss  0x0000000030007000      0x464
                0x0000000030007000                __rom_bss_start_s__ = .
 *(.ram_vector_table1)
 .ram_vector_table1
                0x0000000030007000      0x180 ./build/rom/ameba_vector_rom.o
                0x0000000030007000                NewVectorTable
 *(.ram_vector_table2)
 .ram_vector_table2
                0x0000000030007180      0x144 ./build/rom/ameba_vector_rom.o
                0x0000000030007180                FaultPatchHandler
                0x0000000030007184                UserIrqFunTable
 *(.ram_vector_table3)
 .ram_vector_table3
                0x00000000300072c4      0x140 ./build/rom/ameba_vector_rom.o
                0x00000000300072c4                UserIrqDataTable
 *(.hal.rom.bank.bss*)
 .hal.rom.bank.bss
                0x0000000030007404       0x10 ./build/rom/ameba_boot_rom.o
                0x0000000030007404                DerivedKey
 .hal.rom.bank.bss
                0x0000000030007414        0xc ./build/rom/xmodem_rom.o
                0x0000000030007414                xmodem_ctrl
 *(.ssl_ram_map*)
 .ssl_ram_map   0x0000000030007420       0x44 ./build/rom/rom_ssl_ram_map.o
                0x0000000030007420                p_rom_ssl_ram_map
                0x0000000030007424                rom_ssl_ram_map
                0x0000000030007464                __rom_bss_end_s__ = .

.ram_image1.entry
                0x000000003000a020        0x0
                0x000000003000a020                __ram_start_table_start__ = .
 *(SORT_BY_NAME(.image1.entry.data*))
 *(.image1.validate.rodata*)

.ns_rom.rodata  0x0000000000041000        0x0
                0x0000000000041000                __rom_entry_ns_start__ = ABSOLUTE (.)

.ram.data       0x0000000070160020        0x0
 *(.data*)
 .data          0x0000000070160020        0x0 ./build/rom/ameba_aes.o
 .data          0x0000000070160020        0x0 ./build/rom/ameba_assert_rom.o
 .data          0x0000000070160020        0x0 ./build/rom/ameba_backup_reg.o
 .data          0x0000000070160020        0x0 ./build/rom/ameba_boot_rom.o
 .data          0x0000000070160020        0x0 ./build/rom/ameba_clk_rom.o
 .data          0x0000000070160020        0x0 ./build/rom/ameba_crypto_rom.o
 .data          0x0000000070160020        0x0 ./build/rom/ameba_delay_rom.o
 .data          0x0000000070160020        0x0 ./build/rom/ameba_ecdsa.o
 .data          0x0000000070160020        0x0 ./build/rom/ameba_flash_rom.o
 .data          0x0000000070160020        0x0 ./build/rom/ameba_flashclk_rom.o
 .data          0x0000000070160020        0x0 ./build/rom/ameba_gpio_rom.o
 .data          0x0000000070160020        0x0 ./build/rom/ameba_loguart_rom.o
 .data          0x0000000070160020        0x0 ./build/rom/ameba_md5.o
 .data          0x0000000070160020        0x0 ./build/rom/ameba_otf_rom.o
 .data          0x0000000070160020        0x0 ./build/rom/ameba_pinmux_rom.o
 .data          0x0000000070160020        0x0 ./build/rom/ameba_rcc_rom.o
 .data          0x0000000070160020        0x0 ./build/rom/ameba_secure_boot.o
 .data          0x0000000070160020        0x0 ./build/rom/ameba_sha.o
 .data          0x0000000070160020        0x0 ./build/rom/ameba_syscfg_rom.o
 .data          0x0000000070160020        0x0 ./build/rom/ameba_systimer_rom.o
 .data          0x0000000070160020        0x0 ./build/rom/ameba_tim_rom.o
 .data          0x0000000070160020        0x0 ./build/rom/ameba_trng.o
 .data          0x0000000070160020        0x0 ./build/rom/ameba_uart_rom.o
 .data          0x0000000070160020        0x0 ./build/rom/ameba_vector_rom.o
 .data          0x0000000070160020        0x0 ./build/rom/ameba_vectors_km4.o
 .data          0x0000000070160020        0x0 ./build/rom/ameba_wdg.o
 .data          0x0000000070160020        0x0 ./build/rom/boot_rom_homekit_ed25519.o
 .data          0x0000000070160020        0x0 ./build/rom/boot_rom_homekit_ed25519_ge_fe.o
 .data          0x0000000070160020        0x0 ./build/rom/boot_rom_homekit_ed25519_open.o
 .data          0x0000000070160020        0x0 ./build/rom/boot_rom_homekit_ed25519_sc.o
 .data          0x0000000070160020        0x0 ./build/rom/char2num.o
 .data          0x0000000070160020        0x0 ./build/rom/diag.o
 .data          0x0000000070160020        0x0 ./build/rom/mbedtls_rom_asn1parse.o
 .data          0x0000000070160020        0x0 ./build/rom/mbedtls_rom_asn1write.o
 .data          0x0000000070160020        0x0 ./build/rom/mbedtls_rom_bignum.o
 .data          0x0000000070160020        0x0 ./build/rom/mbedtls_rom_ecdh.o
 .data          0x0000000070160020        0x0 ./build/rom/mbedtls_rom_ecdsa.o
 .data          0x0000000070160020        0x0 ./build/rom/mbedtls_rom_ecp.o
 .data          0x0000000070160020        0x0 ./build/rom/mbedtls_rom_ecp_curves.o
 .data          0x0000000070160020        0x0 ./build/rom/mbedtls_rom_hmac_drbg.o
 .data          0x0000000070160020        0x0 ./build/rom/mbedtls_rom_md.o
 .data          0x0000000070160020        0x0 ./build/rom/mbedtls_rom_md5.o
 .data          0x0000000070160020        0x0 ./build/rom/mbedtls_rom_md_wrap.o
 .data          0x0000000070160020        0x0 ./build/rom/mbedtls_rom_platform_util.o
 .data          0x0000000070160020        0x0 ./build/rom/mbedtls_rom_sha1.o
 .data          0x0000000070160020        0x0 ./build/rom/mbedtls_rom_sha256.o
 .data          0x0000000070160020        0x0 ./build/rom/mbedtls_rom_sha512.o
 .data          0x0000000070160020        0x0 ./build/rom/memchr.o
 .data          0x0000000070160020        0x0 ./build/rom/memcmp.o
 .data          0x0000000070160020        0x0 ./build/rom/memcpy.o
 .data          0x0000000070160020        0x0 ./build/rom/memmove.o
 .data          0x0000000070160020        0x0 ./build/rom/memset.o
 .data          0x0000000070160020        0x0 ./build/rom/monitor_rom.o
 .data          0x0000000070160020        0x0 ./build/rom/rand.o
 .data          0x0000000070160020        0x0 ./build/rom/rom_homekit_sha512.o
 .data          0x0000000070160020        0x0 ./build/rom/rom_ssl_ram_map.o
 .data          0x0000000070160020        0x0 ./build/rom/shell_rom.o
 .data          0x0000000070160020        0x0 ./build/rom/strcmp.o
 .data          0x0000000070160020        0x0 ./build/rom/stricmp.o
 .data          0x0000000070160020        0x0 ./build/rom/strlen.o
 .data          0x0000000070160020        0x0 ./build/rom/strtoul.o
 .data          0x0000000070160020        0x0 ./build/rom/strupr.o
 .data          0x0000000070160020        0x0 ./build/rom/strwrap.o
 .data          0x0000000070160020        0x0 ./build/rom/xmodem_rom.o
 .data          0x0000000070160020        0x0 ./build/rom/xmodem_uart_rom.o
 .data          0x0000000070160020        0x0 ./build/rom/xmodem_update_rom.o

.ram.bss        0x0000000070160020        0x0
 *(.bss*)
 .bss           0x0000000070160020        0x0 ./build/rom/ameba_aes.o
 .bss           0x0000000070160020        0x0 ./build/rom/ameba_assert_rom.o
 .bss           0x0000000070160020        0x0 ./build/rom/ameba_backup_reg.o
 .bss           0x0000000070160020        0x0 ./build/rom/ameba_boot_rom.o
 .bss           0x0000000070160020        0x0 ./build/rom/ameba_clk_rom.o
 .bss           0x0000000070160020        0x0 ./build/rom/ameba_crypto_rom.o
 .bss           0x0000000070160020        0x0 ./build/rom/ameba_delay_rom.o
 .bss           0x0000000070160020        0x0 ./build/rom/ameba_ecdsa.o
 .bss           0x0000000070160020        0x0 ./build/rom/ameba_flash_rom.o
 .bss           0x0000000070160020        0x0 ./build/rom/ameba_flashclk_rom.o
 .bss           0x0000000070160020        0x0 ./build/rom/ameba_gpio_rom.o
 .bss           0x0000000070160020        0x0 ./build/rom/ameba_loguart_rom.o
 .bss           0x0000000070160020        0x0 ./build/rom/ameba_md5.o
 .bss           0x0000000070160020        0x0 ./build/rom/ameba_otf_rom.o
 .bss           0x0000000070160020        0x0 ./build/rom/ameba_pinmux_rom.o
 .bss           0x0000000070160020        0x0 ./build/rom/ameba_rcc_rom.o
 .bss           0x0000000070160020        0x0 ./build/rom/ameba_secure_boot.o
 .bss           0x0000000070160020        0x0 ./build/rom/ameba_sha.o
 .bss           0x0000000070160020        0x0 ./build/rom/ameba_syscfg_rom.o
 .bss           0x0000000070160020        0x0 ./build/rom/ameba_systimer_rom.o
 .bss           0x0000000070160020        0x0 ./build/rom/ameba_tim_rom.o
 .bss           0x0000000070160020        0x0 ./build/rom/ameba_trng.o
 .bss           0x0000000070160020        0x0 ./build/rom/ameba_uart_rom.o
 .bss           0x0000000070160020        0x0 ./build/rom/ameba_vector_rom.o
 .bss           0x0000000070160020        0x0 ./build/rom/ameba_vectors_km4.o
 .bss           0x0000000070160020        0x0 ./build/rom/ameba_wdg.o
 .bss           0x0000000070160020        0x0 ./build/rom/boot_rom_homekit_ed25519.o
 .bss           0x0000000070160020        0x0 ./build/rom/boot_rom_homekit_ed25519_ge_fe.o
 .bss           0x0000000070160020        0x0 ./build/rom/boot_rom_homekit_ed25519_open.o
 .bss           0x0000000070160020        0x0 ./build/rom/boot_rom_homekit_ed25519_sc.o
 .bss           0x0000000070160020        0x0 ./build/rom/char2num.o
 .bss           0x0000000070160020        0x0 ./build/rom/diag.o
 .bss           0x0000000070160020        0x0 ./build/rom/mbedtls_rom_asn1parse.o
 .bss           0x0000000070160020        0x0 ./build/rom/mbedtls_rom_asn1write.o
 .bss           0x0000000070160020        0x0 ./build/rom/mbedtls_rom_bignum.o
 .bss           0x0000000070160020        0x0 ./build/rom/mbedtls_rom_ecdh.o
 .bss           0x0000000070160020        0x0 ./build/rom/mbedtls_rom_ecdsa.o
 .bss           0x0000000070160020        0x0 ./build/rom/mbedtls_rom_ecp.o
 .bss           0x0000000070160020        0x0 ./build/rom/mbedtls_rom_ecp_curves.o
 .bss           0x0000000070160020        0x0 ./build/rom/mbedtls_rom_hmac_drbg.o
 .bss           0x0000000070160020        0x0 ./build/rom/mbedtls_rom_md.o
 .bss           0x0000000070160020        0x0 ./build/rom/mbedtls_rom_md5.o
 .bss           0x0000000070160020        0x0 ./build/rom/mbedtls_rom_md_wrap.o
 .bss           0x0000000070160020        0x0 ./build/rom/mbedtls_rom_platform_util.o
 .bss           0x0000000070160020        0x0 ./build/rom/mbedtls_rom_sha1.o
 .bss           0x0000000070160020        0x0 ./build/rom/mbedtls_rom_sha256.o
 .bss           0x0000000070160020        0x0 ./build/rom/mbedtls_rom_sha512.o
 .bss           0x0000000070160020        0x0 ./build/rom/memchr.o
 .bss           0x0000000070160020        0x0 ./build/rom/memcmp.o
 .bss           0x0000000070160020        0x0 ./build/rom/memcpy.o
 .bss           0x0000000070160020        0x0 ./build/rom/memmove.o
 .bss           0x0000000070160020        0x0 ./build/rom/memset.o
 .bss           0x0000000070160020        0x0 ./build/rom/monitor_rom.o
 .bss           0x0000000070160020        0x0 ./build/rom/rand.o
 .bss           0x0000000070160020        0x0 ./build/rom/rom_homekit_sha512.o
 .bss           0x0000000070160020        0x0 ./build/rom/rom_ssl_ram_map.o
 .bss           0x0000000070160020        0x0 ./build/rom/shell_rom.o
 .bss           0x0000000070160020        0x0 ./build/rom/strcmp.o
 .bss           0x0000000070160020        0x0 ./build/rom/stricmp.o
 .bss           0x0000000070160020        0x0 ./build/rom/strlen.o
 .bss           0x0000000070160020        0x0 ./build/rom/strtoul.o
 .bss           0x0000000070160020        0x0 ./build/rom/strupr.o
 .bss           0x0000000070160020        0x0 ./build/rom/strwrap.o
 .bss           0x0000000070160020        0x0 ./build/rom/xmodem_rom.o
 .bss           0x0000000070160020        0x0 ./build/rom/xmodem_uart_rom.o
 .bss           0x0000000070160020        0x0 ./build/rom/xmodem_update_rom.o

.rom.text.libgcc
                0x000000000001c220        0x0
 *(.text*)
 .text          0x000000000001c220        0x0 ./build/rom/ameba_aes.o
 .text          0x000000000001c220        0x0 ./build/rom/ameba_assert_rom.o
 .text          0x000000000001c220        0x0 ./build/rom/ameba_backup_reg.o
 .text          0x000000000001c220        0x0 ./build/rom/ameba_boot_rom.o
 .text          0x000000000001c220        0x0 ./build/rom/ameba_clk_rom.o
 .text          0x000000000001c220        0x0 ./build/rom/ameba_crypto_rom.o
 .text          0x000000000001c220        0x0 ./build/rom/ameba_delay_rom.o
 .text          0x000000000001c220        0x0 ./build/rom/ameba_ecdsa.o
 .text          0x000000000001c220        0x0 ./build/rom/ameba_flash_rom.o
 .text          0x000000000001c220        0x0 ./build/rom/ameba_flashclk_rom.o
 .text          0x000000000001c220        0x0 ./build/rom/ameba_gpio_rom.o
 .text          0x000000000001c220        0x0 ./build/rom/ameba_loguart_rom.o
 .text          0x000000000001c220        0x0 ./build/rom/ameba_md5.o
 .text          0x000000000001c220        0x0 ./build/rom/ameba_otf_rom.o
 .text          0x000000000001c220        0x0 ./build/rom/ameba_pinmux_rom.o
 .text          0x000000000001c220        0x0 ./build/rom/ameba_rcc_rom.o
 .text          0x000000000001c220        0x0 ./build/rom/ameba_secure_boot.o
 .text          0x000000000001c220        0x0 ./build/rom/ameba_sha.o
 .text          0x000000000001c220        0x0 ./build/rom/ameba_syscfg_rom.o
 .text          0x000000000001c220        0x0 ./build/rom/ameba_systimer_rom.o
 .text          0x000000000001c220        0x0 ./build/rom/ameba_tim_rom.o
 .text          0x000000000001c220        0x0 ./build/rom/ameba_trng.o
 .text          0x000000000001c220        0x0 ./build/rom/ameba_uart_rom.o
 .text          0x000000000001c220        0x0 ./build/rom/ameba_vector_rom.o
 .text          0x000000000001c220        0x0 ./build/rom/ameba_vectors_km4.o
 .text          0x000000000001c220        0x0 ./build/rom/ameba_wdg.o
 .text          0x000000000001c220        0x0 ./build/rom/boot_rom_homekit_ed25519.o
 .text          0x000000000001c220        0x0 ./build/rom/boot_rom_homekit_ed25519_ge_fe.o
 .text          0x000000000001c220        0x0 ./build/rom/boot_rom_homekit_ed25519_open.o
 .text          0x000000000001c220        0x0 ./build/rom/boot_rom_homekit_ed25519_sc.o
 .text          0x000000000001c220        0x0 ./build/rom/char2num.o
 .text          0x000000000001c220        0x0 ./build/rom/diag.o
 .text          0x000000000001c220        0x0 ./build/rom/memchr.o
 .text          0x000000000001c220        0x0 ./build/rom/memcmp.o
 .text          0x000000000001c220        0x0 ./build/rom/memcpy.o
 .text          0x000000000001c220        0x0 ./build/rom/memmove.o
 .text          0x000000000001c220        0x0 ./build/rom/memset.o
 .text          0x000000000001c220        0x0 ./build/rom/monitor_rom.o
 .text          0x000000000001c220        0x0 ./build/rom/rand.o
 .text          0x000000000001c220        0x0 ./build/rom/rom_homekit_sha512.o
 .text          0x000000000001c220        0x0 ./build/rom/shell_rom.o
 .text          0x000000000001c220        0x0 ./build/rom/strcmp.o
 .text          0x000000000001c220        0x0 ./build/rom/stricmp.o
 .text          0x000000000001c220        0x0 ./build/rom/strlen.o
 .text          0x000000000001c220        0x0 ./build/rom/strtoul.o
 .text          0x000000000001c220        0x0 ./build/rom/strupr.o
 .text          0x000000000001c220        0x0 ./build/rom/strwrap.o
 .text          0x000000000001c220        0x0 ./build/rom/xmodem_rom.o
 .text          0x000000000001c220        0x0 ./build/rom/xmodem_uart_rom.o
 .text          0x000000000001c220        0x0 ./build/rom/xmodem_update_rom.o

.ram_retention.entry
                0x0000000021020000        0x0
                0x0000000021020000                __retention_entry_func__ = ABSOLUTE (.)
LOAD ./build/rom/ameba_aes.o
LOAD ./build/rom/ameba_assert_rom.o
LOAD ./build/rom/ameba_backup_reg.o
LOAD ./build/rom/ameba_boot_rom.o
LOAD ./build/rom/ameba_clk_rom.o
LOAD ./build/rom/ameba_crypto_rom.o
LOAD ./build/rom/ameba_delay_rom.o
LOAD ./build/rom/ameba_ecdsa.o
LOAD ./build/rom/ameba_flash_rom.o
LOAD ./build/rom/ameba_flashclk_rom.o
LOAD ./build/rom/ameba_gpio_rom.o
LOAD ./build/rom/ameba_loguart_rom.o
LOAD ./build/rom/ameba_md5.o
LOAD ./build/rom/ameba_otf_rom.o
LOAD ./build/rom/ameba_pinmux_rom.o
LOAD ./build/rom/ameba_rcc_rom.o
LOAD ./build/rom/ameba_secure_boot.o
LOAD ./build/rom/ameba_sha.o
LOAD ./build/rom/ameba_syscfg_rom.o
LOAD ./build/rom/ameba_systimer_rom.o
LOAD ./build/rom/ameba_tim_rom.o
LOAD ./build/rom/ameba_trng.o
LOAD ./build/rom/ameba_uart_rom.o
LOAD ./build/rom/ameba_vector_rom.o
LOAD ./build/rom/ameba_vectors_km4.o
LOAD ./build/rom/ameba_wdg.o
LOAD ./build/rom/boot_rom_homekit_ed25519.o
LOAD ./build/rom/boot_rom_homekit_ed25519_ge_fe.o
LOAD ./build/rom/boot_rom_homekit_ed25519_open.o
LOAD ./build/rom/boot_rom_homekit_ed25519_sc.o
LOAD ./build/rom/char2num.o
[...]
 .debug_str     0x0000000000007dc9      0x840 ./build/rom/ameba_md5.o
 .debug_str     0x0000000000008609      0x475 ./build/rom/ameba_otf_rom.o
 .debug_str     0x0000000000008a7e      0x3c5 ./build/rom/ameba_pinmux_rom.o
 .debug_str     0x0000000000008e43      0x4e9 ./build/rom/ameba_rcc_rom.o
 .debug_str     0x000000000000932c      0x7e7 ./build/rom/ameba_secure_boot.o
 .debug_str     0x0000000000009b13      0x996 ./build/rom/ameba_sha.o
 .debug_str     0x000000000000a4a9      0x4e3 ./build/rom/ameba_syscfg_rom.o
 .debug_str     0x000000000000a98c      0x3dd ./build/rom/ameba_systimer_rom.o
 .debug_str     0x000000000000ad69      0x4b2 ./build/rom/ameba_tim_rom.o
 .debug_str     0x000000000000b21b      0x6ba ./build/rom/ameba_trng.o
 .debug_str     0x000000000000b8d5      0x64c ./build/rom/ameba_uart_rom.o
 .debug_str     0x000000000000bf21     0x117a ./build/rom/ameba_vector_rom.o
 .debug_str     0x000000000000d09b      0x114 ./build/rom/ameba_vectors_km4.o
 .debug_str     0x000000000000d1af      0x3e3 ./build/rom/ameba_wdg.o
 .debug_str     0x000000000000d592      0x2a4 ./build/rom/boot_rom_homekit_ed25519.o
 .debug_str     0x000000000000d836      0x9b4 ./build/rom/boot_rom_homekit_ed25519_ge_fe.o
 .debug_str     0x000000000000e1ea      0x3fb ./build/rom/boot_rom_homekit_ed25519_open.o
 .debug_str     0x000000000000e5e5      0x34c ./build/rom/boot_rom_homekit_ed25519_sc.o
 .debug_str     0x000000000000e931      0x245 ./build/rom/char2num.o
 .debug_str     0x000000000000eb76      0x359 ./build/rom/diag.o
 .debug_str     0x000000000000eecf      0x62c ./build/rom/mbedtls_rom_asn1parse.o
 .debug_str     0x000000000000f4fb      0x6e6 ./build/rom/mbedtls_rom_asn1write.o
 .debug_str     0x000000000000fbe1      0xa92 ./build/rom/mbedtls_rom_bignum.o
 .debug_str     0x0000000000010673      0x8eb ./build/rom/mbedtls_rom_ecdh.o
 .debug_str     0x0000000000010f5e      0xbb3 ./build/rom/mbedtls_rom_ecdsa.o
 .debug_str     0x0000000000011b11     0x11b3 ./build/rom/mbedtls_rom_ecp.o
 .debug_str     0x0000000000012cc4      0xa37 ./build/rom/mbedtls_rom_ecp_curves.o
 .debug_str     0x00000000000136fb      0x5f5 ./build/rom/mbedtls_rom_hmac_drbg.o
 .debug_str     0x0000000000013cf0      0x801 ./build/rom/mbedtls_rom_md.o
 .debug_str     0x00000000000144f1      0x40b ./build/rom/mbedtls_rom_md5.o
 .debug_str     0x00000000000148fc      0xb47 ./build/rom/mbedtls_rom_md_wrap.o
 .debug_str     0x0000000000015443      0x27d ./build/rom/mbedtls_rom_platform_util.o
 .debug_str     0x00000000000156c0      0x41f ./build/rom/mbedtls_rom_sha1.o
 .debug_str     0x0000000000015adf      0x44a ./build/rom/mbedtls_rom_sha256.o
 .debug_str     0x0000000000015f29      0x44a ./build/rom/mbedtls_rom_sha512.o
 .debug_str     0x0000000000016373      0x253 ./build/rom/memchr.o
 .debug_str     0x00000000000165c6      0x225 ./build/rom/memcmp.o
 .debug_str     0x00000000000167eb      0x24c ./build/rom/memcpy.o
 .debug_str     0x0000000000016a37      0x258 ./build/rom/memmove.o
 .debug_str     0x0000000000016c8f      0x24d ./build/rom/memset.o
 .debug_str     0x0000000000016edc      0x5f0 ./build/rom/monitor_rom.o
 .debug_str     0x00000000000174cc      0x415 ./build/rom/rand.o
 .debug_str     0x00000000000178e1      0x463 ./build/rom/rom_homekit_sha512.o
 .debug_str     0x0000000000017d44      0x41e ./build/rom/rom_ssl_ram_map.o
 .debug_str     0x0000000000018162      0x887 ./build/rom/shell_rom.o
 .debug_str     0x00000000000189e9      0x21e ./build/rom/strcmp.o
 .debug_str     0x0000000000018c07      0x238 ./build/rom/stricmp.o
 .debug_str     0x0000000000018e3f      0x238 ./build/rom/strlen.o
 .debug_str     0x0000000000019077      0x25d ./build/rom/strtoul.o
 .debug_str     0x00000000000192d4      0x23c ./build/rom/strupr.o
 .debug_str     0x0000000000019510      0x34e ./build/rom/strwrap.o
 .debug_str     0x000000000001985e      0x73f ./build/rom/xmodem_rom.o
 .debug_str     0x0000000000019f9d      0x93e ./build/rom/xmodem_uart_rom.o
 .debug_str     0x000000000001a8db      0x827 ./build/rom/xmodem_update_rom.o

.comment        0x0000000000000000      0xbae
 .comment       0x0000000000000000       0x2e ./build/rom/ameba_aes.o
 .comment       0x000000000000002e       0x2e ./build/rom/ameba_assert_rom.o
 .comment       0x000000000000005c       0x2e ./build/rom/ameba_backup_reg.o
 .comment       0x000000000000008a       0x2e ./build/rom/ameba_boot_rom.o
 .comment       0x00000000000000b8       0x2e ./build/rom/ameba_clk_rom.o
 .comment       0x00000000000000e6       0x2e ./build/rom/ameba_crypto_rom.o
 .comment       0x0000000000000114       0x2e ./build/rom/ameba_delay_rom.o
 .comment       0x0000000000000142       0x2e ./build/rom/ameba_ecdsa.o
 .comment       0x0000000000000170       0x2e ./build/rom/ameba_flash_rom.o
 .comment       0x000000000000019e       0x2e ./build/rom/ameba_flashclk_rom.o
 .comment       0x00000000000001cc       0x2e ./build/rom/ameba_gpio_rom.o
 .comment       0x00000000000001fa       0x2e ./build/rom/ameba_loguart_rom.o
 .comment       0x0000000000000228       0x2e ./build/rom/ameba_md5.o
 .comment       0x0000000000000256       0x2e ./build/rom/ameba_otf_rom.o
 .comment       0x0000000000000284       0x2e ./build/rom/ameba_pinmux_rom.o
 .comment       0x00000000000002b2       0x2e ./build/rom/ameba_rcc_rom.o
 .comment       0x00000000000002e0       0x2e ./build/rom/ameba_secure_boot.o
 .comment       0x000000000000030e       0x2e ./build/rom/ameba_sha.o
 .comment       0x000000000000033c       0x2e ./build/rom/ameba_syscfg_rom.o
 .comment       0x000000000000036a       0x2e ./build/rom/ameba_systimer_rom.o
 .comment       0x0000000000000398       0x2e ./build/rom/ameba_tim_rom.o
 .comment       0x00000000000003c6       0x2e ./build/rom/ameba_trng.o
 .comment       0x00000000000003f4       0x2e ./build/rom/ameba_uart_rom.o
 .comment       0x0000000000000422       0x2e ./build/rom/ameba_vector_rom.o
 .comment       0x0000000000000450       0x2e ./build/rom/ameba_wdg.o
 .comment       0x000000000000047e       0x2e ./build/rom/boot_rom_homekit_ed25519.o
 .comment       0x00000000000004ac       0x2e ./build/rom/boot_rom_homekit_ed25519_ge_fe.o
 .comment       0x00000000000004da       0x2e ./build/rom/boot_rom_homekit_ed25519_open.o
 .comment       0x0000000000000508       0x2e ./build/rom/boot_rom_homekit_ed25519_sc.o
 .comment       0x0000000000000536       0x2e ./build/rom/char2num.o
 .comment       0x0000000000000564       0x2e ./build/rom/diag.o
 .comment       0x0000000000000592       0x2e ./build/rom/mbedtls_rom_asn1parse.o
 .comment       0x00000000000005c0       0x2e ./build/rom/mbedtls_rom_asn1write.o
 .comment       0x00000000000005ee       0x2e ./build/rom/mbedtls_rom_bignum.o
 .comment       0x000000000000061c       0x2e ./build/rom/mbedtls_rom_ecdh.o
 .comment       0x000000000000064a       0x2e ./build/rom/mbedtls_rom_ecdsa.o
 .comment       0x0000000000000678       0x2e ./build/rom/mbedtls_rom_ecp.o
 .comment       0x00000000000006a6       0x2e ./build/rom/mbedtls_rom_ecp_curves.o
 .comment       0x00000000000006d4       0x2e ./build/rom/mbedtls_rom_hmac_drbg.o
 .comment       0x0000000000000702       0x2e ./build/rom/mbedtls_rom_md.o
 .comment       0x0000000000000730       0x2e ./build/rom/mbedtls_rom_md5.o
 .comment       0x000000000000075e       0x2e ./build/rom/mbedtls_rom_md_wrap.o
 .comment       0x000000000000078c       0x2e ./build/rom/mbedtls_rom_platform_util.o
 .comment       0x00000000000007ba       0x2e ./build/rom/mbedtls_rom_sha1.o
 .comment       0x00000000000007e8       0x2e ./build/rom/mbedtls_rom_sha256.o
 .comment       0x0000000000000816       0x2e ./build/rom/mbedtls_rom_sha512.o
 .comment       0x0000000000000844       0x2e ./build/rom/memchr.o
 .comment       0x0000000000000872       0x2e ./build/rom/memcmp.o
 .comment       0x00000000000008a0       0x2e ./build/rom/memcpy.o
 .comment       0x00000000000008ce       0x2e ./build/rom/memmove.o
 .comment       0x00000000000008fc       0x2e ./build/rom/memset.o
 .comment       0x000000000000092a       0x2e ./build/rom/monitor_rom.o
 .comment       0x0000000000000958       0x2e ./build/rom/rand.o
 .comment       0x0000000000000986       0x2e ./build/rom/rom_homekit_sha512.o
 .comment       0x00000000000009b4       0x2e ./build/rom/rom_ssl_ram_map.o
 .comment       0x00000000000009e2       0x2e ./build/rom/shell_rom.o
 .comment       0x0000000000000a10       0x2e ./build/rom/strcmp.o
 .comment       0x0000000000000a3e       0x2e ./build/rom/stricmp.o
 .comment       0x0000000000000a6c       0x2e ./build/rom/strlen.o
 .comment       0x0000000000000a9a       0x2e ./build/rom/strtoul.o
 .comment       0x0000000000000ac8       0x2e ./build/rom/strupr.o
 .comment       0x0000000000000af6       0x2e ./build/rom/strwrap.o
 .comment       0x0000000000000b24       0x2e ./build/rom/xmodem_rom.o
 .comment       0x0000000000000b52       0x2e ./build/rom/xmodem_uart_rom.o
 .comment       0x0000000000000b80       0x2e ./build/rom/xmodem_update_rom.o

.ARM.attributes
                0x0000000000000000       0x3c
 .ARM.attributes
                0x0000000000000000       0x3e ./build/rom/ameba_aes.o
 .ARM.attributes
                0x000000000000003e       0x3e ./build/rom/ameba_assert_rom.o
 .ARM.attributes
                0x000000000000007c       0x3e ./build/rom/ameba_backup_reg.o
 .ARM.attributes
                0x00000000000000ba       0x3e ./build/rom/ameba_boot_rom.o
 .ARM.attributes
                0x00000000000000f8       0x3e ./build/rom/ameba_clk_rom.o
 .ARM.attributes
                0x0000000000000136       0x3e ./build/rom/ameba_crypto_rom.o
 .ARM.attributes
                0x0000000000000174       0x3e ./build/rom/ameba_delay_rom.o
 .ARM.attributes
                0x00000000000001b2       0x3e ./build/rom/ameba_ecdsa.o
 .ARM.attributes
                0x00000000000001f0       0x3e ./build/rom/ameba_flash_rom.o
 .ARM.attributes
                0x000000000000022e       0x3e ./build/rom/ameba_flashclk_rom.o
 .ARM.attributes
                0x000000000000026c       0x3e ./build/rom/ameba_gpio_rom.o
 .ARM.attributes
                0x00000000000002aa       0x3e ./build/rom/ameba_loguart_rom.o
 .ARM.attributes
                0x00000000000002e8       0x3e ./build/rom/ameba_md5.o
 .ARM.attributes
                0x0000000000000326       0x3e ./build/rom/ameba_otf_rom.o
 .ARM.attributes
                0x0000000000000364       0x3e ./build/rom/ameba_pinmux_rom.o
 .ARM.attributes
                0x00000000000003a2       0x3e ./build/rom/ameba_rcc_rom.o
 .ARM.attributes
                0x00000000000003e0       0x3e ./build/rom/ameba_secure_boot.o
 .ARM.attributes
                0x000000000000041e       0x3e ./build/rom/ameba_sha.o
 .ARM.attributes
                0x000000000000045c       0x3e ./build/rom/ameba_syscfg_rom.o
 .ARM.attributes
                0x000000000000049a       0x3e ./build/rom/ameba_systimer_rom.o
 .ARM.attributes
                0x00000000000004d8       0x3e ./build/rom/ameba_tim_rom.o
 .ARM.attributes
                0x0000000000000516       0x3e ./build/rom/ameba_trng.o
 .ARM.attributes
                0x0000000000000554       0x3e ./build/rom/ameba_uart_rom.o
 .ARM.attributes
                0x0000000000000592       0x3e ./build/rom/ameba_vector_rom.o
 .ARM.attributes
                0x00000000000005d0       0x24 ./build/rom/ameba_vectors_km4.o
 .ARM.attributes
                0x00000000000005f4       0x3e ./build/rom/ameba_wdg.o
 .ARM.attributes
                0x0000000000000632       0x3e ./build/rom/boot_rom_homekit_ed25519.o
 .ARM.attributes
                0x0000000000000670       0x3e ./build/rom/boot_rom_homekit_ed25519_ge_fe.o
 .ARM.attributes
                0x00000000000006ae       0x3e ./build/rom/boot_rom_homekit_ed25519_open.o
 .ARM.attributes
                0x00000000000006ec       0x3e ./build/rom/boot_rom_homekit_ed25519_sc.o
 .ARM.attributes
                0x000000000000072a       0x3e ./build/rom/char2num.o
 .ARM.attributes
                0x0000000000000768       0x3e ./build/rom/diag.o
 .ARM.attributes
                0x00000000000007a6       0x3e ./build/rom/mbedtls_rom_asn1parse.o
 .ARM.attributes
                0x00000000000007e4       0x3e ./build/rom/mbedtls_rom_asn1write.o
 .ARM.attributes
                0x0000000000000822       0x3e ./build/rom/mbedtls_rom_bignum.o
 .ARM.attributes
                0x0000000000000860       0x3e ./build/rom/mbedtls_rom_ecdh.o
 .ARM.attributes
                0x000000000000089e       0x3e ./build/rom/mbedtls_rom_ecdsa.o
 .ARM.attributes
                0x00000000000008dc       0x3e ./build/rom/mbedtls_rom_ecp.o
 .ARM.attributes
                0x000000000000091a       0x3e ./build/rom/mbedtls_rom_ecp_curves.o
 .ARM.attributes
                0x0000000000000958       0x3e ./build/rom/mbedtls_rom_hmac_drbg.o
 .ARM.attributes
                0x0000000000000996       0x3e ./build/rom/mbedtls_rom_md.o
 .ARM.attributes
                0x00000000000009d4       0x3e ./build/rom/mbedtls_rom_md5.o
 .ARM.attributes
                0x0000000000000a12       0x3e ./build/rom/mbedtls_rom_md_wrap.o
 .ARM.attributes
                0x0000000000000a50       0x3e ./build/rom/mbedtls_rom_platform_util.o
 .ARM.attributes
                0x0000000000000a8e       0x3e ./build/rom/mbedtls_rom_sha1.o
 .ARM.attributes
                0x0000000000000acc       0x3e ./build/rom/mbedtls_rom_sha256.o
 .ARM.attributes
                0x0000000000000b0a       0x3e ./build/rom/mbedtls_rom_sha512.o
 .ARM.attributes
                0x0000000000000b48       0x3e ./build/rom/memchr.o
 .ARM.attributes
                0x0000000000000b86       0x3e ./build/rom/memcmp.o
 .ARM.attributes
                0x0000000000000bc4       0x3e ./build/rom/memcpy.o
 .ARM.attributes
                0x0000000000000c02       0x3e ./build/rom/memmove.o
 .ARM.attributes
                0x0000000000000c40       0x3e ./build/rom/memset.o
 .ARM.attributes
                0x0000000000000c7e       0x3e ./build/rom/monitor_rom.o
 .ARM.attributes
                0x0000000000000cbc       0x3e ./build/rom/rand.o
 .ARM.attributes
                0x0000000000000cfa       0x3e ./build/rom/rom_homekit_sha512.o
 .ARM.attributes
                0x0000000000000d38       0x3e ./build/rom/rom_ssl_ram_map.o
 .ARM.attributes
                0x0000000000000d76       0x3e ./build/rom/shell_rom.o
 .ARM.attributes
                0x0000000000000db4       0x3e ./build/rom/strcmp.o
 .ARM.attributes
                0x0000000000000df2       0x3e ./build/rom/stricmp.o
 .ARM.attributes
                0x0000000000000e30       0x3e ./build/rom/strlen.o
 .ARM.attributes
                0x0000000000000e6e       0x3e ./build/rom/strtoul.o
 .ARM.attributes
                0x0000000000000eac       0x3e ./build/rom/strupr.o
 .ARM.attributes
                0x0000000000000eea       0x3e ./build/rom/strwrap.o
 .ARM.attributes
                0x0000000000000f28       0x3e ./build/rom/xmodem_rom.o
 .ARM.attributes
                0x0000000000000f66       0x3e ./build/rom/xmodem_uart_rom.o
 .ARM.attributes
                0x0000000000000fa4       0x3e ./build/rom/xmodem_update_rom.o

.debug_frame    0x0000000000000000     0x5b78
 .debug_frame   0x0000000000000000      0x2c0 ./build/rom/ameba_aes.o
 .debug_frame   0x00000000000002c0       0x28 ./build/rom/ameba_assert_rom.o
 .debug_frame   0x00000000000002e8       0x7c ./build/rom/ameba_backup_reg.o
 .debug_frame   0x0000000000000364      0x298 ./build/rom/ameba_boot_rom.o
 .debug_frame   0x00000000000005fc       0x78 ./build/rom/ameba_clk_rom.o
 .debug_frame   0x0000000000000674      0x304 ./build/rom/ameba_crypto_rom.o
 .debug_frame   0x0000000000000978       0x5c ./build/rom/ameba_delay_rom.o
 .debug_frame   0x00000000000009d4      0x1e0 ./build/rom/ameba_ecdsa.o
 .debug_frame   0x0000000000000bb4      0x2cc ./build/rom/ameba_flash_rom.o
 .debug_frame   0x0000000000000e80      0x17c ./build/rom/ameba_flashclk_rom.o
 .debug_frame   0x0000000000000ffc      0x17c ./build/rom/ameba_gpio_rom.o
 .debug_frame   0x0000000000001178      0x334 ./build/rom/ameba_loguart_rom.o
 .debug_frame   0x00000000000014ac      0x1dc ./build/rom/ameba_md5.o
 .debug_frame   0x0000000000001688       0x8c ./build/rom/ameba_otf_rom.o
 .debug_frame   0x0000000000001714      0x154 ./build/rom/ameba_pinmux_rom.o
 .debug_frame   0x0000000000001868      0x118 ./build/rom/ameba_rcc_rom.o
 .debug_frame   0x0000000000001980      0x150 ./build/rom/ameba_secure_boot.o
 .debug_frame   0x0000000000001ad0      0x39c ./build/rom/ameba_sha.o
 .debug_frame   0x0000000000001e6c      0x1e4 ./build/rom/ameba_syscfg_rom.o
 .debug_frame   0x0000000000002050       0x74 ./build/rom/ameba_systimer_rom.o
 .debug_frame   0x00000000000020c4      0x124 ./build/rom/ameba_tim_rom.o
 .debug_frame   0x00000000000021e8       0xb0 ./build/rom/ameba_trng.o
 .debug_frame   0x0000000000002298      0x288 ./build/rom/ameba_uart_rom.o
 .debug_frame   0x0000000000002520      0x644 ./build/rom/ameba_vector_rom.o
 .debug_frame   0x0000000000002b64      0x144 ./build/rom/ameba_wdg.o
 .debug_frame   0x0000000000002ca8       0x20 ./build/rom/boot_rom_homekit_ed25519.o
 .debug_frame   0x0000000000002cc8      0x280 ./build/rom/boot_rom_homekit_ed25519_ge_fe.o
 .debug_frame   0x0000000000002f48       0x3c ./build/rom/boot_rom_homekit_ed25519_open.o
 .debug_frame   0x0000000000002f84       0x60 ./build/rom/boot_rom_homekit_ed25519_sc.o
 .debug_frame   0x0000000000002fe4       0x40 ./build/rom/char2num.o
 .debug_frame   0x0000000000003024      0x178 ./build/rom/diag.o
 .debug_frame   0x000000000000319c      0x1b8 ./build/rom/mbedtls_rom_asn1parse.o
 .debug_frame   0x0000000000003354      0x1d4 ./build/rom/mbedtls_rom_asn1write.o
 .debug_frame   0x0000000000003528      0x6b0 ./build/rom/mbedtls_rom_bignum.o
 .debug_frame   0x0000000000003bd8      0x1ac ./build/rom/mbedtls_rom_ecdh.o
 .debug_frame   0x0000000000003d84      0x244 ./build/rom/mbedtls_rom_ecdsa.o
 .debug_frame   0x0000000000003fc8      0x738 ./build/rom/mbedtls_rom_ecp.o
 .debug_frame   0x0000000000004700      0x1c4 ./build/rom/mbedtls_rom_ecp_curves.o
 .debug_frame   0x00000000000048c4      0x188 ./build/rom/mbedtls_rom_hmac_drbg.o
 .debug_frame   0x0000000000004a4c      0x210 ./build/rom/mbedtls_rom_md.o
 .debug_frame   0x0000000000004c5c      0x13c ./build/rom/mbedtls_rom_md5.o
 .debug_frame   0x0000000000004d98      0x280 ./build/rom/mbedtls_rom_md_wrap.o
 .debug_frame   0x0000000000005018       0x20 ./build/rom/mbedtls_rom_platform_util.o
 .debug_frame   0x0000000000005038      0x13c ./build/rom/mbedtls_rom_sha1.o
 .debug_frame   0x0000000000005174      0x13c ./build/rom/mbedtls_rom_sha256.o
 .debug_frame   0x00000000000052b0      0x140 ./build/rom/mbedtls_rom_sha512.o
 .debug_frame   0x00000000000053f0       0x28 ./build/rom/memchr.o
 .debug_frame   0x0000000000005418       0x2c ./build/rom/memcmp.o
 .debug_frame   0x0000000000005444       0x44 ./build/rom/memcpy.o
 .debug_frame   0x0000000000005488       0x40 ./build/rom/memmove.o
 .debug_frame   0x00000000000054c8       0x2c ./build/rom/memset.o
 .debug_frame   0x00000000000054f4       0x54 ./build/rom/monitor_rom.o
 .debug_frame   0x0000000000005548       0x74 ./build/rom/rand.o
 .debug_frame   0x00000000000055bc      0x11c ./build/rom/rom_homekit_sha512.o
 .debug_frame   0x00000000000056d8      0x11c ./build/rom/shell_rom.o
 .debug_frame   0x00000000000057f4       0x30 ./build/rom/strcmp.o
 .debug_frame   0x0000000000005824       0x30 ./build/rom/stricmp.o
 .debug_frame   0x0000000000005854       0x30 ./build/rom/strlen.o
 .debug_frame   0x0000000000005884       0x34 ./build/rom/strtoul.o
 .debug_frame   0x00000000000058b8       0x20 ./build/rom/strupr.o
 .debug_frame   0x00000000000058d8       0xb0 ./build/rom/strwrap.o
 .debug_frame   0x0000000000005988       0x48 ./build/rom/xmodem_rom.o
 .debug_frame   0x00000000000059d0      0x130 ./build/rom/xmodem_uart_rom.o
 .debug_frame   0x0000000000005b00       0x78 ./build/rom/xmodem_update_rom.o
