========================= libc Start ==============================================
text  rodata  data  bss  module  
14    0       0     0    libc.a(lib_a-abort.o)
8     0       0     0    libc.a(lib_a-abs.o)
72    60      0     0    libc.a(lib_a-assert.o)
16    0       0     0    libc.a(lib_a-atoi.o)
32    0       0     0    libc.a(lib_a-closer.o)
0     257     0     0    libc.a(lib_a-ctype_.o)
3320  101     0     0    libc.a(lib_a-dtoa.o)
0     0       4     4    libc.a(lib_a-environ.o)
24    0       0     0    libc.a(lib_a-envlock.o)
12    0       0     0    libc.a(lib_a-errno.o)
188   0       0     0    libc.a(lib_a-fclose.o)
400   0       0     0    libc.a(lib_a-fflush.o)
84    0       0     0    libc.a(lib_a-fileno.o)
616   0       0     312  libc.a(lib_a-findfp.o)
64    0       0     0    libc.a(lib_a-fiprintf.o)
64    0       0     0    libc.a(lib_a-fprintf.o)
260   0       0     0    libc.a(lib_a-fputwc.o)
36    0       0     0    libc.a(lib_a-fstatr.o)
660   0       0     0    libc.a(lib_a-fvwrite.o)
120   0       0     0    libc.a(lib_a-fwalk.o)
1368  79      0     0    libc.a(lib_a-gdtoa-gethex.o)
388   0       0     0    libc.a(lib_a-gdtoa-hexnan.o)
40    0       0     0    libc.a(lib_a-getenv.o)
136   0       0     0    libc.a(lib_a-getenv_r.o)
1596  129     8     20   libc.a(lib_a-getopt.o)
36    0       0     0    libc.a(lib_a-gettimeofdayr.o)
8     0       88    0    libc.a(lib_a-gettzinfo.o)
60    94      0     0    libc.a(lib_a-gmtime.o)
344   0       0     0    libc.a(lib_a-gmtime_r.o)
0     4       244   0    libc.a(lib_a-impure.o)
72    0       0     0    libc.a(lib_a-init.o)
32    0       0     0    libc.a(lib_a-isattyr.o)
6     0       0     0    libc.a(lib_a-iswspace.o)
20    0       0     0    libc.a(lib_a-iswspace_l.o)
8     0       0     0    libc.a(lib_a-labs.o)
0     14      2     0    libc.a(lib_a-lnumeric.o)
92    8       364   0    libc.a(lib_a-locale.o)
20    0       0     0    libc.a(lib_a-localeconv.o)
36    0       0     0    libc.a(lib_a-lseekr.o)
216   0       0     0    libc.a(lib_a-makebuf.o)
80    1       0     0    libc.a(lib_a-mbrtowc.o)
56    0       0     0    libc.a(lib_a-mbtowc_r.o)
0     96      0     0    libc.a(lib_a-month_lengths.o)
2496  368     0     0    libc.a(lib_a-mprec.o)
284   94      0     0    libc.a(lib_a-perror.o)
36    0       0     0    libc.a(lib_a-readr.o)
232   0       0     4    libc.a(lib_a-reent.o)
112   0       0     0    libc.a(lib_a-sccl.o)
300   0       0     0    libc.a(lib_a-signal.o)
40    0       0     0    libc.a(lib_a-signalr.o)
172   0       0     0    libc.a(lib_a-siscanf.o)
196   0       0     0    libc.a(lib_a-sniprintf.o)
196   0       0     0    libc.a(lib_a-snprintf.o)
120   0       0     0    libc.a(lib_a-sprintf.o)
172   0       0     0    libc.a(lib_a-sscanf.o)
138   0       0     0    libc.a(lib_a-stdio.o)
52    0       0     0    libc.a(lib_a-strcasecmp.o)
138   0       0     0    libc.a(lib_a-strchr.o)
188   0       0     0    libc.a(lib_a-strcpy.o)
34    0       0     0    libc.a(lib_a-strcspn.o)
1012  1686    0     0    libc.a(lib_a-strerror.o)
2676  89      0     0    libc.a(lib_a-strftime.o)
66    0       0     0    libc.a(lib_a-strncat.o)
92    0       0     0    libc.a(lib_a-strncmp.o)
84    0       0     0    libc.a(lib_a-strncpy.o)
24    0       0     0    libc.a(lib_a-strnlen.o)
52    0       0     0    libc.a(lib_a-strpbrk.o)
10    0       0     0    libc.a(lib_a-strsep.o)
32    0       0     0    libc.a(lib_a-strspn.o)
856   0       0     0    libc.a(lib_a-strstr.o)
3552  169     0     0    libc.a(lib_a-strtod.o)
86    0       0     0    libc.a(lib_a-strtok_r.o)
296   0       0     0    libc.a(lib_a-strtol.o)
336   0       0     0    libc.a(lib_a-strtoll.o)
264   0       0     0    libc.a(lib_a-strtoul.o)
344   0       0     0    libc.a(lib_a-strtoull.o)
2468  66      0     0    libc.a(lib_a-svfiprintf.o)
4084  34      0     0    libc.a(lib_a-svfiscanf.o)
5052  84      0     0    libc.a(lib_a-svfprintf.o)
4896  39      0     0    libc.a(lib_a-svfscanf.o)
112   0       0     0    libc.a(lib_a-s_frexp.o)
52    0       0     0    libc.a(lib_a-time.o)
0     551     0     0    libc.a(lib_a-timelocal.o)
340   0       0     0    libc.a(lib_a-tzcalc_limits.o)
24    0       0     0    libc.a(lib_a-tzlock.o)
40    0       0     0    libc.a(lib_a-tzset.o)
796   60      0     26   libc.a(lib_a-tzset_r.o)
0     4       8     8    libc.a(lib_a-tzvars.o)
412   0       0     0    libc.a(lib_a-ungetc.o)
4     0       0     0    libc.a(lib_a-u_strerr.o)
2596  66      0     0    libc.a(lib_a-vfiprintf.o)
5368  84      0     0    libc.a(lib_a-vfprintf.o)
32    0       0     0    libc.a(lib_a-vprintf.o)
116   0       0     0    libc.a(lib_a-vsnprintf.o)
164   0       0     0    libc.a(lib_a-wbuf.o)
64    0       0     0    libc.a(lib_a-wcrtomb.o)
48    0       0     0    libc.a(lib_a-wctomb_r.o)
36    0       0     0    libc.a(lib_a-writer.o)
176   0       0     0    libc.a(lib_a-wsetup.o)
------------------------- libc End ------------------------------------------------
text  rodata  data  bss  module  
52172 4237    718   374  (TOTALS)
Module libc size:
0xe09d			57501

========================= libm Start ==============================================
text  rodata  data  bss  module  
12    0       0     0    libm.a(lib_a-sf_nan.o)
18    0       0     0    libm.a(lib_a-s_fabs.o)
16    0       0     0    libm.a(lib_a-s_nan.o)
------------------------- libm End ------------------------------------------------
text  rodata  data  bss  module  
46    0       0     0    (TOTALS)
Module libm size:
0x2e			46

========================= libgcc Start ============================================
text  rodata  data  bss  module  
160   0       0     0    libgcc.a(_aeabi_ldivmod.o)
48    0       0     0    libgcc.a(_aeabi_uldivmod.o)
888   0       0     0    libgcc.a(_arm_addsubdf3.o)
272   0       0     0    libgcc.a(_arm_cmpdf2.o)
80    0       0     0    libgcc.a(_arm_fixdfsi.o)
64    0       0     0    libgcc.a(_arm_fixunsdfsi.o)
1060  0       0     0    libgcc.a(_arm_muldivdf3.o)
160   0       0     0    libgcc.a(_arm_truncdfsf2.o)
44    0       0     0    libgcc.a(_arm_unorddf2.o)
4     0       0     0    libgcc.a(_dvmd_tls.o)
46    0       0     0    libgcc.a(_fixdfdi.o)
60    0       0     0    libgcc.a(_fixunsdfdi.o)
38    0       0     0    libgcc.a(_popcountsi2.o)
688   0       0     0    libgcc.a(_udivmoddi4.o)
------------------------- libgcc End ----------------------------------------------
text  rodata  data  bss  module  
3612  0       0     0    (TOTALS)
Module libgcc size:
0xe1c			3612

========================= lib_chipinfo Start ======================================
text  rodata  data  bss  module  
372   233     0     0    lib_chipinfo.a(ameba_chipinfo_lib.o)
9740  432     0     0    lib_chipinfo.a(ameba_rom_patch.o)
------------------------- lib_chipinfo End ----------------------------------------
text  rodata  data  bss  module  
10112 665     0     0    (TOTALS)
Module lib_chipinfo size:
0x2a19			10777

========================= wifirom Start ===========================================
text  rodata  data  bss  module  
8756  14441   0     0    lib_wifi_com_sec.a(rom_aes.o)
208   1024    0     0    lib_wifi_com_sec.a(rom_arc4.o)
984   814     0     0    lib_wifi_single_core_mp.a(rom_hal_debug.o)
1672  0       8     0    lib_wifi_single_core_mp.a(rom_hal_h2c.o)
356   31      0     0    lib_wifi_single_core_mp.a(rom_hal_h2c_g1.o)
2124  253     0     0    lib_wifi_single_core_mp.a(rom_hal_recv.o)
0     0       0     376  lib_wifi_com_sec.a(rom_hal_rom_to_flash.o)
0     0       0     1616 lib_wifi_single_core_mp.a(rom_hal_structs.o)
4084  206     0     0    lib_wifi_single_core_mp.a(rom_hal_xmit.o)
1148  32      0     0    lib_wifi_single_core_mp.a(rom_hal_xmit_g1.o)
2440  64      0     0    lib_wifi_com_sec.a(rom_md5.o)
1012  0       0     0    lib_wifi_com_sec.a(rom_rc4.o)
556   74      0     0    lib_wifi_single_core_mp.a(rom_rtw_11d_part2.o)
604   64      0     0    lib_wifi_single_core_mp.a(rom_rtw_80211w.o)
1308  0       0     0    lib_wifi_single_core_mp.a(rom_rtw_80211w_part2.o)
136   0       0     0    lib_wifi_single_core_mp.a(rom_rtw_action.o)
344   0       0     0    lib_wifi_single_core_mp.a(rom_rtw_action_part2.o)
1504  20      0     0    lib_wifi_single_core_mp.a(rom_rtw_addba.o)
2800  75      0     0    lib_wifi_single_core_mp.a(rom_rtw_ap.o)
1188  54      0     0    lib_wifi_single_core_mp.a(rom_rtw_ap_xmit.o)
2412  148     0     0    lib_wifi_single_core_mp.a(rom_rtw_assoc.o)
4168  357     0     0    lib_wifi_single_core_mp.a(rom_rtw_assoc_part2.o)
2772  365     0     4    lib_wifi_single_core_mp.a(rom_rtw_auth_part2.o)
2488  6       0     0    lib_wifi_single_core_mp.a(rom_rtw_beacon.o)
2380  66      0     0    lib_wifi_single_core_mp.a(rom_rtw_beacon_part2.o)
1004  0       0     0    lib_wifi_single_core_mp.a(rom_rtw_chbw.o)
48    8440    0     0    lib_wifi_com_sec.a(rom_rtw_dh_groups.o)
124   0       0     0    lib_wifi_single_core_mp.a(rom_rtw_he.o)
1976  81      0     0    lib_wifi_single_core_mp.a(rom_rtw_he_part2.o)
1052  23      0     0    lib_wifi_single_core_mp.a(rom_rtw_ht.o)
2428  105     0     0    lib_wifi_single_core_mp.a(rom_rtw_ieee80211.o)
2628  2144    0     0    lib_wifi_single_core_mp.a(rom_rtw_ieee80211_part2.o)
3372  224     0     0    lib_wifi_single_core_mp.a(rom_rtw_join.o)
1852  0       0     0    lib_wifi_single_core_mp.a(rom_rtw_join_result.o)
10608 0       0     0    lib_wifi_com_sec.a(rom_rtw_mbedtls_bignum.o)
7124  0       0     0    lib_wifi_com_sec.a(rom_rtw_mbedtls_ecp.o)
3556  1004    0     4    lib_wifi_com_sec.a(rom_rtw_mbedtls_ecp_curves.o)
0     0       0     16   lib_wifi_com_sec.a(rom_rtw_mbedtls_func_map.o)
16    0       0     0    lib_wifi_com_sec.a(rom_rtw_mbedtls_platform.o)
144   0       0     0    lib_wifi_single_core_mp.a(rom_rtw_mgnt.o)
184   0       0     0    lib_wifi_single_core_mp.a(rom_rtw_network.o)
636   0       0     0    lib_wifi_single_core_mp.a(rom_rtw_pmksa_cache.o)
708   75      0     0    lib_wifi_single_core_mp.a(rom_rtw_pmksa_cache_part2.o)
200   0       0     0    lib_wifi_single_core_mp.a(rom_rtw_probe.o)
908   26      0     0    lib_wifi_single_core_mp.a(rom_rtw_psk.o)
104   0       0     0    lib_wifi_com_sec.a(rom_rtw_queue.o)
284   7       0     0    lib_wifi_single_core_mp.a(rom_rtw_rate.o)
188   0       0     1    lib_wifi_single_core_mp.a(rom_rtw_recv.o)
4000  211     0     0    lib_wifi_single_core_mp.a(rom_rtw_recv_part2.o)
824   13      0     0    lib_wifi_single_core_mp.a(rom_rtw_recv_reorder.o)
0     7       0     0    lib_wifi_single_core_mp.a(rom_rtw_rf.o)
5932  1292    0     0    lib_wifi_com_sec.a(rom_rtw_security.o)
3604  110     0     0    lib_wifi_single_core_mp.a(rom_rtw_security_part2.o)
864   90      0     0    lib_wifi_single_core_mp.a(rom_rtw_setkey.o)
1596  257     0     0    lib_wifi_com_sec.a(rom_rtw_sha256.o)
1764  13      0     0    lib_wifi_single_core_mp.a(rom_rtw_shortcut.o)
436   42      0     0    lib_wifi_single_core_mp.a(rom_rtw_sitesurvey.o)
1460  0       0     0    lib_wifi_single_core_mp.a(rom_rtw_sitesurvey_report.o)
368   68      0     40   lib_wifi_single_core_mp.a(rom_rtw_skbuff.o)
460   0       0     0    lib_wifi_single_core_mp.a(rom_rtw_state.o)
776   0       0     0    lib_wifi_single_core_mp.a(rom_rtw_sta_mgt.o)
412   0       0     0    lib_wifi_single_core_mp.a(rom_rtw_vht.o)
800   120     0     0    lib_wifi_single_core_mp.a(rom_rtw_vht_part2.o)
4576  162     0     0    lib_wifi_single_core_mp.a(rom_rtw_xmit.o)
1116  0       0     0    lib_wifi_com_sec.a(rom_sha1.o)
652   0       0     0    lib_wifi_single_core_mp.a(rom_wifi_hal_ax.o)
136   0       0     0    lib_wifi_single_core_mp.a(rom_wifi_hal_bcn.o)
2184  1414    0     0    lib_wifi_single_core_mp.a(rom_wifi_hal_debug.o)
1440  58      0     0    lib_wifi_single_core_mp.a(rom_wifi_hal_init.o)
1396  0       0     6    lib_wifi_single_core_mp.a(rom_wifi_hal_media_access.o)
784   33      0     8    lib_wifi_single_core_mp.a(rom_wifi_hal_misc.o)
816   11      0     0    lib_wifi_single_core_mp.a(rom_wifi_hal_rate.o)
40    0       0     0    lib_wifi_single_core_mp.a(rom_wifi_hal_rxdesc.o)
280   24      0     0    lib_wifi_single_core_mp.a(rom_wifi_hal_secure.o)
200   0       0     0    lib_wifi_single_core_mp.a(rom_wifi_hal_tsf.o)
524   16      0     0    lib_wifi_single_core_mp.a(rom_wifi_hal_txdesc.o)
2220  33      0     0    lib_wpa_lite.a(rom_wpa_lite_part2.o)
3796  71      0     0    lib_wpa_lite.a(rom_wpa_lite_psk.o)
4604  1359    0     0    lib_wpa_lite.a(rom_wpa_lite_sae.o)
7916  781     0     4    lib_wpa_lite.a(rom_wpa_lite_sae_crypto.o)
------------------------- wifirom End ---------------------------------------------
text  rodata  data  bss  module  
14056436408   8     2075 (TOTALS)
Module wifirom size:
0x2bb6f			179055

========================= wificoex Start ==========================================
text  rodata  data  bss  module  
480   9       0     0    lib_coex_mp.a(rtw_coex_action.o)
652   0       0     0    lib_coex_mp.a(rtw_coex_action_dual_chip.o)
116   0       0     0    lib_coex_mp.a(rtw_coex_action_single_ant.o)
16    0       0     0    lib_coex_mp.a(rtw_coex_api_bt.o)
376   109     11    1    lib_coex_mp.a(rtw_coex_api_ext.o)
5348  113     20    4    lib_coex_mp.a(rtw_coex_api_wl.o)
468   0       9     0    lib_coex_mp.a(rtw_coex_dbg.o)
768   0       0     0    lib_coex_mp.a(rtw_coex_ext_chip.o)
32    0       0     0    lib_coex_mp.a(rtw_coex_ext_chip_bt.o)
912   0       28    0    lib_coex_mp.a(rtw_coex_ext_chip_rtl8730e.o)
40    0       0     0    lib_coex_mp.a(rtw_coex_ext_chip_wpan.o)
12    28      0     4    lib_coex_mp.a(rtw_coex_ipc_dev_api.o)
8968  473     4     5    lib_coex_mp.a(rtw_coex_wl_chip.o)
1480  74      116   0    lib_coex_mp.a(rtw_coex_wl_chip_rtl8730e.o)
------------------------- wificoex End --------------------------------------------
text  rodata  data  bss  module  
19668 806     188   14   (TOTALS)
Module wificoex size:
0x50c4			20676

========================= wifidrv Start ===========================================
text  rodata  data  bss  module  
136   0       10    84   lib_wifi_api.a(ameba_wificfg.o)
1268  359     0     0    lib_wifi_single_core_mp.a(hal_debug.o)
1332  59      0     4    lib_wifi_single_core_mp.a(hal_dig_g6.o)
264   0       0     1    lib_wifi_single_core_mp.a(hal_dm.o)
580   0       0     0    lib_wifi_single_core_mp.a(hal_edcca.o)
128   0       0     0    lib_wifi_single_core_mp.a(hal_efuse.o)
284   0       0     0    lib_wifi_single_core_mp.a(hal_h2c.o)
764   7       0     0    lib_wifi_single_core_mp.a(hal_h2c_g1.o)
152   0       0     0    lib_wifi_single_core_mp.a(hal_interrupt.o)
1196  9       0     1    lib_wifi_single_core_mp.a(hal_interrupt_g1.o)
2888  345     0     0    lib_wifi_single_core_mp.a(hal_mp.o)
620   117     0     0    lib_wifi_single_core_mp.a(hal_phycfg.o)
960   90      0     0    lib_wifi_single_core_mp.a(hal_ra.o)
396   0       0     32   lib_wifi_single_core_mp.a(hal_recv.o)
1136  20      0     0    lib_wifi_single_core_mp.a(hal_recv_g1.o)
380   13      0     0    lib_wifi_single_core_mp.a(hal_sta_config_g6.o)
1248  0       0     0    lib_wifi_single_core_mp.a(hal_suspend.o)
576   48      0     6    lib_wifi_single_core_mp.a(hal_suspend_g1.o)
1224  83      0     1792 lib_wifi_single_core_mp.a(hal_xmit.o)
76    0       0     0    lib_wifi_single_core_mp.a(phl.o)
148   0       0     0    lib_wifi_single_core_mp.a(rtw_11d.o)
236   40      0     0    lib_wifi_single_core_mp.a(rtw_80211w.o)
584   87      0     4    lib_wifi_single_core_mp.a(rtw_action.o)
220   0       0     0    lib_wifi_single_core_mp.a(rtw_adapter.o)
36    18      0     0    lib_wifi_single_core_mp.a(rtw_addba.o)
1700  171     0     0    lib_wifi_single_core_mp.a(rtw_ap.o)
2672  65      0     0    lib_wifi_single_core_mp.a(rtw_assoc.o)
96    0       0     0    lib_wifi_com_sec.a(rtw_atomic.o)
2208  67      0     0    lib_wifi_single_core_mp.a(rtw_auth.o)
1336  38      0     1    lib_wifi_single_core_mp.a(rtw_beacon.o)
324   22      0     0    lib_wifi_single_core_mp.a(rtw_cmd.o)
0     0       0     4    lib_wifi_single_core_mp.a(rtw_debug.o)
1352  24      0     0    lib_wifi_single_core_mp.a(rtw_dfs.o)
2132  211     0     0    lib_wifi_single_core_mp.a(rtw_drv_init.o)
804   87      0     4    lib_wifi_single_core_mp.a(rtw_dynamic.o)
832   392     0     0    lib_rtw_event.a(rtw_event.o)
1072  81      0     0    lib_wifi_single_core_mp.a(rtw_ips.o)
1904  131     0     0    lib_wifi_single_core_mp.a(rtw_join.o)
1392  61      0     0    lib_wifi_single_core_mp.a(rtw_join_result.o)
1032  18      0     4    lib_wifi_single_core_mp.a(rtw_lps.o)
124   182     0     0    lib_wifi_single_core_mp.a(rtw_macid_mgt.o)
1052  57      112   0    lib_wifi_single_core_mp.a(rtw_mgnt.o)
1620  50      0     0    lib_wifi_single_core_mp.a(rtw_mp.o)
200   0       0     0    lib_wifi_single_core_mp.a(rtw_network.o)
1284  0       0     4    lib_wifi_single_core_mp.a(rtw_probe.o)
2000  31      0     0    lib_wifi_single_core_mp.a(rtw_recv.o)
792   35      0     0    lib_wifi_single_core_mp.a(rtw_recv_defrag.o)
1024  458     0     0    lib_wifi_single_core_mp.a(rtw_setkey.o)
2284  103     0     2    lib_wifi_single_core_mp.a(rtw_sitesurvey.o)
1260  30      0     0    lib_wifi_single_core_mp.a(rtw_sitesurvey_report.o)
352   133     0     0    lib_wifi_single_core_mp.a(rtw_skbuff.o)
188   0       0     0    lib_wifi_single_core_mp.a(rtw_state.o)
2084  99      0     1244 lib_wifi_single_core_mp.a(rtw_sta_mgt.o)
144   0       0     0    lib_wifi_single_core_mp.a(rtw_task.o)
716   163     0     16   lib_wifi_com_sec.a(rtw_timer.o)
216   0       0     0    lib_wifi_single_core_mp.a(rtw_twt.o)
112   26      0     0    lib_wifi_single_core_mp.a(rtw_vht.o)
64    0       0     0    lib_wifi_com_sec.a(rtw_wakelock.o)
1120  90      0     0    lib_wifi_single_core_mp.a(rtw_xmit.o)
416   170     0     10   lib_wifi_rtk_app.a(wifi_acs.o)
952   266     0     224  lib_wifi_rtk_app_open.a(wifi_auto_reconnect.o)
20    0       0     0    lib_wifi_rtk_app_open.a(wifi_fast_connect.o)
28    0       0     0    lib_wifi_feature_disable.a(wifi_feature_dis_antdiv.o)
24    0       0     0    lib_wifi_feature_disable.a(wifi_feature_dis_csi.o)
48    0       0     0    lib_wifi_feature_disable.a(wifi_feature_dis_eap.o)
96    0       0     0    lib_wifi_feature_disable.a(wifi_feature_dis_kvr.o)
56    0       0     0    lib_wifi_feature_disable.a(wifi_feature_dis_mcc.o)
68    0       0     0    lib_wifi_feature_disable.a(wifi_feature_dis_p2p.o)
12    0       0     0    lib_wifi_feature_disable.a(wifi_feature_dis_speaker.o)
968   1154    0     0    lib_wifi_single_core_mp.a(wifi_hal_debug.o)
228   57      0     0    lib_wifi_single_core_mp.a(wifi_hal_dm.o)
312   0       0     0    lib_wifi_single_core_mp.a(wifi_hal_h2c.o)
2788  830     0     816  lib_wifi_single_core_mp.a(wifi_hal_halinit.o)
28    0       0     0    lib_wifi_single_core_mp.a(wifi_hal_hci_intfs.o)
200   0       0     0    lib_wifi_single_core_mp.a(wifi_hal_interrupt.o)
64    0       0     0    lib_wifi_single_core_mp.a(wifi_hal_io.o)
1180  476     0     0    lib_wifi_single_core_mp.a(wifi_hal_mp.o)
316   0       0     0    lib_wifi_single_core_mp.a(wifi_hal_ops.o)
1728  0       0     0    lib_wifi_single_core_mp.a(wifi_hal_phycfg.o)
516   71      0     128  lib_wifi_single_core_mp.a(wifi_hal_recv.o)
564   0       0     0    lib_wifi_single_core_mp.a(wifi_hal_rxdesc.o)
76    0       0     0    lib_wifi_single_core_mp.a(wifi_hal_suspend.o)
1720  0       0     0    lib_wifi_single_core_mp.a(wifi_hal_txdesc.o)
60    0       0     0    lib_wifi_single_core_mp.a(wifi_hal_txpower.o)
72    0       0     0    lib_wifi_single_core_mp.a(wifi_hal_xmit.o)
132   73      0     0    lib_wifi_rtk_app_open.a(wifi_init.o)
1384  558     0     29   lib_wifi_single_core_mp.a(wifi_intf_drv_to_app_basic.o)
3232  681     0     2    lib_wifi_single_core_mp.a(wifi_intf_drv_to_app_ext.o)
396   82      0     0    lib_wifi_single_core_mp.a(wifi_intf_drv_to_lwip.o)
11408 3867    0     2    lib_wifi_single_core_mp.a(wifi_intf_drv_to_mp.o)
2628  276     0     2196 lib_wifi_single_core_mp.a(wifi_intf_drv_to_upper.o)
1296  32      0     8    lib_wifi_single_core_mp.a(wifi_intf_hal_to_g6_bb.o)
676   147     0     0    lib_wifi_single_core_mp.a(wifi_intf_hal_to_g6_mac.o)
652   0       0     0    lib_wifi_single_core_mp.a(wifi_intf_hal_to_g6_mac_common.o)
812   0       0     0    lib_wifi_single_core_mp.a(wifi_intf_rom_to_flash.o)
1212  430     0     332  lib_wpa_lite.a(wpa_lite_owe.o)
7636  688     4     326  lib_wpa_lite.a(wpa_lite_psk.o)
3948  1415    3     0    lib_wpa_lite.a(wpa_lite_sae.o)
0     0       0     68   lib_wpa_lite.a(wpa_lite_wnm.o)
------------------------- wifidrv End ---------------------------------------------
text  rodata  data  bss  module  
10027615393   129   7344 (TOTALS)
Module wifidrv size:
0x1e106			123142

========================= wifibb Start ============================================
text  rodata  data  bss  module  
1296  21      0     1208 lib_wifi_single_core_mp.a(halbb.o)
1004  0       0     0    lib_wifi_single_core_mp.a(halbb_8730e.o)
5844  844     16    0    lib_wifi_single_core_mp.a(halbb_8730e_api.o)
524   0       0     0    lib_wifi_single_core_mp.a(halbb_api.o)
48    0       0     0    lib_wifi_single_core_mp.a(halbb_cfo_trk.o)
580   64      0     0    lib_wifi_single_core_mp.a(halbb_ch_info.o)
516   52      0     0    lib_wifi_single_core_mp.a(halbb_cmn_rpt.o)
156   0       0     0    lib_wifi_single_core_mp.a(halbb_dbg.o)
292   0       0     0    lib_wifi_single_core_mp.a(halbb_env_clm.o)
864   0       0     0    lib_wifi_single_core_mp.a(halbb_env_mntr.o)
1392  12      0     0    lib_wifi_single_core_mp.a(halbb_env_nhm.o)
748   10112   0     0    lib_wifi_single_core_mp.a(halbb_hwimg_8730e.o)
76    0       0     0    lib_wifi_single_core_mp.a(halbb_hw_cfg.o)
300   0       0     0    lib_wifi_single_core_mp.a(halbb_init.o)
216   0       0     0    lib_wifi_single_core_mp.a(halbb_interface.o)
88    0       0     0    lib_wifi_single_core_mp.a(halbb_math_lib.o)
1372  56      0     0    lib_wifi_single_core_mp.a(halbb_mp.o)
1584  78      0     0    lib_wifi_single_core_mp.a(halbb_physts.o)
7288  422     0     0    lib_wifi_single_core_mp.a(halbb_plcp_gen.o)
5544  8       0     0    lib_wifi_single_core_mp.a(halbb_plcp_tx.o)
340   72      0     0    lib_wifi_single_core_mp.a(halbb_pwr_ctrl.o)
440   0       0     0    lib_wifi_single_core_mp.a(halbb_reg_cfg_8730e.o)
636   165     0     0    lib_wifi_single_core_mp.a(halbb_statistics.o)
------------------------- wifibb End ----------------------------------------------
text  rodata  data  bss  module  
31148 11906   16    1208 (TOTALS)
Module wifibb size:
0xacf6			44278

========================= wifirf Start ============================================
text  rodata  data  bss  module  
216   606     0     0    lib_wifi_api.a(ameba_wifi_country_code_table_usrcfg.o)
696   1672    2     3    lib_wifi_api.a(ameba_wifi_power_table_usrcfg.o)
2400  0       0     0    lib_wifi_single_core_mp.a(halrf.o)
5656  139     0     0    lib_wifi_single_core_mp.a(halrf_8730e.o)
236   0       0     0    lib_wifi_single_core_mp.a(halrf_8730e_api.o)
800   0       0     0    lib_wifi_single_core_mp.a(halrf_api.o)
1636  28      0     0    lib_wifi_single_core_mp.a(halrf_dack_8730e.o)
16    0       0     0    lib_wifi_single_core_mp.a(halrf_dbg.o)
16    0       0     0    lib_wifi_single_core_mp.a(halrf_dbg_cmd.o)
3268  68      0     0    lib_wifi_single_core_mp.a(halrf_dpk_8730e.o)
664   14506   0     0    lib_wifi_single_core_mp.a(halrf_hwimg_8730e.o)
20    0       0     0    lib_wifi_single_core_mp.a(halrf_hw_cfg.o)
192   0       0     1748 lib_wifi_single_core_mp.a(halrf_init.o)
212   0       0     0    lib_wifi_single_core_mp.a(halrf_interface.o)
5696  84      0     0    lib_wifi_single_core_mp.a(halrf_iqk_8730e.o)
208   0       0     0    lib_wifi_single_core_mp.a(halrf_kfree_8730e.o)
1288  96      0     0    lib_wifi_single_core_mp.a(halrf_psd_8730e.o)
916   0       0     0    lib_wifi_single_core_mp.a(halrf_pwr_table.o)
2584  0       0     0    lib_wifi_single_core_mp.a(halrf_set_pwr_table_8730e.o)
5972  119     0     0    lib_wifi_single_core_mp.a(halrf_tssi_8730e.o)
2872  24      0     0    lib_wifi_single_core_mp.a(halrf_txgapk_8730e.o)
------------------------- wifirf End ----------------------------------------------
text  rodata  data  bss  module  
35564 17342   2     1751 (TOTALS)
Module wifirf size:
0xd583			54659

========================= wifios Start ============================================
text  rodata  data  bss  module  
988   0       0     4348 lib_freertos_os_wrapper.a(os_wrapper_static_functions.o)
------------------------- wifios End ----------------------------------------------
text  rodata  data  bss  module  
988   0       0     4348 (TOTALS)
Module wifios size:
0x14d8			5336

========================= atcmd Start =============================================
text  rodata  data  bss  module  
1424  925     64    4    lib_at_cmd.a(atcmd_coex.o)
768   781     16    0    lib_at_cmd.a(atcmd_diag.o)
2720  1014    49    0    lib_at_cmd.a(atcmd_fs.o)
2192  2491    96    0    lib_at_cmd.a(atcmd_network.o)
1100  46      16    0    lib_at_cmd.a(atcmd_otp.o)
716   95      32    260  lib_at_cmd.a(atcmd_service.o)
1120  720     80    88   lib_at_cmd.a(atcmd_sys.o)
1356  874     96    0    lib_at_cmd.a(atcmd_sys_common.o)
10144 8740    240   289  lib_at_cmd.a(atcmd_wifi.o)
2064  1684    0     0    lib_at_cmd.a(monitor.o)
------------------------- atcmd End -----------------------------------------------
text  rodata  data  bss  module  
23604 17370   689   641  (TOTALS)
Module atcmd size:
0xa540			42304

========================= fwlib Start =============================================
text  rodata  data  bss  module  
588   147     0     0    lib_fwlib_hp.a(ameba_app_start.o)
32    0       0     0    lib_fwlib_common.a(ameba_arch.o)
112   113     0     0    lib_fwlib_common.a(ameba_bor.o)
996   323     0     0    lib_fwlib_common.a(ameba_clk.o)
1456  214     0     0    lib_fwlib_hp.a(ameba_codec.o)
520   208     0     0    lib_fwlib_common.a(ameba_fault_handle.o)
80    46      108   0    lib_usrcfg.a(ameba_flashcfg.o)
1232  271     0     4    lib_fwlib_common.a(ameba_flash_ram.o)
240   385     0     0    lib_crashdump.a(ameba_freertos_backtrace.o)
1092  384     0     76   lib_fwlib_common.a(ameba_ipc_api.o)
212   117     0     256  lib_fwlib_common.a(ameba_ipc_ram.o)
2116  170     0     24   lib_fwlib_hp.a(ameba_ipc_toap.o)
300   117     0     8    lib_fwlib_common.a(ameba_mpu_ram.o)
132   0       0     24   lib_misc.a(ameba_ota.o)
2376  551     0     0    lib_fwlib_common.a(ameba_otp.o)
104   0       0     0    lib_fwlib_hp.a(ameba_pinmap.o)
0     288     0     0    lib_usrcfg.a(ameba_pinmapcfg.o)
132   28      0     0    lib_fwlib_hp.a(ameba_pmc.o)
1232  0       0     348  lib_pmc.a(ameba_pmc_hp_lib.o)
884   101     20    232  lib_misc.a(ameba_pmu.o)
68    0       0     0    lib_fwlib_common.a(ameba_reset.o)
32    0       4     0    lib_fwlib_hp.a(ameba_system.o)
728   300     4     0    lib_crashdump.a(ameba_v8m_backtrace.o)
656   516     0     116  lib_crashdump.a(ameba_v8m_crashdump.o)
1064  2244    0     0    lib_crashdump.a(ameba_v8m_fault_diagnosis.o)
16    0       0     0    libnosys.a(close.o)
48    0       0     0    lib_hal.a(flash_api.o)
16    0       0     0    libnosys.a(fstat.o)
132   0       0     0    lib_freertos_os_wrapper.a(gcc_wrap.o)
16    0       0     0    libnosys.a(getpid.o)
16    0       0     0    libnosys.a(gettod.o)
16    0       0     0    libnosys.a(isatty.o)
16    0       0     0    libnosys.a(kill.o)
808   481     0     672  lib_swlib.a(locks.o)
876   106     1     48   lib_swlib.a(log.o)
112   0       0     0    lib_monitor.a(low_level_io.o)
16    0       0     0    libnosys.a(lseek.o)
528   119     0     131  lib_monitor.a(shell_ram.o)
1492  0       0     0    lib_swlib.a(sscanf_minimal.o)
532   239     0     0    lib_hal.a(sys_api.o)
2     0       0     0    libnosys.a(_exit.o)
------------------------- fwlib End -----------------------------------------------
text  rodata  data  bss  module  
21026 7468    137   1939 (TOTALS)
Module fwlib size:
0x776a			30570

========================= os Start ================================================
text  rodata  data  bss  module  
256   105     0     53   lib_freertos_os_wrapper.a(freertos_heap5_config.o)
1180  223     0     32   lib_freertos.a(heap_5.o)
144   0       0     0    lib_freertos.a(list.o)
212   0       0     6    lib_freertos_os_wrapper.a(os_wrapper_critical.o)
76    0       0     0    lib_freertos_os_wrapper.a(os_wrapper_memory.o)
392   100     0     0    lib_freertos_os_wrapper.a(os_wrapper_mutex.o)
356   91      0     0    lib_freertos_os_wrapper.a(os_wrapper_queue.o)
308   0       0     0    lib_freertos_os_wrapper.a(os_wrapper_semaphore.o)
124   0       0     0    lib_freertos_os_wrapper.a(os_wrapper_task.o)
108   0       0     0    lib_freertos_os_wrapper.a(os_wrapper_time.o)
548   0       0     0    lib_freertos_os_wrapper.a(os_wrapper_timer.o)
812   219     0     4824 lib_freertos.a(port.o)
248   0       0     0    lib_freertos.a(portasm_ntz.o)
3336  113     0     0    lib_freertos.a(queue.o)
40    22      0     0    lib_rtk_assert.a(rtk_assert.o)
4912  118     4     380  lib_freertos.a(tasks.o)
1356  122     0     1328 lib_freertos.a(timers.o)
------------------------- os End --------------------------------------------------
text  rodata  data  bss  module  
14408 1113    4     6623 (TOTALS)
Module os size:
0x5684			22148

========================= ssl Start ===============================================
text  rodata  data  bss  module  
0     0       0     16   lib_mbedtls.a(ssl_rom_to_ram_map.o)
------------------------- ssl End -------------------------------------------------
text  rodata  data  bss  module  
0     0       0     16   (TOTALS)
Module ssl size:
0x10			16

========================= lwip Start ==============================================
text  rodata  data  bss  module  
1704  0       0     0    lib_lwip.a(api_lib.o)
4192  15      0     0    lib_lwip.a(api_msg.o)
680   0       0     0    lib_lwip.a(autoip.o)
72    0       0     0    lib_lwip.a(def.o)
5816  0       0     60   lib_lwip.a(dhcp.o)
2308  10      0     1162 lib_lwip.a(dns.o)
28    68      0     0    lib_lwip.a(err.o)
2044  0       0     241  lib_lwip.a(etharp.o)
332   12      0     4    lib_lwip.a(ethernet.o)
372   77      0     0    lib_lwip.a(ethernetif.o)
460   0       0     0    lib_lwip.a(icmp.o)
1268  0       0     8    lib_lwip.a(igmp.o)
380   0       0     0    lib_lwip.a(inet_chksum.o)
44    0       0     0    lib_lwip.a(init.o)
0     0       0     24   lib_lwip.a(ip.o)
1384  0       0     6    lib_lwip.a(ip4.o)
664   8       0     16   lib_lwip.a(ip4_addr.o)
1692  0       0     6    lib_lwip.a(ip4_frag.o)
1436  238     0     156  lib_lwip.a(lwip_netconf.o)
40    0       0     0    lib_lwip.a(mem.o)
84    96      0     0    lib_lwip.a(memp.o)
128   0       0     0    lib_lwip.a(netbuf.o)
420   0       0     297  lib_lwip.a(netdb.o)
1168  0       0     85   lib_lwip.a(netif.o)
244   0       0     0    lib_lwip.a(netifapi.o)
1824  0       0     1    lib_lwip.a(pbuf.o)
788   0       0     4    lib_lwip.a(raw.o)
6976  0       0     564  lib_lwip.a(sockets.o)
588   0       0     50   lib_lwip.a(sys_arch.o)
4384  36      6     27   lib_lwip.a(tcp.o)
540   7       0     16   lib_lwip.a(tcpip.o)
5188  0       0     52   lib_lwip.a(tcp_in.o)
3636  0       0     0    lib_lwip.a(tcp_out.o)
500   64      0     12   lib_lwip.a(timeouts.o)
1656  0       2     8    lib_lwip.a(udp.o)
------------------------- lwip End ------------------------------------------------
text  rodata  data  bss  module  
53040 631     8     2799 (TOTALS)
Module lwip size:
0xdc9e			56478

========================= network Start ===========================================
text  rodata  data  bss  module  
5176  66      12    23   lib_cJSON.a(cJSON.o)
3860  448     9     147  lib_dhcp.a(dhcps.o)
84    365     0     0    lib_iperf3.a(dscp.o)
9948  2296    0     33   lib_iperf.a(iperf.o)
808   433     0     54   lib_iperf3.a(iperf3.o)
17836 3513    720   0    lib_iperf3.a(iperf_api.o)
2248  243     0     0    lib_iperf3.a(iperf_client_api.o)
2280  3103    0     260  lib_iperf3.a(iperf_error.o)
0     5153    0     0    lib_iperf3.a(iperf_locale.o)
3024  240     0     0    lib_iperf3.a(iperf_server_api.o)
1396  93      0     0    lib_iperf3.a(iperf_tcp.o)
1336  212     0     0    lib_iperf3.a(iperf_udp.o)
704   186     0     1024 lib_iperf3.a(iperf_util.o)
1092  60      0     0    lib_iperf3.a(net.o)
1672  736     0     51   lib_pingtest.a(ping_test.o)
52    0       0     0    lib_iperf3.a(tcp_info.o)
1340  0       0     24   lib_iperf3.a(timer.o)
1940  253     40    0    lib_iperf3.a(units.o)
------------------------- network End ---------------------------------------------
text  rodata  data  bss  module  
54796 17400   781   1616 (TOTALS)
Module network size:
0x12361			74593

========================= file_system Start =======================================
text  rodata  data  bss  module  
444   17      0     4    lib_kv.a(kv.o)
20256 2743    0     0    lib_littlefs.a(lfs.o)
816   0       0     76   lib_littlefs.a(lfs_nand_ftl.o)
940   0       72    0    lib_littlefs.a(lfs_nand_ftl_mfg.o)
68    64      0     0    lib_littlefs.a(lfs_util.o)
516   0       168   132  lib_littlefs.a(littlefs_adapter.o)
712   0       0     100  lib_vfs.a(vfs.o)
928   12      116   5    lib_vfs.a(vfs_littlefs.o)
1680  5       0     0    lib_vfs.a(vfs_wrap.o)
------------------------- file_system End -----------------------------------------
text  rodata  data  bss  module  
26360 2841    356   317  (TOTALS)
Module file_system size:
0x74b2			29874

========================= diagnose Start ==========================================
text  rodata  data  bss  module  
744   197     0     0    lib_diagnose.a(ameba_diagnose_heap.o)
1852  249     0     2    lib_diagnose.a(ameba_diagnose_np.o)
716   86      0     4    lib_diagnose.a(ameba_diagnose_protocol.o)
1444  279     0     4    lib_diagnose.a(ameba_diagnose_queue.o)
424   21      0     0    lib_diagnose.a(ameba_diagnose_ring_array.o)
44    0       0     0    lib_diagnose.a(ameba_diagnose_transform.o)
0     9       4     0    lib_diagnose.a(tmp_ameba_diagnose_hash.o)
------------------------- diagnose End --------------------------------------------
text  rodata  data  bss  module  
5224  841     4     10   (TOTALS)
Module diagnose size:
0x17bf			6079

========================= others Start ============================================
text  rodata  data  bss  module  
520   98      0     4    lib_project_src.a(main.o)
140   4       0     28   crtbegin.o
------------------------- others End ----------------------------------------------
text  rodata  data  bss  module  
660   102     0     32   (TOTALS)
Module others size:
0x31a			794

================================================================================
text  rodata  data  bss  module  
593268134523  3040  31107(TOTALS)

Image size:
0xba052			761938

