Archive member included to satisfy reference by file (symbol)

/home/zjian_zhang/Dplus_Z/project/realtek_amebaDplus_va0_example/GCC-RELEASE/project_km4/asdk/../toolchain/linux/asdk-10.3.1/linux/newlib/arm-none-eabi/lib/thumb/v8-m.main+fp/fpu/libc.a(lib_a-atoi.o)
                              ./build/stdlib/stdlib_link.o (atoi)
/home/zjian_zhang/Dplus_Z/project/realtek_amebaDplus_va0_example/GCC-RELEASE/project_km4/asdk/../toolchain/linux/asdk-10.3.1/linux/newlib/arm-none-eabi/lib/thumb/v8-m.main+fp/fpu/libc.a(lib_a-printf.o)
                              ./build/stdlib/stdlib_link.o (printf)
/home/zjian_zhang/Dplus_Z/project/realtek_amebaDplus_va0_example/GCC-RELEASE/project_km4/asdk/../toolchain/linux/asdk-10.3.1/linux/newlib/arm-none-eabi/lib/thumb/v8-m.main+fp/fpu/libc.a(lib_a-putchar.o)
                              ./build/stdlib/stdlib_link.o (putchar)
/home/zjian_zhang/Dplus_Z/project/realtek_amebaDplus_va0_example/GCC-RELEASE/project_km4/asdk/../toolchain/linux/asdk-10.3.1/linux/newlib/arm-none-eabi/lib/thumb/v8-m.main+fp/fpu/libc.a(lib_a-putc.o)
                              /home/zjian_zhang/Dplus_Z/project/realtek_amebaDplus_va0_example/GCC-RELEASE/project_km4/asdk/../toolchain/linux/asdk-10.3.1/linux/newlib/arm-none-eabi/lib/thumb/v8-m.main+fp/fpu/libc.a(lib_a-putchar.o) (_putc_r)
/home/zjian_zhang/Dplus_Z/project/realtek_amebaDplus_va0_example/GCC-RELEASE/project_km4/asdk/../toolchain/linux/asdk-10.3.1/linux/newlib/arm-none-eabi/lib/thumb/v8-m.main+fp/fpu/libc.a(lib_a-puts.o)
                              ./build/stdlib/stdlib_link.o (puts)
/home/zjian_zhang/Dplus_Z/project/realtek_amebaDplus_va0_example/GCC-RELEASE/project_km4/asdk/../toolchain/linux/asdk-10.3.1/linux/newlib/arm-none-eabi/lib/thumb/v8-m.main+fp/fpu/libc.a(lib_a-snprintf.o)
                              ./build/stdlib/stdlib_link.o (snprintf)
/home/zjian_zhang/Dplus_Z/project/realtek_amebaDplus_va0_example/GCC-RELEASE/project_km4/asdk/../toolchain/linux/asdk-10.3.1/linux/newlib/arm-none-eabi/lib/thumb/v8-m.main+fp/fpu/libc.a(lib_a-sprintf.o)
                              ./build/stdlib/stdlib_link.o (sprintf)
/home/zjian_zhang/Dplus_Z/project/realtek_amebaDplus_va0_example/GCC-RELEASE/project_km4/asdk/../toolchain/linux/asdk-10.3.1/linux/newlib/arm-none-eabi/lib/thumb/v8-m.main+fp/fpu/libc.a(lib_a-sscanf.o)
                              ./build/stdlib/stdlib_link.o (sscanf)
/home/zjian_zhang/Dplus_Z/project/realtek_amebaDplus_va0_example/GCC-RELEASE/project_km4/asdk/../toolchain/linux/asdk-10.3.1/linux/newlib/arm-none-eabi/lib/thumb/v8-m.main+fp/fpu/libc.a(lib_a-stdio.o)
                              /home/zjian_zhang/Dplus_Z/project/realtek_amebaDplus_va0_example/GCC-RELEASE/project_km4/asdk/../toolchain/linux/asdk-10.3.1/linux/newlib/arm-none-eabi/lib/thumb/v8-m.main+fp/fpu/libc.a(lib_a-sscanf.o) (__seofread)
/home/zjian_zhang/Dplus_Z/project/realtek_amebaDplus_va0_example/GCC-RELEASE/project_km4/asdk/../toolchain/linux/asdk-10.3.1/linux/newlib/arm-none-eabi/lib/thumb/v8-m.main+fp/fpu/libc.a(lib_a-strcat.o)
                              ./build/stdlib/stdlib_link.o (strcat)
/home/zjian_zhang/Dplus_Z/project/realtek_amebaDplus_va0_example/GCC-RELEASE/project_km4/asdk/../toolchain/linux/asdk-10.3.1/linux/newlib/arm-none-eabi/lib/thumb/v8-m.main+fp/fpu/libc.a(lib_a-strchr.o)
                              ./build/stdlib/stdlib_link.o (strchr)
/home/zjian_zhang/Dplus_Z/project/realtek_amebaDplus_va0_example/GCC-RELEASE/project_km4/asdk/../toolchain/linux/asdk-10.3.1/linux/newlib/arm-none-eabi/lib/thumb/v8-m.main+fp/fpu/libc.a(lib_a-strcpy.o)
                              ./build/stdlib/stdlib_link.o (strcpy)
/home/zjian_zhang/Dplus_Z/project/realtek_amebaDplus_va0_example/GCC-RELEASE/project_km4/asdk/../toolchain/linux/asdk-10.3.1/linux/newlib/arm-none-eabi/lib/thumb/v8-m.main+fp/fpu/libc.a(lib_a-strlen-stub.o)
                              /home/zjian_zhang/Dplus_Z/project/realtek_amebaDplus_va0_example/GCC-RELEASE/project_km4/asdk/../toolchain/linux/asdk-10.3.1/linux/newlib/arm-none-eabi/lib/thumb/v8-m.main+fp/fpu/libc.a(lib_a-puts.o) (strlen)
/home/zjian_zhang/Dplus_Z/project/realtek_amebaDplus_va0_example/GCC-RELEASE/project_km4/asdk/../toolchain/linux/asdk-10.3.1/linux/newlib/arm-none-eabi/lib/thumb/v8-m.main+fp/fpu/libc.a(lib_a-strncat.o)
                              ./build/stdlib/stdlib_link.o (strncat)
/home/zjian_zhang/Dplus_Z/project/realtek_amebaDplus_va0_example/GCC-RELEASE/project_km4/asdk/../toolchain/linux/asdk-10.3.1/linux/newlib/arm-none-eabi/lib/thumb/v8-m.main+fp/fpu/libc.a(lib_a-strncmp.o)
                              ./build/stdlib/stdlib_link.o (strncmp)
/home/zjian_zhang/Dplus_Z/project/realtek_amebaDplus_va0_example/GCC-RELEASE/project_km4/asdk/../toolchain/linux/asdk-10.3.1/linux/newlib/arm-none-eabi/lib/thumb/v8-m.main+fp/fpu/libc.a(lib_a-strncpy.o)
                              ./build/stdlib/stdlib_link.o (strncpy)
[...]
Memory Configuration

Name             Origin             Length             Attributes
EMPTY_SECTION    0x0000000000000000 0x0000000000000000 xrw
KM4_IROM         0x0000000000000000 0x000000000001e000 xr
KM4_IROM_NS      0x000000000001e000 0x0000000000015000 xr
KM4_IROM_STDLIB_NS 0x0000000000033000 0x000000000000f000 xr
KM4_DROM_NS      0x0000000000042000 0x0000000000002800 xr
KM4_DROM         0x0000000000044800 0x0000000000003800 xr
KM4_ROMBSS_RAM_S 0x0000000030007000 0x0000000000001000 rw
KM4_MSP_RAM_S    0x0000000030008000 0x0000000000002000 rw
KM4_BOOTLOADER_RAM_S 0x000000003000a020 0x0000000000005fe0 xrw
KM4_FLOADER_RAM_S 0x000000003000a020 0x0000000000015fe0 xrw
KM4_MSP_RAM_NS   0x0000000020003000 0x0000000000001000 rw
KM4_ROMBSS_RAM_COM 0x0000000020004000 0x0000000000001000 rw
KM4_ROMBSS_RAM_NS 0x0000000020005000 0x0000000000001000 rw
KM4_STDLIB_HEAP_RAM_NS 0x0000000020006000 0x0000000000001000 rw
KM0_BOOT_RAM     0x0000000020004d20 0x0000000000000020 xrw
KM0_IPC_RAM      0x0000000020004e00 0x00000000000001e0 xrw
KM4_BD_RAM       0x0000000020010020 0x000000000003ffe0 xrw
KM0_BD_RAM       0x0000000020050020 0x000000000001ffe0 xrw
KM4_BD_RAM_TZ_NSC 0x0000000020070020 0x0000000000000fe0 xrw
KM4_BD_RAM_TZ_ENTRY 0x0000000020071000 0x0000000000004000 xrw
KM4_BD_RAM_TZ_S  0x0000000030075020 0x000000000000afe0 xrw
KM4_BD_PSRAM     0x0000000060000020 0x000000000015afe0 xrw
KM0_BD_PSRAM     0x0000000060180020 0x000000000017ffe0 xrw
KM4_BD_PSRAM_TZ_NSC 0x000000006015b020 0x0000000000000fe0 xrw
KM4_BD_PSRAM_TZ_ENTRY 0x000000006015c000 0x0000000000004000 xrw
KM4_BD_PSRAM_TZ_S 0x0000000070160020 0x000000000001ffe0 xrw
RETENTION_RAM    0x0000000041008e00 0x0000000000000200 xrw
KM0_IROM         0x0000000000000000 0x0000000000006000 xr
KM0_IROM_STDLIB  0x0000000000006000 0x0000000000004000 xr
KM0_DROM         0x000000000000a000 0x0000000000001000 xr
WIFI_ROM         0x000000000000b000 0x000000000001d000 xr
KM0_ROMBSS_RAM   0x0000000020000000 0x0000000000001000 rw
KM0_MSP_RAM      0x0000000020001000 0x0000000000001000 rw
KM0_STDLIB_HEAP_RAM 0x0000000020002000 0x0000000000001000 rw
PHY_IMG1         0x0000000008001020 0x0000000000005fe0 xr
PHY_IMG2         0x0000000008014000 0x00000000001cc000 xr
KM4_IMG3         0x00000000081e0000 0x0000000000020000 xr
KM4_BOOT_XIP     0x000000000f800020 0x00000000007fffe0 xr
KM0_IMG2_XIP     0x000000000c000020 0x0000000001ffffe0 xr
KM4_IMG2_XIP     0x000000000e000020 0x00000000017fffe0 xr
BTRACE           0x00000000c8800000 0x0000000000800000 xr
*default*        0x0000000000000000 0xffffffffffffffff

Linker script and memory map

LOAD ./build/stdlib/stdlib_link.o
START GROUP
LOAD /home/zjian_zhang/Dplus_Z/project/realtek_amebaDplus_va0_example/GCC-RELEASE/project_km4/asdk/../toolchain/linux/asdk-10.3.1/linux/newlib/lib/gcc/arm-none-eabi/10.3.1/thumb/v8-m.main+fp/fpu/libgcc.a
LOAD /home/zjian_zhang/Dplus_Z/project/realtek_amebaDplus_va0_example/GCC-RELEASE/project_km4/asdk/../toolchain/linux/asdk-10.3.1/linux/newlib/arm-none-eabi/lib/thumb/v8-m.main+fp/fpu/libc.a
END GROUP
START GROUP
LOAD /home/zjian_zhang/Dplus_Z/project/realtek_amebaDplus_va0_example/GCC-RELEASE/project_km4/asdk/../toolchain/linux/asdk-10.3.1/linux/newlib/lib/gcc/arm-none-eabi/10.3.1/thumb/v8-m.main+fp/fpu/libgcc.a
LOAD /home/zjian_zhang/Dplus_Z/project/realtek_amebaDplus_va0_example/GCC-RELEASE/project_km4/asdk/../toolchain/linux/asdk-10.3.1/linux/newlib/arm-none-eabi/lib/thumb/v8-m.main+fp/fpu/libc.a
LOAD /home/zjian_zhang/Dplus_Z/project/realtek_amebaDplus_va0_example/GCC-RELEASE/project_km4/asdk/../toolchain/linux/asdk-10.3.1/linux/newlib/arm-none-eabi/lib/thumb/v8-m.main+fp/fpu/libnosys.a
END GROUP
                0x0000000020050020                __km0_image2_entry_func__ = ORIGIN (KM0_BD_RAM)
                0x0000000020004e00                __km0_ipc_memory_start__ = ORIGIN (KM0_IPC_RAM)
                0x000000000c000020                __km0_flash_text_start__ = ORIGIN (KM0_IMG2_XIP)
                0x000000000e000020                __km4_flash_text_start__ = ORIGIN (KM4_IMG2_XIP)
                0x0000000060180020                __km0_psram_text_start__ = ORIGIN (KM0_BD_PSRAM)
                0x000000000f800020                __km4_boot_text_start__ = ORIGIN (KM4_BOOT_XIP)
                0x00000000081e0000                __km4_image3_flash_start__ = ORIGIN (KM4_IMG3)
                0x0000000008014000                __nspe_phy_addr__ = ORIGIN (PHY_IMG2)

.rom.rodata     0x0000000000042000        0x0
                0x0000000000042000                __rom_entry_ns_start__ = .

.rom.stdlib.data
                0x0000000020006000      0x9c0
                0x0000000020006000                __rom_stdlib_data_start__ = .
 *(.data*)
 .data          0x0000000020006000        0x0 ./build/stdlib/stdlib_link.o
 .data          0x0000000020006000        0x0 /home/zjian_zhang/Dplus_Z/project/realtek_amebaDplus_va0_example/GCC-RELEASE/project_km4/asdk/../toolchain/linux/asdk-10.3.1/linux/newlib/arm-none-eabi/lib/thumb/v8-m.main+fp/fpu/libc.a(lib_a-atoi.o)
 .data          0x0000000020006000        0x0 /home/zjian_zhang/Dplus_Z/project/realtek_amebaDplus_va0_example/GCC-RELEASE/project_km4/asdk/../toolchain/linux/asdk-10.3.1/linux/newlib/arm-none-eabi/lib/thumb/v8-m.main+fp/fpu/libc.a(lib_a-printf.o)
 .data          0x0000000020006000        0x0 /home/zjian_zhang/Dplus_Z/project/realtek_amebaDplus_va0_example/GCC-RELEASE/project_km4/asdk/../toolchain/linux/asdk-10.3.1/linux/newlib/arm-none-eabi/lib/thumb/v8-m.main+fp/fpu/libc.a(lib_a-putchar.o)
 .data          0x0000000020006000        0x0 /home/zjian_zhang/Dplus_Z/project/realtek_amebaDplus_va0_example/GCC-RELEASE/project_km4/asdk/../toolchain/linux/asdk-10.3.1/linux/newlib/arm-none-eabi/lib/thumb/v8-m.main+fp/fpu/libc.a(lib_a-putc.o)
 .data          0x0000000020006000        0x0 /home/zjian_zhang/Dplus_Z/project/realtek_amebaDplus_va0_example/GCC-RELEASE/project_km4/asdk/../toolchain/linux/asdk-10.3.1/linux/newlib/arm-none-eabi/lib/thumb/v8-m.main+fp/fpu/libc.a(lib_a-puts.o)
 .data          0x0000000020006000        0x0 /home/zjian_zhang/Dplus_Z/project/realtek_amebaDplus_va0_example/GCC-RELEASE/project_km4/asdk/../toolchain/linux/asdk-10.3.1/linux/newlib/arm-none-eabi/lib/thumb/v8-m.main+fp/fpu/libc.a(lib_a-snprintf.o)
 .data          0x0000000020006000        0x0 /home/zjian_zhang/Dplus_Z/project/realtek_amebaDplus_va0_example/GCC-RELEASE/project_km4/asdk/../toolchain/linux/asdk-10.3.1/linux/newlib/arm-none-eabi/lib/thumb/v8-m.main+fp/fpu/libc.a(lib_a-sprintf.o)
 .data          0x0000000020006000        0x0 /home/zjian_zhang/Dplus_Z/project/realtek_amebaDplus_va0_example/GCC-RELEASE/project_km4/asdk/../toolchain/linux/asdk-10.3.1/linux/newlib/arm-none-eabi/lib/thumb/v8-m.main+fp/fpu/libc.a(lib_a-sscanf.o)
 .data          0x0000000020006000        0x0 /home/zjian_zhang/Dplus_Z/project/realtek_amebaDplus_va0_example/GCC-RELEASE/project_km4/asdk/../toolchain/linux/asdk-10.3.1/linux/newlib/arm-none-eabi/lib/thumb/v8-m.main+fp/fpu/libc.a(lib_a-stdio.o)
 .data          0x0000000020006000        0x0 /home/zjian_zhang/Dplus_Z/project/realtek_amebaDplus_va0_example/GCC-RELEASE/project_km4/asdk/../toolchain/linux/asdk-10.3.1/linux/newlib/arm-none-eabi/lib/thumb/v8-m.main+fp/fpu/libc.a(lib_a-strcat.o)
 .data          0x0000000020006000        0x0 /home/zjian_zhang/Dplus_Z/project/realtek_amebaDplus_va0_example/GCC-RELEASE/project_km4/asdk/../toolchain/linux/asdk-10.3.1/linux/newlib/arm-none-eabi/lib/thumb/v8-m.main+fp/fpu/libc.a(lib_a-strchr.o)
 .data          0x0000000020006000        0x0 /home/zjian_zhang/Dplus_Z/project/realtek_amebaDplus_va0_example/GCC-RELEASE/project_km4/asdk/../toolchain/linux/asdk-10.3.1/linux/newlib/arm-none-eabi/lib/thumb/v8-m.main+fp/fpu/libc.a(lib_a-strcpy.o)
 .data          0x0000000020006000        0x0 /home/zjian_zhang/Dplus_Z/project/realtek_amebaDplus_va0_example/GCC-RELEASE/project_km4/asdk/../toolchain/linux/asdk-10.3.1/linux/newlib/arm-none-eabi/lib/thumb/v8-m.main+fp/fpu/libc.a(lib_a-strlen-stub.o)
 .data          0x0000000020006000        0x0 /home/zjian_zhang/Dplus_Z/project/realtek_amebaDplus_va0_example/GCC-RELEASE/project_km4/asdk/../toolchain/linux/asdk-10.3.1/linux/newlib/arm-none-eabi/lib/thumb/v8-m.main+fp/fpu/libc.a(lib_a-strncat.o)
 .data          0x0000000020006000        0x0 /home/zjian_zhang/Dplus_Z/project/realtek_amebaDplus_va0_example/GCC-RELEASE/project_km4/asdk/../toolchain/linux/asdk-10.3.1/linux/newlib/arm-none-eabi/lib/thumb/v8-m.main+fp/fpu/libc.a(lib_a-strncmp.o)
 .data          0x0000000020006000        0x0 /home/zjian_zhang/Dplus_Z/project/realtek_amebaDplus_va0_example/GCC-RELEASE/project_km4/asdk/../toolchain/linux/asdk-10.3.1/linux/newlib/arm-none-eabi/lib/thumb/v8-m.main+fp/fpu/libc.a(lib_a-strncpy.o)
 .data          0x0000000020006000        0x0 /home/zjian_zhang/Dplus_Z/project/realtek_amebaDplus_va0_example/GCC-RELEASE/project_km4/asdk/../toolchain/linux/asdk-10.3.1/linux/newlib/arm-none-eabi/lib/thumb/v8-m.main+fp/fpu/libc.a(lib_a-strpbrk.o)
 .data          0x0000000020006000        0x0 /home/zjian_zhang/Dplus_Z/project/realtek_amebaDplus_va0_example/GCC-RELEASE/project_km4/asdk/../toolchain/linux/asdk-10.3.1/linux/newlib/arm-none-eabi/lib/thumb/v8-m.main+fp/fpu/libc.a(lib_a-strsep.o)
 .data          0x0000000020006000        0x0 /home/zjian_zhang/Dplus_Z/project/realtek_amebaDplus_va0_example/GCC-RELEASE/project_km4/asdk/../toolchain/linux/asdk-10.3.1/linux/newlib/arm-none-eabi/lib/thumb/v8-m.main+fp/fpu/libc.a(lib_a-strstr.o)
 .data          0x0000000020006000        0x0 /home/zjian_zhang/Dplus_Z/project/realtek_amebaDplus_va0_example/GCC-RELEASE/project_km4/asdk/../toolchain/linux/asdk-10.3.1/linux/newlib/arm-none-eabi/lib/thumb/v8-m.main+fp/fpu/libc.a(lib_a-strtok.o)
 .data          0x0000000020006000        0x0 /home/zjian_zhang/Dplus_Z/project/realtek_amebaDplus_va0_example/GCC-RELEASE/project_km4/asdk/../toolchain/linux/asdk-10.3.1/linux/newlib/arm-none-eabi/lib/thumb/v8-m.main+fp/fpu/libc.a(lib_a-strtok_r.o)
 .data          0x0000000020006000        0x0 /home/zjian_zhang/Dplus_Z/project/realtek_amebaDplus_va0_example/GCC-RELEASE/project_km4/asdk/../toolchain/linux/asdk-10.3.1/linux/newlib/arm-none-eabi/lib/thumb/v8-m.main+fp/fpu/libc.a(lib_a-strtol.o)
 .data          0x0000000020006000        0x0 /home/zjian_zhang/Dplus_Z/project/realtek_amebaDplus_va0_example/GCC-RELEASE/project_km4/asdk/../toolchain/linux/asdk-10.3.1/linux/newlib/arm-none-eabi/lib/thumb/v8-m.main+fp/fpu/libc.a(lib_a-svfprintf.o)
 .data          0x0000000020006000        0x0 /home/zjian_zhang/Dplus_Z/project/realtek_amebaDplus_va0_example/GCC-RELEASE/project_km4/asdk/../toolchain/linux/asdk-10.3.1/linux/newlib/arm-none-eabi/lib/thumb/v8-m.main+fp/fpu/libc.a(lib_a-svfscanf.o)
 .data          0x0000000020006000        0x0 /home/zjian_zhang/Dplus_Z/project/realtek_amebaDplus_va0_example/GCC-RELEASE/project_km4/asdk/../toolchain/linux/asdk-10.3.1/linux/newlib/arm-none-eabi/lib/thumb/v8-m.main+fp/fpu/libc.a(lib_a-vfprintf.o)
 .data          0x0000000020006000        0x0 /home/zjian_zhang/Dplus_Z/project/realtek_amebaDplus_va0_example/GCC-RELEASE/project_km4/asdk/../toolchain/linux/asdk-10.3.1/linux/newlib/arm-none-eabi/lib/thumb/v8-m.main+fp/fpu/libc.a(lib_a-vsnprintf.o)
 .data          0x0000000020006000        0x0 /home/zjian_zhang/Dplus_Z/project/realtek_amebaDplus_va0_example/GCC-RELEASE/project_km4/asdk/../toolchain/linux/asdk-10.3.1/linux/newlib/arm-none-eabi/lib/thumb/v8-m.main+fp/fpu/libc.a(lib_a-wbuf.o)
 .data          0x0000000020006000        0x0 /home/zjian_zhang/Dplus_Z/project/realtek_amebaDplus_va0_example/GCC-RELEASE/project_km4/asdk/../toolchain/linux/asdk-10.3.1/linux/newlib/arm-none-eabi/lib/thumb/v8-m.main+fp/fpu/libc.a(lib_a-writer.o)
 .data          0x0000000020006000        0x0 /home/zjian_zhang/Dplus_Z/project/realtek_amebaDplus_va0_example/GCC-RELEASE/project_km4/asdk/../toolchain/linux/asdk-10.3.1/linux/newlib/arm-none-eabi/lib/thumb/v8-m.main+fp/fpu/libc.a(lib_a-wsetup.o)
 .data          0x0000000020006000        0x0 /home/zjian_zhang/Dplus_Z/project/realtek_amebaDplus_va0_example/GCC-RELEASE/project_km4/asdk/../toolchain/linux/asdk-10.3.1/linux/newlib/arm-none-eabi/lib/thumb/v8-m.main+fp/fpu/libc.a(lib_a-closer.o)
 .data          0x0000000020006000        0x0 /home/zjian_zhang/Dplus_Z/project/realtek_amebaDplus_va0_example/GCC-RELEASE/project_km4/asdk/../toolchain/linux/asdk-10.3.1/linux/newlib/arm-none-eabi/lib/thumb/v8-m.main+fp/fpu/libc.a(lib_a-ctype_.o)
 .data          0x0000000020006000        0x0 /home/zjian_zhang/Dplus_Z/project/realtek_amebaDplus_va0_example/GCC-RELEASE/project_km4/asdk/../toolchain/linux/asdk-10.3.1/linux/newlib/arm-none-eabi/lib/thumb/v8-m.main+fp/fpu/libc.a(lib_a-dtoa.o)
 .data          0x0000000020006000        0x0 /home/zjian_zhang/Dplus_Z/project/realtek_amebaDplus_va0_example/GCC-RELEASE/project_km4/asdk/../toolchain/linux/asdk-10.3.1/linux/newlib/arm-none-eabi/lib/thumb/v8-m.main+fp/fpu/libc.a(lib_a-errno.o)
 .data          0x0000000020006000        0x0 /home/zjian_zhang/Dplus_Z/project/realtek_amebaDplus_va0_example/GCC-RELEASE/project_km4/asdk/../toolchain/linux/asdk-10.3.1/linux/newlib/arm-none-eabi/lib/thumb/v8-m.main+fp/fpu/libc.a(lib_a-fflush.o)
 .data          0x0000000020006000        0x0 /home/zjian_zhang/Dplus_Z/project/realtek_amebaDplus_va0_example/GCC-RELEASE/project_km4/asdk/../toolchain/linux/asdk-10.3.1/linux/newlib/arm-none-eabi/lib/thumb/v8-m.main+fp/fpu/libc.a(lib_a-findfp.o)
 .data          0x0000000020006000        0x0 /home/zjian_zhang/Dplus_Z/project/realtek_amebaDplus_va0_example/GCC-RELEASE/project_km4/asdk/../toolchain/linux/asdk-10.3.1/linux/newlib/arm-none-eabi/lib/thumb/v8-m.main+fp/fpu/libc.a(lib_a-free.o)
 .data          0x0000000020006000        0x0 /home/zjian_zhang/Dplus_Z/project/realtek_amebaDplus_va0_example/GCC-RELEASE/project_km4/asdk/../toolchain/linux/asdk-10.3.1/linux/newlib/arm-none-eabi/lib/thumb/v8-m.main+fp/fpu/libc.a(lib_a-freer.o)
 .data          0x0000000020006000        0x0 /home/zjian_zhang/Dplus_Z/project/realtek_amebaDplus_va0_example/GCC-RELEASE/project_km4/asdk/../toolchain/linux/asdk-10.3.1/linux/newlib/arm-none-eabi/lib/thumb/v8-m.main+fp/fpu/libc.a(lib_a-fvwrite.o)
 .data          0x0000000020006000        0x0 /home/zjian_zhang/Dplus_Z/project/realtek_amebaDplus_va0_example/GCC-RELEASE/project_km4/asdk/../toolchain/linux/asdk-10.3.1/linux/newlib/arm-none-eabi/lib/thumb/v8-m.main+fp/fpu/libc.a(lib_a-fwalk.o)
 .data          0x0000000020006000      0x430 /home/zjian_zhang/Dplus_Z/project/realtek_amebaDplus_va0_example/GCC-RELEASE/project_km4/asdk/../toolchain/linux/asdk-10.3.1/linux/newlib/arm-none-eabi/lib/thumb/v8-m.main+fp/fpu/libc.a(lib_a-impure.o)
                0x0000000020006000                _impure_ptr
 .data          0x0000000020006430        0x0 /home/zjian_zhang/Dplus_Z/project/realtek_amebaDplus_va0_example/GCC-RELEASE/project_km4/asdk/../toolchain/linux/asdk-10.3.1/linux/newlib/arm-none-eabi/lib/thumb/v8-m.main+fp/fpu/libc.a(lib_a-iswspace.o)
 .data          0x0000000020006430        0x0 /home/zjian_zhang/Dplus_Z/project/realtek_amebaDplus_va0_example/GCC-RELEASE/project_km4/asdk/../toolchain/linux/asdk-10.3.1/linux/newlib/arm-none-eabi/lib/thumb/v8-m.main+fp/fpu/libc.a(lib_a-localeconv.o)
 .data          0x0000000020006430      0x16c /home/zjian_zhang/Dplus_Z/project/realtek_amebaDplus_va0_example/GCC-RELEASE/project_km4/asdk/../toolchain/linux/asdk-10.3.1/linux/newlib/arm-none-eabi/lib/thumb/v8-m.main+fp/fpu/libc.a(lib_a-locale.o)
                0x0000000020006430                __global_locale
 .data          0x000000002000659c        0x0 /home/zjian_zhang/Dplus_Z/project/realtek_amebaDplus_va0_example/GCC-RELEASE/project_km4/asdk/../toolchain/linux/asdk-10.3.1/linux/newlib/arm-none-eabi/lib/thumb/v8-m.main+fp/fpu/libc.a(lib_a-lock.o)
 .data          0x000000002000659c        0x0 /home/zjian_zhang/Dplus_Z/project/realtek_amebaDplus_va0_example/GCC-RELEASE/project_km4/asdk/../toolchain/linux/asdk-10.3.1/linux/newlib/arm-none-eabi/lib/thumb/v8-m.main+fp/fpu/libc.a(lib_a-lseekr.o)
 .data          0x000000002000659c        0x0 /home/zjian_zhang/Dplus_Z/project/realtek_amebaDplus_va0_example/GCC-RELEASE/project_km4/asdk/../toolchain/linux/asdk-10.3.1/linux/newlib/arm-none-eabi/lib/thumb/v8-m.main+fp/fpu/libc.a(lib_a-makebuf.o)
 .data          0x000000002000659c        0x0 /home/zjian_zhang/Dplus_Z/project/realtek_amebaDplus_va0_example/GCC-RELEASE/project_km4/asdk/../toolchain/linux/asdk-10.3.1/linux/newlib/arm-none-eabi/lib/thumb/v8-m.main+fp/fpu/libc.a(lib_a-malloc.o)
 .data          0x000000002000659c      0x410 /home/zjian_zhang/Dplus_Z/project/realtek_amebaDplus_va0_example/GCC-RELEASE/project_km4/asdk/../toolchain/linux/asdk-10.3.1/linux/newlib/arm-none-eabi/lib/thumb/v8-m.main+fp/fpu/libc.a(lib_a-mallocr.o)
                0x000000002000659c                __malloc_av_
                0x00000000200069a4                __malloc_sbrk_base
                0x00000000200069a8                __malloc_trim_threshold
 .data          0x00000000200069ac        0x0 /home/zjian_zhang/Dplus_Z/project/realtek_amebaDplus_va0_example/GCC-RELEASE/project_km4/asdk/../toolchain/linux/asdk-10.3.1/linux/newlib/arm-none-eabi/lib/thumb/v8-m.main+fp/fpu/libc.a(lib_a-mbrtowc.o)
 .data          0x00000000200069ac        0x0 /home/zjian_zhang/Dplus_Z/project/realtek_amebaDplus_va0_example/GCC-RELEASE/project_km4/asdk/../toolchain/linux/asdk-10.3.1/linux/newlib/arm-none-eabi/lib/thumb/v8-m.main+fp/fpu/libc.a(lib_a-mbtowc_r.o)
 .data          0x00000000200069ac        0x0 /home/zjian_zhang/Dplus_Z/project/realtek_amebaDplus_va0_example/GCC-RELEASE/project_km4/asdk/../toolchain/linux/asdk-10.3.1/linux/newlib/arm-none-eabi/lib/thumb/v8-m.main+fp/fpu/libc.a(lib_a-memchr-stub.o)
 .data          0x00000000200069ac        0x0 /home/zjian_zhang/Dplus_Z/project/realtek_amebaDplus_va0_example/GCC-RELEASE/project_km4/asdk/../toolchain/linux/asdk-10.3.1/linux/newlib/arm-none-eabi/lib/thumb/v8-m.main+fp/fpu/libc.a(lib_a-memcmp.o)
 .data          0x00000000200069ac        0x0 /home/zjian_zhang/Dplus_Z/project/realtek_amebaDplus_va0_example/GCC-RELEASE/project_km4/asdk/../toolchain/linux/asdk-10.3.1/linux/newlib/arm-none-eabi/lib/thumb/v8-m.main+fp/fpu/libc.a(lib_a-memcpy.o)
 .data          0x00000000200069ac        0x0 /home/zjian_zhang/Dplus_Z/project/realtek_amebaDplus_va0_example/GCC-RELEASE/project_km4/asdk/../toolchain/linux/asdk-10.3.1/linux/newlib/arm-none-eabi/lib/thumb/v8-m.main+fp/fpu/libc.a(lib_a-memmove.o)
 .data          0x00000000200069ac        0x0 /home/zjian_zhang/Dplus_Z/project/realtek_amebaDplus_va0_example/GCC-RELEASE/project_km4/asdk/../toolchain/linux/asdk-10.3.1/linux/newlib/arm-none-eabi/lib/thumb/v8-m.main+fp/fpu/libc.a(lib_a-memset-stub.o)
 .data          0x00000000200069ac        0x0 /home/zjian_zhang/Dplus_Z/project/realtek_amebaDplus_va0_example/GCC-RELEASE/project_km4/asdk/../toolchain/linux/asdk-10.3.1/linux/newlib/arm-none-eabi/lib/thumb/v8-m.main+fp/fpu/libc.a(lib_a-mlock.o)
 .data          0x00000000200069ac        0x0 /home/zjian_zhang/Dplus_Z/project/realtek_amebaDplus_va0_example/GCC-RELEASE/project_km4/asdk/../toolchain/linux/asdk-10.3.1/linux/newlib/arm-none-eabi/lib/thumb/v8-m.main+fp/fpu/libc.a(lib_a-mprec.o)
 .data          0x00000000200069ac        0x0 /home/zjian_zhang/Dplus_Z/project/realtek_amebaDplus_va0_example/GCC-RELEASE/project_km4/asdk/../toolchain/linux/asdk-10.3.1/linux/newlib/arm-none-eabi/lib/thumb/v8-m.main+fp/fpu/libc.a(lib_a-readr.o)
 .data          0x00000000200069ac        0x0 /home/zjian_zhang/Dplus_Z/project/realtek_amebaDplus_va0_example/GCC-RELEASE/project_km4/asdk/../toolchain/linux/asdk-10.3.1/linux/newlib/arm-none-eabi/lib/thumb/v8-m.main+fp/fpu/libc.a(lib_a-realloc.o)
 .data          0x00000000200069ac        0x0 /home/zjian_zhang/Dplus_Z/project/realtek_amebaDplus_va0_example/GCC-RELEASE/project_km4/asdk/../toolchain/linux/asdk-10.3.1/linux/newlib/arm-none-eabi/lib/thumb/v8-m.main+fp/fpu/libc.a(lib_a-reallocr.o)
 .data          0x00000000200069ac        0x0 /home/zjian_zhang/Dplus_Z/project/realtek_amebaDplus_va0_example/GCC-RELEASE/project_km4/asdk/../toolchain/linux/asdk-10.3.1/linux/newlib/arm-none-eabi/lib/thumb/v8-m.main+fp/fpu/libc.a(lib_a-reent.o)
 .data          0x00000000200069ac        0x0 /home/zjian_zhang/Dplus_Z/project/realtek_amebaDplus_va0_example/GCC-RELEASE/project_km4/asdk/../toolchain/linux/asdk-10.3.1/linux/newlib/arm-none-eabi/lib/thumb/v8-m.main+fp/fpu/libc.a(lib_a-sbrkr.o)
 .data          0x00000000200069ac        0x0 /home/zjian_zhang/Dplus_Z/project/realtek_amebaDplus_va0_example/GCC-RELEASE/project_km4/asdk/../toolchain/linux/asdk-10.3.1/linux/newlib/arm-none-eabi/lib/thumb/v8-m.main+fp/fpu/libc.a(lib_a-sccl.o)
 .data          0x00000000200069ac        0x0 /home/zjian_zhang/Dplus_Z/project/realtek_amebaDplus_va0_example/GCC-RELEASE/project_km4/asdk/../toolchain/linux/asdk-10.3.1/linux/newlib/arm-none-eabi/lib/thumb/v8-m.main+fp/fpu/libc.a(lib_a-sf_nan.o)
 .data          0x00000000200069ac        0x0 /home/zjian_zhang/Dplus_Z/project/realtek_amebaDplus_va0_example/GCC-RELEASE/project_km4/asdk/../toolchain/linux/asdk-10.3.1/linux/newlib/arm-none-eabi/lib/thumb/v8-m.main+fp/fpu/libc.a(lib_a-s_frexp.o)
 .data          0x00000000200069ac        0x0 /home/zjian_zhang/Dplus_Z/project/realtek_amebaDplus_va0_example/GCC-RELEASE/project_km4/asdk/../toolchain/linux/asdk-10.3.1/linux/newlib/arm-none-eabi/lib/thumb/v8-m.main+fp/fpu/libc.a(lib_a-strcmp.o)
 .data          0x00000000200069ac        0x0 /home/zjian_zhang/Dplus_Z/project/realtek_amebaDplus_va0_example/GCC-RELEASE/project_km4/asdk/../toolchain/linux/asdk-10.3.1/linux/newlib/arm-none-eabi/lib/thumb/v8-m.main+fp/fpu/libc.a(lib_a-strnlen.o)
 .data          0x00000000200069ac        0x0 /home/zjian_zhang/Dplus_Z/project/realtek_amebaDplus_va0_example/GCC-RELEASE/project_km4/asdk/../toolchain/linux/asdk-10.3.1/linux/newlib/arm-none-eabi/lib/thumb/v8-m.main+fp/fpu/libc.a(lib_a-strtod.o)
 .data          0x00000000200069ac        0x0 /home/zjian_zhang/Dplus_Z/project/realtek_amebaDplus_va0_example/GCC-RELEASE/project_km4/asdk/../toolchain/linux/asdk-10.3.1/linux/newlib/arm-none-eabi/lib/thumb/v8-m.main+fp/fpu/libc.a(lib_a-strtoll.o)
 .data          0x00000000200069ac        0x0 /home/zjian_zhang/Dplus_Z/project/realtek_amebaDplus_va0_example/GCC-RELEASE/project_km4/asdk/../toolchain/linux/asdk-10.3.1/linux/newlib/arm-none-eabi/lib/thumb/v8-m.main+fp/fpu/libc.a(lib_a-strtoull.o)
 .data          0x00000000200069ac        0x0 /home/zjian_zhang/Dplus_Z/project/realtek_amebaDplus_va0_example/GCC-RELEASE/project_km4/asdk/../toolchain/linux/asdk-10.3.1/linux/newlib/arm-none-eabi/lib/thumb/v8-m.main+fp/fpu/libc.a(lib_a-strtoul.o)
 .data          0x00000000200069ac        0x0 /home/zjian_zhang/Dplus_Z/project/realtek_amebaDplus_va0_example/GCC-RELEASE/project_km4/asdk/../toolchain/linux/asdk-10.3.1/linux/newlib/arm-none-eabi/lib/thumb/v8-m.main+fp/fpu/libc.a(lib_a-svfiprintf.o)
 .data          0x00000000200069ac        0x0 /home/zjian_zhang/Dplus_Z/project/realtek_amebaDplus_va0_example/GCC-RELEASE/project_km4/asdk/../toolchain/linux/asdk-10.3.1/linux/newlib/arm-none-eabi/lib/thumb/v8-m.main+fp/fpu/libc.a(lib_a-svfiscanf.o)
 .data          0x00000000200069ac        0x0 /home/zjian_zhang/Dplus_Z/project/realtek_amebaDplus_va0_example/GCC-RELEASE/project_km4/asdk/../toolchain/linux/asdk-10.3.1/linux/newlib/arm-none-eabi/lib/thumb/v8-m.main+fp/fpu/libc.a(lib_a-ungetc.o)
 .data          0x00000000200069ac        0x0 /home/zjian_zhang/Dplus_Z/project/realtek_amebaDplus_va0_example/GCC-RELEASE/project_km4/asdk/../toolchain/linux/asdk-10.3.1/linux/newlib/arm-none-eabi/lib/thumb/v8-m.main+fp/fpu/libc.a(lib_a-vfiprintf.o)
 .data          0x00000000200069ac        0x0 /home/zjian_zhang/Dplus_Z/project/realtek_amebaDplus_va0_example/GCC-RELEASE/project_km4/asdk/../toolchain/linux/asdk-10.3.1/linux/newlib/arm-none-eabi/lib/thumb/v8-m.main+fp/fpu/libc.a(lib_a-wctomb_r.o)
 .data          0x00000000200069ac        0x0 /home/zjian_zhang/Dplus_Z/project/realtek_amebaDplus_va0_example/GCC-RELEASE/project_km4/asdk/../toolchain/linux/asdk-10.3.1/linux/newlib/arm-none-eabi/lib/thumb/v8-m.main+fp/fpu/libc.a(lib_a-assert.o)
 .data          0x00000000200069ac        0x0 /home/zjian_zhang/Dplus_Z/project/realtek_amebaDplus_va0_example/GCC-RELEASE/project_km4/asdk/../toolchain/linux/asdk-10.3.1/linux/newlib/arm-none-eabi/lib/thumb/v8-m.main+fp/fpu/libc.a(lib_a-callocr.o)
 .data          0x00000000200069ac        0x0 /home/zjian_zhang/Dplus_Z/project/realtek_amebaDplus_va0_example/GCC-RELEASE/project_km4/asdk/../toolchain/linux/asdk-10.3.1/linux/newlib/arm-none-eabi/lib/thumb/v8-m.main+fp/fpu/libc.a(lib_a-fclose.o)
 .data          0x00000000200069ac        0x0 /home/zjian_zhang/Dplus_Z/project/realtek_amebaDplus_va0_example/GCC-RELEASE/project_km4/asdk/../toolchain/linux/asdk-10.3.1/linux/newlib/arm-none-eabi/lib/thumb/v8-m.main+fp/fpu/libc.a(lib_a-fiprintf.o)
 .data          0x00000000200069ac        0x0 /home/zjian_zhang/Dplus_Z/project/realtek_amebaDplus_va0_example/GCC-RELEASE/project_km4/asdk/../toolchain/linux/asdk-10.3.1/linux/newlib/arm-none-eabi/lib/thumb/v8-m.main+fp/fpu/libc.a(lib_a-fputwc.o)
 .data          0x00000000200069ac        0x0 /home/zjian_zhang/Dplus_Z/project/realtek_amebaDplus_va0_example/GCC-RELEASE/project_km4/asdk/../toolchain/linux/asdk-10.3.1/linux/newlib/arm-none-eabi/lib/thumb/v8-m.main+fp/fpu/libc.a(lib_a-fstatr.o)
 .data          0x00000000200069ac        0x0 /home/zjian_zhang/Dplus_Z/project/realtek_amebaDplus_va0_example/GCC-RELEASE/project_km4/asdk/../toolchain/linux/asdk-10.3.1/linux/newlib/arm-none-eabi/lib/thumb/v8-m.main+fp/fpu/libc.a(lib_a-gdtoa-gethex.o)
 .data          0x00000000200069ac        0x0 /home/zjian_zhang/Dplus_Z/project/realtek_amebaDplus_va0_example/GCC-RELEASE/project_km4/asdk/../toolchain/linux/asdk-10.3.1/linux/newlib/arm-none-eabi/lib/thumb/v8-m.main+fp/fpu/libc.a(lib_a-gdtoa-hexnan.o)
 .data          0x00000000200069ac        0x0 /home/zjian_zhang/Dplus_Z/project/realtek_amebaDplus_va0_example/GCC-RELEASE/project_km4/asdk/../toolchain/linux/asdk-10.3.1/linux/newlib/arm-none-eabi/lib/thumb/v8-m.main+fp/fpu/libc.a(lib_a-isattyr.o)
 .data          0x00000000200069ac        0x0 /home/zjian_zhang/Dplus_Z/project/realtek_amebaDplus_va0_example/GCC-RELEASE/project_km4/asdk/../toolchain/linux/asdk-10.3.1/linux/newlib/arm-none-eabi/lib/thumb/v8-m.main+fp/fpu/libc.a(lib_a-iswspace_l.o)
 .data          0x00000000200069ac        0x2 /home/zjian_zhang/Dplus_Z/project/realtek_amebaDplus_va0_example/GCC-RELEASE/project_km4/asdk/../toolchain/linux/asdk-10.3.1/linux/newlib/arm-none-eabi/lib/thumb/v8-m.main+fp/fpu/libc.a(lib_a-lnumeric.o)
 .data          0x00000000200069ae        0x0 /home/zjian_zhang/Dplus_Z/project/realtek_amebaDplus_va0_example/GCC-RELEASE/project_km4/asdk/../toolchain/linux/asdk-10.3.1/linux/newlib/arm-none-eabi/lib/thumb/v8-m.main+fp/fpu/libc.a(lib_a-s_nan.o)
 .data          0x00000000200069ae        0x0 /home/zjian_zhang/Dplus_Z/project/realtek_amebaDplus_va0_example/GCC-RELEASE/project_km4/asdk/../toolchain/linux/asdk-10.3.1/linux/newlib/arm-none-eabi/lib/thumb/v8-m.main+fp/fpu/libc.a(lib_a-wcrtomb.o)
 .data          0x00000000200069ae        0x0 /home/zjian_zhang/Dplus_Z/project/realtek_amebaDplus_va0_example/GCC-RELEASE/project_km4/asdk/../toolchain/linux/asdk-10.3.1/linux/newlib/arm-none-eabi/lib/thumb/v8-m.main+fp/fpu/libc.a(lib_a-abort.o)
 .data          0x00000000200069ae        0x0 /home/zjian_zhang/Dplus_Z/project/realtek_amebaDplus_va0_example/GCC-RELEASE/project_km4/asdk/../toolchain/linux/asdk-10.3.1/linux/newlib/arm-none-eabi/lib/thumb/v8-m.main+fp/fpu/libc.a(lib_a-signal.o)
 .data          0x00000000200069ae        0x0 /home/zjian_zhang/Dplus_Z/project/realtek_amebaDplus_va0_example/GCC-RELEASE/project_km4/asdk/../toolchain/linux/asdk-10.3.1/linux/newlib/arm-none-eabi/lib/thumb/v8-m.main+fp/fpu/libc.a(lib_a-signalr.o)
 .data          0x00000000200069ae        0x0 /home/zjian_zhang/Dplus_Z/project/realtek_amebaDplus_va0_example/GCC-RELEASE/project_km4/asdk/../toolchain/linux/asdk-10.3.1/linux/newlib/lib/gcc/arm-none-eabi/10.3.1/thumb/v8-m.main+fp/fpu/libgcc.a(_arm_muldf3.o)
 .data          0x00000000200069ae        0x0 /home/zjian_zhang/Dplus_Z/project/realtek_amebaDplus_va0_example/GCC-RELEASE/project_km4/asdk/../toolchain/linux/asdk-10.3.1/linux/newlib/lib/gcc/arm-none-eabi/10.3.1/thumb/v8-m.main+fp/fpu/libgcc.a(_arm_addsubdf3.o)
 .data          0x00000000200069ae        0x0 /home/zjian_zhang/Dplus_Z/project/realtek_amebaDplus_va0_example/GCC-RELEASE/project_km4/asdk/../toolchain/linux/asdk-10.3.1/linux/newlib/lib/gcc/arm-none-eabi/10.3.1/thumb/v8-m.main+fp/fpu/libgcc.a(_arm_muldivdf3.o)
 .data          0x00000000200069ae        0x0 /home/zjian_zhang/Dplus_Z/project/realtek_amebaDplus_va0_example/GCC-RELEASE/project_km4/asdk/../toolchain/linux/asdk-10.3.1/linux/newlib/lib/gcc/arm-none-eabi/10.3.1/thumb/v8-m.main+fp/fpu/libgcc.a(_arm_cmpdf2.o)
 .data          0x00000000200069ae        0x0 /home/zjian_zhang/Dplus_Z/project/realtek_amebaDplus_va0_example/GCC-RELEASE/project_km4/asdk/../toolchain/linux/asdk-10.3.1/linux/newlib/lib/gcc/arm-none-eabi/10.3.1/thumb/v8-m.main+fp/fpu/libgcc.a(_arm_unorddf2.o)
 .data          0x00000000200069ae        0x0 /home/zjian_zhang/Dplus_Z/project/realtek_amebaDplus_va0_example/GCC-RELEASE/project_km4/asdk/../toolchain/linux/asdk-10.3.1/linux/newlib/lib/gcc/arm-none-eabi/10.3.1/thumb/v8-m.main+fp/fpu/libgcc.a(_arm_fixdfsi.o)
 .data          0x00000000200069ae        0x0 /home/zjian_zhang/Dplus_Z/project/realtek_amebaDplus_va0_example/GCC-RELEASE/project_km4/asdk/../toolchain/linux/asdk-10.3.1/linux/newlib/lib/gcc/arm-none-eabi/10.3.1/thumb/v8-m.main+fp/fpu/libgcc.a(_arm_fixunsdfsi.o)
 .data          0x00000000200069ae        0x0 /home/zjian_zhang/Dplus_Z/project/realtek_amebaDplus_va0_example/GCC-RELEASE/project_km4/asdk/../toolchain/linux/asdk-10.3.1/linux/newlib/lib/gcc/arm-none-eabi/10.3.1/thumb/v8-m.main+fp/fpu/libgcc.a(_arm_truncdfsf2.o)
 .data          0x00000000200069ae        0x0 /home/zjian_zhang/Dplus_Z/project/realtek_amebaDplus_va0_example/GCC-RELEASE/project_km4/asdk/../toolchain/linux/asdk-10.3.1/linux/newlib/lib/gcc/arm-none-eabi/10.3.1/thumb/v8-m.main+fp/fpu/libgcc.a(_aeabi_uldivmod.o)
 .data          0x00000000200069ae        0x0 /home/zjian_zhang/Dplus_Z/project/realtek_amebaDplus_va0_example/GCC-RELEASE/project_km4/asdk/../toolchain/linux/asdk-10.3.1/linux/newlib/lib/gcc/arm-none-eabi/10.3.1/thumb/v8-m.main+fp/fpu/libgcc.a(_fixdfdi.o)
 .data          0x00000000200069ae        0x0 /home/zjian_zhang/Dplus_Z/project/realtek_amebaDplus_va0_example/GCC-RELEASE/project_km4/asdk/../toolchain/linux/asdk-10.3.1/linux/newlib/lib/gcc/arm-none-eabi/10.3.1/thumb/v8-m.main+fp/fpu/libgcc.a(_fixunsdfdi.o)
 .data          0x00000000200069ae        0x0 /home/zjian_zhang/Dplus_Z/project/realtek_amebaDplus_va0_example/GCC-RELEASE/project_km4/asdk/../toolchain/linux/asdk-10.3.1/linux/newlib/lib/gcc/arm-none-eabi/10.3.1/thumb/v8-m.main+fp/fpu/libgcc.a(_udivmoddi4.o)
 .data          0x00000000200069ae        0x0 /home/zjian_zhang/Dplus_Z/project/realtek_amebaDplus_va0_example/GCC-RELEASE/project_km4/asdk/../toolchain/linux/asdk-10.3.1/linux/newlib/lib/gcc/arm-none-eabi/10.3.1/thumb/v8-m.main+fp/fpu/libgcc.a(_dvmd_tls.o)
 .data          0x00000000200069ae        0x0 /home/zjian_zhang/Dplus_Z/project/realtek_amebaDplus_va0_example/GCC-RELEASE/project_km4/asdk/../toolchain/linux/asdk-10.3.1/linux/newlib/arm-none-eabi/lib/thumb/v8-m.main+fp/fpu/libnosys.a(close.o)
 .data          0x00000000200069ae        0x0 /home/zjian_zhang/Dplus_Z/project/realtek_amebaDplus_va0_example/GCC-RELEASE/project_km4/asdk/../toolchain/linux/asdk-10.3.1/linux/newlib/arm-none-eabi/lib/thumb/v8-m.main+fp/fpu/libnosys.a(fstat.o)
 .data          0x00000000200069ae        0x0 /home/zjian_zhang/Dplus_Z/project/realtek_amebaDplus_va0_example/GCC-RELEASE/project_km4/asdk/../toolchain/linux/asdk-10.3.1/linux/newlib/arm-none-eabi/lib/thumb/v8-m.main+fp/fpu/libnosys.a(getpid.o)
 .data          0x00000000200069ae        0x0 /home/zjian_zhang/Dplus_Z/project/realtek_amebaDplus_va0_example/GCC-RELEASE/project_km4/asdk/../toolchain/linux/asdk-10.3.1/linux/newlib/arm-none-eabi/lib/thumb/v8-m.main+fp/fpu/libnosys.a(isatty.o)
 .data          0x00000000200069ae        0x0 /home/zjian_zhang/Dplus_Z/project/realtek_amebaDplus_va0_example/GCC-RELEASE/project_km4/asdk/../toolchain/linux/asdk-10.3.1/linux/newlib/arm-none-eabi/lib/thumb/v8-m.main+fp/fpu/libnosys.a(kill.o)
 .data          0x00000000200069ae        0x0 /home/zjian_zhang/Dplus_Z/project/realtek_amebaDplus_va0_example/GCC-RELEASE/project_km4/asdk/../toolchain/linux/asdk-10.3.1/linux/newlib/arm-none-eabi/lib/thumb/v8-m.main+fp/fpu/libnosys.a(lseek.o)
 .data          0x00000000200069ae        0x0 /home/zjian_zhang/Dplus_Z/project/realtek_amebaDplus_va0_example/GCC-RELEASE/project_km4/asdk/../toolchain/linux/asdk-10.3.1/linux/newlib/arm-none-eabi/lib/thumb/v8-m.main+fp/fpu/libnosys.a(sbrk.o)
 .data          0x00000000200069ae        0x0 /home/zjian_zhang/Dplus_Z/project/realtek_amebaDplus_va0_example/GCC-RELEASE/project_km4/asdk/../toolchain/linux/asdk-10.3.1/linux/newlib/arm-none-eabi/lib/thumb/v8-m.main+fp/fpu/libnosys.a(_exit.o)
                0x00000000200069ae                __rom_stdlib_data_end__ = .
                0x00000000200069c0                . = ALIGN (0x20)
 *fill*         0x00000000200069ae       0x12 

.rom.stdlib.bss
                0x00000000200069c0       0x60
                0x00000000200069c0                __rom_stdlib_bss_start__ = .
 *(.bss*)
 .bss           0x00000000200069c0        0x8 ./build/stdlib/stdlib_link.o
                0x00000000200069c0                rom_customer_log
 .bss           0x00000000200069c8        0x0 /home/zjian_zhang/Dplus_Z/project/realtek_amebaDplus_va0_example/GCC-RELEASE/project_km4/asdk/../toolchain/linux/asdk-10.3.1/linux/newlib/arm-none-eabi/lib/thumb/v8-m.main+fp/fpu/libc.a(lib_a-atoi.o)
 .bss           0x00000000200069c8        0x0 /home/zjian_zhang/Dplus_Z/project/realtek_amebaDplus_va0_example/GCC-RELEASE/project_km4/asdk/../toolchain/linux/asdk-10.3.1/linux/newlib/arm-none-eabi/lib/thumb/v8-m.main+fp/fpu/libc.a(lib_a-printf.o)
 .bss           0x00000000200069c8        0x0 /home/zjian_zhang/Dplus_Z/project/realtek_amebaDplus_va0_example/GCC-RELEASE/project_km4/asdk/../toolchain/linux/asdk-10.3.1/linux/newlib/arm-none-eabi/lib/thumb/v8-m.main+fp/fpu/libc.a(lib_a-putchar.o)
 .bss           0x00000000200069c8        0x0 /home/zjian_zhang/Dplus_Z/project/realtek_amebaDplus_va0_example/GCC-RELEASE/project_km4/asdk/../toolchain/linux/asdk-10.3.1/linux/newlib/arm-none-eabi/lib/thumb/v8-m.main+fp/fpu/libc.a(lib_a-putc.o)
 .bss           0x00000000200069c8        0x0 /home/zjian_zhang/Dplus_Z/project/realtek_amebaDplus_va0_example/GCC-RELEASE/project_km4/asdk/../toolchain/linux/asdk-10.3.1/linux/newlib/arm-none-eabi/lib/thumb/v8-m.main+fp/fpu/libc.a(lib_a-puts.o)
 .bss           0x00000000200069c8        0x0 /home/zjian_zhang/Dplus_Z/project/realtek_amebaDplus_va0_example/GCC-RELEASE/project_km4/asdk/../toolchain/linux/asdk-10.3.1/linux/newlib/arm-none-eabi/lib/thumb/v8-m.main+fp/fpu/libc.a(lib_a-snprintf.o)
 .bss           0x00000000200069c8        0x0 /home/zjian_zhang/Dplus_Z/project/realtek_amebaDplus_va0_example/GCC-RELEASE/project_km4/asdk/../toolchain/linux/asdk-10.3.1/linux/newlib/arm-none-eabi/lib/thumb/v8-m.main+fp/fpu/libc.a(lib_a-sprintf.o)
 .bss           0x00000000200069c8        0x0 /home/zjian_zhang/Dplus_Z/project/realtek_amebaDplus_va0_example/GCC-RELEASE/project_km4/asdk/../toolchain/linux/asdk-10.3.1/linux/newlib/arm-none-eabi/lib/thumb/v8-m.main+fp/fpu/libc.a(lib_a-sscanf.o)
 .bss           0x00000000200069c8        0x0 /home/zjian_zhang/Dplus_Z/project/realtek_amebaDplus_va0_example/GCC-RELEASE/project_km4/asdk/../toolchain/linux/asdk-10.3.1/linux/newlib/arm-none-eabi/lib/thumb/v8-m.main+fp/fpu/libc.a(lib_a-stdio.o)
 .bss           0x00000000200069c8        0x0 /home/zjian_zhang/Dplus_Z/project/realtek_amebaDplus_va0_example/GCC-RELEASE/project_km4/asdk/../toolchain/linux/asdk-10.3.1/linux/newlib/arm-none-eabi/lib/thumb/v8-m.main+fp/fpu/libc.a(lib_a-strcat.o)
 .bss           0x00000000200069c8        0x0 /home/zjian_zhang/Dplus_Z/project/realtek_amebaDplus_va0_example/GCC-RELEASE/project_km4/asdk/../toolchain/linux/asdk-10.3.1/linux/newlib/arm-none-eabi/lib/thumb/v8-m.main+fp/fpu/libc.a(lib_a-strchr.o)
 .bss           0x00000000200069c8        0x0 /home/zjian_zhang/Dplus_Z/project/realtek_amebaDplus_va0_example/GCC-RELEASE/project_km4/asdk/../toolchain/linux/asdk-10.3.1/linux/newlib/arm-none-eabi/lib/thumb/v8-m.main+fp/fpu/libc.a(lib_a-strcpy.o)
 .bss           0x00000000200069c8        0x0 /home/zjian_zhang/Dplus_Z/project/realtek_amebaDplus_va0_example/GCC-RELEASE/project_km4/asdk/../toolchain/linux/asdk-10.3.1/linux/newlib/arm-none-eabi/lib/thumb/v8-m.main+fp/fpu/libc.a(lib_a-strlen-stub.o)
 .bss           0x00000000200069c8        0x0 /home/zjian_zhang/Dplus_Z/project/realtek_amebaDplus_va0_example/GCC-RELEASE/project_km4/asdk/../toolchain/linux/asdk-10.3.1/linux/newlib/arm-none-eabi/lib/thumb/v8-m.main+fp/fpu/libc.a(lib_a-strncat.o)
 .bss           0x00000000200069c8        0x0 /home/zjian_zhang/Dplus_Z/project/realtek_amebaDplus_va0_example/GCC-RELEASE/project_km4/asdk/../toolchain/linux/asdk-10.3.1/linux/newlib/arm-none-eabi/lib/thumb/v8-m.main+fp/fpu/libc.a(lib_a-strncmp.o)
 .bss           0x00000000200069c8        0x0 /home/zjian_zhang/Dplus_Z/project/realtek_amebaDplus_va0_example/GCC-RELEASE/project_km4/asdk/../toolchain/linux/asdk-10.3.1/linux/newlib/arm-none-eabi/lib/thumb/v8-m.main+fp/fpu/libc.a(lib_a-strncpy.o)
 .bss           0x00000000200069c8        0x0 /home/zjian_zhang/Dplus_Z/project/realtek_amebaDplus_va0_example/GCC-RELEASE/project_km4/asdk/../toolchain/linux/asdk-10.3.1/linux/newlib/arm-none-eabi/lib/thumb/v8-m.main+fp/fpu/libc.a(lib_a-strpbrk.o)
 .bss           0x00000000200069c8        0x0 /home/zjian_zhang/Dplus_Z/project/realtek_amebaDplus_va0_example/GCC-RELEASE/project_km4/asdk/../toolchain/linux/asdk-10.3.1/linux/newlib/arm-none-eabi/lib/thumb/v8-m.main+fp/fpu/libc.a(lib_a-strsep.o)
 .bss           0x00000000200069c8        0x0 /home/zjian_zhang/Dplus_Z/project/realtek_amebaDplus_va0_example/GCC-RELEASE/project_km4/asdk/../toolchain/linux/asdk-10.3.1/linux/newlib/arm-none-eabi/lib/thumb/v8-m.main+fp/fpu/libc.a(lib_a-strstr.o)
 .bss           0x00000000200069c8        0x0 /home/zjian_zhang/Dplus_Z/project/realtek_amebaDplus_va0_example/GCC-RELEASE/project_km4/asdk/../toolchain/linux/asdk-10.3.1/linux/newlib/arm-none-eabi/lib/thumb/v8-m.main+fp/fpu/libc.a(lib_a-strtok.o)
 .bss           0x00000000200069c8        0x0 /home/zjian_zhang/Dplus_Z/project/realtek_amebaDplus_va0_example/GCC-RELEASE/project_km4/asdk/../toolchain/linux/asdk-10.3.1/linux/newlib/arm-none-eabi/lib/thumb/v8-m.main+fp/fpu/libc.a(lib_a-strtok_r.o)
 .bss           0x00000000200069c8        0x0 /home/zjian_zhang/Dplus_Z/project/realtek_amebaDplus_va0_example/GCC-RELEASE/project_km4/asdk/../toolchain/linux/asdk-10.3.1/linux/newlib/arm-none-eabi/lib/thumb/v8-m.main+fp/fpu/libc.a(lib_a-strtol.o)
 .bss           0x00000000200069c8        0x0 /home/zjian_zhang/Dplus_Z/project/realtek_amebaDplus_va0_example/GCC-RELEASE/project_km4/asdk/../toolchain/linux/asdk-10.3.1/linux/newlib/arm-none-eabi/lib/thumb/v8-m.main+fp/fpu/libc.a(lib_a-svfprintf.o)
 .bss           0x00000000200069c8        0x0 /home/zjian_zhang/Dplus_Z/project/realtek_amebaDplus_va0_example/GCC-RELEASE/project_km4/asdk/../toolchain/linux/asdk-10.3.1/linux/newlib/arm-none-eabi/lib/thumb/v8-m.main+fp/fpu/libc.a(lib_a-svfscanf.o)
 .bss           0x00000000200069c8        0x0 /home/zjian_zhang/Dplus_Z/project/realtek_amebaDplus_va0_example/GCC-RELEASE/project_km4/asdk/../toolchain/linux/asdk-10.3.1/linux/newlib/arm-none-eabi/lib/thumb/v8-m.main+fp/fpu/libc.a(lib_a-vfprintf.o)
 .bss           0x00000000200069c8        0x0 /home/zjian_zhang/Dplus_Z/project/realtek_amebaDplus_va0_example/GCC-RELEASE/project_km4/asdk/../toolchain/linux/asdk-10.3.1/linux/newlib/arm-none-eabi/lib/thumb/v8-m.main+fp/fpu/libc.a(lib_a-vsnprintf.o)
 .bss           0x00000000200069c8        0x0 /home/zjian_zhang/Dplus_Z/project/realtek_amebaDplus_va0_example/GCC-RELEASE/project_km4/asdk/../toolchain/linux/asdk-10.3.1/linux/newlib/arm-none-eabi/lib/thumb/v8-m.main+fp/fpu/libc.a(lib_a-wbuf.o)
 .bss           0x00000000200069c8        0x0 /home/zjian_zhang/Dplus_Z/project/realtek_amebaDplus_va0_example/GCC-RELEASE/project_km4/asdk/../toolchain/linux/asdk-10.3.1/linux/newlib/arm-none-eabi/lib/thumb/v8-m.main+fp/fpu/libc.a(lib_a-writer.o)
 .bss           0x00000000200069c8        0x0 /home/zjian_zhang/Dplus_Z/project/realtek_amebaDplus_va0_example/GCC-RELEASE/project_km4/asdk/../toolchain/linux/asdk-10.3.1/linux/newlib/arm-none-eabi/lib/thumb/v8-m.main+fp/fpu/libc.a(lib_a-wsetup.o)
 .bss           0x00000000200069c8        0x0 /home/zjian_zhang/Dplus_Z/project/realtek_amebaDplus_va0_example/GCC-RELEASE/project_km4/asdk/../toolchain/linux/asdk-10.3.1/linux/newlib/arm-none-eabi/lib/thumb/v8-m.main+fp/fpu/libc.a(lib_a-closer.o)
 .bss           0x00000000200069c8        0x0 /home/zjian_zhang/Dplus_Z/project/realtek_amebaDplus_va0_example/GCC-RELEASE/project_km4/asdk/../toolchain/linux/asdk-10.3.1/linux/newlib/arm-none-eabi/lib/thumb/v8-m.main+fp/fpu/libc.a(lib_a-ctype_.o)
 .bss           0x00000000200069c8        0x0 /home/zjian_zhang/Dplus_Z/project/realtek_amebaDplus_va0_example/GCC-RELEASE/project_km4/asdk/../toolchain/linux/asdk-10.3.1/linux/newlib/arm-none-eabi/lib/thumb/v8-m.main+fp/fpu/libc.a(lib_a-dtoa.o)
 .bss           0x00000000200069c8        0x0 /home/zjian_zhang/Dplus_Z/project/realtek_amebaDplus_va0_example/GCC-RELEASE/project_km4/asdk/../toolchain/linux/asdk-10.3.1/linux/newlib/arm-none-eabi/lib/thumb/v8-m.main+fp/fpu/libc.a(lib_a-errno.o)
 .bss           0x00000000200069c8        0x0 /home/zjian_zhang/Dplus_Z/project/realtek_amebaDplus_va0_example/GCC-RELEASE/project_km4/asdk/../toolchain/linux/asdk-10.3.1/linux/newlib/arm-none-eabi/lib/thumb/v8-m.main+fp/fpu/libc.a(lib_a-fflush.o)
 .bss           0x00000000200069c8        0x0 /home/zjian_zhang/Dplus_Z/project/realtek_amebaDplus_va0_example/GCC-RELEASE/project_km4/asdk/../toolchain/linux/asdk-10.3.1/linux/newlib/arm-none-eabi/lib/thumb/v8-m.main+fp/fpu/libc.a(lib_a-findfp.o)
 .bss           0x00000000200069c8        0x0 /home/zjian_zhang/Dplus_Z/project/realtek_amebaDplus_va0_example/GCC-RELEASE/project_km4/asdk/../toolchain/linux/asdk-10.3.1/linux/newlib/arm-none-eabi/lib/thumb/v8-m.main+fp/fpu/libc.a(lib_a-free.o)
 .bss           0x00000000200069c8        0x0 /home/zjian_zhang/Dplus_Z/project/realtek_amebaDplus_va0_example/GCC-RELEASE/project_km4/asdk/../toolchain/linux/asdk-10.3.1/linux/newlib/arm-none-eabi/lib/thumb/v8-m.main+fp/fpu/libc.a(lib_a-freer.o)
 .bss           0x00000000200069c8        0x0 /home/zjian_zhang/Dplus_Z/project/realtek_amebaDplus_va0_example/GCC-RELEASE/project_km4/asdk/../toolchain/linux/asdk-10.3.1/linux/newlib/arm-none-eabi/lib/thumb/v8-m.main+fp/fpu/libc.a(lib_a-fvwrite.o)
 .bss           0x00000000200069c8        0x0 /home/zjian_zhang/Dplus_Z/project/realtek_amebaDplus_va0_example/GCC-RELEASE/project_km4/asdk/../toolchain/linux/asdk-10.3.1/linux/newlib/arm-none-eabi/lib/thumb/v8-m.main+fp/fpu/libc.a(lib_a-fwalk.o)
 .bss           0x00000000200069c8        0x0 /home/zjian_zhang/Dplus_Z/project/realtek_amebaDplus_va0_example/GCC-RELEASE/project_km4/asdk/../toolchain/linux/asdk-10.3.1/linux/newlib/arm-none-eabi/lib/thumb/v8-m.main+fp/fpu/libc.a(lib_a-impure.o)
 .bss           0x00000000200069c8        0x0 /home/zjian_zhang/Dplus_Z/project/realtek_amebaDplus_va0_example/GCC-RELEASE/project_km4/asdk/../toolchain/linux/asdk-10.3.1/linux/newlib/arm-none-eabi/lib/thumb/v8-m.main+fp/fpu/libc.a(lib_a-iswspace.o)
 .bss           0x00000000200069c8        0x0 /home/zjian_zhang/Dplus_Z/project/realtek_amebaDplus_va0_example/GCC-RELEASE/project_km4/asdk/../toolchain/linux/asdk-10.3.1/linux/newlib/arm-none-eabi/lib/thumb/v8-m.main+fp/fpu/libc.a(lib_a-localeconv.o)
 .bss           0x00000000200069c8        0x4 /home/zjian_zhang/Dplus_Z/project/realtek_amebaDplus_va0_example/GCC-RELEASE/project_km4/asdk/../toolchain/linux/asdk-10.3.1/linux/newlib/arm-none-eabi/lib/thumb/v8-m.main+fp/fpu/libc.a(lib_a-locale.o)
                0x00000000200069c8                _PathLocale
 .bss           0x00000000200069cc        0x9 /home/zjian_zhang/Dplus_Z/project/realtek_amebaDplus_va0_example/GCC-RELEASE/project_km4/asdk/../toolchain/linux/asdk-10.3.1/linux/newlib/arm-none-eabi/lib/thumb/v8-m.main+fp/fpu/libc.a(lib_a-lock.o)
                0x00000000200069cc                __lock___arc4random_mutex
                0x00000000200069cd                __lock___dd_hash_mutex
                0x00000000200069ce                __lock___tz_mutex
                0x00000000200069cf                __lock___env_recursive_mutex
                0x00000000200069d0                __lock___malloc_recursive_mutex
                0x00000000200069d1                __lock___at_quick_exit_mutex
                0x00000000200069d2                __lock___atexit_recursive_mutex
                0x00000000200069d3                __lock___sfp_recursive_mutex
                0x00000000200069d4                __lock___sinit_recursive_mutex
 .bss           0x00000000200069d5        0x0 /home/zjian_zhang/Dplus_Z/project/realtek_amebaDplus_va0_example/GCC-RELEASE/project_km4/asdk/../toolchain/linux/asdk-10.3.1/linux/newlib/arm-none-eabi/lib/thumb/v8-m.main+fp/fpu/libc.a(lib_a-lseekr.o)
 .bss           0x00000000200069d5        0x0 /home/zjian_zhang/Dplus_Z/project/realtek_amebaDplus_va0_example/GCC-RELEASE/project_km4/asdk/../toolchain/linux/asdk-10.3.1/linux/newlib/arm-none-eabi/lib/thumb/v8-m.main+fp/fpu/libc.a(lib_a-makebuf.o)
 .bss           0x00000000200069d5        0x0 /home/zjian_zhang/Dplus_Z/project/realtek_amebaDplus_va0_example/GCC-RELEASE/project_km4/asdk/../toolchain/linux/asdk-10.3.1/linux/newlib/arm-none-eabi/lib/thumb/v8-m.main+fp/fpu/libc.a(lib_a-malloc.o)
 *fill*         0x00000000200069d5        0x3 
 .bss           0x00000000200069d8       0x34 /home/zjian_zhang/Dplus_Z/project/realtek_amebaDplus_va0_example/GCC-RELEASE/project_km4/asdk/../toolchain/linux/asdk-10.3.1/linux/newlib/arm-none-eabi/lib/thumb/v8-m.main+fp/fpu/libc.a(lib_a-mallocr.o)
                0x00000000200069d8                __malloc_top_pad
                0x00000000200069dc                __malloc_current_mallinfo
                0x0000000020006a04                __malloc_max_sbrked_mem
                0x0000000020006a08                __malloc_max_total_mem
 .bss           0x0000000020006a0c        0x0 /home/zjian_zhang/Dplus_Z/project/realtek_amebaDplus_va0_example/GCC-RELEASE/project_km4/asdk/../toolchain/linux/asdk-10.3.1/linux/newlib/arm-none-eabi/lib/thumb/v8-m.main+fp/fpu/libc.a(lib_a-mbrtowc.o)
 .bss           0x0000000020006a0c        0x0 /home/zjian_zhang/Dplus_Z/project/realtek_amebaDplus_va0_example/GCC-RELEASE/project_km4/asdk/../toolchain/linux/asdk-10.3.1/linux/newlib/arm-none-eabi/lib/thumb/v8-m.main+fp/fpu/libc.a(lib_a-mbtowc_r.o)
 .bss           0x0000000020006a0c        0x0 /home/zjian_zhang/Dplus_Z/project/realtek_amebaDplus_va0_example/GCC-RELEASE/project_km4/asdk/../toolchain/linux/asdk-10.3.1/linux/newlib/arm-none-eabi/lib/thumb/v8-m.main+fp/fpu/libc.a(lib_a-memchr-stub.o)
 .bss           0x0000000020006a0c        0x0 /home/zjian_zhang/Dplus_Z/project/realtek_amebaDplus_va0_example/GCC-RELEASE/project_km4/asdk/../toolchain/linux/asdk-10.3.1/linux/newlib/arm-none-eabi/lib/thumb/v8-m.main+fp/fpu/libc.a(lib_a-memcmp.o)
 .bss           0x0000000020006a0c        0x0 /home/zjian_zhang/Dplus_Z/project/realtek_amebaDplus_va0_example/GCC-RELEASE/project_km4/asdk/../toolchain/linux/asdk-10.3.1/linux/newlib/arm-none-eabi/lib/thumb/v8-m.main+fp/fpu/libc.a(lib_a-memcpy.o)
 .bss           0x0000000020006a0c        0x0 /home/zjian_zhang/Dplus_Z/project/realtek_amebaDplus_va0_example/GCC-RELEASE/project_km4/asdk/../toolchain/linux/asdk-10.3.1/linux/newlib/arm-none-eabi/lib/thumb/v8-m.main+fp/fpu/libc.a(lib_a-memmove.o)
 .bss           0x0000000020006a0c        0x0 /home/zjian_zhang/Dplus_Z/project/realtek_amebaDplus_va0_example/GCC-RELEASE/project_km4/asdk/../toolchain/linux/asdk-10.3.1/linux/newlib/arm-none-eabi/lib/thumb/v8-m.main+fp/fpu/libc.a(lib_a-memset-stub.o)
 .bss           0x0000000020006a0c        0x0 /home/zjian_zhang/Dplus_Z/project/realtek_amebaDplus_va0_example/GCC-RELEASE/project_km4/asdk/../toolchain/linux/asdk-10.3.1/linux/newlib/arm-none-eabi/lib/thumb/v8-m.main+fp/fpu/libc.a(lib_a-mlock.o)
 .bss           0x0000000020006a0c        0x0 /home/zjian_zhang/Dplus_Z/project/realtek_amebaDplus_va0_example/GCC-RELEASE/project_km4/asdk/../toolchain/linux/asdk-10.3.1/linux/newlib/arm-none-eabi/lib/thumb/v8-m.main+fp/fpu/libc.a(lib_a-mprec.o)
 .bss           0x0000000020006a0c        0x0 /home/zjian_zhang/Dplus_Z/project/realtek_amebaDplus_va0_example/GCC-RELEASE/project_km4/asdk/../toolchain/linux/asdk-10.3.1/linux/newlib/arm-none-eabi/lib/thumb/v8-m.main+fp/fpu/libc.a(lib_a-readr.o)
 .bss           0x0000000020006a0c        0x0 /home/zjian_zhang/Dplus_Z/project/realtek_amebaDplus_va0_example/GCC-RELEASE/project_km4/asdk/../toolchain/linux/asdk-10.3.1/linux/newlib/arm-none-eabi/lib/thumb/v8-m.main+fp/fpu/libc.a(lib_a-realloc.o)
 .bss           0x0000000020006a0c        0x0 /home/zjian_zhang/Dplus_Z/project/realtek_amebaDplus_va0_example/GCC-RELEASE/project_km4/asdk/../toolchain/linux/asdk-10.3.1/linux/newlib/arm-none-eabi/lib/thumb/v8-m.main+fp/fpu/libc.a(lib_a-reallocr.o)
 .bss           0x0000000020006a0c        0x4 /home/zjian_zhang/Dplus_Z/project/realtek_amebaDplus_va0_example/GCC-RELEASE/project_km4/asdk/../toolchain/linux/asdk-10.3.1/linux/newlib/arm-none-eabi/lib/thumb/v8-m.main+fp/fpu/libc.a(lib_a-reent.o)
                0x0000000020006a0c                errno
 .bss           0x0000000020006a10        0x0 /home/zjian_zhang/Dplus_Z/project/realtek_amebaDplus_va0_example/GCC-RELEASE/project_km4/asdk/../toolchain/linux/asdk-10.3.1/linux/newlib/arm-none-eabi/lib/thumb/v8-m.main+fp/fpu/libc.a(lib_a-sbrkr.o)
 .bss           0x0000000020006a10        0x0 /home/zjian_zhang/Dplus_Z/project/realtek_amebaDplus_va0_example/GCC-RELEASE/project_km4/asdk/../toolchain/linux/asdk-10.3.1/linux/newlib/arm-none-eabi/lib/thumb/v8-m.main+fp/fpu/libc.a(lib_a-sccl.o)
 .bss           0x0000000020006a10        0x0 /home/zjian_zhang/Dplus_Z/project/realtek_amebaDplus_va0_example/GCC-RELEASE/project_km4/asdk/../toolchain/linux/asdk-10.3.1/linux/newlib/arm-none-eabi/lib/thumb/v8-m.main+fp/fpu/libc.a(lib_a-sf_nan.o)
 .bss           0x0000000020006a10        0x0 /home/zjian_zhang/Dplus_Z/project/realtek_amebaDplus_va0_example/GCC-RELEASE/project_km4/asdk/../toolchain/linux/asdk-10.3.1/linux/newlib/arm-none-eabi/lib/thumb/v8-m.main+fp/fpu/libc.a(lib_a-s_frexp.o)
 .bss           0x0000000020006a10        0x0 /home/zjian_zhang/Dplus_Z/project/realtek_amebaDplus_va0_example/GCC-RELEASE/project_km4/asdk/../toolchain/linux/asdk-10.3.1/linux/newlib/arm-none-eabi/lib/thumb/v8-m.main+fp/fpu/libc.a(lib_a-strcmp.o)
 .bss           0x0000000020006a10        0x0 /home/zjian_zhang/Dplus_Z/project/realtek_amebaDplus_va0_example/GCC-RELEASE/project_km4/asdk/../toolchain/linux/asdk-10.3.1/linux/newlib/arm-none-eabi/lib/thumb/v8-m.main+fp/fpu/libc.a(lib_a-strnlen.o)
 .bss           0x0000000020006a10        0x0 /home/zjian_zhang/Dplus_Z/project/realtek_amebaDplus_va0_example/GCC-RELEASE/project_km4/asdk/../toolchain/linux/asdk-10.3.1/linux/newlib/arm-none-eabi/lib/thumb/v8-m.main+fp/fpu/libc.a(lib_a-strtod.o)
 .bss           0x0000000020006a10        0x0 /home/zjian_zhang/Dplus_Z/project/realtek_amebaDplus_va0_example/GCC-RELEASE/project_km4/asdk/../toolchain/linux/asdk-10.3.1/linux/newlib/arm-none-eabi/lib/thumb/v8-m.main+fp/fpu/libc.a(lib_a-strtoll.o)
 .bss           0x0000000020006a10        0x0 /home/zjian_zhang/Dplus_Z/project/realtek_amebaDplus_va0_example/GCC-RELEASE/project_km4/asdk/../toolchain/linux/asdk-10.3.1/linux/newlib/arm-none-eabi/lib/thumb/v8-m.main+fp/fpu/libc.a(lib_a-strtoull.o)
 .bss           0x0000000020006a10        0x0 /home/zjian_zhang/Dplus_Z/project/realtek_amebaDplus_va0_example/GCC-RELEASE/project_km4/asdk/../toolchain/linux/asdk-10.3.1/linux/newlib/arm-none-eabi/lib/thumb/v8-m.main+fp/fpu/libc.a(lib_a-strtoul.o)
 .bss           0x0000000020006a10        0x0 /home/zjian_zhang/Dplus_Z/project/realtek_amebaDplus_va0_example/GCC-RELEASE/project_km4/asdk/../toolchain/linux/asdk-10.3.1/linux/newlib/arm-none-eabi/lib/thumb/v8-m.main+fp/fpu/libc.a(lib_a-svfiprintf.o)
 .bss           0x0000000020006a10        0x0 /home/zjian_zhang/Dplus_Z/project/realtek_amebaDplus_va0_example/GCC-RELEASE/project_km4/asdk/../toolchain/linux/asdk-10.3.1/linux/newlib/arm-none-eabi/lib/thumb/v8-m.main+fp/fpu/libc.a(lib_a-svfiscanf.o)
 .bss           0x0000000020006a10        0x0 /home/zjian_zhang/Dplus_Z/project/realtek_amebaDplus_va0_example/GCC-RELEASE/project_km4/asdk/../toolchain/linux/asdk-10.3.1/linux/newlib/arm-none-eabi/lib/thumb/v8-m.main+fp/fpu/libc.a(lib_a-ungetc.o)
 .bss           0x0000000020006a10        0x0 /home/zjian_zhang/Dplus_Z/project/realtek_amebaDplus_va0_example/GCC-RELEASE/project_km4/asdk/../toolchain/linux/asdk-10.3.1/linux/newlib/arm-none-eabi/lib/thumb/v8-m.main+fp/fpu/libc.a(lib_a-vfiprintf.o)
 .bss           0x0000000020006a10        0x0 /home/zjian_zhang/Dplus_Z/project/realtek_amebaDplus_va0_example/GCC-RELEASE/project_km4/asdk/../toolchain/linux/asdk-10.3.1/linux/newlib/arm-none-eabi/lib/thumb/v8-m.main+fp/fpu/libc.a(lib_a-wctomb_r.o)
 .bss           0x0000000020006a10        0x0 /home/zjian_zhang/Dplus_Z/project/realtek_amebaDplus_va0_example/GCC-RELEASE/project_km4/asdk/../toolchain/linux/asdk-10.3.1/linux/newlib/arm-none-eabi/lib/thumb/v8-m.main+fp/fpu/libc.a(lib_a-assert.o)
 .bss           0x0000000020006a10        0x0 /home/zjian_zhang/Dplus_Z/project/realtek_amebaDplus_va0_example/GCC-RELEASE/project_km4/asdk/../toolchain/linux/asdk-10.3.1/linux/newlib/arm-none-eabi/lib/thumb/v8-m.main+fp/fpu/libc.a(lib_a-callocr.o)
 .bss           0x0000000020006a10        0x0 /home/zjian_zhang/Dplus_Z/project/realtek_amebaDplus_va0_example/GCC-RELEASE/project_km4/asdk/../toolchain/linux/asdk-10.3.1/linux/newlib/arm-none-eabi/lib/thumb/v8-m.main+fp/fpu/libc.a(lib_a-fclose.o)
 .bss           0x0000000020006a10        0x0 /home/zjian_zhang/Dplus_Z/project/realtek_amebaDplus_va0_example/GCC-RELEASE/project_km4/asdk/../toolchain/linux/asdk-10.3.1/linux/newlib/arm-none-eabi/lib/thumb/v8-m.main+fp/fpu/libc.a(lib_a-fiprintf.o)
 .bss           0x0000000020006a10        0x0 /home/zjian_zhang/Dplus_Z/project/realtek_amebaDplus_va0_example/GCC-RELEASE/project_km4/asdk/../toolchain/linux/asdk-10.3.1/linux/newlib/arm-none-eabi/lib/thumb/v8-m.main+fp/fpu/libc.a(lib_a-fputwc.o)
 .bss           0x0000000020006a10        0x0 /home/zjian_zhang/Dplus_Z/project/realtek_amebaDplus_va0_example/GCC-RELEASE/project_km4/asdk/../toolchain/linux/asdk-10.3.1/linux/newlib/arm-none-eabi/lib/thumb/v8-m.main+fp/fpu/libc.a(lib_a-fstatr.o)
 .bss           0x0000000020006a10        0x0 /home/zjian_zhang/Dplus_Z/project/realtek_amebaDplus_va0_example/GCC-RELEASE/project_km4/asdk/../toolchain/linux/asdk-10.3.1/linux/newlib/arm-none-eabi/lib/thumb/v8-m.main+fp/fpu/libc.a(lib_a-gdtoa-gethex.o)
 .bss           0x0000000020006a10        0x0 /home/zjian_zhang/Dplus_Z/project/realtek_amebaDplus_va0_example/GCC-RELEASE/project_km4/asdk/../toolchain/linux/asdk-10.3.1/linux/newlib/arm-none-eabi/lib/thumb/v8-m.main+fp/fpu/libc.a(lib_a-gdtoa-hexnan.o)
 .bss           0x0000000020006a10        0x0 /home/zjian_zhang/Dplus_Z/project/realtek_amebaDplus_va0_example/GCC-RELEASE/project_km4/asdk/../toolchain/linux/asdk-10.3.1/linux/newlib/arm-none-eabi/lib/thumb/v8-m.main+fp/fpu/libc.a(lib_a-isattyr.o)
 .bss           0x0000000020006a10        0x0 /home/zjian_zhang/Dplus_Z/project/realtek_amebaDplus_va0_example/GCC-RELEASE/project_km4/asdk/../toolchain/linux/asdk-10.3.1/linux/newlib/arm-none-eabi/lib/thumb/v8-m.main+fp/fpu/libc.a(lib_a-iswspace_l.o)
 .bss           0x0000000020006a10        0x0 /home/zjian_zhang/Dplus_Z/project/realtek_amebaDplus_va0_example/GCC-RELEASE/project_km4/asdk/../toolchain/linux/asdk-10.3.1/linux/newlib/arm-none-eabi/lib/thumb/v8-m.main+fp/fpu/libc.a(lib_a-lnumeric.o)
 .bss           0x0000000020006a10        0x0 /home/zjian_zhang/Dplus_Z/project/realtek_amebaDplus_va0_example/GCC-RELEASE/project_km4/asdk/../toolchain/linux/asdk-10.3.1/linux/newlib/arm-none-eabi/lib/thumb/v8-m.main+fp/fpu/libc.a(lib_a-s_nan.o)
 .bss           0x0000000020006a10        0x0 /home/zjian_zhang/Dplus_Z/project/realtek_amebaDplus_va0_example/GCC-RELEASE/project_km4/asdk/../toolchain/linux/asdk-10.3.1/linux/newlib/arm-none-eabi/lib/thumb/v8-m.main+fp/fpu/libc.a(lib_a-wcrtomb.o)
 .bss           0x0000000020006a10        0x0 /home/zjian_zhang/Dplus_Z/project/realtek_amebaDplus_va0_example/GCC-RELEASE/project_km4/asdk/../toolchain/linux/asdk-10.3.1/linux/newlib/arm-none-eabi/lib/thumb/v8-m.main+fp/fpu/libc.a(lib_a-abort.o)
 .bss           0x0000000020006a10        0x0 /home/zjian_zhang/Dplus_Z/project/realtek_amebaDplus_va0_example/GCC-RELEASE/project_km4/asdk/../toolchain/linux/asdk-10.3.1/linux/newlib/arm-none-eabi/lib/thumb/v8-m.main+fp/fpu/libc.a(lib_a-signal.o)
 .bss           0x0000000020006a10        0x0 /home/zjian_zhang/Dplus_Z/project/realtek_amebaDplus_va0_example/GCC-RELEASE/project_km4/asdk/../toolchain/linux/asdk-10.3.1/linux/newlib/arm-none-eabi/lib/thumb/v8-m.main+fp/fpu/libc.a(lib_a-signalr.o)
 .bss           0x0000000020006a10        0x0 /home/zjian_zhang/Dplus_Z/project/realtek_amebaDplus_va0_example/GCC-RELEASE/project_km4/asdk/../toolchain/linux/asdk-10.3.1/linux/newlib/lib/gcc/arm-none-eabi/10.3.1/thumb/v8-m.main+fp/fpu/libgcc.a(_arm_muldf3.o)
 .bss           0x0000000020006a10        0x0 /home/zjian_zhang/Dplus_Z/project/realtek_amebaDplus_va0_example/GCC-RELEASE/project_km4/asdk/../toolchain/linux/asdk-10.3.1/linux/newlib/lib/gcc/arm-none-eabi/10.3.1/thumb/v8-m.main+fp/fpu/libgcc.a(_arm_addsubdf3.o)
 .bss           0x0000000020006a10        0x0 /home/zjian_zhang/Dplus_Z/project/realtek_amebaDplus_va0_example/GCC-RELEASE/project_km4/asdk/../toolchain/linux/asdk-10.3.1/linux/newlib/lib/gcc/arm-none-eabi/10.3.1/thumb/v8-m.main+fp/fpu/libgcc.a(_arm_muldivdf3.o)
 .bss           0x0000000020006a10        0x0 /home/zjian_zhang/Dplus_Z/project/realtek_amebaDplus_va0_example/GCC-RELEASE/project_km4/asdk/../toolchain/linux/asdk-10.3.1/linux/newlib/lib/gcc/arm-none-eabi/10.3.1/thumb/v8-m.main+fp/fpu/libgcc.a(_arm_cmpdf2.o)
 .bss           0x0000000020006a10        0x0 /home/zjian_zhang/Dplus_Z/project/realtek_amebaDplus_va0_example/GCC-RELEASE/project_km4/asdk/../toolchain/linux/asdk-10.3.1/linux/newlib/lib/gcc/arm-none-eabi/10.3.1/thumb/v8-m.main+fp/fpu/libgcc.a(_arm_unorddf2.o)
 .bss           0x0000000020006a10        0x0 /home/zjian_zhang/Dplus_Z/project/realtek_amebaDplus_va0_example/GCC-RELEASE/project_km4/asdk/../toolchain/linux/asdk-10.3.1/linux/newlib/lib/gcc/arm-none-eabi/10.3.1/thumb/v8-m.main+fp/fpu/libgcc.a(_arm_fixdfsi.o)
 .bss           0x0000000020006a10        0x0 /home/zjian_zhang/Dplus_Z/project/realtek_amebaDplus_va0_example/GCC-RELEASE/project_km4/asdk/../toolchain/linux/asdk-10.3.1/linux/newlib/lib/gcc/arm-none-eabi/10.3.1/thumb/v8-m.main+fp/fpu/libgcc.a(_arm_fixunsdfsi.o)
 .bss           0x0000000020006a10        0x0 /home/zjian_zhang/Dplus_Z/project/realtek_amebaDplus_va0_example/GCC-RELEASE/project_km4/asdk/../toolchain/linux/asdk-10.3.1/linux/newlib/lib/gcc/arm-none-eabi/10.3.1/thumb/v8-m.main+fp/fpu/libgcc.a(_arm_truncdfsf2.o)
 .bss           0x0000000020006a10        0x0 /home/zjian_zhang/Dplus_Z/project/realtek_amebaDplus_va0_example/GCC-RELEASE/project_km4/asdk/../toolchain/linux/asdk-10.3.1/linux/newlib/lib/gcc/arm-none-eabi/10.3.1/thumb/v8-m.main+fp/fpu/libgcc.a(_aeabi_uldivmod.o)
 .bss           0x0000000020006a10        0x0 /home/zjian_zhang/Dplus_Z/project/realtek_amebaDplus_va0_example/GCC-RELEASE/project_km4/asdk/../toolchain/linux/asdk-10.3.1/linux/newlib/lib/gcc/arm-none-eabi/10.3.1/thumb/v8-m.main+fp/fpu/libgcc.a(_fixdfdi.o)
 .bss           0x0000000020006a10        0x0 /home/zjian_zhang/Dplus_Z/project/realtek_amebaDplus_va0_example/GCC-RELEASE/project_km4/asdk/../toolchain/linux/asdk-10.3.1/linux/newlib/lib/gcc/arm-none-eabi/10.3.1/thumb/v8-m.main+fp/fpu/libgcc.a(_fixunsdfdi.o)
 .bss           0x0000000020006a10        0x0 /home/zjian_zhang/Dplus_Z/project/realtek_amebaDplus_va0_example/GCC-RELEASE/project_km4/asdk/../toolchain/linux/asdk-10.3.1/linux/newlib/lib/gcc/arm-none-eabi/10.3.1/thumb/v8-m.main+fp/fpu/libgcc.a(_udivmoddi4.o)
 .bss           0x0000000020006a10        0x0 /home/zjian_zhang/Dplus_Z/project/realtek_amebaDplus_va0_example/GCC-RELEASE/project_km4/asdk/../toolchain/linux/asdk-10.3.1/linux/newlib/lib/gcc/arm-none-eabi/10.3.1/thumb/v8-m.main+fp/fpu/libgcc.a(_dvmd_tls.o)
 .bss           0x0000000020006a10        0x0 /home/zjian_zhang/Dplus_Z/project/realtek_amebaDplus_va0_example/GCC-RELEASE/project_km4/asdk/../toolchain/linux/asdk-10.3.1/linux/newlib/arm-none-eabi/lib/thumb/v8-m.main+fp/fpu/libnosys.a(close.o)
 .bss           0x0000000020006a10        0x0 /home/zjian_zhang/Dplus_Z/project/realtek_amebaDplus_va0_example/GCC-RELEASE/project_km4/asdk/../toolchain/linux/asdk-10.3.1/linux/newlib/arm-none-eabi/lib/thumb/v8-m.main+fp/fpu/libnosys.a(fstat.o)
 .bss           0x0000000020006a10        0x0 /home/zjian_zhang/Dplus_Z/project/realtek_amebaDplus_va0_example/GCC-RELEASE/project_km4/asdk/../toolchain/linux/asdk-10.3.1/linux/newlib/arm-none-eabi/lib/thumb/v8-m.main+fp/fpu/libnosys.a(getpid.o)
 .bss           0x0000000020006a10        0x0 /home/zjian_zhang/Dplus_Z/project/realtek_amebaDplus_va0_example/GCC-RELEASE/project_km4/asdk/../toolchain/linux/asdk-10.3.1/linux/newlib/arm-none-eabi/lib/thumb/v8-m.main+fp/fpu/libnosys.a(isatty.o)
 .bss           0x0000000020006a10        0x0 /home/zjian_zhang/Dplus_Z/project/realtek_amebaDplus_va0_example/GCC-RELEASE/project_km4/asdk/../toolchain/linux/asdk-10.3.1/linux/newlib/arm-none-eabi/lib/thumb/v8-m.main+fp/fpu/libnosys.a(kill.o)
 .bss           0x0000000020006a10        0x0 /home/zjian_zhang/Dplus_Z/project/realtek_amebaDplus_va0_example/GCC-RELEASE/project_km4/asdk/../toolchain/linux/asdk-10.3.1/linux/newlib/arm-none-eabi/lib/thumb/v8-m.main+fp/fpu/libnosys.a(lseek.o)
 .bss           0x0000000020006a10        0x4 /home/zjian_zhang/Dplus_Z/project/realtek_amebaDplus_va0_example/GCC-RELEASE/project_km4/asdk/../toolchain/linux/asdk-10.3.1/linux/newlib/arm-none-eabi/lib/thumb/v8-m.main+fp/fpu/libnosys.a(sbrk.o)
 .bss           0x0000000020006a14        0x0 /home/zjian_zhang/Dplus_Z/project/realtek_amebaDplus_va0_example/GCC-RELEASE/project_km4/asdk/../toolchain/linux/asdk-10.3.1/linux/newlib/arm-none-eabi/lib/thumb/v8-m.main+fp/fpu/libnosys.a(_exit.o)
 *(COMMON)
                0x0000000020006a14                __rom_stdlib_bss_end__ = .
                0x0000000020006a20                . = ALIGN (0x20)
 *fill*         0x0000000020006a14        0xc 

.rom.stdlib.heap
                0x0000000020006a20        0x0
                0x0000000020006a20                __rom_stdlib_heap_start__ = .
                0x0000000020006a20                end = .

.rom.stdlib.text
                0x0000000000033000     0xda40
                0x0000000000033000                __rom_stdlib_text_start__ = .
 *(SORT_BY_NAME(.stdlib.entry.table*))
 .stdlib.entry.table
                0x0000000000033000        0x8 ./build/stdlib/stdlib_link.o
                0x0000000000033000                stdlib_entry_table
 *(*.text*)
 .text          0x0000000000033008      0x7c0 ./build/stdlib/stdlib_link.o
                0x0000000000033008                test_strcat
                0x000000000003305c                test_strchr
                0x0000000000033084                test_strcpy
                0x00000000000330e4                test_strncat
                0x0000000000033144                test_strncmp
                0x000000000003317c                test_strncpy
                0x00000000000331dc                test_strsep
                0x0000000000033230                test_strstr
                0x000000000003325c                test_strtok
                0x00000000000332b8                test_strpbrk
                0x0000000000033324                test_stratoi
                0x0000000000033360                test_strtol
                0x00000000000333c4                _write
                0x0000000000033434                _read
                0x00000000000334bc                rtl_string_test
                0x00000000000334f4                stdlib_vsnprintf_call
                0x0000000000033514                stdlib_printf_call
                0x0000000000033570                stdlib_scanf_call
                0x00000000000335c0                stdlib_test
                0x0000000000033604                stdlib_memset
                0x00000000000336a8                stdlib_memcpy
                0x0000000000033788                stdlib_init
                0x00000000000337bc                stdlib_loguart_relocation
 .text          0x00000000000337c8       0x10 /home/zjian_zhang/Dplus_Z/project/realtek_amebaDplus_va0_example/GCC-RELEASE/project_km4/asdk/../toolchain/linux/asdk-10.3.1/linux/newlib/arm-none-eabi/lib/thumb/v8-m.main+fp/fpu/libc.a(lib_a-atoi.o)
                0x00000000000337c8                atoi
                0x00000000000337d0                _atoi_r
 .text          0x00000000000337d8       0x40 /home/zjian_zhang/Dplus_Z/project/realtek_amebaDplus_va0_example/GCC-RELEASE/project_km4/asdk/../toolchain/linux/asdk-10.3.1/linux/newlib/arm-none-eabi/lib/thumb/v8-m.main+fp/fpu/libc.a(lib_a-printf.o)
                0x00000000000337d8                _printf_r
                0x00000000000337f4                printf
 .text          0x0000000000033818       0x18 /home/zjian_zhang/Dplus_Z/project/realtek_amebaDplus_va0_example/GCC-RELEASE/project_km4/asdk/../toolchain/linux/asdk-10.3.1/linux/newlib/arm-none-eabi/lib/thumb/v8-m.main+fp/fpu/libc.a(lib_a-putchar.o)
                0x0000000000033818                _putchar_r
                0x000000000003381e                putchar
 .text          0x0000000000033830       0x78 /home/zjian_zhang/Dplus_Z/project/realtek_amebaDplus_va0_example/GCC-RELEASE/project_km4/asdk/../toolchain/linux/asdk-10.3.1/linux/newlib/arm-none-eabi/lib/thumb/v8-m.main+fp/fpu/libc.a(lib_a-putc.o)
                0x0000000000033830                _putc_r
                0x0000000000033898                putc
 .text          0x00000000000338a8       0x9c /home/zjian_zhang/Dplus_Z/project/realtek_amebaDplus_va0_example/GCC-RELEASE/project_km4/asdk/../toolchain/linux/asdk-10.3.1/linux/newlib/arm-none-eabi/lib/thumb/v8-m.main+fp/fpu/libc.a(lib_a-puts.o)
                0x00000000000338a8                _puts_r
                0x0000000000033934                puts
 .text          0x0000000000033944       0xc4 /home/zjian_zhang/Dplus_Z/project/realtek_amebaDplus_va0_example/GCC-RELEASE/project_km4/asdk/../toolchain/linux/asdk-10.3.1/linux/newlib/arm-none-eabi/lib/thumb/v8-m.main+fp/fpu/libc.a(lib_a-snprintf.o)
                0x0000000000033944                _snprintf_r
                0x00000000000339a2                snprintf
 .text          0x0000000000033a08       0x78 /home/zjian_zhang/Dplus_Z/project/realtek_amebaDplus_va0_example/GCC-RELEASE/project_km4/asdk/../toolchain/linux/asdk-10.3.1/linux/newlib/arm-none-eabi/lib/thumb/v8-m.main+fp/fpu/libc.a(lib_a-sprintf.o)
                0x0000000000033a08                _sprintf_r
                0x0000000000033a40                sprintf
 .text          0x0000000000033a80       0xac /home/zjian_zhang/Dplus_Z/project/realtek_amebaDplus_va0_example/GCC-RELEASE/project_km4/asdk/../toolchain/linux/asdk-10.3.1/linux/newlib/arm-none-eabi/lib/thumb/v8-m.main+fp/fpu/libc.a(lib_a-sscanf.o)
                0x0000000000033a80                sscanf
                0x0000000000033ad8                _sscanf_r
 .text          0x0000000000033b2c       0x8a /home/zjian_zhang/Dplus_Z/project/realtek_amebaDplus_va0_example/GCC-RELEASE/project_km4/asdk/../toolchain/linux/asdk-10.3.1/linux/newlib/arm-none-eabi/lib/thumb/v8-m.main+fp/fpu/libc.a(lib_a-stdio.o)
                0x0000000000033b2c                __sread
                0x0000000000033b4e                __seofread
                0x0000000000033b52                __swrite
                0x0000000000033b8a                __sseek
                0x0000000000033bae                __sclose
 .text          0x0000000000033bb6       0x32 /home/zjian_zhang/Dplus_Z/project/realtek_amebaDplus_va0_example/GCC-RELEASE/project_km4/asdk/../toolchain/linux/asdk-10.3.1/linux/newlib/arm-none-eabi/lib/thumb/v8-m.main+fp/fpu/libc.a(lib_a-strcat.o)
                0x0000000000033bb6                strcat
 .text          0x0000000000033be8       0x8a /home/zjian_zhang/Dplus_Z/project/realtek_amebaDplus_va0_example/GCC-RELEASE/project_km4/asdk/../toolchain/linux/asdk-10.3.1/linux/newlib/arm-none-eabi/lib/thumb/v8-m.main+fp/fpu/libc.a(lib_a-strchr.o)
                0x0000000000033be8                strchr
 *fill*         0x0000000000033c72        0x2 
 .text          0x0000000000033c74       0xbc /home/zjian_zhang/Dplus_Z/project/realtek_amebaDplus_va0_example/GCC-RELEASE/project_km4/asdk/../toolchain/linux/asdk-10.3.1/linux/newlib/arm-none-eabi/lib/thumb/v8-m.main+fp/fpu/libc.a(lib_a-strcpy.o)
                0x0000000000033c74                strcpy
 .text          0x0000000000033d30       0x5c /home/zjian_zhang/Dplus_Z/project/realtek_amebaDplus_va0_example/GCC-RELEASE/project_km4/asdk/../toolchain/linux/asdk-10.3.1/linux/newlib/arm-none-eabi/lib/thumb/v8-m.main+fp/fpu/libc.a(lib_a-strlen-stub.o)
                0x0000000000033d30                strlen
 .text          0x0000000000033d8c       0x42 /home/zjian_zhang/Dplus_Z/project/realtek_amebaDplus_va0_example/GCC-RELEASE/project_km4/asdk/../toolchain/linux/asdk-10.3.1/linux/newlib/arm-none-eabi/lib/thumb/v8-m.main+fp/fpu/libc.a(lib_a-strncat.o)
                0x0000000000033d8c                strncat
 .text          0x0000000000033dce       0x5c /home/zjian_zhang/Dplus_Z/project/realtek_amebaDplus_va0_example/GCC-RELEASE/project_km4/asdk/../toolchain/linux/asdk-10.3.1/linux/newlib/arm-none-eabi/lib/thumb/v8-m.main+fp/fpu/libc.a(lib_a-strncmp.o)
                0x0000000000033dce                strncmp
 .text          0x0000000000033e2a       0x54 /home/zjian_zhang/Dplus_Z/project/realtek_amebaDplus_va0_example/GCC-RELEASE/project_km4/asdk/../toolchain/linux/asdk-10.3.1/linux/newlib/arm-none-eabi/lib/thumb/v8-m.main+fp/fpu/libc.a(lib_a-strncpy.o)
                0x0000000000033e2a                strncpy
 .text          0x0000000000033e7e       0x34 /home/zjian_zhang/Dplus_Z/project/realtek_amebaDplus_va0_example/GCC-RELEASE/project_km4/asdk/../toolchain/linux/asdk-10.3.1/linux/newlib/arm-none-eabi/lib/thumb/v8-m.main+fp/fpu/libc.a(lib_a-strpbrk.o)
                0x0000000000033e7e                strpbrk
 .text          0x0000000000033eb2        0xa /home/zjian_zhang/Dplus_Z/project/realtek_amebaDplus_va0_example/GCC-RELEASE/project_km4/asdk/../toolchain/linux/asdk-10.3.1/linux/newlib/arm-none-eabi/lib/thumb/v8-m.main+fp/fpu/libc.a(lib_a-strsep.o)
                0x0000000000033eb2                strsep
 .text          0x0000000000033ebc      0x358 /home/zjian_zhang/Dplus_Z/project/realtek_amebaDplus_va0_example/GCC-RELEASE/project_km4/asdk/../toolchain/linux/asdk-10.3.1/linux/newlib/arm-none-eabi/lib/thumb/v8-m.main+fp/fpu/libc.a(lib_a-strstr.o)
                0x00000000000340d6                strstr
 .text          0x0000000000034214       0x10 /home/zjian_zhang/Dplus_Z/project/realtek_amebaDplus_va0_example/GCC-RELEASE/project_km4/asdk/../toolchain/linux/asdk-10.3.1/linux/newlib/arm-none-eabi/lib/thumb/v8-m.main+fp/fpu/libc.a(lib_a-strtok.o)
                0x0000000000034214                strtok
 .text          0x0000000000034224       0x56 /home/zjian_zhang/Dplus_Z/project/realtek_amebaDplus_va0_example/GCC-RELEASE/project_km4/asdk/../toolchain/linux/asdk-10.3.1/linux/newlib/arm-none-eabi/lib/thumb/v8-m.main+fp/fpu/libc.a(lib_a-strtok_r.o)
                0x0000000000034224                __strtok_r
                0x0000000000034274                strtok_r
 *fill*         0x000000000003427a        0x2 
 .text          0x000000000003427c      0x128 /home/zjian_zhang/Dplus_Z/project/realtek_amebaDplus_va0_example/GCC-RELEASE/project_km4/asdk/../toolchain/linux/asdk-10.3.1/linux/newlib/arm-none-eabi/lib/thumb/v8-m.main+fp/fpu/libc.a(lib_a-strtol.o)
                0x0000000000034380                _strtol_r
                0x0000000000034382                strtol_l
                0x0000000000034394                strtol
 *fill*         0x00000000000343a4        0x4 
 .text          0x00000000000343a8     0x13bc /home/zjian_zhang/Dplus_Z/project/realtek_amebaDplus_va0_example/GCC-RELEASE/project_km4/asdk/../toolchain/linux/asdk-10.3.1/linux/newlib/arm-none-eabi/lib/thumb/v8-m.main+fp/fpu/libc.a(lib_a-svfprintf.o)
                0x00000000000343a8                _svfprintf_r
 .text          0x0000000000035764     0x1320 /home/zjian_zhang/Dplus_Z/project/realtek_amebaDplus_va0_example/GCC-RELEASE/project_km4/asdk/../toolchain/linux/asdk-10.3.1/linux/newlib/arm-none-eabi/lib/thumb/v8-m.main+fp/fpu/libc.a(lib_a-svfscanf.o)
                0x0000000000035764                __ssvfscanf_r
 *fill*         0x0000000000036a84        0x4 
 .text          0x0000000000036a88     0x14f8 /home/zjian_zhang/Dplus_Z/project/realtek_amebaDplus_va0_example/GCC-RELEASE/project_km4/asdk/../toolchain/linux/asdk-10.3.1/linux/newlib/arm-none-eabi/lib/thumb/v8-m.main+fp/fpu/libc.a(lib_a-vfprintf.o)
                0x0000000000036a88                _vfprintf_r
                0x0000000000037eec                vfprintf
 .text          0x0000000000037f80       0x74 /home/zjian_zhang/Dplus_Z/project/realtek_amebaDplus_va0_example/GCC-RELEASE/project_km4/asdk/../toolchain/linux/asdk-10.3.1/linux/newlib/arm-none-eabi/lib/thumb/v8-m.main+fp/fpu/libc.a(lib_a-vsnprintf.o)
                0x0000000000037f80                _vsnprintf_r
                0x0000000000037fd6                vsnprintf
 .text          0x0000000000037ff4       0xa4 /home/zjian_zhang/Dplus_Z/project/realtek_amebaDplus_va0_example/GCC-RELEASE/project_km4/asdk/../toolchain/linux/asdk-10.3.1/linux/newlib/arm-none-eabi/lib/thumb/v8-m.main+fp/fpu/libc.a(lib_a-wbuf.o)
                0x0000000000037ff4                __swbuf_r
                0x0000000000038086                __swbuf
 .text          0x0000000000038098       0x24 /home/zjian_zhang/Dplus_Z/project/realtek_amebaDplus_va0_example/GCC-RELEASE/project_km4/asdk/../toolchain/linux/asdk-10.3.1/linux/newlib/arm-none-eabi/lib/thumb/v8-m.main+fp/fpu/libc.a(lib_a-writer.o)
                0x0000000000038098                _write_r
 .text          0x00000000000380bc       0xb0 /home/zjian_zhang/Dplus_Z/project/realtek_amebaDplus_va0_example/GCC-RELEASE/project_km4/asdk/../toolchain/linux/asdk-10.3.1/linux/newlib/arm-none-eabi/lib/thumb/v8-m.main+fp/fpu/libc.a(lib_a-wsetup.o)
                0x00000000000380bc                __swsetup_r
 .text          0x000000000003816c       0x20 /home/zjian_zhang/Dplus_Z/project/realtek_amebaDplus_va0_example/GCC-RELEASE/project_km4/asdk/../toolchain/linux/asdk-10.3.1/linux/newlib/arm-none-eabi/lib/thumb/v8-m.main+fp/fpu/libc.a(lib_a-closer.o)
                0x000000000003816c                _close_r
 .text          0x000000000003818c        0x0 /home/zjian_zhang/Dplus_Z/project/realtek_amebaDplus_va0_example/GCC-RELEASE/project_km4/asdk/../toolchain/linux/asdk-10.3.1/linux/newlib/arm-none-eabi/lib/thumb/v8-m.main+fp/fpu/libc.a(lib_a-ctype_.o)
 *fill*         0x000000000003818c        0x4 
 .text          0x0000000000038190      0xcbc /home/zjian_zhang/Dplus_Z/project/realtek_amebaDplus_va0_example/GCC-RELEASE/project_km4/asdk/../toolchain/linux/asdk-10.3.1/linux/newlib/arm-none-eabi/lib/thumb/v8-m.main+fp/fpu/libc.a(lib_a-dtoa.o)
                0x00000000000382b2                _dtoa_r
 .text          0x0000000000038e4c        0xc /home/zjian_zhang/Dplus_Z/project/realtek_amebaDplus_va0_example/GCC-RELEASE/project_km4/asdk/../toolchain/linux/asdk-10.3.1/linux/newlib/arm-none-eabi/lib/thumb/v8-m.main+fp/fpu/libc.a(lib_a-errno.o)
                0x0000000000038e4c                __errno
 .text          0x0000000000038e58      0x188 /home/zjian_zhang/Dplus_Z/project/realtek_amebaDplus_va0_example/GCC-RELEASE/project_km4/asdk/../toolchain/linux/asdk-10.3.1/linux/newlib/arm-none-eabi/lib/thumb/v8-m.main+fp/fpu/libc.a(lib_a-fflush.o)
                0x0000000000038e58                __sflush_r
                0x0000000000038f74                _fflush_r
                0x0000000000038fbe                fflush
 .text          0x0000000000038fe0      0x208 /home/zjian_zhang/Dplus_Z/project/realtek_amebaDplus_va0_example/GCC-RELEASE/project_km4/asdk/../toolchain/linux/asdk-10.3.1/linux/newlib/arm-none-eabi/lib/thumb/v8-m.main+fp/fpu/libc.a(lib_a-findfp.o)
                0x0000000000039030                _cleanup_r
                0x000000000003906c                __sfmoreglue
                0x0000000000039098                _cleanup
                0x00000000000390a4                __sfp_lock_acquire
                0x00000000000390b0                __sfp_lock_release
                0x00000000000390bc                __sinit_lock_acquire
                0x00000000000390c8                __sinit_lock_release
                0x00000000000390d4                __sinit
                0x0000000000039124                __sfp
                0x00000000000391b0                __fp_lock_all
                0x00000000000391cc                __fp_unlock_all
 .text          0x00000000000391e8       0x10 /home/zjian_zhang/Dplus_Z/project/realtek_amebaDplus_va0_example/GCC-RELEASE/project_km4/asdk/../toolchain/linux/asdk-10.3.1/linux/newlib/arm-none-eabi/lib/thumb/v8-m.main+fp/fpu/libc.a(lib_a-free.o)
                0x00000000000391e8                free
 .text          0x00000000000391f8      0x220 /home/zjian_zhang/Dplus_Z/project/realtek_amebaDplus_va0_example/GCC-RELEASE/project_km4/asdk/../toolchain/linux/asdk-10.3.1/linux/newlib/arm-none-eabi/lib/thumb/v8-m.main+fp/fpu/libc.a(lib_a-freer.o)
                0x00000000000391f8                _malloc_trim_r
                0x0000000000039298                _free_r
 .text          0x0000000000039418      0x294 /home/zjian_zhang/Dplus_Z/project/realtek_amebaDplus_va0_example/GCC-RELEASE/project_km4/asdk/../toolchain/linux/asdk-10.3.1/linux/newlib/arm-none-eabi/lib/thumb/v8-m.main+fp/fpu/libc.a(lib_a-fvwrite.o)
                0x0000000000039418                __sfvwrite_r
 .text          0x00000000000396ac       0x78 /home/zjian_zhang/Dplus_Z/project/realtek_amebaDplus_va0_example/GCC-RELEASE/project_km4/asdk/../toolchain/linux/asdk-10.3.1/linux/newlib/arm-none-eabi/lib/thumb/v8-m.main+fp/fpu/libc.a(lib_a-fwalk.o)
                0x00000000000396ac                _fwalk
                0x00000000000396e6                _fwalk_reent
 .text          0x0000000000039724        0x0 /home/zjian_zhang/Dplus_Z/project/realtek_amebaDplus_va0_example/GCC-RELEASE/project_km4/asdk/../toolchain/linux/asdk-10.3.1/linux/newlib/arm-none-eabi/lib/thumb/v8-m.main+fp/fpu/libc.a(lib_a-impure.o)
 .text          0x0000000000039724        0x6 /home/zjian_zhang/Dplus_Z/project/realtek_amebaDplus_va0_example/GCC-RELEASE/project_km4/asdk/../toolchain/linux/asdk-10.3.1/linux/newlib/arm-none-eabi/lib/thumb/v8-m.main+fp/fpu/libc.a(lib_a-iswspace.o)
                0x0000000000039724                iswspace
 *fill*         0x000000000003972a        0x2 
 .text          0x000000000003972c       0x14 /home/zjian_zhang/Dplus_Z/project/realtek_amebaDplus_va0_example/GCC-RELEASE/project_km4/asdk/../toolchain/linux/asdk-10.3.1/linux/newlib/arm-none-eabi/lib/thumb/v8-m.main+fp/fpu/libc.a(lib_a-localeconv.o)
                0x000000000003972c                __localeconv_l
                0x0000000000039730                _localeconv_r
                0x0000000000039738                localeconv
 .text          0x0000000000039740       0x5c /home/zjian_zhang/Dplus_Z/project/realtek_amebaDplus_va0_example/GCC-RELEASE/project_km4/asdk/../toolchain/linux/asdk-10.3.1/linux/newlib/arm-none-eabi/lib/thumb/v8-m.main+fp/fpu/libc.a(lib_a-locale.o)
                0x0000000000039740                _setlocale_r
                0x0000000000039780                __locale_mb_cur_max
                0x000000000003978c                setlocale
 .text          0x000000000003979c       0x18 /home/zjian_zhang/Dplus_Z/project/realtek_amebaDplus_va0_example/GCC-RELEASE/project_km4/asdk/../toolchain/linux/asdk-10.3.1/linux/newlib/arm-none-eabi/lib/thumb/v8-m.main+fp/fpu/libc.a(lib_a-lock.o)
                0x000000000003979c                __retarget_lock_init
                0x000000000003979e                __retarget_lock_init_recursive
                0x00000000000397a0                __retarget_lock_close
                0x00000000000397a2                __retarget_lock_close_recursive
                0x00000000000397a4                __retarget_lock_acquire
                0x00000000000397a6                __retarget_lock_acquire_recursive
                0x00000000000397a8                __retarget_lock_try_acquire
                0x00000000000397ac                __retarget_lock_try_acquire_recursive
                0x00000000000397b0                __retarget_lock_release
                0x00000000000397b2                __retarget_lock_release_recursive
 .text          0x00000000000397b4       0x24 /home/zjian_zhang/Dplus_Z/project/realtek_amebaDplus_va0_example/GCC-RELEASE/project_km4/asdk/../toolchain/linux/asdk-10.3.1/linux/newlib/arm-none-eabi/lib/thumb/v8-m.main+fp/fpu/libc.a(lib_a-lseekr.o)
                0x00000000000397b4                _lseek_r
 .text          0x00000000000397d8       0xd8 /home/zjian_zhang/Dplus_Z/project/realtek_amebaDplus_va0_example/GCC-RELEASE/project_km4/asdk/../toolchain/linux/asdk-10.3.1/linux/newlib/arm-none-eabi/lib/thumb/v8-m.main+fp/fpu/libc.a(lib_a-makebuf.o)
                0x00000000000397d8                __swhatbuf_r
                0x0000000000039830                __smakebuf_r
 .text          0x00000000000398b0       0x10 /home/zjian_zhang/Dplus_Z/project/realtek_amebaDplus_va0_example/GCC-RELEASE/project_km4/asdk/../toolchain/linux/asdk-10.3.1/linux/newlib/arm-none-eabi/lib/thumb/v8-m.main+fp/fpu/libc.a(lib_a-malloc.o)
                0x00000000000398b0                malloc
 .text          0x00000000000398c0      0x460 /home/zjian_zhang/Dplus_Z/project/realtek_amebaDplus_va0_example/GCC-RELEASE/project_km4/asdk/../toolchain/linux/asdk-10.3.1/linux/newlib/arm-none-eabi/lib/thumb/v8-m.main+fp/fpu/libc.a(lib_a-mallocr.o)
                0x00000000000398c0                _malloc_r
 .text          0x0000000000039d20       0x50 /home/zjian_zhang/Dplus_Z/project/realtek_amebaDplus_va0_example/GCC-RELEASE/project_km4/asdk/../toolchain/linux/asdk-10.3.1/linux/newlib/arm-none-eabi/lib/thumb/v8-m.main+fp/fpu/libc.a(lib_a-mbrtowc.o)
                0x0000000000039d20                _mbrtowc_r
                0x0000000000039d54                mbrtowc
 .text          0x0000000000039d70       0x38 /home/zjian_zhang/Dplus_Z/project/realtek_amebaDplus_va0_example/GCC-RELEASE/project_km4/asdk/../toolchain/linux/asdk-10.3.1/linux/newlib/arm-none-eabi/lib/thumb/v8-m.main+fp/fpu/libc.a(lib_a-mbtowc_r.o)
                0x0000000000039d70                _mbtowc_r
                0x0000000000039d84                __ascii_mbtowc
 .text          0x0000000000039da8       0x62 /home/zjian_zhang/Dplus_Z/project/realtek_amebaDplus_va0_example/GCC-RELEASE/project_km4/asdk/../toolchain/linux/asdk-10.3.1/linux/newlib/arm-none-eabi/lib/thumb/v8-m.main+fp/fpu/libc.a(lib_a-memchr-stub.o)
                0x0000000000039da8                memchr
 .text          0x0000000000039e0a       0x4c /home/zjian_zhang/Dplus_Z/project/realtek_amebaDplus_va0_example/GCC-RELEASE/project_km4/asdk/../toolchain/linux/asdk-10.3.1/linux/newlib/arm-none-eabi/lib/thumb/v8-m.main+fp/fpu/libc.a(lib_a-memcmp.o)
                0x0000000000039e0a                memcmp
 *fill*         0x0000000000039e56        0x2 
 .text          0x0000000000039e58       0xec /home/zjian_zhang/Dplus_Z/project/realtek_amebaDplus_va0_example/GCC-RELEASE/project_km4/asdk/../toolchain/linux/asdk-10.3.1/linux/newlib/arm-none-eabi/lib/thumb/v8-m.main+fp/fpu/libc.a(lib_a-memcpy.o)
                0x0000000000039e58                memcpy
 .text          0x0000000000039f44       0xac /home/zjian_zhang/Dplus_Z/project/realtek_amebaDplus_va0_example/GCC-RELEASE/project_km4/asdk/../toolchain/linux/asdk-10.3.1/linux/newlib/arm-none-eabi/lib/thumb/v8-m.main+fp/fpu/libc.a(lib_a-memmove.o)
                0x0000000000039f44                memmove
 .text          0x0000000000039ff0       0x70 /home/zjian_zhang/Dplus_Z/project/realtek_amebaDplus_va0_example/GCC-RELEASE/project_km4/asdk/../toolchain/linux/asdk-10.3.1/linux/newlib/arm-none-eabi/lib/thumb/v8-m.main+fp/fpu/libc.a(lib_a-memset-stub.o)
                0x0000000000039ff0                memset
 .text          0x000000000003a060       0x18 /home/zjian_zhang/Dplus_Z/project/realtek_amebaDplus_va0_example/GCC-RELEASE/project_km4/asdk/../toolchain/linux/asdk-10.3.1/linux/newlib/arm-none-eabi/lib/thumb/v8-m.main+fp/fpu/libc.a(lib_a-mlock.o)
                0x000000000003a060                __malloc_lock
                0x000000000003a06c                __malloc_unlock
 .text          0x000000000003a078      0x924 /home/zjian_zhang/Dplus_Z/project/realtek_amebaDplus_va0_example/GCC-RELEASE/project_km4/asdk/../toolchain/linux/asdk-10.3.1/linux/newlib/arm-none-eabi/lib/thumb/v8-m.main+fp/fpu/libc.a(lib_a-mprec.o)
                0x000000000003a078                _Balloc
                0x000000000003a0c2                _Bfree
                0x000000000003a0d4                __multadd
                0x000000000003a164                __s2b
                0x000000000003a1f8                __hi0bits
                0x000000000003a238                __lo0bits
                0x000000000003a296                __i2b
                0x000000000003a2c0                __multiply
                0x000000000003a410                __pow5mult
                0x000000000003a490                __lshift
                0x000000000003a570                __mcmp
                0x000000000003a5a8                __mdiff
                0x000000000003a6c8                __ulp
                0x000000000003a71c                __b2d
                0x000000000003a7bc                __d2b
                0x000000000003a874                __ratio
                0x000000000003a8da                _mprec_log10
                0x000000000003a914                __copybits
                0x000000000003a95a                __any_on
 .text          0x000000000003a99c       0x24 /home/zjian_zhang/Dplus_Z/project/realtek_amebaDplus_va0_example/GCC-RELEASE/project_km4/asdk/../toolchain/linux/asdk-10.3.1/linux/newlib/arm-none-eabi/lib/thumb/v8-m.main+fp/fpu/libc.a(lib_a-readr.o)
                0x000000000003a99c                _read_r
 .text          0x000000000003a9c0       0x10 /home/zjian_zhang/Dplus_Z/project/realtek_amebaDplus_va0_example/GCC-RELEASE/project_km4/asdk/../toolchain/linux/asdk-10.3.1/linux/newlib/arm-none-eabi/lib/thumb/v8-m.main+fp/fpu/libc.a(lib_a-realloc.o)
                0x000000000003a9c0                realloc
 .text          0x000000000003a9d0      0x358 /home/zjian_zhang/Dplus_Z/project/realtek_amebaDplus_va0_example/GCC-RELEASE/project_km4/asdk/../toolchain/linux/asdk-10.3.1/linux/newlib/arm-none-eabi/lib/thumb/v8-m.main+fp/fpu/libc.a(lib_a-reallocr.o)
                0x000000000003a9d0                _realloc_r
 .text          0x000000000003ad28       0xa0 /home/zjian_zhang/Dplus_Z/project/realtek_amebaDplus_va0_example/GCC-RELEASE/project_km4/asdk/../toolchain/linux/asdk-10.3.1/linux/newlib/arm-none-eabi/lib/thumb/v8-m.main+fp/fpu/libc.a(lib_a-reent.o)
                0x000000000003ad28                cleanup_glue
                0x000000000003ad42                _reclaim_reent
 .text          0x000000000003adc8       0x20 /home/zjian_zhang/Dplus_Z/project/realtek_amebaDplus_va0_example/GCC-RELEASE/project_km4/asdk/../toolchain/linux/asdk-10.3.1/linux/newlib/arm-none-eabi/lib/thumb/v8-m.main+fp/fpu/libc.a(lib_a-sbrkr.o)
                0x000000000003adc8                _sbrk_r
 .text          0x000000000003ade8       0x70 /home/zjian_zhang/Dplus_Z/project/realtek_amebaDplus_va0_example/GCC-RELEASE/project_km4/asdk/../toolchain/linux/asdk-10.3.1/linux/newlib/arm-none-eabi/lib/thumb/v8-m.main+fp/fpu/libc.a(lib_a-sccl.o)
                0x000000000003ade8                __sccl
 .text          0x000000000003ae58        0xc /home/zjian_zhang/Dplus_Z/project/realtek_amebaDplus_va0_example/GCC-RELEASE/project_km4/asdk/../toolchain/linux/asdk-10.3.1/linux/newlib/arm-none-eabi/lib/thumb/v8-m.main+fp/fpu/libc.a(lib_a-sf_nan.o)
                0x000000000003ae58                nanf
 .text          0x000000000003ae64       0x70 /home/zjian_zhang/Dplus_Z/project/realtek_amebaDplus_va0_example/GCC-RELEASE/project_km4/asdk/../toolchain/linux/asdk-10.3.1/linux/newlib/arm-none-eabi/lib/thumb/v8-m.main+fp/fpu/libc.a(lib_a-s_frexp.o)
                0x000000000003ae64                frexp
 .text          0x000000000003aed4      0x1bc /home/zjian_zhang/Dplus_Z/project/realtek_amebaDplus_va0_example/GCC-RELEASE/project_km4/asdk/../toolchain/linux/asdk-10.3.1/linux/newlib/arm-none-eabi/lib/thumb/v8-m.main+fp/fpu/libc.a(lib_a-strcmp.o)
                0x000000000003aed4                strcmp
 .text          0x000000000003b090       0x18 /home/zjian_zhang/Dplus_Z/project/realtek_amebaDplus_va0_example/GCC-RELEASE/project_km4/asdk/../toolchain/linux/asdk-10.3.1/linux/newlib/arm-none-eabi/lib/thumb/v8-m.main+fp/fpu/libc.a(lib_a-strnlen.o)
                0x000000000003b090                strnlen
 .text          0x000000000003b0a8      0xde0 /home/zjian_zhang/Dplus_Z/project/realtek_amebaDplus_va0_example/GCC-RELEASE/project_km4/asdk/../toolchain/linux/asdk-10.3.1/linux/newlib/arm-none-eabi/lib/thumb/v8-m.main+fp/fpu/libc.a(lib_a-strtod.o)
                0x000000000003b0e0                _strtod_l
                0x000000000003bce4                _strtod_r
                0x000000000003bcf0                strtod_l
                0x000000000003bd04                strtod
                0x000000000003bd1c                strtof_l
                0x000000000003bdd0                strtof
 .text          0x000000000003be88      0x150 /home/zjian_zhang/Dplus_Z/project/realtek_amebaDplus_va0_example/GCC-RELEASE/project_km4/asdk/../toolchain/linux/asdk-10.3.1/linux/newlib/arm-none-eabi/lib/thumb/v8-m.main+fp/fpu/libc.a(lib_a-strtoll.o)
                0x000000000003bfb4                _strtoll_r
                0x000000000003bfb6                strtoll_l
                0x000000000003bfc8                strtoll
 .text          0x000000000003bfd8      0x158 /home/zjian_zhang/Dplus_Z/project/realtek_amebaDplus_va0_example/GCC-RELEASE/project_km4/asdk/../toolchain/linux/asdk-10.3.1/linux/newlib/arm-none-eabi/lib/thumb/v8-m.main+fp/fpu/libc.a(lib_a-strtoull.o)
                0x000000000003c10c                _strtoull_r
                0x000000000003c10e                strtoull_l
                0x000000000003c120                strtoull
 .text          0x000000000003c130      0x108 /home/zjian_zhang/Dplus_Z/project/realtek_amebaDplus_va0_example/GCC-RELEASE/project_km4/asdk/../toolchain/linux/asdk-10.3.1/linux/newlib/arm-none-eabi/lib/thumb/v8-m.main+fp/fpu/libc.a(lib_a-strtoul.o)
                0x000000000003c214                _strtoul_r
                0x000000000003c216                strtoul_l
                0x000000000003c228                strtoul
 .text          0x000000000003c238      0x9a4 /home/zjian_zhang/Dplus_Z/project/realtek_amebaDplus_va0_example/GCC-RELEASE/project_km4/asdk/../toolchain/linux/asdk-10.3.1/linux/newlib/arm-none-eabi/lib/thumb/v8-m.main+fp/fpu/libc.a(lib_a-svfiprintf.o)
                0x000000000003c238                __ssprint_r
                0x000000000003c32e                _svfiprintf_r
 .text          0x000000000003cbdc      0xff4 /home/zjian_zhang/Dplus_Z/project/realtek_amebaDplus_va0_example/GCC-RELEASE/project_km4/asdk/../toolchain/linux/asdk-10.3.1/linux/newlib/arm-none-eabi/lib/thumb/v8-m.main+fp/fpu/libc.a(lib_a-svfiscanf.o)
                0x000000000003cbdc                _sungetc_r
                0x000000000003cc56                __ssrefill_r
                0x000000000003cc90                _sfread_r
                0x000000000003cd00                __ssvfiscanf_r
 .text          0x000000000003dbd0      0x19c /home/zjian_zhang/Dplus_Z/project/realtek_amebaDplus_va0_example/GCC-RELEASE/project_km4/asdk/../toolchain/linux/asdk-10.3.1/linux/newlib/arm-none-eabi/lib/thumb/v8-m.main+fp/fpu/libc.a(lib_a-ungetc.o)
                0x000000000003dbd0                __submore
                0x000000000003dc3e                _ungetc_r
                0x000000000003dd5c                ungetc
 .text          0x000000000003dd6c      0xa24 /home/zjian_zhang/Dplus_Z/project/realtek_amebaDplus_va0_example/GCC-RELEASE/project_km4/asdk/../toolchain/linux/asdk-10.3.1/linux/newlib/arm-none-eabi/lib/thumb/v8-m.main+fp/fpu/libc.a(lib_a-vfiprintf.o)
                0x000000000003dd6c                __sprint_r
                0x000000000003ddd0                _vfiprintf_r
                0x000000000003e6fc                vfiprintf
 .text          0x000000000003e790       0x30 /home/zjian_zhang/Dplus_Z/project/realtek_amebaDplus_va0_example/GCC-RELEASE/project_km4/asdk/../toolchain/linux/asdk-10.3.1/linux/newlib/arm-none-eabi/lib/thumb/v8-m.main+fp/fpu/libc.a(lib_a-wctomb_r.o)
                0x000000000003e790                _wctomb_r
                0x000000000003e7a4                __ascii_wctomb
 .text          0x000000000003e7c0       0x48 /home/zjian_zhang/Dplus_Z/project/realtek_amebaDplus_va0_example/GCC-RELEASE/project_km4/asdk/../toolchain/linux/asdk-10.3.1/linux/newlib/arm-none-eabi/lib/thumb/v8-m.main+fp/fpu/libc.a(lib_a-assert.o)
                0x000000000003e7c0                __assert_func