00000000 T Reset_Handler
0000000a W rtl_crypto_aes_cbc_init
00000070 W rtl_crypto_aes_cbc_encrypt
000000b8 W rtl_crypto_aes_cbc_decrypt
00000100 W rtl_crypto_aes_ecb_init
00000164 W rtl_crypto_aes_ecb_encrypt
00000198 W rtl_crypto_aes_ecb_decrypt
000001cc W rtl_crypto_aes_ctr_init
00000230 W rtl_crypto_aes_ctr_encrypt
0000026e W rtl_crypto_aes_ctr_decrypt
000002ac W rtl_crypto_aes_cfb_init
00000310 W rtl_crypto_aes_cfb_encrypt
0000034e W rtl_crypto_aes_cfb_decrypt
0000038c W rtl_crypto_aes_ofb_init
000003f0 W rtl_crypto_aes_ofb_encrypt
0000042e W rtl_crypto_aes_ofb_decrypt
0000046c W rtl_crypto_aes_gcm_init
000004d0 W rtl_crypto_aes_gcm_encrypt
00000568 W rtl_crypto_aes_gcm_decrypt
00000600 T __NVIC_EnableIRQ
00000620 T __NVIC_GetEnableIRQ
0000064a T __NVIC_DisableIRQ
0000066a T __NVIC_GetPendingIRQ
00000694 T __NVIC_SetPendingIRQ
000006ba T __NVIC_ClearPendingIRQ
000006e0 T __NVIC_GetActive
0000073e T __NVIC_SetPriority
00000756 T __NVIC_GetPriority
00000766 T __NVIC_SetVector
0000077e T __NVIC_GetVector
0000079a T __NVIC_SetVectorArg
000007b2 T __NVIC_GetVectorArg
000007ce T sys_irq_dispatch
00000816 W io_assert_failed
0000083e W BKUP_Write
00000874 W BKUP_Read
000008a6 W BKUP_Set
000008e4 W BKUP_Clear
00000924 T BOOT_ROM_InitDebugFlg
00000940 W BOOT_ROM_ResetVsr
00000a5a W XTAL_ClkGet
00000a76 W CPU_ClkSrc_Set
00000a8c W CPU_ClkSrc_Get
00000a9a W PLL_ClkGet
00000b16 W CPU_ClkGet
00000bbc W CRYPTO_MemDump
00000d2c W CRYPTO_SetSrcDesc
00000da8 W CRYPTO_SetDstDesc
00000e26 W CRYPTO_CleanCmdOk
00000e4a W CRYPTO_ClearAllINT
00000e5c W CRYPTO_SetCmdBuf
000010c8 W CRYPTO_SrcDescKeyIv
0000151a W CRYPTO_Reset
00001540 W CRYPTO_SHA_Reset
00001566 W CRYPTO_SetSecurityModeAD
00001796 W CRYPTO_Init
000017bc W CRYPTO_SHA_Init
000017e2 W CRYPTO_OTPKey_Init
00001838 W CRYPTO_OTPKey_SHA_Init
000018a2 W CRYPTO_Cache_Sync
00001a80 W CRYPTO_ProcessAD
0000214c W CRYPTO_SendSeqBuf
00002252 W CRYPTO_CipherInit
00002260 W CRYPTO_CipherEncryptAD
00002284 W CRYPTO_CipherDecryptAD
000022ae W DelayNop
000022ba W DelayUs
0000231a W DelayMs
00002326 W ECDSA_BufSub
0000238a W ECDSA_BufCmp
000023ee W ECDSA_HashBuf_Setting
0000253a W ECDSA_CurveSel
000027aa W ECDSA_EngRst
000027ba W ECDSA_Cmd
000027da W ECDSA_KeyGen
000028b2 W ECDSA_Sign
000029ea W ECDSA_Verify
00002ad0 W ECDSA_ECDH_Compute_Shared
00002bd0 W ECDSA_Basic_Func
00002cc4 T FLASH_SetSpiMode
00002dc0 T FLASH_RxCmd
00002e5c T FLASH_WaitBusy
00002eec t FLASH_UserModeEn
00002f16 T FLASH_RxData
00003002 T FLASH_TxCmd
0000308c T FLASH_WriteEn
000030aa T FLASH_TxData
000031c2 T FLASH_SetStatus
000031e4 T FLASH_Erase
0000329e W FLASH_DeepPowerDown
000032ea T FLASH_WaitBusy_Timeout
00003376 T FLASH_WriteEn_Timeout
00003394 T FLASH_SetStatusBits
00003446 T FLASH_StructInit_Micron
000034d4 T FLASH_StructInit_MXIC
00003562 T FLASH_StructInit_GD
000035f0 T FLASH_StructInit
0000367c T FLASH_Init
0000372a T FLASH_Wait_Boot_Finish
00003738 T FLASH_CalibrationPLLSel
00003742 T FLASH_CalibrationPLL_GetSrc
0000374c T FLASH_Calibration_PSPLL_Open
000037aa T FLASH_Calibration_PSPLL_Close
000037e0 T FLASH_CalibrationPLLPSCmd
0000382a T FLASH_CalibrationPLLPS_Shift
00003854 T FLASH_PLLInit_ClockDiv
000038e0 T FLASH_CalibrationPhase
00003972 T FLASH_CalibrationPhaseIdx
0000397a T FLASH_CalibrationNewCmd
000039b0 T FLASH_CalibrationNew
00003b7e T FLASH_Read_HandShake_Cmd
00003bb8 T FLASH_Read_HandShake
00003ca6 T FLASH_Calibration
00003e1a W GPIO_INTMode
00003ea8 W GPIO_INTConfig
00003ed6 W GPIO_INTHandler
00003fca W GPIO_Direction
00003ff6 W GPIO_Init
00004080 W GPIO_DeInit
00004106 W GPIO_ReadDataBit
0000412a W GPIO_WriteBit
00004158 W GPIO_PortDirection
000041ac W GPIO_PortRead
000041ea W GPIO_PortWrite
00004236 W GPIO_DebounceClock
00004292 W GPIO_LevelSync
000042da W GPIO_UserRegIrq
00004302 W LOGUART_StructInit
0000434e W LOGUART_SetBaud
000043f8 W LOGUART_RxCmd
00004408 T LOGUART_AGGCmd
00004420 T LOGUART_AGGPathCmd
000044c0 T LOGUART_AGGSetTimeOut
000044d8 T LOGUART_AGGSetThreshold
0000451c T LOGUART_AGGSetSyncPattern
0000452c T LOGUART_AGGPathAllCmd
00004544 T LOGUART_PutChar
000045b2 T LOGUART_GetChar
000045ce T LOGUART_Readable
000045d8 T LOGUART_GetRxCount
000045e2 T LOGUART_GetIMR
000045ea T LOGUART_SetIMR
000045f2 W LOGUART_INTConfig
0000460a W LOGUART_INTClear
00004612 W LOGUART_GetStatus
00004616 W LOGUART_ClearRxFifo
00004632 T _LOGUART_Init
000047b8 T LOGUART_Init
0000480e W LOGUART_WaitBusy
00004852 W LOGUART_WaitTxComplete
00004890 T LOGUART_BT_SendData
000048c2 T LOGUART_Relay_StructInit
000048da T LOGUART_Relay_SetFormat
00004918 T LOGUART_Relay_SetBaud
0000496c T LOGUART_Relay_ClearRxFifo
0000498c T LOGUART_Relay_RxCmd
0000499c T LOGUART_MonitorParaConfig
000049fe T LOGUART_LPBaudSet
00004ac2 T LOGUART_Relay_LPSetBaud
00004b36 T LOGUART_RxMonitorCmd
00004b46 T LOGUART_RxMonBaudCtrlRegGet
00004b4a T LOGUART_RxMonitorSatusGet
00004b4e T LOGUART_DiagInit
00004bca W md_hash_save
00004c4a W md_hash_restore
00004cca W rtl_crypto_md5_init
00004d58 W rtl_crypto_md5_process
00004db6 W rtl_crypto_md5_update_rom
00004e44 W rtl_crypto_md5_update
00004e92 W rtl_crypto_md5_final
00004f18 W rtl_crypto_md5
00004f40 W rtl_crypto_hmac_md5_init
00004ff6 W rtl_crypto_hmac_md5_process
0000503c W rtl_crypto_hmac_md5_update_rom
000050d4 W rtl_crypto_hmac_md5_update
00005122 W rtl_crypto_hmac_md5_final
000051ae W rtl_crypto_hmac_md5
000051e6 W RSIP_OTF_init
000051f8 W RSIP_IV_Set
00005246 W RSIP_OTF_Cmd
00005266 W RSIP_OTF_Enable
000052fa W RSIP_MMU_Config
0000532a W RSIP_MMU_Cmd
0000534e W RSIP_MMU_Cache_Clean
00005360 W PAD_DrvStrength
00005386 W PAD_PullCtrl
00005440 W PAD_SleepPullCtrl
000054fa T PAD_ResistorCtrl
00005516 T PAD_CMD
0000553a T Pinmux_Config
00005556 T Pinmux_ConfigGet
0000556c T Pinmux_UartLogCtrl
000055a8 T PAD_SpicCtrl
000055fc T Pinmux_SpicCtrl
000056a2 T Pinmux_Swdoff
000056b2 T plic_disable_irq
000056e8 T plic_get_irq_enable
0000570a T plic_set_enable
00005722 T plic_get_enable
0000573c T plic_set_irq_priority
0000575e T plic_enable_irq
000057a6 T plic_get_irq_priority
000057b6 T plic_get_irq_pending
000057d6 T plic_claim_irq
000057e8 T plic_complete_irq
000057fa T plic_set_threshold
00005812 T plic_get_threshold
00005824 T plic_interrupt_handler
000058a6 T plic_set_sip
000058c0 T plic_clear_sip
000058da T plic_init
000058fa T plic_get_active_irq_id
00005904 W RCC_PeriphClockCmd
000059c0 W RCC_PeriphClockSource_UART
00005a3e W RCC_PeriphClockSource_SPIC
00005a58 W RCC_PeriphClockSource_PSRAM
00005a72 W RCC_PeriphClockSource_SDM
00005a8c W RCC_PeriphClockSource_VADMEM
00005aa8 W RCC_PeriphClockSource_AUDIOCODEC
00005ac6 W RCC_PeriphClockSource_CTC
00005ae0 W RCC_PeriphClockSource_ADC
00005afa W RCC_PeriphClockSource_GPIO
00005b14 W RCC_PeriphClockSource_SPORT
00005b4a W RCC_PeriphClockSource_32K
00005b60 W RCC_PeriphClockSource_LOGUART
00005b9e W hash_save
00005c1e W hash_restore
00005c9e W rtl_crypto_sha1_init
00005d36 W rtl_crypto_sha1_process
00005d6a W rtl_crypto_sha1_update_rom
00005df4 W rtl_crypto_sha1_update
00005e42 W rtl_crypto_sha1_final
00005ec4 W rtl_crypto_sha1
00005eec W rtl_crypto_sha2_init
00006176 W rtl_crypto_sha2_process
000061b0 W rtl_crypto_sha2_update_rom
0000623c W rtl_crypto_sha2_update
0000628a W rtl_crypto_sha2_final
0000630e W rtl_crypto_sha2
0000633c W rtl_crypto_hmac_sha1_init
000063fe W rtl_crypto_hmac_sha1_process
0000643e W rtl_crypto_hmac_sha1_update_rom
000064d2 W rtl_crypto_hmac_sha1_update
00006520 W rtl_crypto_hmac_sha1_final
000065aa W rtl_crypto_hmac_sha1
000065e2 W rtl_crypto_hmac_sha2_init
00006896 W rtl_crypto_hmac_sha2_process
000068dc W rtl_crypto_hmac_sha2_update_rom
00006972 W rtl_crypto_hmac_sha2_update
000069c0 W rtl_crypto_hmac_sha2_final
00006a4c W rtl_crypto_hmac_sha2
00006a84 T SYSCFG_RLVersion
00006aa4 T SYSCFG_GetRLNum
00006ac4 T SYSCFG_TRP_UARTImage
00006ad2 T SYSCFG_TRP_ICFG
00006ade T SYSCFG_TRP_TestMode
00006aec T SYSCFG_TRP_OTPBYP
00006afa T SYSCFG_ROMINFO_Get
00006b08 T SYSCFG_ROMINFO_Set
00006b1e T SYSCFG_CHIPType_Get
00006b2c T SYSCFG_OTP_RDPEn
00006b4e T SYSCFG_OTP_RSIPEn
00006b70 T SYSCFG_OTP_SBootEn
00006b92 T SYSCFG_OTP_LowBaudLog
00006ba0 T SYSCFG_OTP_DisBootLog
00006bae T SYSCFG_OTP_BootFlashBaud
00006bbc T SYSCFG_OTP_SPICBootSpeedUpDis
00006bca T SYSCFG_OTP_SPICAddr4ByteEn
00006bd8 T SYSCFG_OTP_FlashDSleepEn
00006be6 T SYSCFG_OTP_UartDownloadDis
00006bf6 T SYSCFG_OTP_AntiRollback
00006c08 T SYSCFG_OTP_FaultLogDis
00006c1a T SYSCFG_OTP_RSIPMode
00006c2e T SYSCFG_OTP_HUKDerivEn
00006c40 T SYSCFG_OTP_RomPatchEn
00006c58 T SYSCFG_OTP_RandDelayEn
00006c66 T SYSCFG_OTP_RMAMode
00006c88 T SYSCFG_HWTrigDownload
00006c9e T SYSCFG_SWTrigDownload
00006cc6 T SYSTIMER_Init
00006cfe T SYSTIMER_TickGet
00006d04 T SYSTIMER_GetPassTick
00006d28 T SYSTIMER_GetPassTime
00006d60 W RTIM_TimeBaseStructInit
00006d7a W RTIM_Cmd
00006ec6 W RTIM_GetCount
00006ff0 W RTIM_INTConfig
00007156 W RTIM_INTClear
00007292 W RTIM_TimeBaseInit
000074b8 W RTIM_DeInit
000075e8 W RTIM_INTClearPendingBit
00007746 W RTIM_GetFlagStatus
000078e6 W RTIM_GetINTStatus
00007a8c T TRNG_Random_Delay
00007ac6 T TRNG_Security_Only
00007af2 T TRNG_INTConfig
00007b14 T TRNG_ClearINT
00007b20 T TRNG_GetINT
00007b28 T TRNG_Init
00007b74 W UART_DeInit
00007b7a W UART_StructInit
00007ba0 W UART_BaudParaGetFull
00007bda W UART_BaudParaGet
00007c00 W UART_SetBaud
00007cae W UART_SetBaudExt
00007d3c W UART_SetRxLevel
00007d4e W UART_RxCmd
00007d5e W UART_Writable
00007d66 W UART_Readable
00007d6c W UART_CharPut
00007d70 W UART_CharGet
00007d78 W UART_ReceiveData
00007daa W UART_SendData
00007ddc W UART_ReceiveDataTO
00007e2e W UART_SendDataTO
00007e80 W UART_RxByteCntClear
00007e8a W UART_RxByteCntGet
00007e92 W UART_BreakCtl
00007ea2 W UART_ClearRxFifo
00007ebe W UART_Init
00007f6e W UART_ClearTxFifo
00007f78 W UART_INTConfig
00007f90 W UART_INT_Clear
00007f98 W UART_IntStatus
00007f9c W UART_ModemStatusGet
00007fa0 W UART_LineStatusGet
00007fa4 W UART_WaitBusy
00007fd8 T irq_enable
00007fdc T irq_disable
00007fe0 T irq_set_priority
00007fe4 T irq_get_priority
00007fe8 T irq_set_pending
00007fec T irq_get_pending
00007ff0 T irq_clear_pending
00007ff4 T irq_register
00008026 T irq_unregister
0000804a W WDG_Wait_Busy
0000807c W WDG_StructInit
00008090 W WDG_Init
00008128 W WDG_Enable
00008184 W WDG_Timeout
00008202 W WDG_Refresh
0000825e W WDG_INTConfig
000082f6 W WDG_ClearINT
0000837c W IWDG_LP_Enable
000083dc W WDG_Reset_Bypass
00008478 W WDG_Reset_Timeout
00008490 W WDG_Reset_ClearINT
00008526 T DiagVSprintf
00008858 T DiagPrintf
00008890 T DiagPrintfD
000088c8 T DiagSPrintf
000088fa T DiagSnPrintf
00008c38 t cmd_reboot
00008c8e t cmd_rom_help
00008d08 T cmd_rom_table
00008d16 T _rand
00008d40 T __wrap_rand
00008d6a T RandBytes_Get
00008e82 T shell_array_init
00008e9a T shell_get_argc
00008ed4 T shell_get_argv
00008f34 t shell_cmd_exec_rom.constprop.0
00008fd4 T shell_cmd_chk
000090f0 T shell_uart_irq_rom
00009254 T shell_init_rom
000092ec T shell_task_rom
00009320 T shell_rom
0000939e T _char2num
000093e0 T _2char2dec
0000948a T _2char2hex
0000952c T _memchr
000095c0 T _memcmp
00009612 T _memcpy
000096ba T _memmove
0000978a T _memset
0000982c T _strcmp
00009898 T _stricmp
000098cc T _strlen
00009936 T _strtoul
00009aa8 T _strupr
00009ace T __wrap_memset
00009ad0 T __wrap_memcpy
00009ad2 T __wrap_memcmp
00009ad4 T __wrap_memchr
00009ad6 T __wrap_memmove
00009ad8 T __wrap_strlen
00009ada T __wrap_strcmp
00009adc T __wrap_stricmp
00009ade T __wrap_strupr
00009ae0 T __wrap_strtoul
00009ae2 T mbedtls_asn1_get_len
00009bb8 T mbedtls_asn1_get_tag
00009bdc T mbedtls_asn1_get_bool
00009c18 T mbedtls_asn1_get_int
00009c72 T mbedtls_asn1_get_mpi
00009ca2 T mbedtls_asn1_get_bitstring
00009cfc T mbedtls_asn1_get_bitstring_null
00009d38 T mbedtls_asn1_get_sequence_of
00009dde T mbedtls_asn1_get_alg
00009e8e T mbedtls_asn1_get_alg_null
00009eb6 T mbedtls_asn1_free_named_data
00009eee T mbedtls_asn1_free_named_data_list
00009f1e T mbedtls_asn1_find_named_data
00009f52 T mbedtls_asn1_write_len
0000a088 T mbedtls_asn1_write_tag
0000a0a6 T mbedtls_asn1_write_raw_buffer
0000a0e0 T mbedtls_asn1_write_mpi
0000a184 T mbedtls_asn1_write_null
0000a1ba T mbedtls_asn1_write_oid
0000a206 T mbedtls_asn1_write_algorithm_identifier
0000a270 T mbedtls_asn1_write_bool
0000a2ca T mbedtls_asn1_write_int
0000a348 T mbedtls_asn1_write_tagged_string
0000a3a0 T mbedtls_asn1_write_utf8_string
0000a3a8 T mbedtls_asn1_write_printable_string
0000a3b0 T mbedtls_asn1_write_ia5_string
0000a3b8 T mbedtls_asn1_write_bitstring
0000a46c T mbedtls_asn1_write_octet_string
0000a4b8 T mbedtls_asn1_store_named_data
0000a5b4 t mpi_get_digit
0000a5fe t mpi_sub_hlp
0000a632 t mpi_mul_hlp
0000aede t mpi_montmul
0000aff8 t mbedtls_mpi_mod_int.part.0
0000b040 t mpi_bigendian_to_host.part.0
0000b08e T mbedtls_mpi_init
0000b09c T mbedtls_mpi_free
0000b0d6 T mbedtls_mpi_grow
0000b14a T mbedtls_mpi_shrink
0000b1e6 T mbedtls_mpi_copy
0000b260 T mbedtls_mpi_swap
0000b294 T mbedtls_mpi_safe_cond_assign
0000b322 T mbedtls_mpi_safe_cond_swap
0000b3c4 T mbedtls_mpi_lset
0000b40c T mbedtls_mpi_get_bit
0000b42c T mbedtls_mpi_set_bit
0000b49e T mbedtls_mpi_lsb
0000b4de T mbedtls_mpi_bitlen
0000b522 T mbedtls_mpi_size
0000b532 T mbedtls_mpi_read_binary
0000b5b2 T mbedtls_mpi_write_binary
0000b63a T mbedtls_mpi_shift_l
0000b6fa T mbedtls_mpi_shift_r
0000b790 T mbedtls_mpi_cmp_abs
0000b802 T mbedtls_mpi_cmp_mpi
0000b88c T mbedtls_mpi_lt_mpi_ct
0000b924 T mbedtls_mpi_cmp_int
0000b94e T mbedtls_mpi_add_abs
0000ba16 T mbedtls_mpi_sub_abs
0000bad2 T mbedtls_mpi_add_mpi
0000bb28 T mbedtls_mpi_sub_mpi
0000bb7e T mbedtls_mpi_add_int
0000bba8 T mbedtls_mpi_sub_int
0000bbd2 T mbedtls_mpi_mul_mpi
0000bcc4 T mbedtls_mpi_mul_int
0000bcdc T mbedtls_mpi_read_string
0000be2a T mbedtls_mpi_div_mpi
0000c208 T mbedtls_mpi_div_int
0000c232 T mbedtls_mpi_mod_mpi
0000c29e T mbedtls_mpi_mod_int
0000c2ce T mbedtls_mpi_write_string
0000c452 t mpi_check_small_factors
0000c4a8 T mbedtls_mpi_exp_mod
0000c8a8 T mbedtls_mpi_gcd
0000c9b2 T mbedtls_mpi_fill_random
0000ca40 t mpi_miller_rabin
0000cbde T mbedtls_mpi_inv_mod
0000ce68 T mbedtls_mpi_is_prime_ext
0000ced4 T mbedtls_mpi_is_prime
0000cede T mbedtls_mpi_gen_prime
0000d0fa T mbedtls_ecdh_gen_public
0000d148 T mbedtls_ecdh_compute_shared
0000d1ac T mbedtls_ecdh_init
0000d1fc T mbedtls_ecdh_setup
0000d212 T mbedtls_ecdh_free
0000d262 T mbedtls_ecdh_make_params
0000d2dc T mbedtls_ecdh_read_params
0000d32e T mbedtls_ecdh_get_params
0000d3b0 T mbedtls_ecdh_make_public
0000d41a T mbedtls_ecdh_read_public
0000d450 T mbedtls_ecdh_calc_secret
0000d4d0 t derive_mpi
0000d546 t ecdsa_verify_restartable.constprop.0
0000d68c t ecdsa_sign_restartable.constprop.0
0000d830 t ecdsa_sign_det_restartable.isra.0
0000d98a T mbedtls_ecdsa_sign
0000d99a T mbedtls_ecdsa_sign_det
0000d9aa T mbedtls_ecdsa_sign_det_ext
0000d9ac T mbedtls_ecdsa_verify
0000d9ae T mbedtls_ecdsa_write_signature_restartable
0000da7a T mbedtls_ecdsa_write_signature
0000da88 T mbedtls_ecdsa_write_signature_det
0000da9a T mbedtls_ecdsa_read_signature_restartable
0000db3c T mbedtls_ecdsa_read_signature
0000db40 T mbedtls_ecdsa_genkey
0000db78 T mbedtls_ecdsa_init
0000db7c T mbedtls_ecdsa_free
0000db84 T mbedtls_ecdsa_from_keypair
0000dbcc t ecp_get_type
0000dbde t ecp_drbg_random
0000dbe2 t ecp_drbg_seed
0000dc34 t ecp_modp
0000dcd2 t ecp_randomize_mxz
0000dd92 t ecp_randomize_jac
0000deaa t ecp_normalize_jac
0000df6e t ecp_double_jac
0000e39a t ecp_normalize_jac_many
0000e5d6 t ecp_safe_invert_jac
0000e62a t ecp_select_comb
0000e6be t mbedtls_ecp_point_free.part.0
0000e6e0 T mbedtls_ecp_curve_list
0000e6ea T mbedtls_ecp_grp_id_list
0000e72c T mbedtls_ecp_curve_info_from_grp_id
0000e748 T mbedtls_ecp_curve_info_from_tls_id
0000e766 T mbedtls_ecp_curve_info_from_name
0000e79a T mbedtls_ecp_point_init
0000e7bc T mbedtls_ecp_group_init
0000e818 T mbedtls_ecp_keypair_init
0000e836 T mbedtls_ecp_point_free
0000e83c T mbedtls_ecp_group_free
0000e8b6 T mbedtls_ecp_keypair_free
0000e8d8 T mbedtls_ecp_copy
0000e916 T mbedtls_ecp_group_copy
0000e91e T mbedtls_ecp_set_zero
0000e952 t ecp_add_mixed
0000ed26 t ecp_mul_comb.isra.0
0000f160 T mbedtls_ecp_is_zero
0000f176 T mbedtls_ecp_point_cmp
0000f1b6 T mbedtls_ecp_point_read_string
0000f1fa T mbedtls_ecp_point_write_binary
0000f2ca T mbedtls_ecp_point_read_binary
0000f36a T mbedtls_ecp_tls_read_point
0000f398 T mbedtls_ecp_tls_write_point
0000f3cc T mbedtls_ecp_tls_read_group_id
0000f42c T mbedtls_ecp_tls_read_group
0000f44e T mbedtls_ecp_tls_write_group
0000f4a8 T mbedtls_ecp_check_pubkey
0000f63a T mbedtls_ecp_check_privkey
0000f6c0 T mbedtls_ecp_mul_restartable
0000fbde T mbedtls_ecp_mul
0000fbe2 t mbedtls_ecp_mul_shortcuts
0000fc82 T mbedtls_ecp_muladd_restartable
0000fd10 T mbedtls_ecp_muladd
0000fd14 T mbedtls_ecp_gen_privkey
0000fe4c T mbedtls_ecp_gen_keypair_base
0000fe96 T mbedtls_ecp_gen_keypair
0000fea4 T mbedtls_ecp_gen_key
0000fede T mbedtls_ecp_check_pub_priv
0000ffa4 t add64
0000ffd2 t add32
0000ffea t sub32
00010004 t ecp_mod_p255
000100a2 t ecp_mod_p521
00010116 t ecp_mod_koblitz.constprop.0
00010228 t ecp_mod_p192k1
00010240 t ecp_mod_p224k1
00010258 t ecp_mod_p256k1
0001026e t fix_negative.constprop.0
000102a0 t ecp_mod_p224
000104e2 t ecp_mod_p256
00010942 t ecp_mod_p384
00010f4a t ecp_mod_p192
00011030 T mbedtls_ecp_group_load
0001149c T mbedtls_hmac_drbg_init
000114be T mbedtls_hmac_drbg_update_ret
0001158c t hmac_drbg_reseed_core
0001165c T mbedtls_hmac_drbg_update
0001165e T mbedtls_hmac_drbg_seed_buf
000116c0 T mbedtls_hmac_drbg_reseed
000116c4 T mbedtls_hmac_drbg_seed
00011758 T mbedtls_hmac_drbg_set_prediction_resistance
0001175c T mbedtls_hmac_drbg_set_entropy_len
00011760 T mbedtls_hmac_drbg_set_reseed_interval
00011764 T mbedtls_hmac_drbg_random_with_add
00011830 T mbedtls_hmac_drbg_random
00011836 T mbedtls_hmac_drbg_free
0001185e T mbedtls_md_list
00011868 T mbedtls_md_info_from_string
00011928 T mbedtls_md_info_from_type
00011984 T mbedtls_md_init
0001198c T mbedtls_md_free
000119d6 T mbedtls_md_clone
00011a02 T mbedtls_md_setup
00011a64 T mbedtls_md_init_ctx
00011a68 T mbedtls_md_starts
00011a7c T mbedtls_md_update
00011a90 T mbedtls_md_finish
00011aa4 T mbedtls_md
00011aba T mbedtls_md_hmac_starts
00011ba2 T mbedtls_md_hmac_update
00011bba T mbedtls_md_hmac_finish
00011c36 T mbedtls_md_hmac_reset
00011c7a T mbedtls_md_hmac
00011ce8 T mbedtls_md_process
00011cfc T mbedtls_md_get_size
00011d08 T mbedtls_md_get_type
00011d14 T mbedtls_md_get_name
00011d1a T mbedtls_md5_init
00011d24 T mbedtls_md5_free
00011d30 T mbedtls_md5_clone
00011d42 T mbedtls_md5_starts_ret
00011d76 T mbedtls_md5_starts
00011d78 T mbedtls_internal_md5_process
000129e6 T mbedtls_md5_process
000129ea T mbedtls_md5_update_ret
00012a8c T mbedtls_md5_update
00012a8e T mbedtls_md5_finish_ret
00012b88 T mbedtls_md5_finish
00012b8a T mbedtls_md5_ret
00012bf2 T mbedtls_md5
00012bf4 t md5_process_wrap
00012bf8 t md5_clone_wrap
00012bfc t md5_ctx_free
00012c1c t md5_ctx_alloc
00012c46 t md5_finish_wrap
00012c48 t md5_update_wrap
00012c4a t md5_starts_wrap
00012c4e t sha1_process_wrap
00012c50 t sha1_clone_wrap
00012c52 t sha1_ctx_free
00012c70 t sha1_ctx_alloc
00012c98 t sha1_finish_wrap
00012c9c t sha1_update_wrap
00012ca0 t sha1_starts_wrap
00012ca2 t sha224_process_wrap
00012ca6 t sha224_clone_wrap
00012caa t sha224_ctx_free
00012cca t sha224_ctx_alloc
00012cf4 t sha224_wrap
00012cfa t sha256_wrap
00012d00 t sha224_finish_wrap
00012d04 t sha224_update_wrap
00012d08 t sha224_starts_wrap
00012d0e t sha256_starts_wrap
00012d14 t sha384_process_wrap
00012d18 t sha384_clone_wrap
00012d1c t sha384_ctx_free
00012d3c t sha384_ctx_alloc
00012d66 t sha384_wrap
00012d6c t sha512_wrap
00012d72 t sha384_finish_wrap
00012d76 t sha384_update_wrap
00012d7a t sha384_starts_wrap
00012d80 t sha512_starts_wrap
00012d86 T mbedtls_platform_zeroize
00012d92 T mbedtls_sha1_init
00012d9c T mbedtls_sha1_free
00012da6 T mbedtls_sha1_clone
00012db8 T mbedtls_sha1_starts_ret
00012df6 T mbedtls_sha1_starts
00012df8 T mbedtls_internal_sha1_process
000143e6 T mbedtls_sha1_process
000143ea T mbedtls_sha1_update_ret
0001448c T mbedtls_sha1_update
0001448e T mbedtls_sha1_finish_ret
000145e0 T mbedtls_sha1_finish
000145e2 T mbedtls_sha1_ret
0001462e T mbedtls_sha1
00014630 T mbedtls_sha256_init
0001463a T mbedtls_sha256_free
00014646 T mbedtls_sha256_clone
00014658 T mbedtls_sha256_starts_ret
00014708 T mbedtls_sha256_starts
0001470a T mbedtls_internal_sha256_process
000153c0 T mbedtls_sha256_process
000153c4 T mbedtls_sha256_update_ret
00015466 T mbedtls_sha256_update
00015468 T mbedtls_sha256_finish_ret
00015618 T mbedtls_sha256_finish
0001561a T mbedtls_sha256_ret
0001566a T mbedtls_sha256
0001566c T mbedtls_sha512_init
00015676 T mbedtls_sha512_free
00015682 T mbedtls_sha512_clone
00015694 T mbedtls_sha512_starts_ret
000157ac T mbedtls_sha512_starts
000157ae T mbedtls_internal_sha512_process
00016522 T mbedtls_sha512_process
00016526 T mbedtls_sha512_update_ret
000165e2 T mbedtls_sha512_update
000165e4 T mbedtls_sha512_finish_ret
000168d4 T mbedtls_sha512_finish
000168d6 T mbedtls_sha512_ret
00016936 T mbedtls_sha512
0001c000 A __rom_stdlib_text_start__
0001c8b4 A __wrap_atoi
0001c8b4 A __wrap_stratoi
0001c8b4 A _atoi
0001c8b4 A _stratoi
0001c8e6 A __wrap_printf
0001c8e6 A _printf
0001c9b4 A __wrap_puts
0001c9b4 A _puts
0001caf6 A __wrap_snprintf
0001caf6 A _snprintf
0001cba2 A __wrap_sprintf
0001cba2 A _sprintf
0001cbe8 A __wrap_sscanf
0001cbe8 A _sscanf
0001cd54 A __wrap_strcat
0001cd54 A _strcat
0001cd70 A __wrap_strchr
0001cd70 A _strchr
0001cd8a A __wrap_strcpy
0001cd8a A _strcpy
0001ce52 A __wrap_strncat
0001ce52 A _strncat
0001ce80 A __wrap_strncmp
0001ce80 A _strncmp
0001ceae A __wrap_strncpy
0001ceae A _strncpy
0001ced2 A __wrap_strpbrk
0001ced2 A _strpbrk
0001cf02 A __wrap_strsep
0001cf02 A _strsep
0001cf0a A __wrap_strstr
0001cf0a A _strstr
0001cf40 A __wrap_strtok
0001cf40 A _strtok
0001d0fc A __wrap_strtol
0001d0fc A _strtol
00020130 A __wrap_vsnprintf
00020130 A _vsnprintf
0002b8c0 A __rom_stdlib_text_end__
0002d000 D __rom_entry_ns_start__
0002d000 D rom_sec_call_ns_entry
0002d010 D __rom_entry_ns_end__
0002d020 d gcm_iv_tail
0002d024 d XTAL_CLK
0002d064 d SECP256K1_N
0002d084 d SECP256R1_N
0002d0a4 d curve25519_N
0002d0c4 d SECP192K1_N
0002d0e4 d SECP192K1_Gx
0002d104 d SECP192K1_Gy
0002d124 d SECP192K1_A
0002d144 d SECP192K1_P
0002d164 d SECP224K1_N
0002d184 d SECP224K1_Gx
0002d1a4 d SECP224K1_Gy
0002d1c4 d SECP224K1_A
0002d1e4 d SECP224K1_P
0002d204 d SECP192R1_N
0002d224 d SECP192R1_Gx
0002d244 d SECP192R1_Gy
0002d264 d SECP192R1_A
0002d284 d SECP192R1_P
0002d2a4 d SECP224R1_N
0002d2c4 d SECP224R1_Gx
0002d2e4 d SECP224R1_Gy
0002d304 d SECP224R1_A
0002d324 d SECP224R1_P
0002d344 d BRAINPOOLP256R1_N
0002d364 d BRAINPOOLP256R1_Gx
0002d384 d BRAINPOOLP256R1_Gy
0002d3a4 d BRAINPOOLP256R1_A
0002d3c4 d BRAINPOOLP256R1_P
0002d3e4 d SECP256K1_P
0002d404 D SPIC_CALIB_PATTERN
0002d40c D GPIO_PORTx
0002d414 D GPIO_PORTx_S
0002d41c d LOG_UART_IDX_FLAG
0002d458 d shell_cmd_table_rom
0002d478 d __FUNCTION__.5
0002d490 d __FUNCTION__.4
0002d4a8 d __FUNCTION__.3
0002d4c0 d __FUNCTION__.2
0002d4d8 d __FUNCTION__.1
0002d4f0 d __FUNCTION__.0
0002d568 d __FUNCTION__.3
0002d574 d __FUNCTION__.2
0002d580 d __FUNCTION__.1
0002d58c d __FUNCTION__.0
0002d7f4 d __FUNCTION__.1
0002d810 d __FUNCTION__.0
0002d854 d __FUNCTION__.1
0002d864 d __FUNCTION__.0
0002d9dc d __FUNCTION__.5
0002d9e8 d __FUNCTION__.4
0002d9fc d __FUNCTION__.3
0002da0c d __FUNCTION__.2
0002da1c d __FUNCTION__.1
0002da30 d __FUNCTION__.0
0002da54 d __FUNCTION__.4
0002da68 d __FUNCTION__.3
0002da80 d __FUNCTION__.5
0002da90 d __FUNCTION__.2
0002daac d __FUNCTION__.1
0002dac0 d __FUNCTION__.0
0002dad8 d __FUNCTION__.5
0002daec d md5_null_msg_result
0002dafc d __FUNCTION__.4
0002db18 d __FUNCTION__.3
0002db30 d __FUNCTION__.2
0002db4c d __FUNCTION__.1
0002db6c d __FUNCTION__.0
0002db88 d __FUNCTION__.0
0002db98 d __FUNCTION__.0
0002dbd0 d __FUNCTION__.11
0002dbe8 d __FUNCTION__.10
0002dc04 d __FUNCTION__.9
0002dc1c d __FUNCTION__.8
0002dc34 d __FUNCTION__.7
0002dc50 d __FUNCTION__.6
0002dc68 d __FUNCTION__.5
0002dc84 d __FUNCTION__.4
0002dca4 d __FUNCTION__.3
0002dcc0 d __FUNCTION__.2
0002dcdc d __FUNCTION__.1
0002dcfc d __FUNCTION__.0
0002dd18 d __FUNCTION__.7
0002dd24 d __FUNCTION__.5
0002dd34 d __FUNCTION__.4
0002dd44 d __FUNCTION__.3
0002dd54 d __FUNCTION__.8
0002dd68 d __FUNCTION__.6
0002dd74 d __FUNCTION__.2
0002dd8c d __FUNCTION__.1
0002dda0 d __FUNCTION__.0
0002ddec d __FUNCTION__.0
0002ddf8 d __FUNCTION__.8
0002de04 d __FUNCTION__.7
0002de10 d __FUNCTION__.6
0002de1c d __FUNCTION__.5
0002de28 d __FUNCTION__.4
0002de38 d __FUNCTION__.3
0002de48 d __FUNCTION__.2
0002de58 d __FUNCTION__.1
0002de6c d __FUNCTION__.0
0002dea8 d small_prime
0002e1ec d ecp_supported_curves
0002e2d8 d secp192r1_p
0002e2f0 d secp192r1_b
0002e308 d secp192r1_n
0002e320 d secp192r1_gx
0002e338 d secp192r1_gy
0002e350 d secp224r1_p
0002e370 d secp224r1_b
0002e38c d secp224r1_n
0002e3a8 d secp224r1_gx
0002e3c4 d secp224r1_gy
0002e3e0 d secp256r1_p
0002e400 d secp256r1_b
0002e420 d secp256r1_n
0002e440 d secp256r1_gx
0002e460 d secp256r1_gy
0002e480 d secp384r1_p
0002e4b0 d secp384r1_b
0002e4e0 d secp384r1_n
0002e510 d secp384r1_gx
0002e540 d secp384r1_gy
0002e570 d secp521r1_p
0002e5b4 d secp521r1_b
0002e5f8 d secp521r1_n
0002e63c d secp521r1_gx
0002e680 d secp521r1_gy
0002e6c4 d secp192k1_p
0002e6dc d secp192k1_n
0002e6f4 d secp192k1_gx
0002e70c d secp192k1_gy
0002e724 d secp224k1_p
0002e740 d secp224k1_n
0002e760 d secp224k1_gx
0002e77c d secp224k1_gy
0002e798 d secp256k1_p
0002e7b8 d secp256k1_n
0002e7d8 d secp256k1_gx
0002e7f8 d secp256k1_gy
0002e818 d brainpoolP256r1_p
0002e838 d brainpoolP256r1_a
0002e858 d brainpoolP256r1_b
0002e878 d brainpoolP256r1_n
0002e898 d brainpoolP256r1_gx
0002e8b8 d brainpoolP256r1_gy
0002e8d8 d brainpoolP384r1_p
0002e908 d brainpoolP384r1_a
0002e938 d brainpoolP384r1_b
0002e968 d brainpoolP384r1_n
0002e998 d brainpoolP384r1_gx
0002e9c8 d brainpoolP384r1_gy
0002e9f8 d brainpoolP512r1_p
0002ea38 d brainpoolP512r1_a
0002ea78 d brainpoolP512r1_b
0002eab8 d brainpoolP512r1_n
0002eaf8 d brainpoolP512r1_gx
0002eb38 d brainpoolP512r1_gy
0002ebc0 d supported_digests
0002ec08 D mbedtls_sha512_info
0002ec38 D mbedtls_sha384_info
0002ec68 D mbedtls_sha256_info
0002ec98 D mbedtls_sha224_info
0002ecc8 D mbedtls_sha1_info
0002ecf8 D mbedtls_md5_info
0002ed28 d K
0002ee28 d K
0002f1f0 d CSWTCH.1
0002f1f8 d secp256k1_b
0002f1fc d secp256k1_a
0002f200 d secp224k1_b
0002f204 d secp224k1_a
0002f208 d secp192k1_b
0002f20c d secp192k1_a
08014000 T __nspe_phy_addr__
081e0000 T __km4_image3_flash_start__
0c000020 T __kr4_flash_text_start__
0e000020 T __km4_flash_text_start__
0f800020 T __km4_boot_text_start__
20000000 D UserIrqFunTable
20000000 D __rom_bss_start__
200001c0 D UserIrqDataTable
20000380 D SHA_OTPKEY
200003a0 D crypto_engine
200005e0 D crypto_sha_engine
20000820 d ipsec_padding
20000860 D RBSS_UDELAY_CLK
20000864 D flash_init_para
200008cc D FLASH_PLL_Source_IsCPU
200008d0 D PortA_IrqData
20000950 D PortA_IrqHandler
200009d0 D PortB_IrqData
20000a50 D PortB_IrqHandler
20000ad0 d plic_irq_id
20000ad4 D ConfigDebugClose
20000ad8 D ConfigDebug
20000ae8 d init_done_grp_id
20000aec d ecp_supported_grp_id
20000af8 d Rp
20000b00 d one
20000b04 D shell_argv_array
20000b44 D shell_ctl
20000b68 D shell_rxbuf
20000be8 D shell_buf
20000c68 D p_rom_ssl_ram_map
20000c6c D rom_ssl_ram_map
20000cac D __rom_bss_end__
20001ff0 a STACK_TOP
20002000 A __rom_stdlib_data_start__
200029aa A __rom_stdlib_data_end__
200029c0 A __rom_stdlib_bss_start__
20002a24 A __rom_stdlib_bss_end__
20002a40 A __rom_stdlib_heap_start__
20040020 T __kr4_image2_entry_func__
20040020 T __ram_image1_text_start__
20040020 T __ram_start_table_start__
2005fd00 T __kr4_ipc_memory_start__
21020000 A __retention_entry_func__
60180020 T __kr4_psram_text_start__
