00000000 T __vectors_table
00000100 T Reset_Handler
00000104 T NMI_Handler
00000108 T HardFault_Handler
0000010c T MemManage_Handler
00000110 T BusFault_Handler
00000114 W io_assert_failed
00000134 W BKUP_Write
00000158 W BKUP_Read
0000017c W BKUP_Set
000001a8 W BKUP_Clear
000001d4 T BOOT_ROM_InitDebugFlg
000001f0 W BOOT_ROM_ResetVsr
00000240 W EFUSE_GetPackageInfo
0000025c W EFUSE_GetBDNum
00000278 W EFUSE_GetChipVersion
00000294 W EFUSE_GetESFlag
000002b0 W EFUSE_GetUUID
000002ec W EFUSE_Get_Info
0000035c W XTAL_ClkGet
00000374 W PLL_ClkGet
000003b0 W _CPU_ClkSet
00000480 W CPU_ClkGet
0000051c W _CPU_ClkSrcSet
00000560 W DelayNop
0000056a W DelayUs
000005b8 W DelayMs
000005cc W DelayClkUpdate
000005e0 T FLASH_Calibration_PLL_Open
00000610 T FLASH_Calibration_PLL_Close
0000062c T FLASH_CalibrationPLLPSCmd
00000648 T FLASH_CalibrationPLLPS_Shift
0000065c T FLASH_PLLInit_ClockDiv
000006d0 T FLASH_CalibrationPhase
00000754 T FLASH_CalibrationPhaseIdx
00000762 T FLASH_CalibrationNewCmd
0000078c T FLASH_Read_HandShake_Cmd
000007d8 T FLASH_Read_DataIsRight
0000086c T FLASH_CalibrationNew
000009ac T FLASH_Read_HandShake
00000a18 T FLASH_UserMode_Enter
00000a30 T FLASH_UserMode_Exit
00000a40 T FLASH_Config
00000ac0 T FLASH_SetSpiMode
00000b90 T FLASH_RxCmd_InUserMode
00000c10 T FLASH_RxCmd
00000c2c T FLASH_WaitBusy_InUserMode
00000c9c T FLASH_RxData
00000dc0 T FLASH_TxCmd_InUserMode
00000e1c T FLASH_WriteEn_InUserMode
00000e40 T FLASH_TxData
00000f68 T FLASH_SetStatus
00000f8e T FLASH_Erase
0000100c T FLASH_Addr4ByteEn
0000102c T FLASH_Addr4ByteDis
0000104c W FLASH_DeepPowerDown
000010a0 T FLASH_SetStatusBits
00001148 T FLASH_StructInit_Micron
000011b4 T FLASH_StructInit_MXIC
00001224 T FLASH_StructInit_GD
00001298 T FLASH_StructInit
0000130c T FLASH_Init
00001334 T FLASH_Wait_Boot_Finish
0000135c W GPIO_INTMode
000013c0 W GPIO_INTConfig
000013ec W GPIO_INTHandler
000014a4 W GPIO_Direction
000014cc W GPIO_Init
00001550 W GPIO_DeInit
000015b0 W GPIO_ReadDataBit
000015d4 W GPIO_WriteBit
000015fc W GPIO_PortDirection
00001634 W GPIO_PortRead
00001660 W GPIO_PortWrite
00001694 W GPIO_DebounceClock
000016d8 W GPIO_LevelSync
0000170c W GPIO_UserRegIrq
0000173c W GPIO_ODInit
0000176c W GPIO_ODWriteBit
00001780 W LOGUART_StructInit
000017b2 W LOGUART_SetBaud
00001850 W LOGUART_RxCmd
00001862 T LOGUART_INTCoreConfig
00001872 T LOGUART_AGGCmd
0000188c T LOGUART_AGGPathCmd
00001920 T LOGUART_AGGSetTimeOut
0000193c T LOGUART_AGGSetThreshold
00001970 T LOGUART_AGGSetSyncPattern
0000197e T LOGUART_AGGPathAllCmd
000019a0 T LOGUART_WaitTx
000019d4 T LOGUART_PutChar
00001a1c T LOGUART_GetChar
00001a34 T LOGUART_Readable
00001a44 T LOGUART_GetRxCount
00001a50 T LOGUART_GetIMR
00001a5c T LOGUART_SetIMR
00001a68 W LOGUART_INTConfig
00001a7a W LOGUART_INTClear
00001a82 W LOGUART_GetStatus
00001a86 W LOGUART_ClearRxFifo
00001aa6 T _LOGUART_Init
00001c2c T LOGUART_Init
00001c8c W LOGUART_WaitBusy
00001cc4 W LOGUART_WaitTxComplete
00001cf0 T LOGUART_BT_SendData
00001d20 T LOGUART_Relay_StructInit
00001d32 T LOGUART_Relay_SetFormat
00001d80 T LOGUART_Relay_SetBaud
00001dd0 T LOGUART_Relay_ClearRxFifo
00001dfa T LOGUART_Relay_RxCmd
00001e0c T LOGUART_MonitorParaConfig
00001e5c T LOGUART_LPBaudSet
00001f04 T LOGUART_Relay_LPSetBaud
00001f68 T LOGUART_RxMonitorCmd
00001f7a T LOGUART_RxMonBaudCtrlRegGet
00001f7e T LOGUART_RxMonitorSatusGet
00001f82 T LOGUART_DiagInit
0000200c W RSIP_OTF_Load_Key
00002024 W RSIP_OTF_init
00002034 W RSIP_IV_Set
00002074 W RSIP_OTF_Cmd
00002098 W RSIP_OTF_Enable
0000211c W RSIP_MMU_Config
00002148 W RSIP_MMU_Cmd
00002168 W RSIP_MMU_Cache_Clean
00002174 W OTP_PowerCmd
0000218c W OTP_GetPowerState
0000219c W OTP_AccessCmd
000021b6 W OTPPowerSwitch
000021d4 W OTPGetCRC
0000220c W OTP_Read8
00002294 W OTP_ProgramMarginRead8
00002320 W _OTP_Write8
000023a4 W OTP_Write8
00002438 W OTP_Read32
0000246c W OTP_PG_Packet_Byte
00002520 W OTP_PG_Packet_Word
00002630 W OTP_LogicalMap_Read
00002750 W OTP_LogicalMap_Write
000028f4 W OTP_RemainLength
00002934 W PAD_DrvStrength
00002958 W PAD_SchmitCtrl
0000297c W PAD_SlewRateCtrl
000029a0 W PAD_PullCtrl
000029fc W PAD_SleepPullCtrl
00002a58 T PAD_ResistorCtrl
00002a7c T PAD_InputCtrl
00002aa0 T PAD_CMD
00002ac4 T Pinmux_Config
00002adc T Pinmux_ConfigGet
00002aec T Pinmux_UartLogCtrl
00002b28 T PAD_SpicCtrl
00002b80 t _Pinmux_SpicCtrl
00002bec T Pinmux_BootSpicCtrl
00002bfa T Pinmux_ComboSpicCtrl
00002c0a T Pinmux_Swdoff
00002c1c W RCC_PeriphClockCmd
00002cb4 W RCC_PeriphClockSource_UART
00002d34 W RCC_PeriphClockSource_SPIC
00002d4c W RCC_PeriphClockSource_PSRAM
00002d64 W RCC_PeriphClockSource_CTC
00002d84 W RCC_PeriphClockSource_ADC
00002da4 W RCC_PeriphClockSource_GPIO
00002dc4 W RCC_PeriphClockSource_SPORT
00002e00 W RCC_PeriphClockSource_LOGUART
00002e4c W IPC_SEMTake
00002e74 W IPC_SEMFree
00002e9c T SYSCFG_RLVersion
00002ebc T SYSCFG_GetRLNum
00002ed8 T SYSCFG_TRP_UARTImage
00002ee8 T SYSCFG_TRP_ICFG
00002f00 T SYSCFG_TRP_TestMode
00002f10 T SYSCFG_TRP_OTPBYP
00002f20 T SYSCFG_ROMINFO_Get
00002f2c T SYSCFG_ROMINFO_Set
00002f40 T SYSCFG_CHIPType_Get
00002f50 T SYSCFG_OTP_RDPEn
00002f70 T SYSCFG_OTP_RSIPEn
00002f90 T SYSCFG_OTP_SBootEn
00002fb0 T SYSCFG_OTP_LowBaudLog
00002fc0 T SYSCFG_OTP_DisBootLog
00002fd0 T SYSCFG_OTP_BootMCMFlash
00002ff4 T SYSCFG_OTP_BOOT_CNT_LMT_EN
00003004 T SYSCFG_OTP_BootFlashBaud
00003014 T SYSCFG_OTP_SPICBootSpeedUpDis
00003024 T SYSCFG_OTP_SPICAddr4ByteEn
00003034 T SYSCFG_OTP_FlashDSleepEn
00003044 T SYSCFG_OTP_UsbClockCalEn
00003054 T SYSCFG_OTP_UsbDownloadEn
00003060 T SYSCFG_OTP_UartDownloadDis
00003070 T SYSCFG_OTP_AntiRollback
00003080 T SYSCFG_OTP_FaultLogDis
00003090 T SYSCFG_OTP_RSIPMode
000030a8 T SYSCFG_OTP_HUKDerivEn
000030b8 T SYSCFG_OTP_RomPatchEn
000030d4 T SYSCFG_OTP_RandDelayEn
000030e4 T SYSCFG_OTP_RMAMode
0000310c T SYSCFG_HWTrigDownload
0000311e T SYSCFG_SWTrigDownload
00003144 T SYSTIMER_Init
00003190 T SYSTIMER_TickGet
000031a4 T SYSTIMER_GetPassTick
000031c4 T SYSTIMER_GetPassTime
000031f8 W RTIM_TimeBaseStructInit
00003210 W RTIM_Cmd
00003238 W RTIM_GetCount
00003246 W RTIM_INTConfig
00003284 W RTIM_INTClear
0000329a W RTIM_TimeBaseInit
000033a0 W RTIM_DeInit
000033c0 W RTIM_INTClearPendingBit
000033fc W RTIM_GetFlagStatus
00003490 W RTIM_GetINTStatus
00003530 T TRNG_Random_Delay
0000356c T TRNG_Security_Only
00003588 T TRNG_INTConfig
000035a0 T TRNG_ClearINT
000035b0 T TRNG_GetINT
000035bc T TRNG_Init
000035f4 W UART_DeInit
000035fa W UART_StructInit
00003616 W UART_BaudParaGetFull
0000364a W UART_BaudParaGet
0000366c W UART_SetBaud
00003710 W UART_SetBaudExt
00003794 W UART_SetRxLevel
000037a6 W UART_RxCmd
000037b8 W UART_Writable
000037c0 W UART_Readable
000037c8 W UART_CharPut
000037cc W UART_CharGet
000037d2 W UART_ReceiveData
000037f8 W UART_SendData
0000381c W UART_ReceiveDataTO
00003854 W UART_SendDataTO
0000388c W UART_RxByteCntClear
00003898 W UART_RxByteCntGet
0000389e W UART_BreakCtl
000038b2 W UART_ClearRxFifo
000038d2 W UART_Init
00003974 W UART_ClearTxFifo
0000397e W UART_INTConfig
00003990 W UART_INT_Clear
00003998 W UART_IntStatus
0000399c W UART_ModemStatusGet
000039a0 W UART_LineStatusGet
000039a4 W UART_WaitBusy
000039c8 t INT_Entry
00003a14 t INT_USB_INT
00003a1e t INT_KM0_WDG_INT
00003a28 t INT_SDIO
00003a32 t INT_IR
00003a3c t INT_LEDC
00003a46 t INT_AON_WAKEPIN
00003a50 t INT_AON_TIM
00003a5a t INT_SHA_S
00003a64 t INT_AES_S
00003a6e t INT_TRNG
00003a78 t INT_PSRAMC
00003a82 t INT_SHA
00003a8c t INT_AES
00003a96 t INT_RSIP
00003aa0 t INT_KEYSCAN
00003aaa t INT_SPI_FLASH
00003ab4 t INT_PWR_DOWN
00003abe t INT_BOR
00003ac8 t INT_ADC_COMP
00003ad2 t INT_ADC
00003adc t INT_RTC
00003ae6 t INT_SPORT1
00003af0 t INT_SPORT0
00003afa t INT_SPI1
00003b04 t INT_SPI0
00003b0e t INT_PPE
00003b18 t INT_GDMA0_CHANNEL7
00003b22 t INT_GDMA0_CHANNEL6
00003b2c t INT_GDMA0_CHANNEL5
00003b36 t INT_GDMA0_CHANNEL4
00003b40 t INT_GDMA0_CHANNEL3
00003b4a t INT_GDMA0_CHANNEL2
00003b54 t INT_GDMA0_CHANNEL1
00003b5e t INT_GDMA0_CHANNEL0
00003b68 t INT_CTOUCH
00003b72 t INT_I2C1
00003b7c t INT_I2C0
00003b86 t INT_GPIOB
00003b90 t INT_GPIOA
00003b9a t INT_UART_LOG
00003ba4 t INT_UART2_BT
00003bae t INT_UART1
00003bb8 t INT_UART0
00003bc2 t INT_PMC_TIMER1
00003bcc t INT_PMC_TIMER0
00003bd6 t INT_TIMER11
00003be0 t INT_TIMER10
00003bea t INT_TIMER9
00003bf4 t INT_TIMER8
00003bfe t INT_TIMER7
00003c08 t INT_TIMER6
00003c12 t INT_TIMER5
00003c1c t INT_TIMER4
00003c26 t INT_TIMER3
00003c30 t INT_TIMER2
00003c3a t INT_TIMER1
00003c44 t INT_TIMER0
00003c4e t INT_IWDG0
00003c58 t INT_IPC_KM0
00003c62 t INT_RXI300
00003c6c t INT_BT_WAKE_HOST
00003c76 t INT_KM4_WAKE
00003c80 t INT_BT_SCB
00003c8a t INT_WL_PROTOCOL
00003c94 t INT_WL_DMA
00003c9e t INT_WIFI_FTSR_MAILBOX
00003ca8 t INT_WIFI_FISR_FESR
00003cb2 T INT_HardFault_C
00003d78 T INT_NMI
00003d94 T INT_HardFault
00003da2 t stacking_used_MSP
00003da6 t branch
00003db2 T INT_MemManage
00003dcc T INT_BusFault
00003de8 T INT_UsageFault
00003e04 T irq_table_init
000040c0 T irq_enable
000040dc T irq_disable
00004100 T irq_set_priority
00004188 T irq_get_priority
000041c0 T irq_set_pending
000041dc T irq_get_pending
00004200 T irq_clear_pending
0000421c T irq_register
00004244 T irq_unregister
0000425c W WDG_Wait_Busy
0000427c W WDG_StructInit
0000428c W WDG_Init
000042f8 W WDG_Enable
00004340 W WDG_Timeout
0000439c W WDG_Refresh
000043e4 W WDG_INTConfig
0000445c W WDG_ClearINT
000044c4 W IWDG_LP_Enable
00004510 T DiagVSprintf
00004824 T DiagPrintf
00004850 T DiagPrintfD
0000487c T DiagSPrintf
000048a8 T DiagSnPrintf
00004c00 t cmd_Iboot_Set
00004c48 t cmd_reboot
00004cb0 t cmd_rom_help
00004d04 T cmd_rom_table
00004d10 T _rand
00004d40 T __wrap_rand
00004d70 T RandBytes_Get
00004ee0 T shell_array_init
00004eee T shell_get_argc
00004f1a T shell_get_argv
00004f60 T shell_cmd_chk
00005028 T shell_uart_irq_rom
000050e0 T shell_init_rom
0000514c T shell_task_rom
000051e4 T shell_rom
00005228 T _char2num
00005254 T _2char2dec
000052c0 T _2char2hex
00005330 T _memchr
000053a8 T _memcmp
000053ec T _memcpy
0000548c T _memmove
00005538 T _memset
000055d8 T _strcmp
00005634 T _stricmp
00005668 T _strlen
000056c0 T _strtoul
00005808 T _strupr
00005824 T __wrap_memset
00005834 T __wrap_memcpy
00005844 T __wrap_memcmp
00005854 T __wrap_memchr
00005864 T __wrap_memmove
00005874 T __wrap_strlen
00005884 T __wrap_strcmp
00005894 T __wrap_stricmp
000058a4 T __wrap_strupr
000058b4 T __wrap_strtoul
00006d8b A _strncpy
0000a000 D __rom_entry_ns_start__
0000a000 D rom_sec_call_ns_entry
0000a010 D __rom_entry_ns_end__
0000a010 d XTAL_CLK
0000a050 D SPIC_CALIB_PATTERN
0000a058 D GPIO_PORTx
0000a060 D GPIO_PORTx_S
0000a068 d LOG_UART_IDX_FLAG
0000a090 d shell_cmd_table_rom
0000a0f6 d __FUNCTION__.3
0000a101 d __FUNCTION__.2
0000a10b d __FUNCTION__.1
0000a114 d __FUNCTION__.0
0000a257 d __FUNCTION__.1
0000a264 d __FUNCTION__.0
0000a270 d __FUNCTION__.5
0000a27a d __FUNCTION__.4
0000a28d d __FUNCTION__.3
0000a29b d __FUNCTION__.2
0000a2aa d __FUNCTION__.1
0000a2bd d __FUNCTION__.0
0000a2cc d __FUNCTION__.4
0000a2df d __FUNCTION__.3
0000a2f7 d __FUNCTION__.5
0000a305 d __FUNCTION__.2
0000a31f d __FUNCTION__.1
0000a331 d __FUNCTION__.0
0000a349 d __FUNCTION__.0
0000a741 d __FUNCTION__.0
0000a754 d CSWTCH.1
0000a75c d __FUNCTION__.1
0000a768 d __FUNCTION__.0
0000a774 d __FUNCTION__.3
0000a783 d __FUNCTION__.4
0000a795 d __FUNCTION__.2
0000a7ad d __FUNCTION__.1
0000a7c0 d __FUNCTION__.0
0000a807 d __FUNCTION__.0
0000a944 d __FUNCTION__.0
0000a955 d __FUNCTION__.6
0000a95e d __FUNCTION__.5
0000a969 d __FUNCTION__.4
0000a975 d __FUNCTION__.3
0000a981 d __FUNCTION__.2
0000a98f d __FUNCTION__.1
0000a99c d __FUNCTION__.0
0000b000 t gf_mulx
0000b034 T aes_set_key
0000b37c T aes_encrypt
0000c064 T aes_decrypt
0000cd80 T AES_WRAP
0000cea4 T AES_UnWRAP
0000cfd4 T wifi_rom_omac1_aes_128_vector
0000d0f8 T crc32_get
0000d124 T arc4_byte
0000d14c T rt_arc4_init
0000d198 T rt_arc4_crypt
0000d1c0 t mpi_sub_hlp
0000d1ee t mpi_bigendian_to_host
0000d214 T wifi_rom_mpi_init
0000d220 T wifi_rom_mpi_free
0000d24c T wifi_rom_mpi_grow
0000d2a4 T wifi_rom_mpi_shrink
0000d318 T wifi_rom_mpi_copy
0000d376 T wifi_rom_mpi_safe_cond_assign
0000d3e6 T wifi_rom_mpi_lset
0000d418 T wifi_rom_mpi_get_bit
0000d438 T wifi_rom_mpi_set_bit
0000d484 T wifi_rom_mpi_lsb
0000d4c4 T wifi_rom_mpi_bitlen
0000d4f8 T wifi_rom_mpi_size
0000d504 T wifi_rom_mpi_read_binary
0000d56c T wifi_rom_mpi_write_binary
0000d5da T wifi_rom_mpi_shift_l
0000d680 T wifi_rom_mpi_shift_r
0000d6f8 T wifi_rom_mpi_cmp_abs
0000d75c T wifi_rom_mpi_cmp_mpi
0000d7d4 T wifi_rom_mpi_cmp_int
0000d7f8 T wifi_rom_mpi_add_abs
0000d8a8 T wifi_rom_mpi_sub_abs
0000d946 T wifi_rom_mpi_add_mpi
0000d98c T wifi_rom_mpi_sub_mpi
0000d9d2 T wifi_rom_mpi_add_int
0000d9f6 T wifi_rom_mpi_sub_int
0000da1a T wifi_rom_mpi_mul_hlp
0000e2f2 t mpi_montmul
0000e3c8 T wifi_rom_mpi_mul_mpi
0000e488 T wifi_rom_mpi_mul_int
0000e4a0 T wifi_rom_mpi_div_mpi
0000e8a0 T wifi_rom_mpi_mod_mpi
0000e904 T wifi_rom_mpi_exp_mod
0000ed0a T wifi_rom_mpi_gcd
0000ee10 T wifi_rom_mpi_fill_random
0000ee7a T wifi_rom_mpi_inv_mod
0000f130 t add64
0000f166 t add32
0000f17a t sub32
0000f192 t ecp_mod_p521
0000f1f4 t fix_negative.constprop.0
0000f220 t ecp_mod_p224
0000f4a4 t ecp_mod_p256
0000f96e t ecp_mod_p384
0000ff92 t ecp_mod_p192
00010060 T wifi_rom_ecp_group_load
0001020c t ecp_modp
00010298 t ecp_double_jac
000106f4 t ecp_normalize_jac
000107ae t ecp_normalize_jac_many
000109b8 t ecp_safe_invert_jac
000109fc t ecp_select_comb
00010a5e t ecp_randomize_jac
00010b5c t wifi_rom_ecp_point_free.part.0
00010b76 T wifi_rom_ecp_point_init
00010b90 T wifi_rom_ecp_group_init
00010bd2 T wifi_rom_ecp_point_free
00010bdc T wifi_rom_ecp_group_free
00010c44 T wifi_rom_ecp_copy
00010c6c T wifi_rom_ecp_set_zero
00010c96 t ecp_add_mixed
00011090 t ecp_mul_comb_after_precomp.isra.0
00011294 T wifi_rom_ecp_is_zero
000112a4 T wifi_rom_ecp_point_cmp
000112dc T wifi_rom_ecp_point_write_binary
00011370 T wifi_rom_ecp_point_read_binary
000113dc T wifi_rom_ecp_check_pubkey
0001154c T wifi_rom_ecp_check_privkey
00011588 T wifi_rom_ecp_mul_restartable
000117dc T wifi_rom_ecp_mul
000117f2 t wifi_rom_ecp_mul_shortcuts
0001185e T wifi_rom_ecp_muladd_restartable
000118d0 T wifi_rom_ecp_muladd
000118e8 t md5_encode
0001190c t md5_memcpy
0001191e t md5_transform
000120d8 T rt_md5_init
00012100 T rt_md5_append
0001216c T rt_md5_final
000121bc T rt_md5_hmac
00012280 T wifi_rom_platform_set_func
00012298 T wifi_rom_platform_zeroize
000122ac T RC4
000125dc T RC4_set_key
00012688 T wifi_rom_dot11w_construct_action_frame
00012750 T wifi_rom_dot11w_BIP_verify
00012874 T wifi_rom_para_set_for_addba
000128aa T wifi_rom_on_action_csa
000128e4 T wifi_rom_issue_assocreq_fill_cap
00012a74 T wifi_rom_issue_assocreq_fill_vendor_ie
00012b98 T wifi_rom_issue_assocrsp_fill_cap
00012d74 T wifi_rom_on_assocreq_check
00013238 T wifi_rom_on_assocrsp_wmm
000132c8 T wifi_rom_assoc_set_wpa_ie
000133fc T wifi_rom_set_beacon_timeout
0001341a T wifi_rom_is_duplicate_sae_auth
00013478 T wifi_rom_beacon_rate_check
000134dc T wifi_rom_beacon_bw_check
00013504 T wifi_rom_beacon_ssid_check
00013570 T wifi_rom_beacon_encryption_check
0001366c T wifi_rom_beacon_info_get
0001377c T wifi_rom_beacon_csa_info_get
000137bc T wifi_rom_ap_beacon_set_param
00013a14 T wifi_rom_ap_beacon_update_hidden_ssid
00013a64 T wifi_rom_ap_beacon_update_bcn_tim
00013b78 T wifi_rom_ap_beacon_update_erpinfo_ie
00013bc8 T wifi_rom_ap_beacon_add_ie
00013c78 T wifi_rom_ap_beacon_remove_ie
00013cfc T wifi_rom_ap_beacon_gen_ie
00014060 T wifi_rom_get_center_ch
00014106 T wifi_rom_get_offset_by_chbw
0001419c T wifi_rom_get_primary_ch
000141d4 T dh_groups_get
000141f4 T wifi_rom_he_get_muedca_param
0001427e T wifi_rom_he_get_highest_rate
000142d6 T wifi_rom_he_nss_to_mcsmap
0001431a T wifi_rom_he_mcsmap_to_bitmap
00014370 t key_char2num
00014396 T rtw_get_bit_value_from_ieee_value
000143b4 T rtw_is_cckrates_included
000143e4 T rtw_is_cckratesonly_included
00014414 T rtw_check_wireless_mode
00014442 T rtw_set_fixed_ie
00014460 T rtw_set_ie
0001448c T rtw_get_ie
000144b2 T rtw_set_supported_rate
00014504 T rtw_get_rateset_len
00014516 T rtw_get_wpa_ie
00014588 T rtw_get_wpa2_ie
00014596 T rtw_get_wpa_cipher_suite
000145f0 T rtw_get_wpa2_cipher_suite
0001464c T rtw_parse_wpa_ie
00014720 T rtw_parse_wpa2_ie
000147e0 T rtw_get_sec_ie
00014870 T rtw_get_wps_ie
000148dc T rtw_get_wps_attr
00014960 T rtw_get_wps_attr_content
000149a4 T rtw_ieee802_11_parse_elems
00014b44 T str_2char2num
00014b5e T key_2char2num
00014b76 T convert_ip_addr
00014ba0 T wifi_rom_chset_search_ch
00014bc2 T wifi_rom_chset_is_chbw_valid
00014c10 T wifi_rom_is_channel_set_contains_channel
00014c30 T wifi_rom_get_band_type_by_channel_plan
00014c60 T wifi_rom_init_channel_set
00014e08 T wifi_rom_update_wireless_mode
00014e74 T wifi_rom_is_ap_in_tkip
00014edc T wifi_rom_support_short_GI
00014eea T wifi_rom_fill_wlan_header
00014f78 T wifi_rom_get_wpa2_akmp_suite
00015030 T wifi_rom_get_mgmt_group_cipher_suite
00015084 T wifi_rom_parse_wpa_ie_akm
00015124 T wifi_rom_parse_sec_ie_akm_mgc
0001521a T wifi_rom_fill_frame_content
00015238 T wifi_rom_set_ie_ram
00015270 T wifi_rom_get_ie_ex
000152ec T wifi_rom_parse_rsnxe
00015338 T wifi_rom_ht_mcsset_to_nss
00015350 T wifi_rom_append_rsnxe
00015378 T wifi_rom_restruct_wmm_ie
000153ea T wifi_rom_restruct_sec_ie
00015464 T wifi_rom_append_exented_cap
000154d0 T wifi_rom_HT_caps_handler
00015524 t wifi_rom_pmksa_cache_DataPad_16Byte.part.0.constprop.0
0001556c T wifi_rom_pmksa_cache_encrypt_macaddr
00015628 T wifi_rom_pmksa_append_pmkid
000156f4 T wifi_rom_set_probersp_tim_ie
0001575c T wifi_rom_on_probereq
000157a4 t F.constprop.0
00015828 T rom_psk_PasswordHash
0001585a T rom_psk_CalcGTK
00015904 T rom_psk_CalcPTK
00015a0c T _ntohs_rom
00015a12 T wifi_rom_message_replaycounter_oc2li
00015a44 T wifi_rom_message_equalreplaycounter
00015a6c T wifi_rom_message_smallerequalreplaycounter
00015a9a T wifi_rom_message_largerreplaycounter
00015ac2 T wifi_rom_message_setreplaycounter
00015ae4 T wifi_rom_inc_largeinteger
00015b04 T wifi_rom_inc_octet16_integer
00015b48 T wifi_rom_inc_octet32_integer
00015ba8 T wifi_rom_set_eapolkeyiv
00015c34 T wifi_rom_check_mic
00015cfc T wifi_rom_calc_mic
00015d6c T wifi_rom_decrypt_WPA2keydata
00015e3c T wifi_rom_decrypt_GTK
00015f1c T wifi_rom_client_constructEAPOL_2Of4Way
00016010 T wifi_rom_client_constructEAPOL_4Of4Way
000160c8 T wifi_rom_client_constructEAPOL_2Of2Way
00016198 T wifi_rom_client_constructEAPOL_MICof2Way
0001624c W wifi_rom_psk_strip_rsn_pairwise
000162d4 W wifi_rom_psk_strip_wpa_pairwise
0001635c T wifi_rom_enc_gtk
00016440 T wifi_rom_gen_nonce
000164cc T wifi_rom_set_port
000164dc T wifi_rom_wpa_key_mgmt_sae
000164e8 T wifi_rom_wpa_key_mgmt_sha256
000164f4 T wifi_rom_wpa_key_mgmt_sha384
000164fa T wifi_rom_ap_constructEAPOL_1Of4Way
00016618 T wifi_rom_set_wpa_global_PSK
00016640 T wifi_rom_psk_derive
000167a4 T wifi_rom_psk_strip_rsn_akmp
000168a4 T wifi_rom_psk_strip_pmkid
00016914 T wifi_rom_constructMICFailReport
000169d0 T wifi_rom_check_append_pmkid
00016a3c T wifi_rom_check_append_rsnxe
00016a6c T wifi_rom_set_playercounter
00016a70 T wifi_rom_equal_playercounter
00016a8c T wifi_rom_fill_eapol_header
00016ad8 T wifi_rom_check_playercounter
00016afa T wifi_rom_parse_pairwise_kde
00016c40 T wifi_rom_set_group_cipher
00016c50 T wifi_rom_parse_group_kde
00016d80 T wifi_rom_psk_ieee80211w_kde_add
00016dd8 T wifi_rom_ap_constructEAPOL_1Of2Way
00016f90 T wifi_rom_ap_fill_keydata
00017054 T wifi_rom_ap_constructEAPOL_3Of4Way
00017230 T wifi_rom_cckrates_included
00017264 T wifi_rom_cckratesonly_included
00017298 T wifi_rom_networktype_to_raid_ex
000172ea T wifi_rom_updateBratetbl
00017338 T wifi_rom_updateBratetbl_softap
00017378 T wifi_rom_rate2tbl_inx
000173d4 T wifi_rom_update_mcs_rate
000173e2 T wifi_rom_get_highest_rateidx
00017400 T wifi_rom_check_pn
0001745c T wifi_rom_check_indicate_seq
000174aa T wifi_rom_get_wmmps_ac
000174e6 T wifi_rom_signal_stat_get
00017558 T wifi_rom_get_op_chs_by_cch_bw
000175c0 T wifi_rom_ch2freq
000175f2 T wifi_rom_freq2ch
00017658 T wifi_rom_chbw_to_freq_range
000176b0 T wifi_rom_ch_to_bb_gain_sel
000176e8 t wifi_rom_const_time_select_bin
0001770a t wifi_rom_sae_crypto_legendre
00017776 t wifi_rom_sae_pwd_seed
00017808 T wifi_rom_dump_bignum
00017888 T wifi_rom_dump_octect_string
000178ec T wifi_rom_ecc_point_read_bignum
00017970 T wifi_rom_ecc_point_write_bignum
000179f8 T wifi_rom_dump_ecc_point
00017a6c T wifi_rom_ecc_point_read_binary
00017adc T wifi_rom_ecc_point_write_binary
00017b0c T wifi_rom_ecc_point_add_point
00017b52 T wifi_rom_bignum_add_mod
00017b72 T wifi_rom_bignum_mul_mod
00017b92 t wifi_rom_sswu
0001818e T wifi_rom_sae_memcmp
000181b2 T wifi_rom_sae_buf_shift_right
000181da t wifi_rom_sae_pwd_value
00018270 T wifi_rom_sae_crypto_ecc_init
00018318 T wifi_rom_sae_crypto_ecc_free
0001833c T wifi_rom_sae_derive_pwe_ecc
00018914 T wifi_rom_sae_derive_pwe_ffc
00018ad0 T wifi_rom_sae_derive_pwe_from_pt
00018c1c T wifi_rom_sae_derive_k_ecc
00018cdc T wifi_rom_sae_derive_k_ffc
00018d7c T wifi_rom_sae_derive_pmk_and_kck
00018ec8 T wifi_rom_sae_derive_pt_ecc
0001907c t wifi_rom_sae_cn_confirm_ecc
0001924c t wifi_rom_sae_cn_confirm_ffc
00019380 T wifi_rom_sae_octect_buf_alloc
000193c0 T wifi_rom_sae_octect_buf_clear
000193e8 T wifi_rom_sae_set_state
00019450 T wifi_rom_sae_get_rand_mask
000195d8 T wifi_rom_sae_ecc_point_invert
0001962a T wifi_rom_sae_clear_data
000196cc t wifi_rom_sae_set_group
000197a4 T wifi_rom_sae_check_group
00019804 T wifi_rom_sae_blind_select_group
00019858 T wifi_rom_sae_target_select_group
000198c0 T wifi_rom_sae_derive_pt
000198e4 T wifi_rom_sae_prepare_commit
00019a7c T wifi_rom_sae_prepare_confirm
00019b84 T wifi_rom_sae_del_event
00019bac T wifi_rom_sae_parse_peer_commit
00019ee0 T wifi_rom_sae_process_peer_commit
00019f48 T wifi_rom_sae_check_peer_confirm
00019ff8 T wifi_rom_sae_check_big_sync
0001a004 T wifi_rom_sae_generate_commit_element_ecc
0001a060 T wifi_rom_sae_generate_commit_element_ffc
0001a0b8 t aes1_xor_128
0001a0b8 t aesccmp_bitwise_xor
0001a0cc t aes1_xor_32
0001a0e0 t aes1_next_key
0001a144 t aes1_mix_column
0001a210 T wep_80211_encrypt
0001a270 T wep_80211_decrypt
0001a2f8 T tkip_micappendbyte
0001a35c T rtw_secmicsetkey
0001a394 T rtw_secmicappend
0001a3ae T rtw_secgetmic
0001a40e T rtw_seccalctkipmic
0001a492 T tkip_phase1
0001a598 T tkip_phase2
0001a740 T tkip_80211_encrypt
0001a7b8 T tkip_80211_decrypt
0001a85c T aes1_encrypt
0001a9c0 T aesccmp_construct_mic_iv
0001aa10 T aesccmp_construct_mic_header1
0001aa7c T aesccmp_construct_mic_header2
0001aaf0 T aesccmp_construct_ctr_preload
0001ab68 T aes_80211_encrypt
0001ae50 T aes_80211_decrypt
0001b16c t wifi_rom_sha256_compress
0001b2c4 T wifi_rom_sha256_vector
0001b49c T wifi_rom_hmac_sha256_vector
0001b57c T wifi_rom_hmac_sha256_kdf
0001b64c T wifi_rom_sha256_prf_bits
0001b71c T wifi_rom_sha256_prf
0001b734 T wifi_rom_vht_get_highest_rate
0001b788 T wifi_rom_vht_mcsmap_to_nss
0001b7ce T wifi_rom_vht_nss_to_mcsmap
0001b81a T wifi_rom_vht_mcsmap_to_bitmap
0001b870 t _sha1_process_message_block
0001ba14 T rt_sha1_init
0001ba50 T rt_sha1_update
0001bab2 T rt_sha1_finish
0001bb84 T rt_hmac_sha1
0001bc48 T ROM_WIFI_BCN_FUNC
0001bc68 T ROM_WIFI_BCN_Tx_Ctrl
0001bc84 T ROM_WIFI_BCN_Interval
0001bc90 T ROM_WIFI_BCN_FUNC_Enable
0001bca8 T ROM_WIFI_BCN_VALID
0001bccc T ROM_WIFI_InitLLTTable
0001bd18 T ROM_WIFI_INIT_MACADDR_SET
0001bd48 T ROM_WIFI_INIT_BeaconParameters
0001bd84 T ROM_WIFI_INIT_ReadChipVersion
0001bdc4 T ROM_WIFI_INIT_DumpChipInfo
0001bf8c T ROM_WIFI_InitTxBufferBoundary
0001bfec T ROM_WIFI_InitNormalChipRegPriority
0001c040 T ROM_WIFI_InitPageBoundary
0001c04c T ROM_WIFI_InitDriverInfoSize
0001c060 T ROM_WIFI_InitNetworkType
0001c090 T ROM_WIFI_InitRCR
0001c0d4 T ROM_WIFI_InitAdaptiveCtrl
0001c118 T ROM_WIFI_InitSIFS
0001c160 T ROM_WIFI_InitEDCA
0001c184 T ROM_WIFI_InitRateFallback
0001c1a8 T ROM_WIFI_InitRetryFunction
0001c1cc T ROM_WIFI_InitOperationMode
0001c1ec T ROM_WIFI_InitBurstPktLen
0001c1f8 T ROM_WIFI_InitMacClk
0001c258 T ROM_WIFI_Init32kClk
0001c280 T ROM_WIFI_InitLxDma
0001c3c0 T ROM_WIFI_InitQueueReservedPage
0001c3dc T ROM_WIFI_ENABLE_BB_RF
0001c3fc T ROM_WIFI_DISABLE_MAC_CG
0001c454 T ROM_WIFI_DISCONNECT
0001c484 T ROM_WIFI_BSSID_SET
0001c4c0 T ROM_WIFI_SetMSR
0001c4e4 T ROM_WIFI_CHECK_BSSID
0001c500 T ROM_WIFI_ACM_CTRL
0001c528 T ROM_WIFI_PROMISC_Cmd
0001c5ac T ROM_WIFI_PHY_STATUS_CFG
0001c5cc T ROM_WIFI_SET_APMODE
0001c724 T ROM_WIFI_UPDATE_Slottime
0001c788 T ROM_WIFI_SET_CCA_EDCCA
0001c7c0 T ROM_WIFI_Set_AC_Param
0001c7f8 T ROM_WIFI_Set_MLME_JOIN
0001c8f0 T ROM_WIFI_INIT_ADDR_CAM
0001ca20 T ROM_WIFI_ADDR_CAM_ENTRY_VALID
0001ca4c T ROM_WIFI_Set_MLME_Sitesurvey
0001caf8 T ROM_WIFI_GetChnlGroup
0001cc10 T ROM_WIFI_32K_Cmd
0001cca0 T ROM_WIFI_FIFO_CLEARN_UP
0001cd00 T ROM_WIFI_CHECK_TXBUF
0001cd54 T ROM_WIFI_CONFIG_CSI
0001cdfc T ROM_WIFI_IMR_UPDATE
0001ce58 T ROM_WIFI_BRate_Get
0001cf18 T ROM_WIFI_BRate_Set
0001cf54 T ROM_WIFI_HwRateToMRate
0001cf74 T ROM_WIFI_MRateToHwRate
0001cf88 T ROM_WIFI_HAL_RXDESC_Percentage2dbm
0001cf96 T ROM_WIFI_HAL_RXDESC_ProcessRSSI
0001cfb8 T ROM_WIFI_HAL_RXDESC_ProcessSNRQual
0001cfe0 T ROM_WIFI_CAM_ENTRY_WRITE
0001d000 T ROM_WIFI_CAM_WRITE
0001d074 T ROM_WIFI_CAM_READ
0001d11c T ROM_WIFI_SEC_CFG
0001d130 T ROM_WIFI_CAM_WriteSppAmsduValid
0001d146 T ROM_WIFI_CAM_Entry_Clear
0001d178 T ROM_WIFI_CAM_FLUSH_ALL
0001d1a8 T ROM_WIFI_TSF_SET
0001d244 T ROM_WIFI_TSF_FREERUN_CFG
0001d264 T ROM_WIFI_TSF_GetByPort
0001d294 T ROM_WIFI_TSF_Sync
0001d2c4 T ROM_WIFI_TXDESC_BWMapping
0001d2ea T ROM_WIFI_TXDESC_SCMapping
0001d32c T ROM_WIFI_TXDESC_FillSectype
0001d348 T ROM_WIFI_TXDESC_FillFake
0001d440 T ROM_WIFI_TXDESC_Get_BufAddr
0001d458 T ROM_WIFI_TXDESC_FillVCS
0001d4c4 T ROM_WIFI_ReadPowerValue
0001d61c T ROM_WIFI_EfuseParseTxPowerInfo
0001d6d8 t RCON
0001d700 t KT3
0001db00 t KT2
0001df00 t KT1
0001e300 t KT0
0001e700 t RT3
0001eb00 t RT2
0001ef00 t RT1
0001f300 t RT0
0001f700 t RSb
0001fb00 t FT3
0001ff00 t FT2
00020300 t FT1
00020700 t FT0
00020b00 t FSb
00020f00 t crc32_table
00021300 t secp192r1_p
00021318 t secp192r1_b
00021330 t secp192r1_n
00021348 t secp192r1_gx
00021360 t secp192r1_gy
00021378 t secp224r1_p
00021398 t secp224r1_b
000213b4 t secp224r1_n
000213d0 t secp224r1_gx
000213ec t secp224r1_gy
00021408 t secp256r1_p
00021428 t secp256r1_b
00021448 t secp256r1_n
00021468 t secp256r1_gx
00021488 t secp256r1_gy
000214a8 t secp384r1_p
000214d8 t secp384r1_b
00021508 t secp384r1_n
00021538 t secp384r1_gx
00021568 t secp384r1_gy
00021598 t secp521r1_p
000215dc t secp521r1_b
00021620 t secp521r1_n
00021664 t secp521r1_gx
000216a8 t secp521r1_gy
000216ec t PADDING
000217b0 t __FUNCTION__.0
000217d1 T WPS_OUI
000217d5 T WMM_OUI
000217d9 T WMM_PARA_OUI
000217df T WMM_INFO_OUI
000217ec T dh_groups
0002194c T dh_group24_order
0002196c T dh_group24_prime
00021a6c T dh_group24_generator
00021b6c T dh_group23_order
00021b88 T dh_group23_prime
00021c88 T dh_group23_generator
00021d88 T dh_group22_order
00021d9c T dh_group22_prime
00021e1c T dh_group22_generator
00021e9c t dh_group18_order
0002229c T dh_group18_prime
0002269c T dh_group18_generator
0002269d T dh_group17_order
0002299d T dh_group17_prime
00022c9d T dh_group17_generator
00022c9e T dh_group16_order
00022e9e T dh_group16_prime
0002309e T dh_group16_generator
0002309f t dh_group15_order
0002321f T dh_group15_prime
0002339f T dh_group15_generator
000233a0 T dh_group14_order
000234a0 T dh_group14_prime
000235a0 T dh_group14_generator
000235a1 T dh_group5_order
00023661 T dh_group5_prime
00023721 T dh_group5_generator
00023722 T dh_group2_order
000237a2 T dh_group2_prime
00023822 T dh_group2_generator
00023823 T dh_group1_order
00023883 T dh_group1_prime
000238e3 T dh_group1_generator
000238e4 t dot11_rate_table
000238f1 t WIFI_CCKRATES
000238f5 t WIFI_OFDMRATES
000238fd T RTW_WPA_OUI_TYPE
00023901 T WPA_CIPHER_SUITE_NONE
00023905 T WPA_CIPHER_SUITE_WEP40
00023909 T WPA_CIPHER_SUITE_TKIP
0002390d T WPA_CIPHER_SUITE_CCMP
00023911 T WPA_CIPHER_SUITE_WEP104
00023915 T RSN_CIPHER_SUITE_NONE
00023919 T RSN_CIPHER_SUITE_WEP40
0002391d T RSN_CIPHER_SUITE_TKIP
00023921 T RSN_CIPHER_SUITE_CCMP
00023925 T RSN_CIPHER_SUITE_WEP104
00023929 t WPA_SUITE_1X
0002392d t WPA2_SUITE_1X
00023931 t wps_oui
00023935 T RSN_AUTH_KEY_MGMT_PSK_OVER_802_1X
00023939 T RSN_AUTH_KEY_MGMT_UNSPEC_802_1X
0002393e T RSN_VERSION_BSD
00023940 T RTW_ChannelPlan2G
000239a9 T RTW_WPA_OUI
000239ad T RSN_TKIP_CIPHER
000239b1 T RSN_AUTH_KEY_MGMT_FT_802_1X
000239b5 T RSN_AUTH_KEY_MGMT_FT_PSK
000239b9 T RSN_AUTH_KEY_MGMT_802_1X_SHA256
000239bd T RSN_AUTH_KEY_MGMT_PSK_SHA256
000239c1 T RSN_AUTH_KEY_MGMT_SAE
000239c5 T RSN_AUTH_KEY_MGMT_802_1X_SUITE_B
000239c9 T RSN_AUTH_KEY_MGMT_802_1X_SUITE_B_192
000239cd T RSN_AUTH_KEY_MGMT_DPP
000239d1 T RSN_CIPHER_SUITE_AES_128_CMAC
000239d5 T RSN_CIPHER_SUITE_BIP_GMAC_128
000239d9 T RSN_CIPHER_SUITE_BIP_GMAC_256
000239dd T RSN_CIPHER_SUITE_BIP_CMAC_256
000239e1 T RTW_ChannelPlanMap
00023c61 T RTW_ChannelPlan5G
00025414 T rom_e_rtw_msgp_str_
00025728 T rom_f_rtw_msgp_str_
00025751 T igtk_expansion_const
00025764 t gmk_expansion_const
00025778 t pmk_expansion_const
000257ac T rtw_basic_rate_mix
000257b4 T center_chs_2g_by_bw
000257c4 T op_chs_of_cch_2g_by_bw
000257d4 T center_chs_5g_by_bw
000257f4 T op_chs_of_cch_5g_by_bw
00025814 T _ch_width_to_bw_cap
0002581b T op_chs_of_cch_5g_160m
00025833 T center_ch_5g_160m
00025836 T op_chs_of_cch_5g_80m
00025852 T center_ch_5g_80m
00025859 T op_chs_of_cch_5g_40m
00025875 T center_ch_5g_20m_40m
0002589f T center_ch_5g_40m
000258ad T center_ch_5g_20m
000258c9 T center_ch_5g_all
000258fa T op_chs_of_cch_2g_40m
0002590c T center_ch_2g_40m
00025915 T center_ch_2g
00025c05 t secp224r1_a
000260f8 t CSWTCH.68
00026108 T sae_groups
00026134 t __FUNCTION__.0
00026156 t rcon_table
00026162 t aes1_sbox_table
00026262 t TKIP_Sbox1
00026664 t K
00026984 t __FUNCTION__.0
0002699c t CSWTCH.80
00026abb t __func__.1
00026acc t __FUNCTION__.0
00026b0d t CSWTCH.9
00026b21 t CSWTCH.11
00026bbc t CSWTCH.5
00026bc2 t CSWTCH.8
08014000 T __nspe_phy_addr__
081e0000 T __km4_image3_flash_start__
0c000020 T __km0_flash_text_start__
0e000020 T __km4_flash_text_start__
0f800020 T __km4_boot_text_start__
20000000 D NewVectorTable
20000000 D __rom_bss_start__
20000180 D UserIrqFunTable
200002c0 D UserIrqDataTable
20000400 D RBSS_UDELAY_CLK
20000404 D flash_init_para
2000045c D PortB_IrqData
200004dc D PortA_IrqData
2000055c D PortB_IrqHandler
200005dc D PortA_IrqHandler
2000065c D ConfigDebugClose
20000660 D ConfigDebug
20000670 D shell_argv_array
200006b0 D shell_ctl
200006c8 D shell_rxbuf
20000748 D shell_buf
200007c8 d one
200007cc D p_wifi_rom_func_map
200007d0 D wifi_rom_func_map
200007dc D wpa_global_PSK
20000854 D psk_passphrase64
20000895 D psk_essid
20000901 D psk_passphrase
200009c4 d last_fragnum.0
200009c8 D sae_debug_level
200009cc d RegRRSR.0
200009d0 D __rom_bss_end__
20001ffc A STACK_TOP
20004d20 T __ram_image1_text_start__
20004d20 T __ram_start_table_start__
20004e00 T __km0_ipc_memory_start__
20050020 T __km0_image2_entry_func__
41008e00 A __retention_entry_func__
60180020 T __km0_psram_text_start__
