Archive member included to satisfy reference by file (symbol)

/home/zjian_zhang/Dplus_Z/project/realtek_amebaDplus_va0_example/GCC-RELEASE/project_km0/asdk/../../project_km4/toolchain/linux/asdk-10.3.1/linux/newlib/arm-none-eabi/lib/thumb/v8-m.base/libc_nano.a(lib_a-atoi.o)
                              ./build/stdlib/stdlib_link.o (atoi)
/home/zjian_zhang/Dplus_Z/project/realtek_amebaDplus_va0_example/GCC-RELEASE/project_km0/asdk/../../project_km4/toolchain/linux/asdk-10.3.1/linux/newlib/arm-none-eabi/lib/thumb/v8-m.base/libc_nano.a(lib_a-memset-stub.o)
                              ./build/stdlib/stdlib_link.o (memset)
/home/zjian_zhang/Dplus_Z/project/realtek_amebaDplus_va0_example/GCC-RELEASE/project_km0/asdk/../../project_km4/toolchain/linux/asdk-10.3.1/linux/newlib/arm-none-eabi/lib/thumb/v8-m.base/libc_nano.a(lib_a-printf.o)
                              ./build/stdlib/stdlib_link.o (printf)
/home/zjian_zhang/Dplus_Z/project/realtek_amebaDplus_va0_example/GCC-RELEASE/project_km0/asdk/../../project_km4/toolchain/linux/asdk-10.3.1/linux/newlib/arm-none-eabi/lib/thumb/v8-m.base/libc_nano.a(lib_a-putchar.o)
                              ./build/stdlib/stdlib_link.o (putchar)
/home/zjian_zhang/Dplus_Z/project/realtek_amebaDplus_va0_example/GCC-RELEASE/project_km0/asdk/../../project_km4/toolchain/linux/asdk-10.3.1/linux/newlib/arm-none-eabi/lib/thumb/v8-m.base/libc_nano.a(lib_a-putc.o)
                              /home/zjian_zhang/Dplus_Z/project/realtek_amebaDplus_va0_example/GCC-RELEASE/project_km0/asdk/../../project_km4/toolchain/linux/asdk-10.3.1/linux/newlib/arm-none-eabi/lib/thumb/v8-m.base/libc_nano.a(lib_a-putchar.o) (_putc_r)
/home/zjian_zhang/Dplus_Z/project/realtek_amebaDplus_va0_example/GCC-RELEASE/project_km0/asdk/../../project_km4/toolchain/linux/asdk-10.3.1/linux/newlib/arm-none-eabi/lib/thumb/v8-m.base/libc_nano.a(lib_a-puts.o)
                              ./build/stdlib/stdlib_link.o (puts)
/home/zjian_zhang/Dplus_Z/project/realtek_amebaDplus_va0_example/GCC-RELEASE/project_km0/asdk/../../project_km4/toolchain/linux/asdk-10.3.1/linux/newlib/arm-none-eabi/lib/thumb/v8-m.base/libc_nano.a(lib_a-snprintf.o)
                              ./build/stdlib/stdlib_link.o (snprintf)
/home/zjian_zhang/Dplus_Z/project/realtek_amebaDplus_va0_example/GCC-RELEASE/project_km0/asdk/../../project_km4/toolchain/linux/asdk-10.3.1/linux/newlib/arm-none-eabi/lib/thumb/v8-m.base/libc_nano.a(lib_a-sprintf.o)
                              ./build/stdlib/stdlib_link.o (sprintf)
/home/zjian_zhang/Dplus_Z/project/realtek_amebaDplus_va0_example/GCC-RELEASE/project_km0/asdk/../../project_km4/toolchain/linux/asdk-10.3.1/linux/newlib/arm-none-eabi/lib/thumb/v8-m.base/libc_nano.a(lib_a-sscanf.o)
                              ./build/stdlib/stdlib_link.o (sscanf)
/home/zjian_zhang/Dplus_Z/project/realtek_amebaDplus_va0_example/GCC-RELEASE/project_km0/asdk/../../project_km4/toolchain/linux/asdk-10.3.1/linux/newlib/arm-none-eabi/lib/thumb/v8-m.base/libc_nano.a(lib_a-stdio.o)
                              /home/zjian_zhang/Dplus_Z/project/realtek_amebaDplus_va0_example/GCC-RELEASE/project_km0/asdk/../../project_km4/toolchain/linux/asdk-10.3.1/linux/newlib/arm-none-eabi/lib/thumb/v8-m.base/libc_nano.a(lib_a-sscanf.o) (__seofread)
/home/zjian_zhang/Dplus_Z/project/realtek_amebaDplus_va0_example/GCC-RELEASE/project_km0/asdk/../../project_km4/toolchain/linux/asdk-10.3.1/linux/newlib/arm-none-eabi/lib/thumb/v8-m.base/libc_nano.a(lib_a-strcat.o)
                              ./build/stdlib/stdlib_link.o (strcat)
/home/zjian_zhang/Dplus_Z/project/realtek_amebaDplus_va0_example/GCC-RELEASE/project_km0/asdk/../../project_km4/toolchain/linux/asdk-10.3.1/linux/newlib/arm-none-eabi/lib/thumb/v8-m.base/libc_nano.a(lib_a-strchr.o)
                              ./build/stdlib/stdlib_link.o (strchr)
/home/zjian_zhang/Dplus_Z/project/realtek_amebaDplus_va0_example/GCC-RELEASE/project_km0/asdk/../../project_km4/toolchain/linux/asdk-10.3.1/linux/newlib/arm-none-eabi/lib/thumb/v8-m.base/libc_nano.a(lib_a-strcpy.o)
                              ./build/stdlib/stdlib_link.o (strcpy)
/home/zjian_zhang/Dplus_Z/project/realtek_amebaDplus_va0_example/GCC-RELEASE/project_km0/asdk/../../project_km4/toolchain/linux/asdk-10.3.1/linux/newlib/arm-none-eabi/lib/thumb/v8-m.base/libc_nano.a(lib_a-strlen.o)
                              /home/zjian_zhang/Dplus_Z/project/realtek_amebaDplus_va0_example/GCC-RELEASE/project_km0/asdk/../../project_km4/toolchain/linux/asdk-10.3.1/linux/newlib/arm-none-eabi/lib/thumb/v8-m.base/libc_nano.a(lib_a-sscanf.o) (strlen)
/home/zjian_zhang/Dplus_Z/project/realtek_amebaDplus_va0_example/GCC-RELEASE/project_km0/asdk/../../project_km4/toolchain/linux/asdk-10.3.1/linux/newlib/arm-none-eabi/lib/thumb/v8-m.base/libc_nano.a(lib_a-strncat.o)
                              ./build/stdlib/stdlib_link.o (strncat)
[...]
Memory Configuration

Name             Origin             Length             Attributes
EMPTY_SECTION    0x0000000000000000 0x0000000000000000 xrw
KM4_IROM         0x0000000000000000 0x000000000001e000 xr
KM4_IROM_NS      0x000000000001e000 0x0000000000015000 xr
KM4_IROM_STDLIB_NS 0x0000000000033000 0x000000000000f000 xr
KM4_DROM_NS      0x0000000000042000 0x0000000000002800 xr
KM4_DROM         0x0000000000044800 0x0000000000003800 xr
KM4_ROMBSS_RAM_S 0x0000000030007000 0x0000000000001000 rw
KM4_MSP_RAM_S    0x0000000030008000 0x0000000000002000 rw
KM4_BOOTLOADER_RAM_S 0x000000003000a020 0x0000000000005fe0 xrw
KM4_FLOADER_RAM_S 0x000000003000a020 0x0000000000015fe0 xrw
KM4_MSP_RAM_NS   0x0000000020003000 0x0000000000001000 rw
KM4_ROMBSS_RAM_COM 0x0000000020004000 0x0000000000001000 rw
KM4_ROMBSS_RAM_NS 0x0000000020005000 0x0000000000001000 rw
KM4_STDLIB_HEAP_RAM_NS 0x0000000020006000 0x0000000000001000 rw
KM0_BOOT_RAM     0x0000000020004d20 0x0000000000000020 xrw
KM0_IPC_RAM      0x0000000020004e00 0x00000000000001e0 xrw
KM4_BD_RAM       0x0000000020010020 0x000000000003ffe0 xrw
KM0_BD_RAM       0x0000000020050020 0x000000000001ffe0 xrw
KM4_BD_RAM_TZ_NSC 0x0000000020070020 0x0000000000000fe0 xrw
KM4_BD_RAM_TZ_ENTRY 0x0000000020071000 0x0000000000004000 xrw
KM4_BD_RAM_TZ_S  0x0000000030075020 0x000000000000afe0 xrw
KM4_BD_PSRAM     0x0000000060000020 0x000000000015afe0 xrw
KM0_BD_PSRAM     0x0000000060180020 0x000000000017ffe0 xrw
KM4_BD_PSRAM_TZ_NSC 0x000000006015b020 0x0000000000000fe0 xrw
KM4_BD_PSRAM_TZ_ENTRY 0x000000006015c000 0x0000000000004000 xrw
KM4_BD_PSRAM_TZ_S 0x0000000070160020 0x000000000001ffe0 xrw
RETENTION_RAM    0x0000000041008e00 0x0000000000000200 xrw
KM0_IROM         0x0000000000000000 0x0000000000006000 xr
KM0_IROM_STDLIB  0x0000000000006000 0x0000000000004000 xr
KM0_DROM         0x000000000000a000 0x0000000000001000 xr
WIFI_ROM         0x000000000000b000 0x000000000001d000 xr
KM0_ROMBSS_RAM   0x0000000020000000 0x0000000000001000 rw
KM0_MSP_RAM      0x0000000020001000 0x0000000000001000 rw
KM0_STDLIB_HEAP_RAM 0x0000000020002000 0x0000000000001000 rw
PHY_IMG1         0x0000000008001020 0x0000000000005fe0 xr
PHY_IMG2         0x0000000008014000 0x00000000001cc000 xr
KM4_IMG3         0x00000000081e0000 0x0000000000020000 xr
KM4_BOOT_XIP     0x000000000f800020 0x00000000007fffe0 xr
KM0_IMG2_XIP     0x000000000c000020 0x0000000001ffffe0 xr
KM4_IMG2_XIP     0x000000000e000020 0x00000000017fffe0 xr
BTRACE           0x00000000c8800000 0x0000000000800000 xr
*default*        0x0000000000000000 0xffffffffffffffff

Linker script and memory map

LOAD ./build/stdlib/stdlib_link.o
START GROUP
LOAD /home/zjian_zhang/Dplus_Z/project/realtek_amebaDplus_va0_example/GCC-RELEASE/project_km0/asdk/../../project_km4/toolchain/linux/asdk-10.3.1/linux/newlib/lib/gcc/arm-none-eabi/10.3.1/thumb/v8-m.base/libgcc.a
LOAD /home/zjian_zhang/Dplus_Z/project/realtek_amebaDplus_va0_example/GCC-RELEASE/project_km0/asdk/../../project_km4/toolchain/linux/asdk-10.3.1/linux/newlib/arm-none-eabi/lib/thumb/v8-m.base/libc_nano.a
END GROUP
START GROUP
LOAD /home/zjian_zhang/Dplus_Z/project/realtek_amebaDplus_va0_example/GCC-RELEASE/project_km0/asdk/../../project_km4/toolchain/linux/asdk-10.3.1/linux/newlib/lib/gcc/arm-none-eabi/10.3.1/thumb/v8-m.base/libgcc.a
LOAD /home/zjian_zhang/Dplus_Z/project/realtek_amebaDplus_va0_example/GCC-RELEASE/project_km0/asdk/../../project_km4/toolchain/linux/asdk-10.3.1/linux/newlib/arm-none-eabi/lib/thumb/v8-m.base/libc_nano.a
LOAD /home/zjian_zhang/Dplus_Z/project/realtek_amebaDplus_va0_example/GCC-RELEASE/project_km0/asdk/../../project_km4/toolchain/linux/asdk-10.3.1/linux/newlib/arm-none-eabi/lib/thumb/v8-m.base/libnosys.a
END GROUP
START GROUP
LOAD /home/zjian_zhang/Dplus_Z/project/realtek_amebaDplus_va0_example/GCC-RELEASE/project_km0/asdk/../../project_km4/toolchain/linux/asdk-10.3.1/linux/newlib/lib/gcc/arm-none-eabi/10.3.1/thumb/v8-m.base/libgcc.a
LOAD /home/zjian_zhang/Dplus_Z/project/realtek_amebaDplus_va0_example/GCC-RELEASE/project_km0/asdk/../../project_km4/toolchain/linux/asdk-10.3.1/linux/newlib/arm-none-eabi/lib/thumb/v8-m.base/libc_nano.a
LOAD /home/zjian_zhang/Dplus_Z/project/realtek_amebaDplus_va0_example/GCC-RELEASE/project_km0/asdk/../../project_km4/toolchain/linux/asdk-10.3.1/linux/newlib/arm-none-eabi/lib/thumb/v8-m.base/libnosys.a
END GROUP
                0x0000000020050020                __km0_image2_entry_func__ = ORIGIN (KM0_BD_RAM)
                0x0000000020004e00                __km0_ipc_memory_start__ = ORIGIN (KM0_IPC_RAM)
                0x000000000c000020                __km0_flash_text_start__ = ORIGIN (KM0_IMG2_XIP)
                0x000000000e000020                __km4_flash_text_start__ = ORIGIN (KM4_IMG2_XIP)
                0x0000000060180020                __km0_psram_text_start__ = ORIGIN (KM0_BD_PSRAM)
                0x000000000f800020                __km4_boot_text_start__ = ORIGIN (KM4_BOOT_XIP)
                0x00000000081e0000                __km4_image3_flash_start__ = ORIGIN (KM4_IMG3)
                0x0000000008014000                __nspe_phy_addr__ = ORIGIN (PHY_IMG2)

.rom.rodata     0x000000000000a000        0x0
                0x000000000000a000                __rom_entry_ns_start__ = .

.rom.stdlib.data
                0x0000000020002000       0x80
                0x0000000020002000                __rom_stdlib_data_start__ = .
 *(.data*)
 .data          0x0000000020002000        0x0 ./build/stdlib/stdlib_link.o
 .data          0x0000000020002000        0x0 /home/zjian_zhang/Dplus_Z/project/realtek_amebaDplus_va0_example/GCC-RELEASE/project_km0/asdk/../../project_km4/toolchain/linux/asdk-10.3.1/linux/newlib/arm-none-eabi/lib/thumb/v8-m.base/libc_nano.a(lib_a-atoi.o)
 .data          0x0000000020002000        0x0 /home/zjian_zhang/Dplus_Z/project/realtek_amebaDplus_va0_example/GCC-RELEASE/project_km0/asdk/../../project_km4/toolchain/linux/asdk-10.3.1/linux/newlib/arm-none-eabi/lib/thumb/v8-m.base/libc_nano.a(lib_a-memset-stub.o)
 .data          0x0000000020002000        0x0 /home/zjian_zhang/Dplus_Z/project/realtek_amebaDplus_va0_example/GCC-RELEASE/project_km0/asdk/../../project_km4/toolchain/linux/asdk-10.3.1/linux/newlib/arm-none-eabi/lib/thumb/v8-m.base/libc_nano.a(lib_a-printf.o)
 .data          0x0000000020002000        0x0 /home/zjian_zhang/Dplus_Z/project/realtek_amebaDplus_va0_example/GCC-RELEASE/project_km0/asdk/../../project_km4/toolchain/linux/asdk-10.3.1/linux/newlib/arm-none-eabi/lib/thumb/v8-m.base/libc_nano.a(lib_a-putchar.o)
 .data          0x0000000020002000        0x0 /home/zjian_zhang/Dplus_Z/project/realtek_amebaDplus_va0_example/GCC-RELEASE/project_km0/asdk/../../project_km4/toolchain/linux/asdk-10.3.1/linux/newlib/arm-none-eabi/lib/thumb/v8-m.base/libc_nano.a(lib_a-putc.o)
 .data          0x0000000020002000        0x0 /home/zjian_zhang/Dplus_Z/project/realtek_amebaDplus_va0_example/GCC-RELEASE/project_km0/asdk/../../project_km4/toolchain/linux/asdk-10.3.1/linux/newlib/arm-none-eabi/lib/thumb/v8-m.base/libc_nano.a(lib_a-puts.o)
 .data          0x0000000020002000        0x0 /home/zjian_zhang/Dplus_Z/project/realtek_amebaDplus_va0_example/GCC-RELEASE/project_km0/asdk/../../project_km4/toolchain/linux/asdk-10.3.1/linux/newlib/arm-none-eabi/lib/thumb/v8-m.base/libc_nano.a(lib_a-snprintf.o)
 .data          0x0000000020002000        0x0 /home/zjian_zhang/Dplus_Z/project/realtek_amebaDplus_va0_example/GCC-RELEASE/project_km0/asdk/../../project_km4/toolchain/linux/asdk-10.3.1/linux/newlib/arm-none-eabi/lib/thumb/v8-m.base/libc_nano.a(lib_a-sprintf.o)
 .data          0x0000000020002000        0x0 /home/zjian_zhang/Dplus_Z/project/realtek_amebaDplus_va0_example/GCC-RELEASE/project_km0/asdk/../../project_km4/toolchain/linux/asdk-10.3.1/linux/newlib/arm-none-eabi/lib/thumb/v8-m.base/libc_nano.a(lib_a-sscanf.o)
 .data          0x0000000020002000        0x0 /home/zjian_zhang/Dplus_Z/project/realtek_amebaDplus_va0_example/GCC-RELEASE/project_km0/asdk/../../project_km4/toolchain/linux/asdk-10.3.1/linux/newlib/arm-none-eabi/lib/thumb/v8-m.base/libc_nano.a(lib_a-stdio.o)
 .data          0x0000000020002000        0x0 /home/zjian_zhang/Dplus_Z/project/realtek_amebaDplus_va0_example/GCC-RELEASE/project_km0/asdk/../../project_km4/toolchain/linux/asdk-10.3.1/linux/newlib/arm-none-eabi/lib/thumb/v8-m.base/libc_nano.a(lib_a-strcat.o)
 .data          0x0000000020002000        0x0 /home/zjian_zhang/Dplus_Z/project/realtek_amebaDplus_va0_example/GCC-RELEASE/project_km0/asdk/../../project_km4/toolchain/linux/asdk-10.3.1/linux/newlib/arm-none-eabi/lib/thumb/v8-m.base/libc_nano.a(lib_a-strchr.o)
 .data          0x0000000020002000        0x0 /home/zjian_zhang/Dplus_Z/project/realtek_amebaDplus_va0_example/GCC-RELEASE/project_km0/asdk/../../project_km4/toolchain/linux/asdk-10.3.1/linux/newlib/arm-none-eabi/lib/thumb/v8-m.base/libc_nano.a(lib_a-strcpy.o)
 .data          0x0000000020002000        0x0 /home/zjian_zhang/Dplus_Z/project/realtek_amebaDplus_va0_example/GCC-RELEASE/project_km0/asdk/../../project_km4/toolchain/linux/asdk-10.3.1/linux/newlib/arm-none-eabi/lib/thumb/v8-m.base/libc_nano.a(lib_a-strlen.o)
 .data          0x0000000020002000        0x0 /home/zjian_zhang/Dplus_Z/project/realtek_amebaDplus_va0_example/GCC-RELEASE/project_km0/asdk/../../project_km4/toolchain/linux/asdk-10.3.1/linux/newlib/arm-none-eabi/lib/thumb/v8-m.base/libc_nano.a(lib_a-strncat.o)
 .data          0x0000000020002000        0x0 /home/zjian_zhang/Dplus_Z/project/realtek_amebaDplus_va0_example/GCC-RELEASE/project_km0/asdk/../../project_km4/toolchain/linux/asdk-10.3.1/linux/newlib/arm-none-eabi/lib/thumb/v8-m.base/libc_nano.a(lib_a-strncmp.o)
 .data          0x0000000020002000        0x0 /home/zjian_zhang/Dplus_Z/project/realtek_amebaDplus_va0_example/GCC-RELEASE/project_km0/asdk/../../project_km4/toolchain/linux/asdk-10.3.1/linux/newlib/arm-none-eabi/lib/thumb/v8-m.base/libc_nano.a(lib_a-strncpy.o)
 .data          0x0000000020002000        0x0 /home/zjian_zhang/Dplus_Z/project/realtek_amebaDplus_va0_example/GCC-RELEASE/project_km0/asdk/../../project_km4/toolchain/linux/asdk-10.3.1/linux/newlib/arm-none-eabi/lib/thumb/v8-m.base/libc_nano.a(lib_a-strpbrk.o)
 .data          0x0000000020002000        0x0 /home/zjian_zhang/Dplus_Z/project/realtek_amebaDplus_va0_example/GCC-RELEASE/project_km0/asdk/../../project_km4/toolchain/linux/asdk-10.3.1/linux/newlib/arm-none-eabi/lib/thumb/v8-m.base/libc_nano.a(lib_a-strsep.o)
 .data          0x0000000020002000        0x0 /home/zjian_zhang/Dplus_Z/project/realtek_amebaDplus_va0_example/GCC-RELEASE/project_km0/asdk/../../project_km4/toolchain/linux/asdk-10.3.1/linux/newlib/arm-none-eabi/lib/thumb/v8-m.base/libc_nano.a(lib_a-strstr.o)
 .data          0x0000000020002000        0x0 /home/zjian_zhang/Dplus_Z/project/realtek_amebaDplus_va0_example/GCC-RELEASE/project_km0/asdk/../../project_km4/toolchain/linux/asdk-10.3.1/linux/newlib/arm-none-eabi/lib/thumb/v8-m.base/libc_nano.a(lib_a-strtok.o)
 .data          0x0000000020002000        0x0 /home/zjian_zhang/Dplus_Z/project/realtek_amebaDplus_va0_example/GCC-RELEASE/project_km0/asdk/../../project_km4/toolchain/linux/asdk-10.3.1/linux/newlib/arm-none-eabi/lib/thumb/v8-m.base/libc_nano.a(lib_a-strtok_r.o)
 .data          0x0000000020002000        0x0 /home/zjian_zhang/Dplus_Z/project/realtek_amebaDplus_va0_example/GCC-RELEASE/project_km0/asdk/../../project_km4/toolchain/linux/asdk-10.3.1/linux/newlib/arm-none-eabi/lib/thumb/v8-m.base/libc_nano.a(lib_a-strtol.o)
 .data          0x0000000020002000        0x0 /home/zjian_zhang/Dplus_Z/project/realtek_amebaDplus_va0_example/GCC-RELEASE/project_km0/asdk/../../project_km4/toolchain/linux/asdk-10.3.1/linux/newlib/arm-none-eabi/lib/thumb/v8-m.base/libc_nano.a(lib_a-vsnprintf.o)
 .data          0x0000000020002000        0x0 /home/zjian_zhang/Dplus_Z/project/realtek_amebaDplus_va0_example/GCC-RELEASE/project_km0/asdk/../../project_km4/toolchain/linux/asdk-10.3.1/linux/newlib/arm-none-eabi/lib/thumb/v8-m.base/libc_nano.a(lib_a-wbuf.o)
 .data          0x0000000020002000        0x0 /home/zjian_zhang/Dplus_Z/project/realtek_amebaDplus_va0_example/GCC-RELEASE/project_km0/asdk/../../project_km4/toolchain/linux/asdk-10.3.1/linux/newlib/arm-none-eabi/lib/thumb/v8-m.base/libc_nano.a(lib_a-writer.o)
 .data          0x0000000020002000        0x0 /home/zjian_zhang/Dplus_Z/project/realtek_amebaDplus_va0_example/GCC-RELEASE/project_km0/asdk/../../project_km4/toolchain/linux/asdk-10.3.1/linux/newlib/arm-none-eabi/lib/thumb/v8-m.base/libc_nano.a(lib_a-wsetup.o)
 .data          0x0000000020002000        0x0 /home/zjian_zhang/Dplus_Z/project/realtek_amebaDplus_va0_example/GCC-RELEASE/project_km0/asdk/../../project_km4/toolchain/linux/asdk-10.3.1/linux/newlib/arm-none-eabi/lib/thumb/v8-m.base/libc_nano.a(lib_a-assert.o)
 .data          0x0000000020002000        0x0 /home/zjian_zhang/Dplus_Z/project/realtek_amebaDplus_va0_example/GCC-RELEASE/project_km0/asdk/../../project_km4/toolchain/linux/asdk-10.3.1/linux/newlib/arm-none-eabi/lib/thumb/v8-m.base/libc_nano.a(lib_a-closer.o)
 .data          0x0000000020002000        0x0 /home/zjian_zhang/Dplus_Z/project/realtek_amebaDplus_va0_example/GCC-RELEASE/project_km0/asdk/../../project_km4/toolchain/linux/asdk-10.3.1/linux/newlib/arm-none-eabi/lib/thumb/v8-m.base/libc_nano.a(lib_a-ctype_.o)
 .data          0x0000000020002000        0x0 /home/zjian_zhang/Dplus_Z/project/realtek_amebaDplus_va0_example/GCC-RELEASE/project_km0/asdk/../../project_km4/toolchain/linux/asdk-10.3.1/linux/newlib/arm-none-eabi/lib/thumb/v8-m.base/libc_nano.a(lib_a-errno.o)
 .data          0x0000000020002000        0x0 /home/zjian_zhang/Dplus_Z/project/realtek_amebaDplus_va0_example/GCC-RELEASE/project_km0/asdk/../../project_km4/toolchain/linux/asdk-10.3.1/linux/newlib/arm-none-eabi/lib/thumb/v8-m.base/libc_nano.a(lib_a-fflush.o)
 .data          0x0000000020002000        0x0 /home/zjian_zhang/Dplus_Z/project/realtek_amebaDplus_va0_example/GCC-RELEASE/project_km0/asdk/../../project_km4/toolchain/linux/asdk-10.3.1/linux/newlib/arm-none-eabi/lib/thumb/v8-m.base/libc_nano.a(lib_a-findfp.o)
 .data          0x0000000020002000        0x0 /home/zjian_zhang/Dplus_Z/project/realtek_amebaDplus_va0_example/GCC-RELEASE/project_km0/asdk/../../project_km4/toolchain/linux/asdk-10.3.1/linux/newlib/arm-none-eabi/lib/thumb/v8-m.base/libc_nano.a(lib_a-fprintf.o)
 .data          0x0000000020002000        0x0 /home/zjian_zhang/Dplus_Z/project/realtek_amebaDplus_va0_example/GCC-RELEASE/project_km0/asdk/../../project_km4/toolchain/linux/asdk-10.3.1/linux/newlib/arm-none-eabi/lib/thumb/v8-m.base/libc_nano.a(lib_a-fwalk.o)
 .data          0x0000000020002000       0x64 /home/zjian_zhang/Dplus_Z/project/realtek_amebaDplus_va0_example/GCC-RELEASE/project_km0/asdk/../../project_km4/toolchain/linux/asdk-10.3.1/linux/newlib/arm-none-eabi/lib/thumb/v8-m.base/libc_nano.a(lib_a-impure.o)
                0x0000000020002000                _impure_ptr
 .data          0x0000000020002064        0x0 /home/zjian_zhang/Dplus_Z/project/realtek_amebaDplus_va0_example/GCC-RELEASE/project_km0/asdk/../../project_km4/toolchain/linux/asdk-10.3.1/linux/newlib/arm-none-eabi/lib/thumb/v8-m.base/libc_nano.a(lib_a-lock.o)
 .data          0x0000000020002064        0x0 /home/zjian_zhang/Dplus_Z/project/realtek_amebaDplus_va0_example/GCC-RELEASE/project_km0/asdk/../../project_km4/toolchain/linux/asdk-10.3.1/linux/newlib/arm-none-eabi/lib/thumb/v8-m.base/libc_nano.a(lib_a-lseekr.o)
 .data          0x0000000020002064        0x0 /home/zjian_zhang/Dplus_Z/project/realtek_amebaDplus_va0_example/GCC-RELEASE/project_km0/asdk/../../project_km4/toolchain/linux/asdk-10.3.1/linux/newlib/arm-none-eabi/lib/thumb/v8-m.base/libc_nano.a(lib_a-makebuf.o)
 .data          0x0000000020002064        0x0 /home/zjian_zhang/Dplus_Z/project/realtek_amebaDplus_va0_example/GCC-RELEASE/project_km0/asdk/../../project_km4/toolchain/linux/asdk-10.3.1/linux/newlib/arm-none-eabi/lib/thumb/v8-m.base/libc_nano.a(lib_a-malloc.o)
 .data          0x0000000020002064        0x0 /home/zjian_zhang/Dplus_Z/project/realtek_amebaDplus_va0_example/GCC-RELEASE/project_km0/asdk/../../project_km4/toolchain/linux/asdk-10.3.1/linux/newlib/arm-none-eabi/lib/thumb/v8-m.base/libc_nano.a(lib_a-nano-freer.o)
 .data          0x0000000020002064        0x0 /home/zjian_zhang/Dplus_Z/project/realtek_amebaDplus_va0_example/GCC-RELEASE/project_km0/asdk/../../project_km4/toolchain/linux/asdk-10.3.1/linux/newlib/arm-none-eabi/lib/thumb/v8-m.base/libc_nano.a(lib_a-nano-mallocr.o)
 .data          0x0000000020002064        0x0 /home/zjian_zhang/Dplus_Z/project/realtek_amebaDplus_va0_example/GCC-RELEASE/project_km0/asdk/../../project_km4/toolchain/linux/asdk-10.3.1/linux/newlib/arm-none-eabi/lib/thumb/v8-m.base/libc_nano.a(lib_a-nano-svfprintf.o)
 .data          0x0000000020002064        0x0 /home/zjian_zhang/Dplus_Z/project/realtek_amebaDplus_va0_example/GCC-RELEASE/project_km0/asdk/../../project_km4/toolchain/linux/asdk-10.3.1/linux/newlib/arm-none-eabi/lib/thumb/v8-m.base/libc_nano.a(lib_a-nano-svfscanf.o)
 .data          0x0000000020002064        0x0 /home/zjian_zhang/Dplus_Z/project/realtek_amebaDplus_va0_example/GCC-RELEASE/project_km0/asdk/../../project_km4/toolchain/linux/asdk-10.3.1/linux/newlib/arm-none-eabi/lib/thumb/v8-m.base/libc_nano.a(lib_a-nano-vfprintf_i.o)
 .data          0x0000000020002064        0x0 /home/zjian_zhang/Dplus_Z/project/realtek_amebaDplus_va0_example/GCC-RELEASE/project_km0/asdk/../../project_km4/toolchain/linux/asdk-10.3.1/linux/newlib/arm-none-eabi/lib/thumb/v8-m.base/libc_nano.a(lib_a-nano-vfprintf.o)
 .data          0x0000000020002064        0x0 /home/zjian_zhang/Dplus_Z/project/realtek_amebaDplus_va0_example/GCC-RELEASE/project_km0/asdk/../../project_km4/toolchain/linux/asdk-10.3.1/linux/newlib/arm-none-eabi/lib/thumb/v8-m.base/libc_nano.a(lib_a-nano-vfscanf_i.o)
 .data          0x0000000020002064        0x0 /home/zjian_zhang/Dplus_Z/project/realtek_amebaDplus_va0_example/GCC-RELEASE/project_km0/asdk/../../project_km4/toolchain/linux/asdk-10.3.1/linux/newlib/arm-none-eabi/lib/thumb/v8-m.base/libc_nano.a(lib_a-readr.o)
 .data          0x0000000020002064        0x0 /home/zjian_zhang/Dplus_Z/project/realtek_amebaDplus_va0_example/GCC-RELEASE/project_km0/asdk/../../project_km4/toolchain/linux/asdk-10.3.1/linux/newlib/arm-none-eabi/lib/thumb/v8-m.base/libc_nano.a(lib_a-reent.o)
 .data          0x0000000020002064        0x0 /home/zjian_zhang/Dplus_Z/project/realtek_amebaDplus_va0_example/GCC-RELEASE/project_km0/asdk/../../project_km4/toolchain/linux/asdk-10.3.1/linux/newlib/arm-none-eabi/lib/thumb/v8-m.base/libc_nano.a(lib_a-sbrkr.o)
 .data          0x0000000020002064        0x0 /home/zjian_zhang/Dplus_Z/project/realtek_amebaDplus_va0_example/GCC-RELEASE/project_km0/asdk/../../project_km4/toolchain/linux/asdk-10.3.1/linux/newlib/arm-none-eabi/lib/thumb/v8-m.base/libc_nano.a(lib_a-sccl.o)
 .data          0x0000000020002064        0x0 /home/zjian_zhang/Dplus_Z/project/realtek_amebaDplus_va0_example/GCC-RELEASE/project_km0/asdk/../../project_km4/toolchain/linux/asdk-10.3.1/linux/newlib/arm-none-eabi/lib/thumb/v8-m.base/libc_nano.a(lib_a-strtoul.o)
 .data          0x0000000020002064        0x0 /home/zjian_zhang/Dplus_Z/project/realtek_amebaDplus_va0_example/GCC-RELEASE/project_km0/asdk/../../project_km4/toolchain/linux/asdk-10.3.1/linux/newlib/arm-none-eabi/lib/thumb/v8-m.base/libc_nano.a(lib_a-ungetc.o)
 .data          0x0000000020002064        0x0 /home/zjian_zhang/Dplus_Z/project/realtek_amebaDplus_va0_example/GCC-RELEASE/project_km0/asdk/../../project_km4/toolchain/linux/asdk-10.3.1/linux/newlib/arm-none-eabi/lib/thumb/v8-m.base/libc_nano.a(lib_a-abort.o)
 .data          0x0000000020002064        0x0 /home/zjian_zhang/Dplus_Z/project/realtek_amebaDplus_va0_example/GCC-RELEASE/project_km0/asdk/../../project_km4/toolchain/linux/asdk-10.3.1/linux/newlib/arm-none-eabi/lib/thumb/v8-m.base/libc_nano.a(lib_a-fstatr.o)
 .data          0x0000000020002064        0x0 /home/zjian_zhang/Dplus_Z/project/realtek_amebaDplus_va0_example/GCC-RELEASE/project_km0/asdk/../../project_km4/toolchain/linux/asdk-10.3.1/linux/newlib/arm-none-eabi/lib/thumb/v8-m.base/libc_nano.a(lib_a-fvwrite.o)
 .data          0x0000000020002064        0x0 /home/zjian_zhang/Dplus_Z/project/realtek_amebaDplus_va0_example/GCC-RELEASE/project_km0/asdk/../../project_km4/toolchain/linux/asdk-10.3.1/linux/newlib/arm-none-eabi/lib/thumb/v8-m.base/libc_nano.a(lib_a-isattyr.o)
 .data          0x0000000020002064        0x0 /home/zjian_zhang/Dplus_Z/project/realtek_amebaDplus_va0_example/GCC-RELEASE/project_km0/asdk/../../project_km4/toolchain/linux/asdk-10.3.1/linux/newlib/arm-none-eabi/lib/thumb/v8-m.base/libc_nano.a(lib_a-memchr-stub.o)
 .data          0x0000000020002064        0x0 /home/zjian_zhang/Dplus_Z/project/realtek_amebaDplus_va0_example/GCC-RELEASE/project_km0/asdk/../../project_km4/toolchain/linux/asdk-10.3.1/linux/newlib/arm-none-eabi/lib/thumb/v8-m.base/libc_nano.a(lib_a-memcpy-stub.o)
 .data          0x0000000020002064        0x0 /home/zjian_zhang/Dplus_Z/project/realtek_amebaDplus_va0_example/GCC-RELEASE/project_km0/asdk/../../project_km4/toolchain/linux/asdk-10.3.1/linux/newlib/arm-none-eabi/lib/thumb/v8-m.base/libc_nano.a(lib_a-memmove.o)
 .data          0x0000000020002064        0x0 /home/zjian_zhang/Dplus_Z/project/realtek_amebaDplus_va0_example/GCC-RELEASE/project_km0/asdk/../../project_km4/toolchain/linux/asdk-10.3.1/linux/newlib/arm-none-eabi/lib/thumb/v8-m.base/libc_nano.a(lib_a-mlock.o)
 .data          0x0000000020002064        0x0 /home/zjian_zhang/Dplus_Z/project/realtek_amebaDplus_va0_example/GCC-RELEASE/project_km0/asdk/../../project_km4/toolchain/linux/asdk-10.3.1/linux/newlib/arm-none-eabi/lib/thumb/v8-m.base/libc_nano.a(lib_a-nano-reallocr.o)
 .data          0x0000000020002064        0x0 /home/zjian_zhang/Dplus_Z/project/realtek_amebaDplus_va0_example/GCC-RELEASE/project_km0/asdk/../../project_km4/toolchain/linux/asdk-10.3.1/linux/newlib/arm-none-eabi/lib/thumb/v8-m.base/libc_nano.a(lib_a-signal.o)
 .data          0x0000000020002064        0x0 /home/zjian_zhang/Dplus_Z/project/realtek_amebaDplus_va0_example/GCC-RELEASE/project_km0/asdk/../../project_km4/toolchain/linux/asdk-10.3.1/linux/newlib/arm-none-eabi/lib/thumb/v8-m.base/libc_nano.a(lib_a-signalr.o)
 .data          0x0000000020002064        0x0 /home/zjian_zhang/Dplus_Z/project/realtek_amebaDplus_va0_example/GCC-RELEASE/project_km0/asdk/../../project_km4/toolchain/linux/asdk-10.3.1/linux/newlib/arm-none-eabi/lib/thumb/v8-m.base/libc_nano.a(lib_a-nano-msizer.o)
 .data          0x0000000020002064        0x0 /home/zjian_zhang/Dplus_Z/project/realtek_amebaDplus_va0_example/GCC-RELEASE/project_km0/asdk/../../project_km4/toolchain/linux/asdk-10.3.1/linux/newlib/lib/gcc/arm-none-eabi/10.3.1/thumb/v8-m.base/libgcc.a(_thumb1_case_shi.o)
 .data          0x0000000020002064        0x0 /home/zjian_zhang/Dplus_Z/project/realtek_amebaDplus_va0_example/GCC-RELEASE/project_km0/asdk/../../project_km4/toolchain/linux/asdk-10.3.1/linux/newlib/arm-none-eabi/lib/thumb/v8-m.base/libnosys.a(close.o)
 .data          0x0000000020002064        0x0 /home/zjian_zhang/Dplus_Z/project/realtek_amebaDplus_va0_example/GCC-RELEASE/project_km0/asdk/../../project_km4/toolchain/linux/asdk-10.3.1/linux/newlib/arm-none-eabi/lib/thumb/v8-m.base/libnosys.a(fstat.o)
 .data          0x0000000020002064        0x0 /home/zjian_zhang/Dplus_Z/project/realtek_amebaDplus_va0_example/GCC-RELEASE/project_km0/asdk/../../project_km4/toolchain/linux/asdk-10.3.1/linux/newlib/arm-none-eabi/lib/thumb/v8-m.base/libnosys.a(getpid.o)
 .data          0x0000000020002064        0x0 /home/zjian_zhang/Dplus_Z/project/realtek_amebaDplus_va0_example/GCC-RELEASE/project_km0/asdk/../../project_km4/toolchain/linux/asdk-10.3.1/linux/newlib/arm-none-eabi/lib/thumb/v8-m.base/libnosys.a(isatty.o)
 .data          0x0000000020002064        0x0 /home/zjian_zhang/Dplus_Z/project/realtek_amebaDplus_va0_example/GCC-RELEASE/project_km0/asdk/../../project_km4/toolchain/linux/asdk-10.3.1/linux/newlib/arm-none-eabi/lib/thumb/v8-m.base/libnosys.a(kill.o)
 .data          0x0000000020002064        0x0 /home/zjian_zhang/Dplus_Z/project/realtek_amebaDplus_va0_example/GCC-RELEASE/project_km0/asdk/../../project_km4/toolchain/linux/asdk-10.3.1/linux/newlib/arm-none-eabi/lib/thumb/v8-m.base/libnosys.a(lseek.o)
 .data          0x0000000020002064        0x0 /home/zjian_zhang/Dplus_Z/project/realtek_amebaDplus_va0_example/GCC-RELEASE/project_km0/asdk/../../project_km4/toolchain/linux/asdk-10.3.1/linux/newlib/arm-none-eabi/lib/thumb/v8-m.base/libnosys.a(sbrk.o)
 .data          0x0000000020002064        0x0 /home/zjian_zhang/Dplus_Z/project/realtek_amebaDplus_va0_example/GCC-RELEASE/project_km0/asdk/../../project_km4/toolchain/linux/asdk-10.3.1/linux/newlib/arm-none-eabi/lib/thumb/v8-m.base/libnosys.a(_exit.o)
                0x0000000020002064                __rom_stdlib_data_end__ = .
                0x0000000020002080                . = ALIGN (0x20)
 *fill*         0x0000000020002064       0x1c 

.rom.stdlib.bss
                0x0000000020002080       0x40
                0x0000000020002080                __rom_stdlib_bss_start__ = .
 *(.bss*)
 .bss           0x0000000020002080        0x8 ./build/stdlib/stdlib_link.o
                0x0000000020002080                rom_customer_log
 .bss           0x0000000020002088        0x0 /home/zjian_zhang/Dplus_Z/project/realtek_amebaDplus_va0_example/GCC-RELEASE/project_km0/asdk/../../project_km4/toolchain/linux/asdk-10.3.1/linux/newlib/arm-none-eabi/lib/thumb/v8-m.base/libc_nano.a(lib_a-atoi.o)
 .bss           0x0000000020002088        0x0 /home/zjian_zhang/Dplus_Z/project/realtek_amebaDplus_va0_example/GCC-RELEASE/project_km0/asdk/../../project_km4/toolchain/linux/asdk-10.3.1/linux/newlib/arm-none-eabi/lib/thumb/v8-m.base/libc_nano.a(lib_a-memset-stub.o)
 .bss           0x0000000020002088        0x0 /home/zjian_zhang/Dplus_Z/project/realtek_amebaDplus_va0_example/GCC-RELEASE/project_km0/asdk/../../project_km4/toolchain/linux/asdk-10.3.1/linux/newlib/arm-none-eabi/lib/thumb/v8-m.base/libc_nano.a(lib_a-printf.o)
 .bss           0x0000000020002088        0x0 /home/zjian_zhang/Dplus_Z/project/realtek_amebaDplus_va0_example/GCC-RELEASE/project_km0/asdk/../../project_km4/toolchain/linux/asdk-10.3.1/linux/newlib/arm-none-eabi/lib/thumb/v8-m.base/libc_nano.a(lib_a-putchar.o)
 .bss           0x0000000020002088        0x0 /home/zjian_zhang/Dplus_Z/project/realtek_amebaDplus_va0_example/GCC-RELEASE/project_km0/asdk/../../project_km4/toolchain/linux/asdk-10.3.1/linux/newlib/arm-none-eabi/lib/thumb/v8-m.base/libc_nano.a(lib_a-putc.o)
 .bss           0x0000000020002088        0x0 /home/zjian_zhang/Dplus_Z/project/realtek_amebaDplus_va0_example/GCC-RELEASE/project_km0/asdk/../../project_km4/toolchain/linux/asdk-10.3.1/linux/newlib/arm-none-eabi/lib/thumb/v8-m.base/libc_nano.a(lib_a-puts.o)
 .bss           0x0000000020002088        0x0 /home/zjian_zhang/Dplus_Z/project/realtek_amebaDplus_va0_example/GCC-RELEASE/project_km0/asdk/../../project_km4/toolchain/linux/asdk-10.3.1/linux/newlib/arm-none-eabi/lib/thumb/v8-m.base/libc_nano.a(lib_a-snprintf.o)
 .bss           0x0000000020002088        0x0 /home/zjian_zhang/Dplus_Z/project/realtek_amebaDplus_va0_example/GCC-RELEASE/project_km0/asdk/../../project_km4/toolchain/linux/asdk-10.3.1/linux/newlib/arm-none-eabi/lib/thumb/v8-m.base/libc_nano.a(lib_a-sprintf.o)
 .bss           0x0000000020002088        0x0 /home/zjian_zhang/Dplus_Z/project/realtek_amebaDplus_va0_example/GCC-RELEASE/project_km0/asdk/../../project_km4/toolchain/linux/asdk-10.3.1/linux/newlib/arm-none-eabi/lib/thumb/v8-m.base/libc_nano.a(lib_a-sscanf.o)
 .bss           0x0000000020002088        0x0 /home/zjian_zhang/Dplus_Z/project/realtek_amebaDplus_va0_example/GCC-RELEASE/project_km0/asdk/../../project_km4/toolchain/linux/asdk-10.3.1/linux/newlib/arm-none-eabi/lib/thumb/v8-m.base/libc_nano.a(lib_a-stdio.o)
 .bss           0x0000000020002088        0x0 /home/zjian_zhang/Dplus_Z/project/realtek_amebaDplus_va0_example/GCC-RELEASE/project_km0/asdk/../../project_km4/toolchain/linux/asdk-10.3.1/linux/newlib/arm-none-eabi/lib/thumb/v8-m.base/libc_nano.a(lib_a-strcat.o)
 .bss           0x0000000020002088        0x0 /home/zjian_zhang/Dplus_Z/project/realtek_amebaDplus_va0_example/GCC-RELEASE/project_km0/asdk/../../project_km4/toolchain/linux/asdk-10.3.1/linux/newlib/arm-none-eabi/lib/thumb/v8-m.base/libc_nano.a(lib_a-strchr.o)
 .bss           0x0000000020002088        0x0 /home/zjian_zhang/Dplus_Z/project/realtek_amebaDplus_va0_example/GCC-RELEASE/project_km0/asdk/../../project_km4/toolchain/linux/asdk-10.3.1/linux/newlib/arm-none-eabi/lib/thumb/v8-m.base/libc_nano.a(lib_a-strcpy.o)
 .bss           0x0000000020002088        0x0 /home/zjian_zhang/Dplus_Z/project/realtek_amebaDplus_va0_example/GCC-RELEASE/project_km0/asdk/../../project_km4/toolchain/linux/asdk-10.3.1/linux/newlib/arm-none-eabi/lib/thumb/v8-m.base/libc_nano.a(lib_a-strlen.o)
 .bss           0x0000000020002088        0x0 /home/zjian_zhang/Dplus_Z/project/realtek_amebaDplus_va0_example/GCC-RELEASE/project_km0/asdk/../../project_km4/toolchain/linux/asdk-10.3.1/linux/newlib/arm-none-eabi/lib/thumb/v8-m.base/libc_nano.a(lib_a-strncat.o)
 .bss           0x0000000020002088        0x0 /home/zjian_zhang/Dplus_Z/project/realtek_amebaDplus_va0_example/GCC-RELEASE/project_km0/asdk/../../project_km4/toolchain/linux/asdk-10.3.1/linux/newlib/arm-none-eabi/lib/thumb/v8-m.base/libc_nano.a(lib_a-strncmp.o)
 .bss           0x0000000020002088        0x0 /home/zjian_zhang/Dplus_Z/project/realtek_amebaDplus_va0_example/GCC-RELEASE/project_km0/asdk/../../project_km4/toolchain/linux/asdk-10.3.1/linux/newlib/arm-none-eabi/lib/thumb/v8-m.base/libc_nano.a(lib_a-strncpy.o)
 .bss           0x0000000020002088        0x0 /home/zjian_zhang/Dplus_Z/project/realtek_amebaDplus_va0_example/GCC-RELEASE/project_km0/asdk/../../project_km4/toolchain/linux/asdk-10.3.1/linux/newlib/arm-none-eabi/lib/thumb/v8-m.base/libc_nano.a(lib_a-strpbrk.o)
 .bss           0x0000000020002088        0x0 /home/zjian_zhang/Dplus_Z/project/realtek_amebaDplus_va0_example/GCC-RELEASE/project_km0/asdk/../../project_km4/toolchain/linux/asdk-10.3.1/linux/newlib/arm-none-eabi/lib/thumb/v8-m.base/libc_nano.a(lib_a-strsep.o)
 .bss           0x0000000020002088        0x0 /home/zjian_zhang/Dplus_Z/project/realtek_amebaDplus_va0_example/GCC-RELEASE/project_km0/asdk/../../project_km4/toolchain/linux/asdk-10.3.1/linux/newlib/arm-none-eabi/lib/thumb/v8-m.base/libc_nano.a(lib_a-strstr.o)
 .bss           0x0000000020002088        0x0 /home/zjian_zhang/Dplus_Z/project/realtek_amebaDplus_va0_example/GCC-RELEASE/project_km0/asdk/../../project_km4/toolchain/linux/asdk-10.3.1/linux/newlib/arm-none-eabi/lib/thumb/v8-m.base/libc_nano.a(lib_a-strtok.o)
 .bss           0x0000000020002088        0x0 /home/zjian_zhang/Dplus_Z/project/realtek_amebaDplus_va0_example/GCC-RELEASE/project_km0/asdk/../../project_km4/toolchain/linux/asdk-10.3.1/linux/newlib/arm-none-eabi/lib/thumb/v8-m.base/libc_nano.a(lib_a-strtok_r.o)
 .bss           0x0000000020002088        0x0 /home/zjian_zhang/Dplus_Z/project/realtek_amebaDplus_va0_example/GCC-RELEASE/project_km0/asdk/../../project_km4/toolchain/linux/asdk-10.3.1/linux/newlib/arm-none-eabi/lib/thumb/v8-m.base/libc_nano.a(lib_a-strtol.o)
 .bss           0x0000000020002088        0x0 /home/zjian_zhang/Dplus_Z/project/realtek_amebaDplus_va0_example/GCC-RELEASE/project_km0/asdk/../../project_km4/toolchain/linux/asdk-10.3.1/linux/newlib/arm-none-eabi/lib/thumb/v8-m.base/libc_nano.a(lib_a-vsnprintf.o)
 .bss           0x0000000020002088        0x0 /home/zjian_zhang/Dplus_Z/project/realtek_amebaDplus_va0_example/GCC-RELEASE/project_km0/asdk/../../project_km4/toolchain/linux/asdk-10.3.1/linux/newlib/arm-none-eabi/lib/thumb/v8-m.base/libc_nano.a(lib_a-wbuf.o)
 .bss           0x0000000020002088        0x0 /home/zjian_zhang/Dplus_Z/project/realtek_amebaDplus_va0_example/GCC-RELEASE/project_km0/asdk/../../project_km4/toolchain/linux/asdk-10.3.1/linux/newlib/arm-none-eabi/lib/thumb/v8-m.base/libc_nano.a(lib_a-writer.o)
 .bss           0x0000000020002088        0x0 /home/zjian_zhang/Dplus_Z/project/realtek_amebaDplus_va0_example/GCC-RELEASE/project_km0/asdk/../../project_km4/toolchain/linux/asdk-10.3.1/linux/newlib/arm-none-eabi/lib/thumb/v8-m.base/libc_nano.a(lib_a-wsetup.o)
 .bss           0x0000000020002088        0x0 /home/zjian_zhang/Dplus_Z/project/realtek_amebaDplus_va0_example/GCC-RELEASE/project_km0/asdk/../../project_km4/toolchain/linux/asdk-10.3.1/linux/newlib/arm-none-eabi/lib/thumb/v8-m.base/libc_nano.a(lib_a-assert.o)
 .bss           0x0000000020002088        0x0 /home/zjian_zhang/Dplus_Z/project/realtek_amebaDplus_va0_example/GCC-RELEASE/project_km0/asdk/../../project_km4/toolchain/linux/asdk-10.3.1/linux/newlib/arm-none-eabi/lib/thumb/v8-m.base/libc_nano.a(lib_a-closer.o)
 .bss           0x0000000020002088        0x0 /home/zjian_zhang/Dplus_Z/project/realtek_amebaDplus_va0_example/GCC-RELEASE/project_km0/asdk/../../project_km4/toolchain/linux/asdk-10.3.1/linux/newlib/arm-none-eabi/lib/thumb/v8-m.base/libc_nano.a(lib_a-ctype_.o)
 .bss           0x0000000020002088        0x0 /home/zjian_zhang/Dplus_Z/project/realtek_amebaDplus_va0_example/GCC-RELEASE/project_km0/asdk/../../project_km4/toolchain/linux/asdk-10.3.1/linux/newlib/arm-none-eabi/lib/thumb/v8-m.base/libc_nano.a(lib_a-errno.o)
 .bss           0x0000000020002088        0x0 /home/zjian_zhang/Dplus_Z/project/realtek_amebaDplus_va0_example/GCC-RELEASE/project_km0/asdk/../../project_km4/toolchain/linux/asdk-10.3.1/linux/newlib/arm-none-eabi/lib/thumb/v8-m.base/libc_nano.a(lib_a-fflush.o)
 .bss           0x0000000020002088        0x0 /home/zjian_zhang/Dplus_Z/project/realtek_amebaDplus_va0_example/GCC-RELEASE/project_km0/asdk/../../project_km4/toolchain/linux/asdk-10.3.1/linux/newlib/arm-none-eabi/lib/thumb/v8-m.base/libc_nano.a(lib_a-findfp.o)
 .bss           0x0000000020002088        0x0 /home/zjian_zhang/Dplus_Z/project/realtek_amebaDplus_va0_example/GCC-RELEASE/project_km0/asdk/../../project_km4/toolchain/linux/asdk-10.3.1/linux/newlib/arm-none-eabi/lib/thumb/v8-m.base/libc_nano.a(lib_a-fprintf.o)
 .bss           0x0000000020002088        0x0 /home/zjian_zhang/Dplus_Z/project/realtek_amebaDplus_va0_example/GCC-RELEASE/project_km0/asdk/../../project_km4/toolchain/linux/asdk-10.3.1/linux/newlib/arm-none-eabi/lib/thumb/v8-m.base/libc_nano.a(lib_a-fwalk.o)
 .bss           0x0000000020002088        0x0 /home/zjian_zhang/Dplus_Z/project/realtek_amebaDplus_va0_example/GCC-RELEASE/project_km0/asdk/../../project_km4/toolchain/linux/asdk-10.3.1/linux/newlib/arm-none-eabi/lib/thumb/v8-m.base/libc_nano.a(lib_a-impure.o)
 .bss           0x0000000020002088        0x9 /home/zjian_zhang/Dplus_Z/project/realtek_amebaDplus_va0_example/GCC-RELEASE/project_km0/asdk/../../project_km4/toolchain/linux/asdk-10.3.1/linux/newlib/arm-none-eabi/lib/thumb/v8-m.base/libc_nano.a(lib_a-lock.o)
                0x0000000020002088                __lock___arc4random_mutex
                0x0000000020002089                __lock___dd_hash_mutex
                0x000000002000208a                __lock___tz_mutex
                0x000000002000208b                __lock___env_recursive_mutex
                0x000000002000208c                __lock___malloc_recursive_mutex
                0x000000002000208d                __lock___at_quick_exit_mutex
                0x000000002000208e                __lock___atexit_recursive_mutex
                0x000000002000208f                __lock___sfp_recursive_mutex
                0x0000000020002090                __lock___sinit_recursive_mutex
 .bss           0x0000000020002091        0x0 /home/zjian_zhang/Dplus_Z/project/realtek_amebaDplus_va0_example/GCC-RELEASE/project_km0/asdk/../../project_km4/toolchain/linux/asdk-10.3.1/linux/newlib/arm-none-eabi/lib/thumb/v8-m.base/libc_nano.a(lib_a-lseekr.o)
 .bss           0x0000000020002091        0x0 /home/zjian_zhang/Dplus_Z/project/realtek_amebaDplus_va0_example/GCC-RELEASE/project_km0/asdk/../../project_km4/toolchain/linux/asdk-10.3.1/linux/newlib/arm-none-eabi/lib/thumb/v8-m.base/libc_nano.a(lib_a-makebuf.o)
 .bss           0x0000000020002091        0x0 /home/zjian_zhang/Dplus_Z/project/realtek_amebaDplus_va0_example/GCC-RELEASE/project_km0/asdk/../../project_km4/toolchain/linux/asdk-10.3.1/linux/newlib/arm-none-eabi/lib/thumb/v8-m.base/libc_nano.a(lib_a-malloc.o)
 .bss           0x0000000020002091        0x0 /home/zjian_zhang/Dplus_Z/project/realtek_amebaDplus_va0_example/GCC-RELEASE/project_km0/asdk/../../project_km4/toolchain/linux/asdk-10.3.1/linux/newlib/arm-none-eabi/lib/thumb/v8-m.base/libc_nano.a(lib_a-nano-freer.o)
 *fill*         0x0000000020002091        0x3 
 .bss           0x0000000020002094        0x8 /home/zjian_zhang/Dplus_Z/project/realtek_amebaDplus_va0_example/GCC-RELEASE/project_km0/asdk/../../project_km4/toolchain/linux/asdk-10.3.1/linux/newlib/arm-none-eabi/lib/thumb/v8-m.base/libc_nano.a(lib_a-nano-mallocr.o)
                0x0000000020002094                __malloc_free_list
                0x0000000020002098                __malloc_sbrk_start
 .bss           0x000000002000209c        0x0 /home/zjian_zhang/Dplus_Z/project/realtek_amebaDplus_va0_example/GCC-RELEASE/project_km0/asdk/../../project_km4/toolchain/linux/asdk-10.3.1/linux/newlib/arm-none-eabi/lib/thumb/v8-m.base/libc_nano.a(lib_a-nano-svfprintf.o)
 .bss           0x000000002000209c        0x0 /home/zjian_zhang/Dplus_Z/project/realtek_amebaDplus_va0_example/GCC-RELEASE/project_km0/asdk/../../project_km4/toolchain/linux/asdk-10.3.1/linux/newlib/arm-none-eabi/lib/thumb/v8-m.base/libc_nano.a(lib_a-nano-svfscanf.o)
 .bss           0x000000002000209c        0x0 /home/zjian_zhang/Dplus_Z/project/realtek_amebaDplus_va0_example/GCC-RELEASE/project_km0/asdk/../../project_km4/toolchain/linux/asdk-10.3.1/linux/newlib/arm-none-eabi/lib/thumb/v8-m.base/libc_nano.a(lib_a-nano-vfprintf_i.o)
 .bss           0x000000002000209c        0x0 /home/zjian_zhang/Dplus_Z/project/realtek_amebaDplus_va0_example/GCC-RELEASE/project_km0/asdk/../../project_km4/toolchain/linux/asdk-10.3.1/linux/newlib/arm-none-eabi/lib/thumb/v8-m.base/libc_nano.a(lib_a-nano-vfprintf.o)
 .bss           0x000000002000209c        0x0 /home/zjian_zhang/Dplus_Z/project/realtek_amebaDplus_va0_example/GCC-RELEASE/project_km0/asdk/../../project_km4/toolchain/linux/asdk-10.3.1/linux/newlib/arm-none-eabi/lib/thumb/v8-m.base/libc_nano.a(lib_a-nano-vfscanf_i.o)
 .bss           0x000000002000209c        0x0 /home/zjian_zhang/Dplus_Z/project/realtek_amebaDplus_va0_example/GCC-RELEASE/project_km0/asdk/../../project_km4/toolchain/linux/asdk-10.3.1/linux/newlib/arm-none-eabi/lib/thumb/v8-m.base/libc_nano.a(lib_a-readr.o)
 .bss           0x000000002000209c        0x4 /home/zjian_zhang/Dplus_Z/project/realtek_amebaDplus_va0_example/GCC-RELEASE/project_km0/asdk/../../project_km4/toolchain/linux/asdk-10.3.1/linux/newlib/arm-none-eabi/lib/thumb/v8-m.base/libc_nano.a(lib_a-reent.o)
                0x000000002000209c                errno
 .bss           0x00000000200020a0        0x0 /home/zjian_zhang/Dplus_Z/project/realtek_amebaDplus_va0_example/GCC-RELEASE/project_km0/asdk/../../project_km4/toolchain/linux/asdk-10.3.1/linux/newlib/arm-none-eabi/lib/thumb/v8-m.base/libc_nano.a(lib_a-sbrkr.o)
 .bss           0x00000000200020a0        0x0 /home/zjian_zhang/Dplus_Z/project/realtek_amebaDplus_va0_example/GCC-RELEASE/project_km0/asdk/../../project_km4/toolchain/linux/asdk-10.3.1/linux/newlib/arm-none-eabi/lib/thumb/v8-m.base/libc_nano.a(lib_a-sccl.o)
 .bss           0x00000000200020a0        0x0 /home/zjian_zhang/Dplus_Z/project/realtek_amebaDplus_va0_example/GCC-RELEASE/project_km0/asdk/../../project_km4/toolchain/linux/asdk-10.3.1/linux/newlib/arm-none-eabi/lib/thumb/v8-m.base/libc_nano.a(lib_a-strtoul.o)
 .bss           0x00000000200020a0        0x0 /home/zjian_zhang/Dplus_Z/project/realtek_amebaDplus_va0_example/GCC-RELEASE/project_km0/asdk/../../project_km4/toolchain/linux/asdk-10.3.1/linux/newlib/arm-none-eabi/lib/thumb/v8-m.base/libc_nano.a(lib_a-ungetc.o)
 .bss           0x00000000200020a0        0x0 /home/zjian_zhang/Dplus_Z/project/realtek_amebaDplus_va0_example/GCC-RELEASE/project_km0/asdk/../../project_km4/toolchain/linux/asdk-10.3.1/linux/newlib/arm-none-eabi/lib/thumb/v8-m.base/libc_nano.a(lib_a-abort.o)
 .bss           0x00000000200020a0        0x0 /home/zjian_zhang/Dplus_Z/project/realtek_amebaDplus_va0_example/GCC-RELEASE/project_km0/asdk/../../project_km4/toolchain/linux/asdk-10.3.1/linux/newlib/arm-none-eabi/lib/thumb/v8-m.base/libc_nano.a(lib_a-fstatr.o)
 .bss           0x00000000200020a0        0x0 /home/zjian_zhang/Dplus_Z/project/realtek_amebaDplus_va0_example/GCC-RELEASE/project_km0/asdk/../../project_km4/toolchain/linux/asdk-10.3.1/linux/newlib/arm-none-eabi/lib/thumb/v8-m.base/libc_nano.a(lib_a-fvwrite.o)
 .bss           0x00000000200020a0        0x0 /home/zjian_zhang/Dplus_Z/project/realtek_amebaDplus_va0_example/GCC-RELEASE/project_km0/asdk/../../project_km4/toolchain/linux/asdk-10.3.1/linux/newlib/arm-none-eabi/lib/thumb/v8-m.base/libc_nano.a(lib_a-isattyr.o)
 .bss           0x00000000200020a0        0x0 /home/zjian_zhang/Dplus_Z/project/realtek_amebaDplus_va0_example/GCC-RELEASE/project_km0/asdk/../../project_km4/toolchain/linux/asdk-10.3.1/linux/newlib/arm-none-eabi/lib/thumb/v8-m.base/libc_nano.a(lib_a-memchr-stub.o)
 .bss           0x00000000200020a0        0x0 /home/zjian_zhang/Dplus_Z/project/realtek_amebaDplus_va0_example/GCC-RELEASE/project_km0/asdk/../../project_km4/toolchain/linux/asdk-10.3.1/linux/newlib/arm-none-eabi/lib/thumb/v8-m.base/libc_nano.a(lib_a-memcpy-stub.o)
 .bss           0x00000000200020a0        0x0 /home/zjian_zhang/Dplus_Z/project/realtek_amebaDplus_va0_example/GCC-RELEASE/project_km0/asdk/../../project_km4/toolchain/linux/asdk-10.3.1/linux/newlib/arm-none-eabi/lib/thumb/v8-m.base/libc_nano.a(lib_a-memmove.o)
 .bss           0x00000000200020a0        0x0 /home/zjian_zhang/Dplus_Z/project/realtek_amebaDplus_va0_example/GCC-RELEASE/project_km0/asdk/../../project_km4/toolchain/linux/asdk-10.3.1/linux/newlib/arm-none-eabi/lib/thumb/v8-m.base/libc_nano.a(lib_a-mlock.o)
 .bss           0x00000000200020a0        0x0 /home/zjian_zhang/Dplus_Z/project/realtek_amebaDplus_va0_example/GCC-RELEASE/project_km0/asdk/../../project_km4/toolchain/linux/asdk-10.3.1/linux/newlib/arm-none-eabi/lib/thumb/v8-m.base/libc_nano.a(lib_a-nano-reallocr.o)
 .bss           0x00000000200020a0        0x0 /home/zjian_zhang/Dplus_Z/project/realtek_amebaDplus_va0_example/GCC-RELEASE/project_km0/asdk/../../project_km4/toolchain/linux/asdk-10.3.1/linux/newlib/arm-none-eabi/lib/thumb/v8-m.base/libc_nano.a(lib_a-signal.o)
 .bss           0x00000000200020a0        0x0 /home/zjian_zhang/Dplus_Z/project/realtek_amebaDplus_va0_example/GCC-RELEASE/project_km0/asdk/../../project_km4/toolchain/linux/asdk-10.3.1/linux/newlib/arm-none-eabi/lib/thumb/v8-m.base/libc_nano.a(lib_a-signalr.o)
 .bss           0x00000000200020a0        0x0 /home/zjian_zhang/Dplus_Z/project/realtek_amebaDplus_va0_example/GCC-RELEASE/project_km0/asdk/../../project_km4/toolchain/linux/asdk-10.3.1/linux/newlib/arm-none-eabi/lib/thumb/v8-m.base/libc_nano.a(lib_a-nano-msizer.o)
 .bss           0x00000000200020a0        0x0 /home/zjian_zhang/Dplus_Z/project/realtek_amebaDplus_va0_example/GCC-RELEASE/project_km0/asdk/../../project_km4/toolchain/linux/asdk-10.3.1/linux/newlib/lib/gcc/arm-none-eabi/10.3.1/thumb/v8-m.base/libgcc.a(_thumb1_case_shi.o)
 .bss           0x00000000200020a0        0x0 /home/zjian_zhang/Dplus_Z/project/realtek_amebaDplus_va0_example/GCC-RELEASE/project_km0/asdk/../../project_km4/toolchain/linux/asdk-10.3.1/linux/newlib/arm-none-eabi/lib/thumb/v8-m.base/libnosys.a(close.o)
 .bss           0x00000000200020a0        0x0 /home/zjian_zhang/Dplus_Z/project/realtek_amebaDplus_va0_example/GCC-RELEASE/project_km0/asdk/../../project_km4/toolchain/linux/asdk-10.3.1/linux/newlib/arm-none-eabi/lib/thumb/v8-m.base/libnosys.a(fstat.o)
 .bss           0x00000000200020a0        0x0 /home/zjian_zhang/Dplus_Z/project/realtek_amebaDplus_va0_example/GCC-RELEASE/project_km0/asdk/../../project_km4/toolchain/linux/asdk-10.3.1/linux/newlib/arm-none-eabi/lib/thumb/v8-m.base/libnosys.a(getpid.o)
 .bss           0x00000000200020a0        0x0 /home/zjian_zhang/Dplus_Z/project/realtek_amebaDplus_va0_example/GCC-RELEASE/project_km0/asdk/../../project_km4/toolchain/linux/asdk-10.3.1/linux/newlib/arm-none-eabi/lib/thumb/v8-m.base/libnosys.a(isatty.o)
 .bss           0x00000000200020a0        0x0 /home/zjian_zhang/Dplus_Z/project/realtek_amebaDplus_va0_example/GCC-RELEASE/project_km0/asdk/../../project_km4/toolchain/linux/asdk-10.3.1/linux/newlib/arm-none-eabi/lib/thumb/v8-m.base/libnosys.a(kill.o)
 .bss           0x00000000200020a0        0x0 /home/zjian_zhang/Dplus_Z/project/realtek_amebaDplus_va0_example/GCC-RELEASE/project_km0/asdk/../../project_km4/toolchain/linux/asdk-10.3.1/linux/newlib/arm-none-eabi/lib/thumb/v8-m.base/libnosys.a(lseek.o)
 .bss           0x00000000200020a0        0x4 /home/zjian_zhang/Dplus_Z/project/realtek_amebaDplus_va0_example/GCC-RELEASE/project_km0/asdk/../../project_km4/toolchain/linux/asdk-10.3.1/linux/newlib/arm-none-eabi/lib/thumb/v8-m.base/libnosys.a(sbrk.o)
 .bss           0x00000000200020a4        0x0 /home/zjian_zhang/Dplus_Z/project/realtek_amebaDplus_va0_example/GCC-RELEASE/project_km0/asdk/../../project_km4/toolchain/linux/asdk-10.3.1/linux/newlib/arm-none-eabi/lib/thumb/v8-m.base/libnosys.a(_exit.o)
 *(COMMON)
                0x00000000200020a4                __rom_stdlib_bss_end__ = .
                0x00000000200020c0                . = ALIGN (0x20)
 *fill*         0x00000000200020a4       0x1c 

.rom.stdlib.heap
                0x00000000200020c0        0x0
                0x00000000200020c0                __rom_stdlib_heap_start__ = .
                0x00000000200020c0                end = .

.rom.stdlib.text
                0x0000000000006000     0x37e0
                0x0000000000006000                __rom_stdlib_text_start__ = .
 *(SORT_BY_NAME(.stdlib.entry.table*))
 .stdlib.entry.table
                0x0000000000006000        0x8 ./build/stdlib/stdlib_link.o
                0x0000000000006000                stdlib_entry_table
 *(*.text*)
 .text          0x0000000000006008      0x81c ./build/stdlib/stdlib_link.o
                0x0000000000006008                test_strcat
                0x0000000000006068                test_strchr
                0x0000000000006098                test_strcpy
                0x0000000000006100                test_strncat
                0x0000000000006164                test_strncmp
                0x00000000000061a4                test_strncpy
                0x0000000000006208                test_strsep
                0x0000000000006264                test_strstr
                0x000000000000629c                test_strtok
                0x0000000000006310                test_strpbrk
                0x0000000000006380                test_stratoi
                0x00000000000063c0                test_strtol
                0x0000000000006428                _write
                0x00000000000064a4                _read
                0x0000000000006534                rtl_string_test
                0x000000000000656c                stdlib_vsnprintf_call
                0x0000000000006588                stdlib_printf_call
                0x00000000000065e0                stdlib_scanf_call
                0x000000000000662c                stdlib_test
                0x000000000000666c                stdlib_memset
                0x0000000000006720                stdlib_memcpy
                0x00000000000067d8                stdlib_init
                0x0000000000006814                stdlib_loguart_relocation
 .text          0x0000000000006824       0x18 /home/zjian_zhang/Dplus_Z/project/realtek_amebaDplus_va0_example/GCC-RELEASE/project_km0/asdk/../../project_km4/toolchain/linux/asdk-10.3.1/linux/newlib/arm-none-eabi/lib/thumb/v8-m.base/libc_nano.a(lib_a-atoi.o)
                0x0000000000006824                atoi
                0x0000000000006830                _atoi_r
 .text          0x000000000000683c       0x10 /home/zjian_zhang/Dplus_Z/project/realtek_amebaDplus_va0_example/GCC-RELEASE/project_km0/asdk/../../project_km4/toolchain/linux/asdk-10.3.1/linux/newlib/arm-none-eabi/lib/thumb/v8-m.base/libc_nano.a(lib_a-memset-stub.o)
                0x000000000000683c                memset
 .text          0x000000000000684c       0x54 /home/zjian_zhang/Dplus_Z/project/realtek_amebaDplus_va0_example/GCC-RELEASE/project_km0/asdk/../../project_km4/toolchain/linux/asdk-10.3.1/linux/newlib/arm-none-eabi/lib/thumb/v8-m.base/libc_nano.a(lib_a-printf.o)
                0x000000000000684c                _printf_r
                0x000000000000684c                _iprintf_r
                0x0000000000006872                printf
                0x0000000000006872                iprintf
 .text          0x00000000000068a0       0x40 /home/zjian_zhang/Dplus_Z/project/realtek_amebaDplus_va0_example/GCC-RELEASE/project_km0/asdk/../../project_km4/toolchain/linux/asdk-10.3.1/linux/newlib/arm-none-eabi/lib/thumb/v8-m.base/libc_nano.a(lib_a-putchar.o)
                0x00000000000068a0                _putchar_r
                0x00000000000068bc                putchar
 .text          0x00000000000068e0       0xa4 /home/zjian_zhang/Dplus_Z/project/realtek_amebaDplus_va0_example/GCC-RELEASE/project_km0/asdk/../../project_km4/toolchain/linux/asdk-10.3.1/linux/newlib/arm-none-eabi/lib/thumb/v8-m.base/libc_nano.a(lib_a-putc.o)
                0x00000000000068e0                _putc_r
                0x0000000000006970                putc
 .text          0x0000000000006984       0xf0 /home/zjian_zhang/Dplus_Z/project/realtek_amebaDplus_va0_example/GCC-RELEASE/project_km0/asdk/../../project_km4/toolchain/linux/asdk-10.3.1/linux/newlib/arm-none-eabi/lib/thumb/v8-m.base/libc_nano.a(lib_a-puts.o)
                0x0000000000006984                _puts_r
                0x0000000000006a60                puts
 .text          0x0000000000006a74       0xc8 /home/zjian_zhang/Dplus_Z/project/realtek_amebaDplus_va0_example/GCC-RELEASE/project_km0/asdk/../../project_km4/toolchain/linux/asdk-10.3.1/linux/newlib/arm-none-eabi/lib/thumb/v8-m.base/libc_nano.a(lib_a-snprintf.o)
                0x0000000000006a74                _sniprintf_r
                0x0000000000006a74                _snprintf_r
                0x0000000000006ad4                snprintf
                0x0000000000006ad4                sniprintf
 .text          0x0000000000006b3c       0x78 /home/zjian_zhang/Dplus_Z/project/realtek_amebaDplus_va0_example/GCC-RELEASE/project_km0/asdk/../../project_km4/toolchain/linux/asdk-10.3.1/linux/newlib/arm-none-eabi/lib/thumb/v8-m.base/libc_nano.a(lib_a-sprintf.o)
                0x0000000000006b3c                _siprintf_r
                0x0000000000006b3c                _sprintf_r
                0x0000000000006b74                sprintf
                0x0000000000006b74                siprintf
 .text          0x0000000000006bb4       0xa0 /home/zjian_zhang/Dplus_Z/project/realtek_amebaDplus_va0_example/GCC-RELEASE/project_km0/asdk/../../project_km4/toolchain/linux/asdk-10.3.1/linux/newlib/arm-none-eabi/lib/thumb/v8-m.base/libc_nano.a(lib_a-sscanf.o)
                0x0000000000006bb4                sscanf
                0x0000000000006bb4                siscanf
                0x0000000000006c04                _siscanf_r
                0x0000000000006c04                _sscanf_r
 .text          0x0000000000006c54       0x9c /home/zjian_zhang/Dplus_Z/project/realtek_amebaDplus_va0_example/GCC-RELEASE/project_km0/asdk/../../project_km4/toolchain/linux/asdk-10.3.1/linux/newlib/arm-none-eabi/lib/thumb/v8-m.base/libc_nano.a(lib_a-stdio.o)
                0x0000000000006c54                __sread
                0x0000000000006c7c                __seofread
                0x0000000000006c80                __swrite
                0x0000000000006cb8                __sseek
                0x0000000000006ce4                __sclose
 .text          0x0000000000006cf0       0x1a /home/zjian_zhang/Dplus_Z/project/realtek_amebaDplus_va0_example/GCC-RELEASE/project_km0/asdk/../../project_km4/toolchain/linux/asdk-10.3.1/linux/newlib/arm-none-eabi/lib/thumb/v8-m.base/libc_nano.a(lib_a-strcat.o)
                0x0000000000006cf0                strcat
 .text          0x0000000000006d0a       0x1a /home/zjian_zhang/Dplus_Z/project/realtek_amebaDplus_va0_example/GCC-RELEASE/project_km0/asdk/../../project_km4/toolchain/linux/asdk-10.3.1/linux/newlib/arm-none-eabi/lib/thumb/v8-m.base/libc_nano.a(lib_a-strchr.o)
                0x0000000000006d0a                strchr
 .text          0x0000000000006d24       0x10 /home/zjian_zhang/Dplus_Z/project/realtek_amebaDplus_va0_example/GCC-RELEASE/project_km0/asdk/../../project_km4/toolchain/linux/asdk-10.3.1/linux/newlib/arm-none-eabi/lib/thumb/v8-m.base/libc_nano.a(lib_a-strcpy.o)
                0x0000000000006d24                strcpy
 .text          0x0000000000006d34        0xe /home/zjian_zhang/Dplus_Z/project/realtek_amebaDplus_va0_example/GCC-RELEASE/project_km0/asdk/../../project_km4/toolchain/linux/asdk-10.3.1/linux/newlib/arm-none-eabi/lib/thumb/v8-m.base/libc_nano.a(lib_a-strlen.o)
                0x0000000000006d34                strlen
 .text          0x0000000000006d42       0x24 /home/zjian_zhang/Dplus_Z/project/realtek_amebaDplus_va0_example/GCC-RELEASE/project_km0/asdk/../../project_km4/toolchain/linux/asdk-10.3.1/linux/newlib/arm-none-eabi/lib/thumb/v8-m.base/libc_nano.a(lib_a-strncat.o)
                0x0000000000006d42                strncat
 .text          0x0000000000006d66       0x24 /home/zjian_zhang/Dplus_Z/project/realtek_amebaDplus_va0_example/GCC-RELEASE/project_km0/asdk/../../project_km4/toolchain/linux/asdk-10.3.1/linux/newlib/arm-none-eabi/lib/thumb/v8-m.base/libc_nano.a(lib_a-strncmp.o)
                0x0000000000006d66                strncmp
 .text          0x0000000000006d8a       0x26 /home/zjian_zhang/Dplus_Z/project/realtek_amebaDplus_va0_example/GCC-RELEASE/project_km0/asdk/../../project_km4/toolchain/linux/asdk-10.3.1/linux/newlib/arm-none-eabi/lib/thumb/v8-m.base/libc_nano.a(lib_a-strncpy.o)
                0x0000000000006d8a                strncpy
 .text          0x0000000000006db0       0x30 /home/zjian_zhang/Dplus_Z/project/realtek_amebaDplus_va0_example/GCC-RELEASE/project_km0/asdk/../../project_km4/toolchain/linux/asdk-10.3.1/linux/newlib/arm-none-eabi/lib/thumb/v8-m.base/libc_nano.a(lib_a-strpbrk.o)
                0x0000000000006db0                strpbrk
 .text          0x0000000000006de0        0xe /home/zjian_zhang/Dplus_Z/project/realtek_amebaDplus_va0_example/GCC-RELEASE/project_km0/asdk/../../project_km4/toolchain/linux/asdk-10.3.1/linux/newlib/arm-none-eabi/lib/thumb/v8-m.base/libc_nano.a(lib_a-strsep.o)
                0x0000000000006de0                strsep
 .text          0x0000000000006dee       0x2a /home/zjian_zhang/Dplus_Z/project/realtek_amebaDplus_va0_example/GCC-RELEASE/project_km0/asdk/../../project_km4/toolchain/linux/asdk-10.3.1/linux/newlib/arm-none-eabi/lib/thumb/v8-m.base/libc_nano.a(lib_a-strstr.o)
                0x0000000000006dee                strstr
 .text          0x0000000000006e18       0x64 /home/zjian_zhang/Dplus_Z/project/realtek_amebaDplus_va0_example/GCC-RELEASE/project_km0/asdk/../../project_km4/toolchain/linux/asdk-10.3.1/linux/newlib/arm-none-eabi/lib/thumb/v8-m.base/libc_nano.a(lib_a-strtok.o)
                0x0000000000006e18                strtok
 .text          0x0000000000006e7c       0x5e /home/zjian_zhang/Dplus_Z/project/realtek_amebaDplus_va0_example/GCC-RELEASE/project_km0/asdk/../../project_km4/toolchain/linux/asdk-10.3.1/linux/newlib/arm-none-eabi/lib/thumb/v8-m.base/libc_nano.a(lib_a-strtok_r.o)
                0x0000000000006e7c                __strtok_r
                0x0000000000006ed0                strtok_r
 *fill*         0x0000000000006eda        0x2 
 .text          0x0000000000006edc      0x154 /home/zjian_zhang/Dplus_Z/project/realtek_amebaDplus_va0_example/GCC-RELEASE/project_km0/asdk/../../project_km4/toolchain/linux/asdk-10.3.1/linux/newlib/arm-none-eabi/lib/thumb/v8-m.base/libc_nano.a(lib_a-strtol.o)
                0x0000000000006ff8                _strtol_r
                0x0000000000007000                strtol_l
                0x0000000000007018                strtol
 .text          0x0000000000007030       0x6c /home/zjian_zhang/Dplus_Z/project/realtek_amebaDplus_va0_example/GCC-RELEASE/project_km0/asdk/../../project_km4/toolchain/linux/asdk-10.3.1/linux/newlib/arm-none-eabi/lib/thumb/v8-m.base/libc_nano.a(lib_a-vsnprintf.o)
                0x0000000000007030                _vsnprintf_r
                0x0000000000007030                _vsniprintf_r
                0x0000000000007084                vsnprintf
                0x0000000000007084                vsniprintf
 .text          0x000000000000709c       0xb8 /home/zjian_zhang/Dplus_Z/project/realtek_amebaDplus_va0_example/GCC-RELEASE/project_km0/asdk/../../project_km4/toolchain/linux/asdk-10.3.1/linux/newlib/arm-none-eabi/lib/thumb/v8-m.base/libc_nano.a(lib_a-wbuf.o)
                0x000000000000709c                __swbuf_r
                0x0000000000007140                __swbuf
 .text          0x0000000000007154       0x24 /home/zjian_zhang/Dplus_Z/project/realtek_amebaDplus_va0_example/GCC-RELEASE/project_km0/asdk/../../project_km4/toolchain/linux/asdk-10.3.1/linux/newlib/arm-none-eabi/lib/thumb/v8-m.base/libc_nano.a(lib_a-writer.o)
                0x0000000000007154                _write_r
 .text          0x0000000000007178       0xe8 /home/zjian_zhang/Dplus_Z/project/realtek_amebaDplus_va0_example/GCC-RELEASE/project_km0/asdk/../../project_km4/toolchain/linux/asdk-10.3.1/linux/newlib/arm-none-eabi/lib/thumb/v8-m.base/libc_nano.a(lib_a-wsetup.o)
                0x0000000000007178                __swsetup_r
 .text          0x0000000000007260       0x48 /home/zjian_zhang/Dplus_Z/project/realtek_amebaDplus_va0_example/GCC-RELEASE/project_km0/asdk/../../project_km4/toolchain/linux/asdk-10.3.1/linux/newlib/arm-none-eabi/lib/thumb/v8-m.base/libc_nano.a(lib_a-assert.o)
                0x0000000000007260                __assert_func
                0x000000000000729c                __assert
 .text          0x00000000000072a8       0x20 /home/zjian_zhang/Dplus_Z/project/realtek_amebaDplus_va0_example/GCC-RELEASE/project_km0/asdk/../../project_km4/toolchain/linux/asdk-10.3.1/linux/newlib/arm-none-eabi/lib/thumb/v8-m.base/libc_nano.a(lib_a-closer.o)
                0x00000000000072a8                _close_r
 .text          0x00000000000072c8        0x0 /home/zjian_zhang/Dplus_Z/project/realtek_amebaDplus_va0_example/GCC-RELEASE/project_km0/asdk/../../project_km4/toolchain/linux/asdk-10.3.1/linux/newlib/arm-none-eabi/lib/thumb/v8-m.base/libc_nano.a(lib_a-ctype_.o)
 .text          0x00000000000072c8        0xc /home/zjian_zhang/Dplus_Z/project/realtek_amebaDplus_va0_example/GCC-RELEASE/project_km0/asdk/../../project_km4/toolchain/linux/asdk-10.3.1/linux/newlib/arm-none-eabi/lib/thumb/v8-m.base/libc_nano.a(lib_a-errno.o)
                0x00000000000072c8                __errno
 .text          0x00000000000072d4      0x1b4 /home/zjian_zhang/Dplus_Z/project/realtek_amebaDplus_va0_example/GCC-RELEASE/project_km0/asdk/../../project_km4/toolchain/linux/asdk-10.3.1/linux/newlib/arm-none-eabi/lib/thumb/v8-m.base/libc_nano.a(lib_a-fflush.o)
                0x00000000000072d4                __sflush_r
                0x00000000000073e8                _fflush_r
                0x0000000000007460                fflush
 .text          0x0000000000007488      0x238 /home/zjian_zhang/Dplus_Z/project/realtek_amebaDplus_va0_example/GCC-RELEASE/project_km0/asdk/../../project_km4/toolchain/linux/asdk-10.3.1/linux/newlib/arm-none-eabi/lib/thumb/v8-m.base/libc_nano.a(lib_a-findfp.o)
                0x00000000000074d0                _cleanup_r
                0x0000000000007510                __sfmoreglue
                0x000000000000753c                _cleanup
                0x000000000000754c                __sfp_lock_acquire
                0x000000000000755c                __sfp_lock_release
                0x000000000000756c                __sinit_lock_acquire
                0x000000000000757c                __sinit_lock_release
                0x000000000000758c                __sinit
                0x00000000000075fc                __sfp
                0x0000000000007688                __fp_lock_all
                0x00000000000076a4                __fp_unlock_all
 .text          0x00000000000076c0       0x38 /home/zjian_zhang/Dplus_Z/project/realtek_amebaDplus_va0_example/GCC-RELEASE/project_km0/asdk/../../project_km4/toolchain/linux/asdk-10.3.1/linux/newlib/arm-none-eabi/lib/thumb/v8-m.base/libc_nano.a(lib_a-fprintf.o)
                0x00000000000076c0                _fprintf_r
                0x00000000000076c0                _fiprintf_r
                0x00000000000076d6                fprintf
                0x00000000000076d6                fiprintf
 .text          0x00000000000076f8       0x76 /home/zjian_zhang/Dplus_Z/project/realtek_amebaDplus_va0_example/GCC-RELEASE/project_km0/asdk/../../project_km4/toolchain/linux/asdk-10.3.1/linux/newlib/arm-none-eabi/lib/thumb/v8-m.base/libc_nano.a(lib_a-fwalk.o)
                0x00000000000076f8                _fwalk
                0x000000000000772e                _fwalk_reent
 .text          0x000000000000776e        0x0 /home/zjian_zhang/Dplus_Z/project/realtek_amebaDplus_va0_example/GCC-RELEASE/project_km0/asdk/../../project_km4/toolchain/linux/asdk-10.3.1/linux/newlib/arm-none-eabi/lib/thumb/v8-m.base/libc_nano.a(lib_a-impure.o)
 .text          0x000000000000776e       0x18 /home/zjian_zhang/Dplus_Z/project/realtek_amebaDplus_va0_example/GCC-RELEASE/project_km0/asdk/../../project_km4/toolchain/linux/asdk-10.3.1/linux/newlib/arm-none-eabi/lib/thumb/v8-m.base/libc_nano.a(lib_a-lock.o)
                0x000000000000776e                __retarget_lock_init
                0x0000000000007770                __retarget_lock_init_recursive
                0x0000000000007772                __retarget_lock_close
                0x0000000000007774                __retarget_lock_close_recursive
                0x0000000000007776                __retarget_lock_acquire
                0x0000000000007778                __retarget_lock_acquire_recursive
                0x000000000000777a                __retarget_lock_try_acquire
                0x000000000000777e                __retarget_lock_try_acquire_recursive
                0x0000000000007782                __retarget_lock_release
                0x0000000000007784                __retarget_lock_release_recursive
 *fill*         0x0000000000007786        0x2 
 .text          0x0000000000007788       0x24 /home/zjian_zhang/Dplus_Z/project/realtek_amebaDplus_va0_example/GCC-RELEASE/project_km0/asdk/../../project_km4/toolchain/linux/asdk-10.3.1/linux/newlib/arm-none-eabi/lib/thumb/v8-m.base/libc_nano.a(lib_a-lseekr.o)
                0x0000000000007788                _lseek_r
 .text          0x00000000000077ac       0xd0 /home/zjian_zhang/Dplus_Z/project/realtek_amebaDplus_va0_example/GCC-RELEASE/project_km0/asdk/../../project_km4/toolchain/linux/asdk-10.3.1/linux/newlib/arm-none-eabi/lib/thumb/v8-m.base/libc_nano.a(lib_a-makebuf.o)
                0x00000000000077ac                __swhatbuf_r
                0x00000000000077fc                __smakebuf_r
 .text          0x000000000000787c       0x14 /home/zjian_zhang/Dplus_Z/project/realtek_amebaDplus_va0_example/GCC-RELEASE/project_km0/asdk/../../project_km4/toolchain/linux/asdk-10.3.1/linux/newlib/arm-none-eabi/lib/thumb/v8-m.base/libc_nano.a(lib_a-malloc.o)
                0x000000000000787c                malloc
 .text          0x0000000000007890       0x8c /home/zjian_zhang/Dplus_Z/project/realtek_amebaDplus_va0_example/GCC-RELEASE/project_km0/asdk/../../project_km4/toolchain/linux/asdk-10.3.1/linux/newlib/arm-none-eabi/lib/thumb/v8-m.base/libc_nano.a(lib_a-nano-freer.o)
                0x0000000000007890                _free_r
 .text          0x000000000000791c       0xb4 /home/zjian_zhang/Dplus_Z/project/realtek_amebaDplus_va0_example/GCC-RELEASE/project_km0/asdk/../../project_km4/toolchain/linux/asdk-10.3.1/linux/newlib/arm-none-eabi/lib/thumb/v8-m.base/libc_nano.a(lib_a-nano-mallocr.o)
                0x000000000000791c                _malloc_r
 .text          0x00000000000079d0      0x3c0 /home/zjian_zhang/Dplus_Z/project/realtek_amebaDplus_va0_example/GCC-RELEASE/project_km0/asdk/../../project_km4/toolchain/linux/asdk-10.3.1/linux/newlib/arm-none-eabi/lib/thumb/v8-m.base/libc_nano.a(lib_a-nano-svfprintf.o)
                0x00000000000079d0                __ssputs_r
                0x0000000000007a94                __ssprint_r
                0x0000000000007b94                _svfprintf_r
                0x0000000000007b94                _svfiprintf_r
 .text          0x0000000000007d90      0x3a8 /home/zjian_zhang/Dplus_Z/project/realtek_amebaDplus_va0_example/GCC-RELEASE/project_km0/asdk/../../project_km4/toolchain/linux/asdk-10.3.1/linux/newlib/arm-none-eabi/lib/thumb/v8-m.base/libc_nano.a(lib_a-nano-svfscanf.o)
                0x0000000000007d90                _sungetc_r
                0x0000000000007e04                __ssrefill_r
                0x0000000000007e3e                __ssvfscanf_r
                0x0000000000007e3e                __ssvfiscanf_r
 .text          0x0000000000008138      0x2f4 /home/zjian_zhang/Dplus_Z/project/realtek_amebaDplus_va0_example/GCC-RELEASE/project_km0/asdk/../../project_km4/toolchain/linux/asdk-10.3.1/linux/newlib/arm-none-eabi/lib/thumb/v8-m.base/libc_nano.a(lib_a-nano-vfprintf_i.o)
                0x0000000000008138                _printf_common
                0x0000000000008214                _printf_i
 .text          0x000000000000842c      0x2e4 /home/zjian_zhang/Dplus_Z/project/realtek_amebaDplus_va0_example/GCC-RELEASE/project_km0/asdk/../../project_km4/toolchain/linux/asdk-10.3.1/linux/newlib/arm-none-eabi/lib/thumb/v8-m.base/libc_nano.a(lib_a-nano-vfprintf.o)
                0x0000000000008456                __sfputs_r
                0x000000000000847a                __sprint_r
                0x0000000000008494                _vfiprintf_r
                0x0000000000008494                _vfprintf_r
                0x00000000000086f8                vfiprintf
                0x00000000000086f8                vfprintf
 .text          0x0000000000008710      0x2ac /home/zjian_zhang/Dplus_Z/project/realtek_amebaDplus_va0_example/GCC-RELEASE/project_km0/asdk/../../project_km4/toolchain/linux/asdk-10.3.1/linux/newlib/arm-none-eabi/lib/thumb/v8-m.base/libc_nano.a(lib_a-nano-vfscanf_i.o)
                0x0000000000008710                _scanf_chars
                0x00000000000087c0                _scanf_i
 .text          0x00000000000089bc       0x24 /home/zjian_zhang/Dplus_Z/project/realtek_amebaDplus_va0_example/GCC-RELEASE/project_km0/asdk/../../project_km4/toolchain/linux/asdk-10.3.1/linux/newlib/arm-none-eabi/lib/thumb/v8-m.base/libc_nano.a(lib_a-readr.o)
                0x00000000000089bc                _read_r
 .text          0x00000000000089e0       0xc8 /home/zjian_zhang/Dplus_Z/project/realtek_amebaDplus_va0_example/GCC-RELEASE/project_km0/asdk/../../project_km4/toolchain/linux/asdk-10.3.1/linux/newlib/arm-none-eabi/lib/thumb/v8-m.base/libc_nano.a(lib_a-reent.o)
                0x00000000000089e0                cleanup_glue
                0x00000000000089f8                _reclaim_reent
 .text          0x0000000000008aa8       0x20 /home/zjian_zhang/Dplus_Z/project/realtek_amebaDplus_va0_example/GCC-RELEASE/project_km0/asdk/../../project_km4/toolchain/linux/asdk-10.3.1/linux/newlib/arm-none-eabi/lib/thumb/v8-m.base/libc_nano.a(lib_a-sbrkr.o)
                0x0000000000008aa8                _sbrk_r
 .text          0x0000000000008ac8       0x74 /home/zjian_zhang/Dplus_Z/project/realtek_amebaDplus_va0_example/GCC-RELEASE/project_km0/asdk/../../project_km4/toolchain/linux/asdk-10.3.1/linux/newlib/arm-none-eabi/lib/thumb/v8-m.base/libc_nano.a(lib_a-sccl.o)
                0x0000000000008ac8                __sccl
 .text          0x0000000000008b3c      0x134 /home/zjian_zhang/Dplus_Z/project/realtek_amebaDplus_va0_example/GCC-RELEASE/project_km0/asdk/../../project_km4/toolchain/linux/asdk-10.3.1/linux/newlib/arm-none-eabi/lib/thumb/v8-m.base/libc_nano.a(lib_a-strtoul.o)
                0x0000000000008c38                _strtoul_r
                0x0000000000008c40                strtoul_l
                0x0000000000008c58                strtoul
 .text          0x0000000000008c70      0x1b4 /home/zjian_zhang/Dplus_Z/project/realtek_amebaDplus_va0_example/GCC-RELEASE/project_km0/asdk/../../project_km4/toolchain/linux/asdk-10.3.1/linux/newlib/arm-none-eabi/lib/thumb/v8-m.base/libc_nano.a(lib_a-ungetc.o)
                0x0000000000008c70                __submore
                0x0000000000008ce4                _ungetc_r
                0x0000000000008e10                ungetc
 .text          0x0000000000008e24        0xe /home/zjian_zhang/Dplus_Z/project/realtek_amebaDplus_va0_example/GCC-RELEASE/project_km0/asdk/../../project_km4/toolchain/linux/asdk-10.3.1/linux/newlib/arm-none-eabi/lib/thumb/v8-m.base/libc_nano.a(lib_a-abort.o)
                0x0000000000008e24                abort
 *fill*         0x0000000000008e32        0x2 
 .text          0x0000000000008e34       0x24 /home/zjian_zhang/Dplus_Z/project/realtek_amebaDplus_va0_example/GCC-RELEASE/project_km0/asdk/../../project_km4/toolchain/linux/asdk-10.3.1/linux/newlib/arm-none-eabi/lib/thumb/v8-m.base/libc_nano.a(lib_a-fstatr.o)
                0x0000000000008e34                _fstat_r
 .text          0x0000000000008e58      0x2d0 /home/zjian_zhang/Dplus_Z/project/realtek_amebaDplus_va0_example/GCC-RELEASE/project_km0/asdk/../../project_km4/toolchain/linux/asdk-10.3.1/linux/newlib/arm-none-eabi/lib/thumb/v8-m.base/libc_nano.a(lib_a-fvwrite.o)
                0x0000000000008e58                __sfvwrite_r
 .text          0x0000000000009128       0x20 /home/zjian_zhang/Dplus_Z/project/realtek_amebaDplus_va0_example/GCC-RELEASE/project_km0/asdk/../../project_km4/toolchain/linux/asdk-10.3.1/linux/newlib/arm-none-eabi/lib/thumb/v8-m.base/libc_nano.a(lib_a-isattyr.o)
                0x0000000000009128                _isatty_r
 .text          0x0000000000009148       0x16 /home/zjian_zhang/Dplus_Z/project/realtek_amebaDplus_va0_example/GCC-RELEASE/project_km0/asdk/../../project_km4/toolchain/linux/asdk-10.3.1/linux/newlib/arm-none-eabi/lib/thumb/v8-m.base/libc_nano.a(lib_a-memchr-stub.o)
                0x0000000000009148                memchr
 .text          0x000000000000915e       0x12 /home/zjian_zhang/Dplus_Z/project/realtek_amebaDplus_va0_example/GCC-RELEASE/project_km0/asdk/../../project_km4/toolchain/linux/asdk-10.3.1/linux/newlib/arm-none-eabi/lib/thumb/v8-m.base/libc_nano.a(lib_a-memcpy-stub.o)
                0x000000000000915e                memcpy
 .text          0x0000000000009170       0x26 /home/zjian_zhang/Dplus_Z/project/realtek_amebaDplus_va0_example/GCC-RELEASE/project_km0/asdk/../../project_km4/toolchain/linux/asdk-10.3.1/linux/newlib/arm-none-eabi/lib/thumb/v8-m.base/libc_nano.a(lib_a-memmove.o)
                0x0000000000009170                memmove
 *fill*         0x0000000000009196        0x2 
 .text          0x0000000000009198       0x20 /home/zjian_zhang/Dplus_Z/project/realtek_amebaDplus_va0_example/GCC-RELEASE/project_km0/asdk/../../project_km4/toolchain/linux/asdk-10.3.1/linux/newlib/arm-none-eabi/lib/thumb/v8-m.base/libc_nano.a(lib_a-mlock.o)
                0x0000000000009198                __malloc_lock
                0x00000000000091a8                __malloc_unlock
 .text          0x00000000000091b8       0x5c /home/zjian_zhang/Dplus_Z/project/realtek_amebaDplus_va0_example/GCC-RELEASE/project_km0/asdk/../../project_km4/toolchain/linux/asdk-10.3.1/linux/newlib/arm-none-eabi/lib/thumb/v8-m.base/libc_nano.a(lib_a-nano-reallocr.o)
                0x00000000000091b8                _realloc_r
 .text          0x0000000000009214      0x134 /home/zjian_zhang/Dplus_Z/project/realtek_amebaDplus_va0_example/GCC-RELEASE/project_km0/asdk/../../project_km4/toolchain/linux/asdk-10.3.1/linux/newlib/arm-none-eabi/lib/thumb/v8-m.base/libc_nano.a(lib_a-signal.o)
                0x0000000000009214                _init_signal_r
                0x000000000000923a                _signal_r
                0x000000000000926a                _raise_r
                0x00000000000092ba                __sigtramp_r
                0x00000000000092fe                raise
                0x0000000000009310                signal
                0x0000000000009324                _init_signal
                0x0000000000009334                __sigtramp
 .text          0x0000000000009348       0x2c /home/zjian_zhang/Dplus_Z/project/realtek_amebaDplus_va0_example/GCC-RELEASE/project_km0/asdk/../../project_km4/toolchain/linux/asdk-10.3.1/linux/newlib/arm-none-eabi/lib/thumb/v8-m.base/libc_nano.a(lib_a-signalr.o)
                0x0000000000009348                _kill_r
                0x000000000000936c                _getpid_r
 .text          0x0000000000009374       0x10 /home/zjian_zhang/Dplus_Z/project/realtek_amebaDplus_va0_example/GCC-RELEASE/project_km0/asdk/../../project_km4/toolchain/linux/asdk-10.3.1/linux/newlib/arm-none-eabi/lib/thumb/v8-m.base/libc_nano.a(lib_a-nano-msizer.o)
                0x0000000000009374                _malloc_usable_size_r
 .text          0x0000000000009384       0x14 /home/zjian_zhang/Dplus_Z/project/realtek_amebaDplus_va0_example/GCC-RELEASE/project_km0/asdk/../../project_km4/toolchain/linux/asdk-10.3.1/linux/newlib/lib/gcc/arm-none-eabi/10.3.1/thumb/v8-m.base/libgcc.a(_thumb1_case_shi.o)
                0x0000000000009384                __gnu_thumb1_case_shi
 .text          0x0000000000009398       0x10 /home/zjian_zhang/Dplus_Z/project/realtek_amebaDplus_va0_example/GCC-RELEASE/project_km0/asdk/../../project_km4/toolchain/linux/asdk-10.3.1/linux/newlib/arm-none-eabi/lib/thumb/v8-m.base/libnosys.a(close.o)
                0x0000000000009398                _close
 .text          0x00000000000093a8       0x10 /home/zjian_zhang/Dplus_Z/project/realtek_amebaDplus_va0_example/GCC-RELEASE/project_km0/asdk/../../project_km4/toolchain/linux/asdk-10.3.1/linux/newlib/arm-none-eabi/lib/thumb/v8-m.base/libnosys.a(fstat.o)
                0x00000000000093a8                _fstat
 .text          0x00000000000093b8       0x10 /home/zjian_zhang/Dplus_Z/project/realtek_amebaDplus_va0_example/GCC-RELEASE/project_km0/asdk/../../project_km4/toolchain/linux/asdk-10.3.1/linux/newlib/arm-none-eabi/lib/thumb/v8-m.base/libnosys.a(getpid.o)
                0x00000000000093b8                _getpid
 .text          0x00000000000093c8       0x10 /home/zjian_zhang/Dplus_Z/project/realtek_amebaDplus_va0_example/GCC-RELEASE/project_km0/asdk/../../project_km4/toolchain/linux/asdk-10.3.1/linux/newlib/arm-none-eabi/lib/thumb/v8-m.base/libnosys.a(isatty.o)
                0x00000000000093c8                _isatty
 .text          0x00000000000093d8       0x10 /home/zjian_zhang/Dplus_Z/project/realtek_amebaDplus_va0_example/GCC-RELEASE/project_km0/asdk/../../project_km4/toolchain/linux/asdk-10.3.1/linux/newlib/arm-none-eabi/lib/thumb/v8-m.base/libnosys.a(kill.o)
                0x00000000000093d8                _kill
 .text          0x00000000000093e8       0x10 /home/zjian_zhang/Dplus_Z/project/realtek_amebaDplus_va0_example/GCC-RELEASE/project_km0/asdk/../../project_km4/toolchain/linux/asdk-10.3.1/linux/newlib/arm-none-eabi/lib/thumb/v8-m.base/libnosys.a(lseek.o)
                0x00000000000093e8                _lseek
 .text          0x00000000000093f8       0x1c /home/zjian_zhang/Dplus_Z/project/realtek_amebaDplus_va0_example/GCC-RELEASE/project_km0/asdk/../../project_km4/toolchain/linux/asdk-10.3.1/linux/newlib/arm-none-eabi/lib/thumb/v8-m.base/libnosys.a(sbrk.o)
                0x00000000000093f8                _sbrk
 .text          0x0000000000009414        0x2 /home/zjian_zhang/Dplus_Z/project/realtek_amebaDplus_va0_example/GCC-RELEASE/project_km0/asdk/../../project_km4/toolchain/linux/asdk-10.3.1/linux/newlib/arm-none-eabi/lib/thumb/v8-m.base/libnosys.a(_exit.o)
                0x0000000000009414                _exit
 *(*.rodata*)
 *fill*         0x0000000000009416        0x2 
 .rom.rodata    0x0000000000009418      0x13b ./build/stdlib/stdlib_link.o
 .rodata.str1.1
                0x0000000000009553       0x8d /home/zjian_zhang/Dplus_Z/project/realtek_amebaDplus_va0_example/GCC-RELEASE/project_km0/asdk/../../project_km4/toolchain/linux/asdk-10.3.1/linux/newlib/arm-none-eabi/lib/thumb/v8-m.base/libc_nano.a(lib_a-strtok.o)
 .rodata.str1.1
                0x00000000000095e0       0x3c /home/zjian_zhang/Dplus_Z/project/realtek_amebaDplus_va0_example/GCC-RELEASE/project_km0/asdk/../../project_km4/toolchain/linux/asdk-10.3.1/linux/newlib/arm-none-eabi/lib/thumb/v8-m.base/libc_nano.a(lib_a-assert.o)
                                         0x3d (size before relaxing)
 .rodata        0x000000000000961c      0x101 /home/zjian_zhang/Dplus_Z/project/realtek_amebaDplus_va0_example/GCC-RELEASE/project_km0/asdk/../../project_km4/toolchain/linux/asdk-10.3.1/linux/newlib/arm-none-eabi/lib/thumb/v8-m.base/libc_nano.a(lib_a-ctype_.o)
                0x000000000000961c                _ctype_
 *fill*         0x000000000000971d        0x3 
 .rodata        0x0000000000009720       0x60 /home/zjian_zhang/Dplus_Z/project/realtek_amebaDplus_va0_example/GCC-RELEASE/project_km0/asdk/../../project_km4/toolchain/linux/asdk-10.3.1/linux/newlib/arm-none-eabi/lib/thumb/v8-m.base/libc_nano.a(lib_a-findfp.o)
                0x0000000000009720                __sf_fake_stderr
                0x0000000000009740                __sf_fake_stdout
                0x0000000000009760                __sf_fake_stdin
 .rodata        0x0000000000009780        0x4 /home/zjian_zhang/Dplus_Z/project/realtek_amebaDplus_va0_example/GCC-RELEASE/project_km0/asdk/../../project_km4/toolchain/linux/asdk-10.3.1/linux/newlib/arm-none-eabi/lib/thumb/v8-m.base/libc_nano.a(lib_a-impure.o)
                0x0000000000009780                _global_impure_ptr
 .rodata.str1.1
                0x0000000000009784       0x11 /home/zjian_zhang/Dplus_Z/project/realtek_amebaDplus_va0_example/GCC-RELEASE/project_km0/asdk/../../project_km4/toolchain/linux/asdk-10.3.1/linux/newlib/arm-none-eabi/lib/thumb/v8-m.base/libc_nano.a(lib_a-nano-svfprintf.o)
 .rodata.str1.1
                0x0000000000009795        0x4 /home/zjian_zhang/Dplus_Z/project/realtek_amebaDplus_va0_example/GCC-RELEASE/project_km0/asdk/../../project_km4/toolchain/linux/asdk-10.3.1/linux/newlib/arm-none-eabi/lib/thumb/v8-m.base/libc_nano.a(lib_a-nano-svfscanf.o)
 .rodata.str1.1
                0x0000000000009795       0x22 /home/zjian_zhang/Dplus_Z/project/realtek_amebaDplus_va0_example/GCC-RELEASE/project_km0/asdk/../../project_km4/toolchain/linux/asdk-10.3.1/linux/newlib/arm-none-eabi/lib/thumb/v8-m.base/libc_nano.a(lib_a-nano-vfprintf_i.o)
 .rodata.str1.1
                0x00000000000097b7       0x11 /home/zjian_zhang/Dplus_Z/project/realtek_amebaDplus_va0_example/GCC-RELEASE/project_km0/asdk/../../project_km4/toolchain/linux/asdk-10.3.1/linux/newlib/arm-none-eabi/lib/thumb/v8-m.base/libc_nano.a(lib_a-nano-vfprintf.o)
 .rodata.str1.1
                0x00000000000097b7       0x1b /home/zjian_zhang/Dplus_Z/project/realtek_amebaDplus_va0_example/GCC-RELEASE/project_km0/asdk/../../project_km4/toolchain/linux/asdk-10.3.1/linux/newlib/arm-none-eabi/lib/thumb/v8-m.base/libc_nano.a(lib_a-nano-vfscanf_i.o)
 *fill*         0x00000000000097d2        0x2 
 .rodata        0x00000000000097d4        0xc /home/zjian_zhang/Dplus_Z/project/realtek_amebaDplus_va0_example/GCC-RELEASE/project_km0/asdk/../../project_km4/toolchain/linux/asdk-10.3.1/linux/newlib/arm-none-eabi/lib/thumb/v8-m.base/libc_nano.a(lib_a-nano-vfscanf_i.o)
                0x00000000000097e0                . = ALIGN (0x20)
                0x00000000000097e0                __rom_stdlib_text_end__ = .
                0x0000000000000001                ASSERT ((((__rom_stdlib_data_end__ - __rom_stdlib_data_start__) + __rom_stdlib_text_end__) < (ORIGIN (KM0_IROM_STDLIB) + LENGTH (KM0_IROM_STDLIB))), STDLIB size overflow.)
OUTPUT(target_stdlib.axf elf32-littlearm)
LOAD linker stubs

.glue_7         0x00000000000097e0        0x0
 .glue_7        0x00000000000097e0        0x0 linker stubs

.glue_7t        0x00000000000097e0        0x0
 .glue_7t       0x00000000000097e0        0x0 linker stubs

.vfp11_veneer   0x00000000000097e0        0x0
 .vfp11_veneer  0x00000000000097e0        0x0 linker stubs

.v4_bx          0x00000000000097e0        0x0
 .v4_bx         0x00000000000097e0        0x0 linker stubs

.iplt           0x00000000000097e0        0x0
 .iplt          0x00000000000097e0        0x0 ./build/stdlib/stdlib_link.o

.igot.plt       0x00000000000097e0        0x0
 .igot.plt      0x00000000000097e0        0x0 ./build/stdlib/stdlib_link.o

.rel.dyn        0x00000000000097e0        0x0
 .rel.iplt      0x00000000000097e0        0x0 ./build/stdlib/stdlib_link.o

.debug_info     0x0000000000000000     0x1a12
 .debug_info    0x0000000000000000     0x1250 ./build/stdlib/stdlib_link.o
 .debug_info    0x0000000000001250       0x26 /home/zjian_zhang/Dplus_Z/project/realtek_amebaDplus_va0_example/GCC-RELEASE/project_km0/asdk/../../project_km4/toolchain/linux/asdk-10.3.1/linux/newlib/lib/gcc/arm-none-eabi/10.3.1/thumb/v8-m.base/libgcc.a(_thumb1_case_shi.o)
 .debug_info    0x0000000000001276       0xb1 /home/zjian_zhang/Dplus_Z/project/realtek_amebaDplus_va0_example/GCC-RELEASE/project_km0/asdk/../../project_km4/toolchain/linux/asdk-10.3.1/linux/newlib/arm-none-eabi/lib/thumb/v8-m.base/libnosys.a(close.o)
 .debug_info    0x0000000000001327      0x2cc /home/zjian_zhang/Dplus_Z/project/realtek_amebaDplus_va0_example/GCC-RELEASE/project_km0/asdk/../../project_km4/toolchain/linux/asdk-10.3.1/linux/newlib/arm-none-eabi/lib/thumb/v8-m.base/libnosys.a(fstat.o)
 .debug_info    0x00000000000015f3       0x9c /home/zjian_zhang/Dplus_Z/project/realtek_amebaDplus_va0_example/GCC-RELEASE/project_km0/asdk/../../project_km4/toolchain/linux/asdk-10.3.1/linux/newlib/arm-none-eabi/lib/thumb/v8-m.base/libnosys.a(getpid.o)
 .debug_info    0x000000000000168f       0xb1 /home/zjian_zhang/Dplus_Z/project/realtek_amebaDplus_va0_example/GCC-RELEASE/project_km0/asdk/../../project_km4/toolchain/linux/asdk-10.3.1/linux/newlib/arm-none-eabi/lib/thumb/v8-m.base/libnosys.a(isatty.o)
 .debug_info    0x0000000000001740       0xbf /home/zjian_zhang/Dplus_Z/project/realtek_amebaDplus_va0_example/GCC-RELEASE/project_km0/asdk/../../project_km4/toolchain/linux/asdk-10.3.1/linux/newlib/arm-none-eabi/lib/thumb/v8-m.base/libnosys.a(kill.o)
 .debug_info    0x00000000000017ff       0xd3 /home/zjian_zhang/Dplus_Z/project/realtek_amebaDplus_va0_example/GCC-RELEASE/project_km0/asdk/../../project_km4/toolchain/linux/asdk-10.3.1/linux/newlib/arm-none-eabi/lib/thumb/v8-m.base/libnosys.a(lseek.o)
 .debug_info    0x00000000000018d2       0x9d /home/zjian_zhang/Dplus_Z/project/realtek_amebaDplus_va0_example/GCC-RELEASE/project_km0/asdk/../../project_km4/toolchain/linux/asdk-10.3.1/linux/newlib/arm-none-eabi/lib/thumb/v8-m.base/libnosys.a(sbrk.o)
 .debug_info    0x000000000000196f       0xa3 /home/zjian_zhang/Dplus_Z/project/realtek_amebaDplus_va0_example/GCC-RELEASE/project_km0/asdk/../../project_km4/toolchain/linux/asdk-10.3.1/linux/newlib/arm-none-eabi/lib/thumb/v8-m.base/libnosys.a(_exit.o)

.debug_abbrev   0x0000000000000000      0x75e
 .debug_abbrev  0x0000000000000000      0x32f ./build/stdlib/stdlib_link.o
 .debug_abbrev  0x000000000000032f       0x14 /home/zjian_zhang/Dplus_Z/project/realtek_amebaDplus_va0_example/GCC-RELEASE/project_km0/asdk/../../project_km4/toolchain/linux/asdk-10.3.1/linux/newlib/lib/gcc/arm-none-eabi/10.3.1/thumb/v8-m.base/libgcc.a(_thumb1_case_shi.o)
 .debug_abbrev  0x0000000000000343       0x6d /home/zjian_zhang/Dplus_Z/project/realtek_amebaDplus_va0_example/GCC-RELEASE/project_km0/asdk/../../project_km4/toolchain/linux/asdk-10.3.1/linux/newlib/arm-none-eabi/lib/thumb/v8-m.base/libnosys.a(close.o)
 .debug_abbrev  0x00000000000003b0       0xcc /home/zjian_zhang/Dplus_Z/project/realtek_amebaDplus_va0_example/GCC-RELEASE/project_km0/asdk/../../project_km4/toolchain/linux/asdk-10.3.1/linux/newlib/arm-none-eabi/lib/thumb/v8-m.base/libnosys.a(fstat.o)
 .debug_abbrev  0x000000000000047c       0x59 /home/zjian_zhang/Dplus_Z/project/realtek_amebaDplus_va0_example/GCC-RELEASE/project_km0/asdk/../../project_km4/toolchain/linux/asdk-10.3.1/linux/newlib/arm-none-eabi/lib/thumb/v8-m.base/libnosys.a(getpid.o)
 .debug_abbrev  0x00000000000004d5       0x6d /home/zjian_zhang/Dplus_Z/project/realtek_amebaDplus_va0_example/GCC-RELEASE/project_km0/asdk/../../project_km4/toolchain/linux/asdk-10.3.1/linux/newlib/arm-none-eabi/lib/thumb/v8-m.base/libnosys.a(isatty.o)
 .debug_abbrev  0x0000000000000542       0x7e /home/zjian_zhang/Dplus_Z/project/realtek_amebaDplus_va0_example/GCC-RELEASE/project_km0/asdk/../../project_km4/toolchain/linux/asdk-10.3.1/linux/newlib/arm-none-eabi/lib/thumb/v8-m.base/libnosys.a(kill.o)
 .debug_abbrev  0x00000000000005c0       0x92 /home/zjian_zhang/Dplus_Z/project/realtek_amebaDplus_va0_example/GCC-RELEASE/project_km0/asdk/../../project_km4/toolchain/linux/asdk-10.3.1/linux/newlib/arm-none-eabi/lib/thumb/v8-m.base/libnosys.a(lseek.o)
 .debug_abbrev  0x0000000000000652       0xa2 /home/zjian_zhang/Dplus_Z/project/realtek_amebaDplus_va0_example/GCC-RELEASE/project_km0/asdk/../../project_km4/toolchain/linux/asdk-10.3.1/linux/newlib/arm-none-eabi/lib/thumb/v8-m.base/libnosys.a(sbrk.o)
 .debug_abbrev  0x00000000000006f4       0x6a /home/zjian_zhang/Dplus_Z/project/realtek_amebaDplus_va0_example/GCC-RELEASE/project_km0/asdk/../../project_km4/toolchain/linux/asdk-10.3.1/linux/newlib/arm-none-eabi/lib/thumb/v8-m.base/libnosys.a(_exit.o)

.debug_loc      0x0000000000000000      0xe34
 .debug_loc     0x0000000000000000      0xcfa ./build/stdlib/stdlib_link.o
 .debug_loc     0x0000000000000cfa       0x25 /home/zjian_zhang/Dplus_Z/project/realtek_amebaDplus_va0_example/GCC-RELEASE/project_km0/asdk/../../project_km4/toolchain/linux/asdk-10.3.1/linux/newlib/arm-none-eabi/lib/thumb/v8-m.base/libnosys.a(close.o)
 .debug_loc     0x0000000000000d1f       0x25 /home/zjian_zhang/Dplus_Z/project/realtek_amebaDplus_va0_example/GCC-RELEASE/project_km0/asdk/../../project_km4/toolchain/linux/asdk-10.3.1/linux/newlib/arm-none-eabi/lib/thumb/v8-m.base/libnosys.a(fstat.o)
 .debug_loc     0x0000000000000d44       0x25 /home/zjian_zhang/Dplus_Z/project/realtek_amebaDplus_va0_example/GCC-RELEASE/project_km0/asdk/../../project_km4/toolchain/linux/asdk-10.3.1/linux/newlib/arm-none-eabi/lib/thumb/v8-m.base/libnosys.a(isatty.o)
 .debug_loc     0x0000000000000d69       0x25 /home/zjian_zhang/Dplus_Z/project/realtek_amebaDplus_va0_example/GCC-RELEASE/project_km0/asdk/../../project_km4/toolchain/linux/asdk-10.3.1/linux/newlib/arm-none-eabi/lib/thumb/v8-m.base/libnosys.a(kill.o)
 .debug_loc     0x0000000000000d8e       0x4a /home/zjian_zhang/Dplus_Z/project/realtek_amebaDplus_va0_example/GCC-RELEASE/project_km0/asdk/../../project_km4/toolchain/linux/asdk-10.3.1/linux/newlib/arm-none-eabi/lib/thumb/v8-m.base/libnosys.a(lseek.o)
 .debug_loc     0x0000000000000dd8       0x47 /home/zjian_zhang/Dplus_Z/project/realtek_amebaDplus_va0_example/GCC-RELEASE/project_km0/asdk/../../project_km4/toolchain/linux/asdk-10.3.1/linux/newlib/arm-none-eabi/lib/thumb/v8-m.base/libnosys.a(sbrk.o)
 .debug_loc     0x0000000000000e1f       0x15 /home/zjian_zhang/Dplus_Z/project/realtek_amebaDplus_va0_example/GCC-RELEASE/project_km0/asdk/../../project_km4/toolchain/linux/asdk-10.3.1/linux/newlib/arm-none-eabi/lib/thumb/v8-m.base/libnosys.a(_exit.o)

.debug_aranges  0x0000000000000000      0x140
 .debug_aranges
                0x0000000000000000       0x20 ./build/stdlib/stdlib_link.o
 .debug_aranges
                0x0000000000000020       0x20 /home/zjian_zhang/Dplus_Z/project/realtek_amebaDplus_va0_example/GCC-RELEASE/project_km0/asdk/../../project_km4/toolchain/linux/asdk-10.3.1/linux/newlib/lib/gcc/arm-none-eabi/10.3.1/thumb/v8-m.base/libgcc.a(_thumb1_case_shi.o)
 .debug_aranges
                0x0000000000000040       0x20 /home/zjian_zhang/Dplus_Z/project/realtek_amebaDplus_va0_example/GCC-RELEASE/project_km0/asdk/../../project_km4/toolchain/linux/asdk-10.3.1/linux/newlib/arm-none-eabi/lib/thumb/v8-m.base/libnosys.a(close.o)
 .debug_aranges
                0x0000000000000060       0x20 /home/zjian_zhang/Dplus_Z/project/realtek_amebaDplus_va0_example/GCC-RELEASE/project_km0/asdk/../../project_km4/toolchain/linux/asdk-10.3.1/linux/newlib/arm-none-eabi/lib/thumb/v8-m.base/libnosys.a(fstat.o)
 .debug_aranges
                0x0000000000000080       0x20 /home/zjian_zhang/Dplus_Z/project/realtek_amebaDplus_va0_example/GCC-RELEASE/project_km0/asdk/../../project_km4/toolchain/linux/asdk-10.3.1/linux/newlib/arm-none-eabi/lib/thumb/v8-m.base/libnosys.a(getpid.o)
 .debug_aranges
                0x00000000000000a0       0x20 /home/zjian_zhang/Dplus_Z/project/realtek_amebaDplus_va0_example/GCC-RELEASE/project_km0/asdk/../../project_km4/toolchain/linux/asdk-10.3.1/linux/newlib/arm-none-eabi/lib/thumb/v8-m.base/libnosys.a(isatty.o)
 .debug_aranges
                0x00000000000000c0       0x20 /home/zjian_zhang/Dplus_Z/project/realtek_amebaDplus_va0_example/GCC-RELEASE/project_km0/asdk/../../project_km4/toolchain/linux/asdk-10.3.1/linux/newlib/arm-none-eabi/lib/thumb/v8-m.base/libnosys.a(kill.o)
 .debug_aranges
                0x00000000000000e0       0x20 /home/zjian_zhang/Dplus_Z/project/realtek_amebaDplus_va0_example/GCC-RELEASE/project_km0/asdk/../../project_km4/toolchain/linux/asdk-10.3.1/linux/newlib/arm-none-eabi/lib/thumb/v8-m.base/libnosys.a(lseek.o)
 .debug_aranges
                0x0000000000000100       0x20 /home/zjian_zhang/Dplus_Z/project/realtek_amebaDplus_va0_example/GCC-RELEASE/project_km0/asdk/../../project_km4/toolchain/linux/asdk-10.3.1/linux/newlib/arm-none-eabi/lib/thumb/v8-m.base/libnosys.a(sbrk.o)
 .debug_aranges
                0x0000000000000120       0x20 /home/zjian_zhang/Dplus_Z/project/realtek_amebaDplus_va0_example/GCC-RELEASE/project_km0/asdk/../../project_km4/toolchain/linux/asdk-10.3.1/linux/newlib/arm-none-eabi/lib/thumb/v8-m.base/libnosys.a(_exit.o)

.debug_line     0x0000000000000000     0x126b
 .debug_line    0x0000000000000000      0xa64 ./build/stdlib/stdlib_link.o
 .debug_line    0x0000000000000a64       0xad /home/zjian_zhang/Dplus_Z/project/realtek_amebaDplus_va0_example/GCC-RELEASE/project_km0/asdk/../../project_km4/toolchain/linux/asdk-10.3.1/linux/newlib/lib/gcc/arm-none-eabi/10.3.1/thumb/v8-m.base/libgcc.a(_thumb1_case_shi.o)
 .debug_line    0x0000000000000b11       0xc3 /home/zjian_zhang/Dplus_Z/project/realtek_amebaDplus_va0_example/GCC-RELEASE/project_km0/asdk/../../project_km4/toolchain/linux/asdk-10.3.1/linux/newlib/arm-none-eabi/lib/thumb/v8-m.base/libnosys.a(close.o)
 .debug_line    0x0000000000000bd4      0x1fd /home/zjian_zhang/Dplus_Z/project/realtek_amebaDplus_va0_example/GCC-RELEASE/project_km0/asdk/../../project_km4/toolchain/linux/asdk-10.3.1/linux/newlib/arm-none-eabi/lib/thumb/v8-m.base/libnosys.a(fstat.o)
 .debug_line    0x0000000000000dd1       0xc4 /home/zjian_zhang/Dplus_Z/project/realtek_amebaDplus_va0_example/GCC-RELEASE/project_km0/asdk/../../project_km4/toolchain/linux/asdk-10.3.1/linux/newlib/arm-none-eabi/lib/thumb/v8-m.base/libnosys.a(getpid.o)
 .debug_line    0x0000000000000e95       0xc1 /home/zjian_zhang/Dplus_Z/project/realtek_amebaDplus_va0_example/GCC-RELEASE/project_km0/asdk/../../project_km4/toolchain/linux/asdk-10.3.1/linux/newlib/arm-none-eabi/lib/thumb/v8-m.base/libnosys.a(isatty.o)
 .debug_line    0x0000000000000f56       0xc2 /home/zjian_zhang/Dplus_Z/project/realtek_amebaDplus_va0_example/GCC-RELEASE/project_km0/asdk/../../project_km4/toolchain/linux/asdk-10.3.1/linux/newlib/arm-none-eabi/lib/thumb/v8-m.base/libnosys.a(kill.o)
 .debug_line    0x0000000000001018       0xc3 /home/zjian_zhang/Dplus_Z/project/realtek_amebaDplus_va0_example/GCC-RELEASE/project_km0/asdk/../../project_km4/toolchain/linux/asdk-10.3.1/linux/newlib/arm-none-eabi/lib/thumb/v8-m.base/libnosys.a(lseek.o)
 .debug_line    0x00000000000010db       0xd6 /home/zjian_zhang/Dplus_Z/project/realtek_amebaDplus_va0_example/GCC-RELEASE/project_km0/asdk/../../project_km4/toolchain/linux/asdk-10.3.1/linux/newlib/arm-none-eabi/lib/thumb/v8-m.base/libnosys.a(sbrk.o)
 .debug_line    0x00000000000011b1       0xba /home/zjian_zhang/Dplus_Z/project/realtek_amebaDplus_va0_example/GCC-RELEASE/project_km0/asdk/../../project_km4/toolchain/linux/asdk-10.3.1/linux/newlib/arm-none-eabi/lib/thumb/v8-m.base/libnosys.a(_exit.o)

.debug_str      0x0000000000000000      0xc90
 .debug_str     0x0000000000000000      0x572 ./build/stdlib/stdlib_link.o
                                        0x64d (size before relaxing)
 .debug_str     0x0000000000000572      0x123 /home/zjian_zhang/Dplus_Z/project/realtek_amebaDplus_va0_example/GCC-RELEASE/project_km0/asdk/../../project_km4/toolchain/linux/asdk-10.3.1/linux/newlib/lib/gcc/arm-none-eabi/10.3.1/thumb/v8-m.base/libgcc.a(_thumb1_case_shi.o)
 .debug_str     0x0000000000000695      0x197 /home/zjian_zhang/Dplus_Z/project/realtek_amebaDplus_va0_example/GCC-RELEASE/project_km0/asdk/../../project_km4/toolchain/linux/asdk-10.3.1/linux/newlib/arm-none-eabi/lib/thumb/v8-m.base/libnosys.a(close.o)
                                        0x22c (size before relaxing)
 .debug_str     0x000000000000082c      0x170 /home/zjian_zhang/Dplus_Z/project/realtek_amebaDplus_va0_example/GCC-RELEASE/project_km0/asdk/../../project_km4/toolchain/linux/asdk-10.3.1/linux/newlib/arm-none-eabi/lib/thumb/v8-m.base/libnosys.a(fstat.o)
                                        0x378 (size before relaxing)
 .debug_str     0x000000000000099c       0x7d /home/zjian_zhang/Dplus_Z/project/realtek_amebaDplus_va0_example/GCC-RELEASE/project_km0/asdk/../../project_km4/toolchain/linux/asdk-10.3.1/linux/newlib/arm-none-eabi/lib/thumb/v8-m.base/libnosys.a(getpid.o)
                                        0x227 (size before relaxing)