
Memory Configuration

Name             Origin             Length             Attributes
EMPTY_SECTION    0x0000000000000000 0x0000000000000000 xrw
KM4_IROM         0x0000000000000000 0x000000000001e000 xr
KM4_IROM_NS      0x000000000001e000 0x0000000000015000 xr
KM4_IROM_STDLIB_NS 0x0000000000033000 0x000000000000f000 xr
KM4_DROM_NS      0x0000000000042000 0x0000000000002800 xr
KM4_DROM         0x0000000000044800 0x0000000000003800 xr
KM4_ROMBSS_RAM_S 0x0000000030007000 0x0000000000001000 rw
KM4_MSP_RAM_S    0x0000000030008000 0x0000000000002000 rw
KM4_BOOTLOADER_RAM_S 0x000000003000a020 0x0000000000005fe0 xrw
KM4_FLOADER_RAM_S 0x000000003000a020 0x0000000000015fe0 xrw
KM4_MSP_RAM_NS   0x0000000020003000 0x0000000000001000 rw
KM4_ROMBSS_RAM_COM 0x0000000020004000 0x0000000000001000 rw
KM4_ROMBSS_RAM_NS 0x0000000020005000 0x0000000000001000 rw
KM4_STDLIB_HEAP_RAM_NS 0x0000000020006000 0x0000000000001000 rw
KM0_BOOT_RAM     0x0000000020004d20 0x0000000000000020 xrw
KM0_IPC_RAM      0x0000000020004e00 0x00000000000001e0 xrw
KM4_BD_RAM       0x0000000020010020 0x000000000003ffe0 xrw
KM0_BD_RAM       0x0000000020050020 0x000000000001ffe0 xrw
KM4_BD_RAM_TZ_NSC 0x0000000020070020 0x0000000000000fe0 xrw
KM4_BD_RAM_TZ_ENTRY 0x0000000020071000 0x0000000000004000 xrw
KM4_BD_RAM_TZ_S  0x0000000030075020 0x000000000000afe0 xrw
KM4_BD_PSRAM     0x0000000060000020 0x000000000015afe0 xrw
KM0_BD_PSRAM     0x0000000060180020 0x000000000017ffe0 xrw
KM4_BD_PSRAM_TZ_NSC 0x000000006015b020 0x0000000000000fe0 xrw
KM4_BD_PSRAM_TZ_ENTRY 0x000000006015c000 0x0000000000004000 xrw
KM4_BD_PSRAM_TZ_S 0x0000000070160020 0x000000000001ffe0 xrw
RETENTION_RAM    0x0000000041008e00 0x0000000000000200 xrw
KM0_IROM         0x0000000000000000 0x0000000000006000 xr
KM0_IROM_STDLIB  0x0000000000006000 0x0000000000004000 xr
KM0_DROM         0x000000000000a000 0x0000000000001000 xr
WIFI_ROM         0x000000000000b000 0x000000000001d000 xr
KM0_ROMBSS_RAM   0x0000000020000000 0x0000000000001000 rw
KM0_MSP_RAM      0x0000000020001000 0x0000000000001000 rw
KM0_STDLIB_HEAP_RAM 0x0000000020002000 0x0000000000001000 rw
PHY_IMG1         0x0000000008001020 0x0000000000005fe0 xr
PHY_IMG2         0x0000000008014000 0x00000000001cc000 xr
KM4_IMG3         0x00000000081e0000 0x0000000000020000 xr
KM4_BOOT_XIP     0x000000000f800020 0x00000000007fffe0 xr
KM0_IMG2_XIP     0x000000000c000020 0x0000000001ffffe0 xr
KM4_IMG2_XIP     0x000000000e000020 0x00000000017fffe0 xr
BTRACE           0x00000000c8800000 0x0000000000800000 xr
*default*        0x0000000000000000 0xffffffffffffffff

Linker script and memory map

LOAD /home/zjian_zhang/Dplus_Z/project/realtek_amebaDplus_va0_example/GCC-RELEASE/project_km0/asdk/lib/rl6845_rom_acut/rom.o
START GROUP
LOAD /home/zjian_zhang/Dplus_Z/project/realtek_amebaDplus_va0_example/GCC-RELEASE/project_km0/asdk/../../project_km4/toolchain/linux/asdk-10.3.1/linux/newlib/lib/gcc/arm-none-eabi/10.3.1/thumb/v8-m.base/libgcc.a
LOAD /home/zjian_zhang/Dplus_Z/project/realtek_amebaDplus_va0_example/GCC-RELEASE/project_km0/asdk/../../project_km4/toolchain/linux/asdk-10.3.1/linux/newlib/arm-none-eabi/lib/thumb/v8-m.base/libc_nano.a
END GROUP
START GROUP
LOAD /home/zjian_zhang/Dplus_Z/project/realtek_amebaDplus_va0_example/GCC-RELEASE/project_km0/asdk/../../project_km4/toolchain/linux/asdk-10.3.1/linux/newlib/lib/gcc/arm-none-eabi/10.3.1/thumb/v8-m.base/libgcc.a
LOAD /home/zjian_zhang/Dplus_Z/project/realtek_amebaDplus_va0_example/GCC-RELEASE/project_km0/asdk/../../project_km4/toolchain/linux/asdk-10.3.1/linux/newlib/arm-none-eabi/lib/thumb/v8-m.base/libc_nano.a
LOAD /home/zjian_zhang/Dplus_Z/project/realtek_amebaDplus_va0_example/GCC-RELEASE/project_km0/asdk/../../project_km4/toolchain/linux/asdk-10.3.1/linux/newlib/arm-none-eabi/lib/thumb/v8-m.base/libnosys.a
END GROUP
START GROUP
LOAD /home/zjian_zhang/Dplus_Z/project/realtek_amebaDplus_va0_example/GCC-RELEASE/project_km0/asdk/../../project_km4/toolchain/linux/asdk-10.3.1/linux/newlib/lib/gcc/arm-none-eabi/10.3.1/thumb/v8-m.base/libgcc.a
LOAD /home/zjian_zhang/Dplus_Z/project/realtek_amebaDplus_va0_example/GCC-RELEASE/project_km0/asdk/../../project_km4/toolchain/linux/asdk-10.3.1/linux/newlib/arm-none-eabi/lib/thumb/v8-m.base/libc_nano.a
LOAD /home/zjian_zhang/Dplus_Z/project/realtek_amebaDplus_va0_example/GCC-RELEASE/project_km0/asdk/../../project_km4/toolchain/linux/asdk-10.3.1/linux/newlib/arm-none-eabi/lib/thumb/v8-m.base/libnosys.a
END GROUP
                0x0000000020050020                __km0_image2_entry_func__ = ORIGIN (KM0_BD_RAM)
                0x0000000020004e00                __km0_ipc_memory_start__ = ORIGIN (KM0_IPC_RAM)
                0x000000000c000020                __km0_flash_text_start__ = ORIGIN (KM0_IMG2_XIP)
                0x000000000e000020                __km4_flash_text_start__ = ORIGIN (KM4_IMG2_XIP)
                0x0000000060180020                __km0_psram_text_start__ = ORIGIN (KM0_BD_PSRAM)
                0x000000000f800020                __km4_boot_text_start__ = ORIGIN (KM4_BOOT_XIP)
                0x00000000081e0000                __km4_image3_flash_start__ = ORIGIN (KM4_IMG3)
                0x0000000008014000                __nspe_phy_addr__ = ORIGIN (PHY_IMG2)

.glue_7         0x0000000000000000        0x0
 .glue_7        0x0000000000000000        0x0 linker stubs

.glue_7t        0x0000000000000000        0x0
 .glue_7t       0x0000000000000000        0x0 linker stubs

.vfp11_veneer   0x0000000000000000        0x0
 .vfp11_veneer  0x0000000000000000        0x0 linker stubs

.v4_bx          0x0000000000000000        0x0
 .v4_bx         0x0000000000000000        0x0 linker stubs

.iplt           0x0000000000000000        0x0
 .iplt          0x0000000000000000        0x0 /home/zjian_zhang/Dplus_Z/project/realtek_amebaDplus_va0_example/GCC-RELEASE/project_km0/asdk/lib/rl6845_rom_acut/rom.o

.igot.plt       0x0000000000000000        0x0
 .igot.plt      0x0000000000000000        0x0 /home/zjian_zhang/Dplus_Z/project/realtek_amebaDplus_va0_example/GCC-RELEASE/project_km0/asdk/lib/rl6845_rom_acut/rom.o

.rom.text       0x0000000000000000     0x58c4
 .rom.text      0x0000000000000000     0x58c4 /home/zjian_zhang/Dplus_Z/project/realtek_amebaDplus_va0_example/GCC-RELEASE/project_km0/asdk/lib/rl6845_rom_acut/rom.o
                0x0000000000000000                __vectors_table
                0x0000000000000100                Reset_Handler
                0x0000000000000104                NMI_Handler
                0x0000000000000108                HardFault_Handler
                0x000000000000010c                MemManage_Handler
                0x0000000000000110                BusFault_Handler
                0x0000000000000114                io_assert_failed
                0x0000000000000134                BKUP_Write
                0x0000000000000158                BKUP_Read
                0x000000000000017c                BKUP_Set
                0x00000000000001a8                BKUP_Clear
                0x00000000000001d4                BOOT_ROM_InitDebugFlg
                0x00000000000001f0                BOOT_ROM_ResetVsr
                0x0000000000000240                EFUSE_GetPackageInfo
                0x000000000000025c                EFUSE_GetBDNum
                0x0000000000000278                EFUSE_GetChipVersion
                0x0000000000000294                EFUSE_GetESFlag
                0x00000000000002b0                EFUSE_GetUUID
                0x00000000000002ec                EFUSE_Get_Info
                0x000000000000035c                XTAL_ClkGet
                0x0000000000000374                PLL_ClkGet
                0x00000000000003b0                _CPU_ClkSet
                0x0000000000000480                CPU_ClkGet
                0x000000000000051c                _CPU_ClkSrcSet
                0x0000000000000560                DelayNop
                0x000000000000056a                DelayUs
                0x00000000000005b8                DelayMs
                0x00000000000005cc                DelayClkUpdate
                0x00000000000005e0                FLASH_Calibration_PLL_Open
                0x0000000000000610                FLASH_Calibration_PLL_Close
                0x000000000000062c                FLASH_CalibrationPLLPSCmd
                0x0000000000000648                FLASH_CalibrationPLLPS_Shift
                0x000000000000065c                FLASH_PLLInit_ClockDiv
                0x00000000000006d0                FLASH_CalibrationPhase
                0x0000000000000754                FLASH_CalibrationPhaseIdx
                0x0000000000000762                FLASH_CalibrationNewCmd
                0x000000000000078c                FLASH_Read_HandShake_Cmd
                0x00000000000007d8                FLASH_Read_DataIsRight
                0x000000000000086c                FLASH_CalibrationNew
                0x00000000000009ac                FLASH_Read_HandShake
                0x0000000000000a18                FLASH_UserMode_Enter
                0x0000000000000a30                FLASH_UserMode_Exit
                0x0000000000000a40                FLASH_Config
                0x0000000000000ac0                FLASH_SetSpiMode
                0x0000000000000b90                FLASH_RxCmd_InUserMode
                0x0000000000000c10                FLASH_RxCmd
                0x0000000000000c2c                FLASH_WaitBusy_InUserMode
                0x0000000000000c9c                FLASH_RxData
                0x0000000000000dc0                FLASH_TxCmd_InUserMode
                0x0000000000000e1c                FLASH_WriteEn_InUserMode
                0x0000000000000e40                FLASH_TxData
                0x0000000000000f68                FLASH_SetStatus
                0x0000000000000f8e                FLASH_Erase
                0x000000000000100c                FLASH_Addr4ByteEn
                0x000000000000102c                FLASH_Addr4ByteDis
                0x000000000000104c                FLASH_DeepPowerDown
                0x00000000000010a0                FLASH_SetStatusBits
                0x0000000000001148                FLASH_StructInit_Micron
                0x00000000000011b4                FLASH_StructInit_MXIC
                0x0000000000001224                FLASH_StructInit_GD
                0x0000000000001298                FLASH_StructInit
                0x000000000000130c                FLASH_Init
                0x0000000000001334                FLASH_Wait_Boot_Finish
                0x000000000000135c                GPIO_INTMode
                0x00000000000013c0                GPIO_INTConfig
                0x00000000000013ec                GPIO_INTHandler
                0x00000000000014a4                GPIO_Direction
                0x00000000000014cc                GPIO_Init
                0x0000000000001550                GPIO_DeInit
                0x00000000000015b0                GPIO_ReadDataBit
                0x00000000000015d4                GPIO_WriteBit
                0x00000000000015fc                GPIO_PortDirection
                0x0000000000001634                GPIO_PortRead
                0x0000000000001660                GPIO_PortWrite
                0x0000000000001694                GPIO_DebounceClock
                0x00000000000016d8                GPIO_LevelSync
                0x000000000000170c                GPIO_UserRegIrq
                0x000000000000173c                GPIO_ODInit
                0x000000000000176c                GPIO_ODWriteBit
                0x0000000000001780                LOGUART_StructInit
                0x00000000000017b2                LOGUART_SetBaud
                0x0000000000001850                LOGUART_RxCmd
                0x0000000000001862                LOGUART_INTCoreConfig
                0x0000000000001872                LOGUART_AGGCmd
                0x000000000000188c                LOGUART_AGGPathCmd
                0x0000000000001920                LOGUART_AGGSetTimeOut
                0x000000000000193c                LOGUART_AGGSetThreshold
                0x0000000000001970                LOGUART_AGGSetSyncPattern
                0x000000000000197e                LOGUART_AGGPathAllCmd
                0x00000000000019a0                LOGUART_WaitTx
                0x00000000000019d4                LOGUART_PutChar
                0x0000000000001a1c                LOGUART_GetChar
                0x0000000000001a34                LOGUART_Readable
                0x0000000000001a44                LOGUART_GetRxCount
                0x0000000000001a50                LOGUART_GetIMR
                0x0000000000001a5c                LOGUART_SetIMR
                0x0000000000001a68                LOGUART_INTConfig
                0x0000000000001a7a                LOGUART_INTClear
                0x0000000000001a82                LOGUART_GetStatus
                0x0000000000001a86                LOGUART_ClearRxFifo
                0x0000000000001aa6                _LOGUART_Init
                0x0000000000001c2c                LOGUART_Init
                0x0000000000001c8c                LOGUART_WaitBusy
                0x0000000000001cc4                LOGUART_WaitTxComplete
                0x0000000000001cf0                LOGUART_BT_SendData
                0x0000000000001d20                LOGUART_Relay_StructInit
                0x0000000000001d32                LOGUART_Relay_SetFormat
                0x0000000000001d80                LOGUART_Relay_SetBaud
                0x0000000000001dd0                LOGUART_Relay_ClearRxFifo
                0x0000000000001dfa                LOGUART_Relay_RxCmd
                0x0000000000001e0c                LOGUART_MonitorParaConfig
                0x0000000000001e5c                LOGUART_LPBaudSet
                0x0000000000001f04                LOGUART_Relay_LPSetBaud
                0x0000000000001f68                LOGUART_RxMonitorCmd
                0x0000000000001f7a                LOGUART_RxMonBaudCtrlRegGet
                0x0000000000001f7e                LOGUART_RxMonitorSatusGet
                0x0000000000001f82                LOGUART_DiagInit
                0x000000000000200c                RSIP_OTF_Load_Key
                0x0000000000002024                RSIP_OTF_init
                0x0000000000002034                RSIP_IV_Set
                0x0000000000002074                RSIP_OTF_Cmd
                0x0000000000002098                RSIP_OTF_Enable
                0x000000000000211c                RSIP_MMU_Config
                0x0000000000002148                RSIP_MMU_Cmd
                0x0000000000002168                RSIP_MMU_Cache_Clean
                0x0000000000002174                OTP_PowerCmd
                0x000000000000218c                OTP_GetPowerState
                0x000000000000219c                OTP_AccessCmd
                0x00000000000021b6                OTPPowerSwitch
                0x00000000000021d4                OTPGetCRC
                0x000000000000220c                OTP_Read8
                0x0000000000002294                OTP_ProgramMarginRead8
                0x0000000000002320                _OTP_Write8
                0x00000000000023a4                OTP_Write8
                0x0000000000002438                OTP_Read32
                0x000000000000246c                OTP_PG_Packet_Byte
                0x0000000000002520                OTP_PG_Packet_Word
                0x0000000000002630                OTP_LogicalMap_Read
                0x0000000000002750                OTP_LogicalMap_Write
                0x00000000000028f4                OTP_RemainLength
                0x0000000000002934                PAD_DrvStrength
                0x0000000000002958                PAD_SchmitCtrl
                0x000000000000297c                PAD_SlewRateCtrl
                0x00000000000029a0                PAD_PullCtrl
                0x00000000000029fc                PAD_SleepPullCtrl
                0x0000000000002a58                PAD_ResistorCtrl
                0x0000000000002a7c                PAD_InputCtrl
                0x0000000000002aa0                PAD_CMD
                0x0000000000002ac4                Pinmux_Config
                0x0000000000002adc                Pinmux_ConfigGet
                0x0000000000002aec                Pinmux_UartLogCtrl
                0x0000000000002b28                PAD_SpicCtrl
                0x0000000000002bec                Pinmux_BootSpicCtrl
                0x0000000000002bfa                Pinmux_ComboSpicCtrl
                0x0000000000002c0a                Pinmux_Swdoff
                0x0000000000002c1c                RCC_PeriphClockCmd
                0x0000000000002cb4                RCC_PeriphClockSource_UART
                0x0000000000002d34                RCC_PeriphClockSource_SPIC
                0x0000000000002d4c                RCC_PeriphClockSource_PSRAM
                0x0000000000002d64                RCC_PeriphClockSource_CTC
                0x0000000000002d84                RCC_PeriphClockSource_ADC
                0x0000000000002da4                RCC_PeriphClockSource_GPIO
                0x0000000000002dc4                RCC_PeriphClockSource_SPORT
                0x0000000000002e00                RCC_PeriphClockSource_LOGUART
                0x0000000000002e4c                IPC_SEMTake
                0x0000000000002e74                IPC_SEMFree
                0x0000000000002e9c                SYSCFG_RLVersion
                0x0000000000002ebc                SYSCFG_GetRLNum
                0x0000000000002ed8                SYSCFG_TRP_UARTImage
                0x0000000000002ee8                SYSCFG_TRP_ICFG
                0x0000000000002f00                SYSCFG_TRP_TestMode
                0x0000000000002f10                SYSCFG_TRP_OTPBYP
                0x0000000000002f20                SYSCFG_ROMINFO_Get
                0x0000000000002f2c                SYSCFG_ROMINFO_Set
                0x0000000000002f40                SYSCFG_CHIPType_Get
                0x0000000000002f50                SYSCFG_OTP_RDPEn
                0x0000000000002f70                SYSCFG_OTP_RSIPEn
                0x0000000000002f90                SYSCFG_OTP_SBootEn
                0x0000000000002fb0                SYSCFG_OTP_LowBaudLog
                0x0000000000002fc0                SYSCFG_OTP_DisBootLog
                0x0000000000002fd0                SYSCFG_OTP_BootMCMFlash
                0x0000000000002ff4                SYSCFG_OTP_BOOT_CNT_LMT_EN
                0x0000000000003004                SYSCFG_OTP_BootFlashBaud
                0x0000000000003014                SYSCFG_OTP_SPICBootSpeedUpDis
                0x0000000000003024                SYSCFG_OTP_SPICAddr4ByteEn
                0x0000000000003034                SYSCFG_OTP_FlashDSleepEn
                0x0000000000003044                SYSCFG_OTP_UsbClockCalEn
                0x0000000000003054                SYSCFG_OTP_UsbDownloadEn
                0x0000000000003060                SYSCFG_OTP_UartDownloadDis
                0x0000000000003070                SYSCFG_OTP_AntiRollback
                0x0000000000003080                SYSCFG_OTP_FaultLogDis
                0x0000000000003090                SYSCFG_OTP_RSIPMode
                0x00000000000030a8                SYSCFG_OTP_HUKDerivEn
                0x00000000000030b8                SYSCFG_OTP_RomPatchEn
                0x00000000000030d4                SYSCFG_OTP_RandDelayEn
                0x00000000000030e4                SYSCFG_OTP_RMAMode
                0x000000000000310c                SYSCFG_HWTrigDownload
                0x000000000000311e                SYSCFG_SWTrigDownload
                0x0000000000003144                SYSTIMER_Init
                0x0000000000003190                SYSTIMER_TickGet
                0x00000000000031a4                SYSTIMER_GetPassTick
                0x00000000000031c4                SYSTIMER_GetPassTime
                0x00000000000031f8                RTIM_TimeBaseStructInit
                0x0000000000003210                RTIM_Cmd
                0x0000000000003238                RTIM_GetCount
                0x0000000000003246                RTIM_INTConfig
                0x0000000000003284                RTIM_INTClear
                0x000000000000329a                RTIM_TimeBaseInit
                0x00000000000033a0                RTIM_DeInit
                0x00000000000033c0                RTIM_INTClearPendingBit
                0x00000000000033fc                RTIM_GetFlagStatus
                0x0000000000003490                RTIM_GetINTStatus
                0x0000000000003530                TRNG_Random_Delay
                0x000000000000356c                TRNG_Security_Only
                0x0000000000003588                TRNG_INTConfig
                0x00000000000035a0                TRNG_ClearINT
                0x00000000000035b0                TRNG_GetINT
                0x00000000000035bc                TRNG_Init
                0x00000000000035f4                UART_DeInit
                0x00000000000035fa                UART_StructInit
                0x0000000000003616                UART_BaudParaGetFull
                0x000000000000364a                UART_BaudParaGet
                0x000000000000366c                UART_SetBaud
                0x0000000000003710                UART_SetBaudExt
                0x0000000000003794                UART_SetRxLevel
                0x00000000000037a6                UART_RxCmd
                0x00000000000037b8                UART_Writable
                0x00000000000037c0                UART_Readable
                0x00000000000037c8                UART_CharPut
                0x00000000000037cc                UART_CharGet
                0x00000000000037d2                UART_ReceiveData
                0x00000000000037f8                UART_SendData
                0x000000000000381c                UART_ReceiveDataTO
                0x0000000000003854                UART_SendDataTO
                0x000000000000388c                UART_RxByteCntClear
                0x0000000000003898                UART_RxByteCntGet
                0x000000000000389e                UART_BreakCtl
                0x00000000000038b2                UART_ClearRxFifo
                0x00000000000038d2                UART_Init
                0x0000000000003974                UART_ClearTxFifo
                0x000000000000397e                UART_INTConfig
                0x0000000000003990                UART_INT_Clear
                0x0000000000003998                UART_IntStatus
                0x000000000000399c                UART_ModemStatusGet
                0x00000000000039a0                UART_LineStatusGet
                0x00000000000039a4                UART_WaitBusy
                0x0000000000003cb2                INT_HardFault_C
                0x0000000000003d78                INT_NMI
                0x0000000000003d94                INT_HardFault
                0x0000000000003db2                INT_MemManage
                0x0000000000003dcc                INT_BusFault
                0x0000000000003de8                INT_UsageFault
                0x0000000000003e04                irq_table_init
                0x00000000000040c0                irq_enable
                0x00000000000040dc                irq_disable
                0x0000000000004100                irq_set_priority
                0x0000000000004188                irq_get_priority
                0x00000000000041c0                irq_set_pending
                0x00000000000041dc                irq_get_pending
                0x0000000000004200                irq_clear_pending
                0x000000000000421c                irq_register
                0x0000000000004244                irq_unregister
                0x000000000000425c                WDG_Wait_Busy
                0x000000000000427c                WDG_StructInit
                0x000000000000428c                WDG_Init
                0x00000000000042f8                WDG_Enable
                0x0000000000004340                WDG_Timeout
                0x000000000000439c                WDG_Refresh
                0x00000000000043e4                WDG_INTConfig
                0x000000000000445c                WDG_ClearINT
                0x00000000000044c4                IWDG_LP_Enable
                0x0000000000004510                DiagVSprintf
                0x0000000000004824                DiagPrintf
                0x0000000000004850                DiagPrintfD
                0x000000000000487c                DiagSPrintf
                0x00000000000048a8                DiagSnPrintf
                0x0000000000004d04                cmd_rom_table
                0x0000000000004d10                _rand
                0x0000000000004d40                __wrap_rand
                0x0000000000004d70                RandBytes_Get
                0x0000000000004ee0                shell_array_init
                0x0000000000004eee                shell_get_argc
                0x0000000000004f1a                shell_get_argv
                0x0000000000004f60                shell_cmd_chk
                0x0000000000005028                shell_uart_irq_rom
                0x00000000000050e0                shell_init_rom
                0x000000000000514c                shell_task_rom
                0x00000000000051e4                shell_rom
                0x0000000000005228                _char2num
                0x0000000000005254                _2char2dec
                0x00000000000052c0                _2char2hex
                0x0000000000005330                _memchr
                0x00000000000053a8                _memcmp
                0x00000000000053ec                _memcpy
                0x000000000000548c                _memmove
                0x0000000000005538                _memset
                0x00000000000055d8                _strcmp
                0x0000000000005634                _stricmp
                0x0000000000005668                _strlen
                0x00000000000056c0                _strtoul
                0x0000000000005808                _strupr
                0x0000000000005824                __wrap_memset
                0x0000000000005834                __wrap_memcpy
                0x0000000000005844                __wrap_memcmp
                0x0000000000005854                __wrap_memchr
                0x0000000000005864                __wrap_memmove
                0x0000000000005874                __wrap_strlen
                0x0000000000005884                __wrap_strcmp
                0x0000000000005894                __wrap_stricmp
                0x00000000000058a4                __wrap_strupr
                0x00000000000058b4                __wrap_strtoul

.rom.rodata     0x000000000000a000      0xb0f
 .rom.rodata    0x000000000000a000      0xb0f /home/zjian_zhang/Dplus_Z/project/realtek_amebaDplus_va0_example/GCC-RELEASE/project_km0/asdk/lib/rl6845_rom_acut/rom.o
                0x000000000000a000                rom_sec_call_ns_entry
                0x000000000000a000                __rom_entry_ns_start__
                0x000000000000a010                __rom_entry_ns_end__
                0x000000000000a050                SPIC_CALIB_PATTERN
                0x000000000000a058                GPIO_PORTx
                0x000000000000a060                GPIO_PORTx_S

.wifi.rom       0x000000000000b000    0x1bbd2
 .wifi.rom      0x000000000000b000    0x1bbd2 /home/zjian_zhang/Dplus_Z/project/realtek_amebaDplus_va0_example/GCC-RELEASE/project_km0/asdk/lib/rl6845_rom_acut/rom.o
                0x000000000000b034                aes_set_key
                0x000000000000b37c                aes_encrypt
                0x000000000000c064                aes_decrypt
                0x000000000000cd80                AES_WRAP
                0x000000000000cea4                AES_UnWRAP
                0x000000000000cfd4                wifi_rom_omac1_aes_128_vector
                0x000000000000d0f8                crc32_get
                0x000000000000d124                arc4_byte
                0x000000000000d14c                rt_arc4_init
                0x000000000000d198                rt_arc4_crypt
                0x000000000000d214                wifi_rom_mpi_init
                0x000000000000d220                wifi_rom_mpi_free
                0x000000000000d24c                wifi_rom_mpi_grow
                0x000000000000d2a4                wifi_rom_mpi_shrink
                0x000000000000d318                wifi_rom_mpi_copy
                0x000000000000d376                wifi_rom_mpi_safe_cond_assign
                0x000000000000d3e6                wifi_rom_mpi_lset
                0x000000000000d418                wifi_rom_mpi_get_bit
                0x000000000000d438                wifi_rom_mpi_set_bit
                0x000000000000d484                wifi_rom_mpi_lsb
                0x000000000000d4c4                wifi_rom_mpi_bitlen
                0x000000000000d4f8                wifi_rom_mpi_size
                0x000000000000d504                wifi_rom_mpi_read_binary
                0x000000000000d56c                wifi_rom_mpi_write_binary
                0x000000000000d5da                wifi_rom_mpi_shift_l
                0x000000000000d680                wifi_rom_mpi_shift_r
                0x000000000000d6f8                wifi_rom_mpi_cmp_abs
                0x000000000000d75c                wifi_rom_mpi_cmp_mpi
                0x000000000000d7d4                wifi_rom_mpi_cmp_int
                0x000000000000d7f8                wifi_rom_mpi_add_abs
                0x000000000000d8a8                wifi_rom_mpi_sub_abs
                0x000000000000d946                wifi_rom_mpi_add_mpi
                0x000000000000d98c                wifi_rom_mpi_sub_mpi
                0x000000000000d9d2                wifi_rom_mpi_add_int
                0x000000000000d9f6                wifi_rom_mpi_sub_int
                0x000000000000da1a                wifi_rom_mpi_mul_hlp
                0x000000000000e3c8                wifi_rom_mpi_mul_mpi
                0x000000000000e488                wifi_rom_mpi_mul_int
                0x000000000000e4a0                wifi_rom_mpi_div_mpi
                0x000000000000e8a0                wifi_rom_mpi_mod_mpi
                0x000000000000e904                wifi_rom_mpi_exp_mod
                0x000000000000ed0a                wifi_rom_mpi_gcd
                0x000000000000ee10                wifi_rom_mpi_fill_random
                0x000000000000ee7a                wifi_rom_mpi_inv_mod
                0x0000000000010060                wifi_rom_ecp_group_load
                0x0000000000010b76                wifi_rom_ecp_point_init
                0x0000000000010b90                wifi_rom_ecp_group_init
                0x0000000000010bd2                wifi_rom_ecp_point_free
                0x0000000000010bdc                wifi_rom_ecp_group_free
                0x0000000000010c44                wifi_rom_ecp_copy
                0x0000000000010c6c                wifi_rom_ecp_set_zero
                0x0000000000011294                wifi_rom_ecp_is_zero
                0x00000000000112a4                wifi_rom_ecp_point_cmp
                0x00000000000112dc                wifi_rom_ecp_point_write_binary
                0x0000000000011370                wifi_rom_ecp_point_read_binary
                0x00000000000113dc                wifi_rom_ecp_check_pubkey
                0x000000000001154c                wifi_rom_ecp_check_privkey
                0x0000000000011588                wifi_rom_ecp_mul_restartable
                0x00000000000117dc                wifi_rom_ecp_mul
                0x000000000001185e                wifi_rom_ecp_muladd_restartable
                0x00000000000118d0                wifi_rom_ecp_muladd
                0x00000000000120d8                rt_md5_init
                0x0000000000012100                rt_md5_append
                0x000000000001216c                rt_md5_final
                0x00000000000121bc                rt_md5_hmac
                0x0000000000012280                wifi_rom_platform_set_func
                0x0000000000012298                wifi_rom_platform_zeroize
                0x00000000000122ac                RC4
                0x00000000000125dc                RC4_set_key
                0x0000000000012688                wifi_rom_dot11w_construct_action_frame
                0x0000000000012750                wifi_rom_dot11w_BIP_verify
                0x0000000000012874                wifi_rom_para_set_for_addba
                0x00000000000128aa                wifi_rom_on_action_csa
                0x00000000000128e4                wifi_rom_issue_assocreq_fill_cap
                0x0000000000012a74                wifi_rom_issue_assocreq_fill_vendor_ie
                0x0000000000012b98                wifi_rom_issue_assocrsp_fill_cap
                0x0000000000012d74                wifi_rom_on_assocreq_check
                0x0000000000013238                wifi_rom_on_assocrsp_wmm
                0x00000000000132c8                wifi_rom_assoc_set_wpa_ie
                0x00000000000133fc                wifi_rom_set_beacon_timeout
                0x000000000001341a                wifi_rom_is_duplicate_sae_auth
                0x0000000000013478                wifi_rom_beacon_rate_check
                0x00000000000134dc                wifi_rom_beacon_bw_check
                0x0000000000013504                wifi_rom_beacon_ssid_check
                0x0000000000013570                wifi_rom_beacon_encryption_check
                0x000000000001366c                wifi_rom_beacon_info_get
                0x000000000001377c                wifi_rom_beacon_csa_info_get
                0x00000000000137bc                wifi_rom_ap_beacon_set_param
                0x0000000000013a14                wifi_rom_ap_beacon_update_hidden_ssid
                0x0000000000013a64                wifi_rom_ap_beacon_update_bcn_tim
                0x0000000000013b78                wifi_rom_ap_beacon_update_erpinfo_ie
                0x0000000000013bc8                wifi_rom_ap_beacon_add_ie
                0x0000000000013c78                wifi_rom_ap_beacon_remove_ie
                0x0000000000013cfc                wifi_rom_ap_beacon_gen_ie
                0x0000000000014060                wifi_rom_get_center_ch
                0x0000000000014106                wifi_rom_get_offset_by_chbw
                0x000000000001419c                wifi_rom_get_primary_ch
                0x00000000000141d4                dh_groups_get
                0x00000000000141f4                wifi_rom_he_get_muedca_param
                0x000000000001427e                wifi_rom_he_get_highest_rate
                0x00000000000142d6                wifi_rom_he_nss_to_mcsmap
                0x000000000001431a                wifi_rom_he_mcsmap_to_bitmap
                0x0000000000014396                rtw_get_bit_value_from_ieee_value
                0x00000000000143b4                rtw_is_cckrates_included
                0x00000000000143e4                rtw_is_cckratesonly_included
                0x0000000000014414                rtw_check_wireless_mode
                0x0000000000014442                rtw_set_fixed_ie
                0x0000000000014460                rtw_set_ie
                0x000000000001448c                rtw_get_ie
                0x00000000000144b2                rtw_set_supported_rate
                0x0000000000014504                rtw_get_rateset_len
                0x0000000000014516                rtw_get_wpa_ie
                0x0000000000014588                rtw_get_wpa2_ie
                0x0000000000014596                rtw_get_wpa_cipher_suite
                0x00000000000145f0                rtw_get_wpa2_cipher_suite
                0x000000000001464c                rtw_parse_wpa_ie
                0x0000000000014720                rtw_parse_wpa2_ie
                0x00000000000147e0                rtw_get_sec_ie
                0x0000000000014870                rtw_get_wps_ie
                0x00000000000148dc                rtw_get_wps_attr
                0x0000000000014960                rtw_get_wps_attr_content
                0x00000000000149a4                rtw_ieee802_11_parse_elems
                0x0000000000014b44                str_2char2num
                0x0000000000014b5e                key_2char2num
                0x0000000000014b76                convert_ip_addr
                0x0000000000014ba0                wifi_rom_chset_search_ch
                0x0000000000014bc2                wifi_rom_chset_is_chbw_valid
                0x0000000000014c10                wifi_rom_is_channel_set_contains_channel
                0x0000000000014c30                wifi_rom_get_band_type_by_channel_plan
                0x0000000000014c60                wifi_rom_init_channel_set
                0x0000000000014e08                wifi_rom_update_wireless_mode
                0x0000000000014e74                wifi_rom_is_ap_in_tkip
                0x0000000000014edc                wifi_rom_support_short_GI
                0x0000000000014eea                wifi_rom_fill_wlan_header
                0x0000000000014f78                wifi_rom_get_wpa2_akmp_suite
                0x0000000000015030                wifi_rom_get_mgmt_group_cipher_suite
                0x0000000000015084                wifi_rom_parse_wpa_ie_akm
                0x0000000000015124                wifi_rom_parse_sec_ie_akm_mgc
                0x000000000001521a                wifi_rom_fill_frame_content
                0x0000000000015238                wifi_rom_set_ie_ram
                0x0000000000015270                wifi_rom_get_ie_ex
                0x00000000000152ec                wifi_rom_parse_rsnxe
                0x0000000000015338                wifi_rom_ht_mcsset_to_nss
                0x0000000000015350                wifi_rom_append_rsnxe
                0x0000000000015378                wifi_rom_restruct_wmm_ie
                0x00000000000153ea                wifi_rom_restruct_sec_ie
                0x0000000000015464                wifi_rom_append_exented_cap
                0x00000000000154d0                wifi_rom_HT_caps_handler
                0x000000000001556c                wifi_rom_pmksa_cache_encrypt_macaddr
                0x0000000000015628                wifi_rom_pmksa_append_pmkid
                0x00000000000156f4                wifi_rom_set_probersp_tim_ie
                0x000000000001575c                wifi_rom_on_probereq
                0x0000000000015828                rom_psk_PasswordHash
                0x000000000001585a                rom_psk_CalcGTK
                0x0000000000015904                rom_psk_CalcPTK
                0x0000000000015a0c                _ntohs_rom
                0x0000000000015a12                wifi_rom_message_replaycounter_oc2li
                0x0000000000015a44                wifi_rom_message_equalreplaycounter
                0x0000000000015a6c                wifi_rom_message_smallerequalreplaycounter
                0x0000000000015a9a                wifi_rom_message_largerreplaycounter
                0x0000000000015ac2                wifi_rom_message_setreplaycounter
                0x0000000000015ae4                wifi_rom_inc_largeinteger
                0x0000000000015b04                wifi_rom_inc_octet16_integer
                0x0000000000015b48                wifi_rom_inc_octet32_integer
                0x0000000000015ba8                wifi_rom_set_eapolkeyiv
                0x0000000000015c34                wifi_rom_check_mic
                0x0000000000015cfc                wifi_rom_calc_mic
                0x0000000000015d6c                wifi_rom_decrypt_WPA2keydata
                0x0000000000015e3c                wifi_rom_decrypt_GTK
                0x0000000000015f1c                wifi_rom_client_constructEAPOL_2Of4Way
                0x0000000000016010                wifi_rom_client_constructEAPOL_4Of4Way
                0x00000000000160c8                wifi_rom_client_constructEAPOL_2Of2Way
                0x0000000000016198                wifi_rom_client_constructEAPOL_MICof2Way
                0x000000000001624c                wifi_rom_psk_strip_rsn_pairwise
                0x00000000000162d4                wifi_rom_psk_strip_wpa_pairwise
                0x000000000001635c                wifi_rom_enc_gtk
                0x0000000000016440                wifi_rom_gen_nonce
                0x00000000000164cc                wifi_rom_set_port
                0x00000000000164dc                wifi_rom_wpa_key_mgmt_sae
                0x00000000000164e8                wifi_rom_wpa_key_mgmt_sha256
                0x00000000000164f4                wifi_rom_wpa_key_mgmt_sha384
                0x00000000000164fa                wifi_rom_ap_constructEAPOL_1Of4Way
                0x0000000000016618                wifi_rom_set_wpa_global_PSK
                0x0000000000016640                wifi_rom_psk_derive
                0x00000000000167a4                wifi_rom_psk_strip_rsn_akmp
                0x00000000000168a4                wifi_rom_psk_strip_pmkid
                0x0000000000016914                wifi_rom_constructMICFailReport
                0x00000000000169d0                wifi_rom_check_append_pmkid
                0x0000000000016a3c                wifi_rom_check_append_rsnxe
                0x0000000000016a6c                wifi_rom_set_playercounter
                0x0000000000016a70                wifi_rom_equal_playercounter
                0x0000000000016a8c                wifi_rom_fill_eapol_header
                0x0000000000016ad8                wifi_rom_check_playercounter
                0x0000000000016afa                wifi_rom_parse_pairwise_kde
                0x0000000000016c40                wifi_rom_set_group_cipher
                0x0000000000016c50                wifi_rom_parse_group_kde
                0x0000000000016d80                wifi_rom_psk_ieee80211w_kde_add
                0x0000000000016dd8                wifi_rom_ap_constructEAPOL_1Of2Way
                0x0000000000016f90                wifi_rom_ap_fill_keydata
                0x0000000000017054                wifi_rom_ap_constructEAPOL_3Of4Way
                0x0000000000017230                wifi_rom_cckrates_included
                0x0000000000017264                wifi_rom_cckratesonly_included
                0x0000000000017298                wifi_rom_networktype_to_raid_ex
                0x00000000000172ea                wifi_rom_updateBratetbl
                0x0000000000017338                wifi_rom_updateBratetbl_softap
                0x0000000000017378                wifi_rom_rate2tbl_inx
                0x00000000000173d4                wifi_rom_update_mcs_rate
                0x00000000000173e2                wifi_rom_get_highest_rateidx
                0x0000000000017400                wifi_rom_check_pn
                0x000000000001745c                wifi_rom_check_indicate_seq
                0x00000000000174aa                wifi_rom_get_wmmps_ac
                0x00000000000174e6                wifi_rom_signal_stat_get
                0x0000000000017558                wifi_rom_get_op_chs_by_cch_bw
                0x00000000000175c0                wifi_rom_ch2freq
                0x00000000000175f2                wifi_rom_freq2ch
                0x0000000000017658                wifi_rom_chbw_to_freq_range
                0x00000000000176b0                wifi_rom_ch_to_bb_gain_sel
                0x0000000000017808                wifi_rom_dump_bignum
                0x0000000000017888                wifi_rom_dump_octect_string
                0x00000000000178ec                wifi_rom_ecc_point_read_bignum
                0x0000000000017970                wifi_rom_ecc_point_write_bignum
                0x00000000000179f8                wifi_rom_dump_ecc_point
                0x0000000000017a6c                wifi_rom_ecc_point_read_binary
                0x0000000000017adc                wifi_rom_ecc_point_write_binary
                0x0000000000017b0c                wifi_rom_ecc_point_add_point
                0x0000000000017b52                wifi_rom_bignum_add_mod
                0x0000000000017b72                wifi_rom_bignum_mul_mod
                0x000000000001818e                wifi_rom_sae_memcmp
                0x00000000000181b2                wifi_rom_sae_buf_shift_right
                0x0000000000018270                wifi_rom_sae_crypto_ecc_init
                0x0000000000018318                wifi_rom_sae_crypto_ecc_free
                0x000000000001833c                wifi_rom_sae_derive_pwe_ecc
                0x0000000000018914                wifi_rom_sae_derive_pwe_ffc
                0x0000000000018ad0                wifi_rom_sae_derive_pwe_from_pt
                0x0000000000018c1c                wifi_rom_sae_derive_k_ecc
                0x0000000000018cdc                wifi_rom_sae_derive_k_ffc
                0x0000000000018d7c                wifi_rom_sae_derive_pmk_and_kck
                0x0000000000018ec8                wifi_rom_sae_derive_pt_ecc
                0x0000000000019380                wifi_rom_sae_octect_buf_alloc
                0x00000000000193c0                wifi_rom_sae_octect_buf_clear
                0x00000000000193e8                wifi_rom_sae_set_state
                0x0000000000019450                wifi_rom_sae_get_rand_mask
                0x00000000000195d8                wifi_rom_sae_ecc_point_invert
                0x000000000001962a                wifi_rom_sae_clear_data
                0x00000000000197a4                wifi_rom_sae_check_group
                0x0000000000019804                wifi_rom_sae_blind_select_group
                0x0000000000019858                wifi_rom_sae_target_select_group
                0x00000000000198c0                wifi_rom_sae_derive_pt
                0x00000000000198e4                wifi_rom_sae_prepare_commit
                0x0000000000019a7c                wifi_rom_sae_prepare_confirm
                0x0000000000019b84                wifi_rom_sae_del_event
                0x0000000000019bac                wifi_rom_sae_parse_peer_commit
                0x0000000000019ee0                wifi_rom_sae_process_peer_commit
                0x0000000000019f48                wifi_rom_sae_check_peer_confirm
                0x0000000000019ff8                wifi_rom_sae_check_big_sync
                0x000000000001a004                wifi_rom_sae_generate_commit_element_ecc
                0x000000000001a060                wifi_rom_sae_generate_commit_element_ffc
                0x000000000001a210                wep_80211_encrypt
                0x000000000001a270                wep_80211_decrypt
                0x000000000001a2f8                tkip_micappendbyte
                0x000000000001a35c                rtw_secmicsetkey
                0x000000000001a394                rtw_secmicappend
                0x000000000001a3ae                rtw_secgetmic
                0x000000000001a40e                rtw_seccalctkipmic
                0x000000000001a492                tkip_phase1
                0x000000000001a598                tkip_phase2
                0x000000000001a740                tkip_80211_encrypt
                0x000000000001a7b8                tkip_80211_decrypt
                0x000000000001a85c                aes1_encrypt
                0x000000000001a9c0                aesccmp_construct_mic_iv
                0x000000000001aa10                aesccmp_construct_mic_header1
                0x000000000001aa7c                aesccmp_construct_mic_header2
                0x000000000001aaf0                aesccmp_construct_ctr_preload
                0x000000000001ab68                aes_80211_encrypt
                0x000000000001ae50                aes_80211_decrypt
                0x000000000001b2c4                wifi_rom_sha256_vector
                0x000000000001b49c                wifi_rom_hmac_sha256_vector
                0x000000000001b57c                wifi_rom_hmac_sha256_kdf
                0x000000000001b64c                wifi_rom_sha256_prf_bits
                0x000000000001b71c                wifi_rom_sha256_prf
                0x000000000001b734                wifi_rom_vht_get_highest_rate
                0x000000000001b788                wifi_rom_vht_mcsmap_to_nss
                0x000000000001b7ce                wifi_rom_vht_nss_to_mcsmap
                0x000000000001b81a                wifi_rom_vht_mcsmap_to_bitmap
                0x000000000001ba14                rt_sha1_init
                0x000000000001ba50                rt_sha1_update
                0x000000000001bab2                rt_sha1_finish
                0x000000000001bb84                rt_hmac_sha1
                0x000000000001bc48                ROM_WIFI_BCN_FUNC
                0x000000000001bc68                ROM_WIFI_BCN_Tx_Ctrl
                0x000000000001bc84                ROM_WIFI_BCN_Interval
                0x000000000001bc90                ROM_WIFI_BCN_FUNC_Enable
                0x000000000001bca8                ROM_WIFI_BCN_VALID
                0x000000000001bccc                ROM_WIFI_InitLLTTable
                0x000000000001bd18                ROM_WIFI_INIT_MACADDR_SET
                0x000000000001bd48                ROM_WIFI_INIT_BeaconParameters
                0x000000000001bd84                ROM_WIFI_INIT_ReadChipVersion
                0x000000000001bdc4                ROM_WIFI_INIT_DumpChipInfo
                0x000000000001bf8c                ROM_WIFI_InitTxBufferBoundary
                0x000000000001bfec                ROM_WIFI_InitNormalChipRegPriority
                0x000000000001c040                ROM_WIFI_InitPageBoundary
                0x000000000001c04c                ROM_WIFI_InitDriverInfoSize
                0x000000000001c060                ROM_WIFI_InitNetworkType
                0x000000000001c090                ROM_WIFI_InitRCR
                0x000000000001c0d4                ROM_WIFI_InitAdaptiveCtrl
                0x000000000001c118                ROM_WIFI_InitSIFS
                0x000000000001c160                ROM_WIFI_InitEDCA
                0x000000000001c184                ROM_WIFI_InitRateFallback
                0x000000000001c1a8                ROM_WIFI_InitRetryFunction
                0x000000000001c1cc                ROM_WIFI_InitOperationMode
                0x000000000001c1ec                ROM_WIFI_InitBurstPktLen
                0x000000000001c1f8                ROM_WIFI_InitMacClk
                0x000000000001c258                ROM_WIFI_Init32kClk
                0x000000000001c280                ROM_WIFI_InitLxDma
                0x000000000001c3c0                ROM_WIFI_InitQueueReservedPage
                0x000000000001c3dc                ROM_WIFI_ENABLE_BB_RF
                0x000000000001c3fc                ROM_WIFI_DISABLE_MAC_CG
                0x000000000001c454                ROM_WIFI_DISCONNECT
                0x000000000001c484                ROM_WIFI_BSSID_SET
                0x000000000001c4c0                ROM_WIFI_SetMSR
                0x000000000001c4e4                ROM_WIFI_CHECK_BSSID
                0x000000000001c500                ROM_WIFI_ACM_CTRL
                0x000000000001c528                ROM_WIFI_PROMISC_Cmd
                0x000000000001c5ac                ROM_WIFI_PHY_STATUS_CFG
                0x000000000001c5cc                ROM_WIFI_SET_APMODE
                0x000000000001c724                ROM_WIFI_UPDATE_Slottime
                0x000000000001c788                ROM_WIFI_SET_CCA_EDCCA
                0x000000000001c7c0                ROM_WIFI_Set_AC_Param
                0x000000000001c7f8                ROM_WIFI_Set_MLME_JOIN
                0x000000000001c8f0                ROM_WIFI_INIT_ADDR_CAM
                0x000000000001ca20                ROM_WIFI_ADDR_CAM_ENTRY_VALID
                0x000000000001ca4c                ROM_WIFI_Set_MLME_Sitesurvey
                0x000000000001caf8                ROM_WIFI_GetChnlGroup
                0x000000000001cc10                ROM_WIFI_32K_Cmd
                0x000000000001cca0                ROM_WIFI_FIFO_CLEARN_UP
                0x000000000001cd00                ROM_WIFI_CHECK_TXBUF
                0x000000000001cd54                ROM_WIFI_CONFIG_CSI
                0x000000000001cdfc                ROM_WIFI_IMR_UPDATE
                0x000000000001ce58                ROM_WIFI_BRate_Get
                0x000000000001cf18                ROM_WIFI_BRate_Set
                0x000000000001cf54                ROM_WIFI_HwRateToMRate
                0x000000000001cf74                ROM_WIFI_MRateToHwRate
                0x000000000001cf88                ROM_WIFI_HAL_RXDESC_Percentage2dbm
                0x000000000001cf96                ROM_WIFI_HAL_RXDESC_ProcessRSSI
                0x000000000001cfb8                ROM_WIFI_HAL_RXDESC_ProcessSNRQual
                0x000000000001cfe0                ROM_WIFI_CAM_ENTRY_WRITE
                0x000000000001d000                ROM_WIFI_CAM_WRITE
                0x000000000001d074                ROM_WIFI_CAM_READ
                0x000000000001d11c                ROM_WIFI_SEC_CFG
                0x000000000001d130                ROM_WIFI_CAM_WriteSppAmsduValid
                0x000000000001d146                ROM_WIFI_CAM_Entry_Clear
                0x000000000001d178                ROM_WIFI_CAM_FLUSH_ALL
                0x000000000001d1a8                ROM_WIFI_TSF_SET
                0x000000000001d244                ROM_WIFI_TSF_FREERUN_CFG
                0x000000000001d264                ROM_WIFI_TSF_GetByPort
                0x000000000001d294                ROM_WIFI_TSF_Sync
                0x000000000001d2c4                ROM_WIFI_TXDESC_BWMapping
                0x000000000001d2ea                ROM_WIFI_TXDESC_SCMapping
                0x000000000001d32c                ROM_WIFI_TXDESC_FillSectype
                0x000000000001d348                ROM_WIFI_TXDESC_FillFake
                0x000000000001d440                ROM_WIFI_TXDESC_Get_BufAddr
                0x000000000001d458                ROM_WIFI_TXDESC_FillVCS
                0x000000000001d4c4                ROM_WIFI_ReadPowerValue
                0x000000000001d61c                ROM_WIFI_EfuseParseTxPowerInfo
                0x00000000000217d1                WPS_OUI
                0x00000000000217d5                WMM_OUI
                0x00000000000217d9                WMM_PARA_OUI
                0x00000000000217df                WMM_INFO_OUI
                0x00000000000217ec                dh_groups
                0x000000000002194c                dh_group24_order
                0x000000000002196c                dh_group24_prime
                0x0000000000021a6c                dh_group24_generator
                0x0000000000021b6c                dh_group23_order
                0x0000000000021b88                dh_group23_prime
                0x0000000000021c88                dh_group23_generator
                0x0000000000021d88                dh_group22_order
                0x0000000000021d9c                dh_group22_prime
                0x0000000000021e1c                dh_group22_generator
                0x000000000002229c                dh_group18_prime
                0x000000000002269c                dh_group18_generator
                0x000000000002269d                dh_group17_order
                0x000000000002299d                dh_group17_prime
                0x0000000000022c9d                dh_group17_generator
                0x0000000000022c9e                dh_group16_order
                0x0000000000022e9e                dh_group16_prime
                0x000000000002309e                dh_group16_generator
                0x000000000002321f                dh_group15_prime
                0x000000000002339f                dh_group15_generator
                0x00000000000233a0                dh_group14_order
                0x00000000000234a0                dh_group14_prime
                0x00000000000235a0                dh_group14_generator
                0x00000000000235a1                dh_group5_order
                0x0000000000023661                dh_group5_prime
                0x0000000000023721                dh_group5_generator
                0x0000000000023722                dh_group2_order
                0x00000000000237a2                dh_group2_prime
                0x0000000000023822                dh_group2_generator
                0x0000000000023823                dh_group1_order
                0x0000000000023883                dh_group1_prime
                0x00000000000238e3                dh_group1_generator
                0x00000000000238fd                RTW_WPA_OUI_TYPE
                0x0000000000023901                WPA_CIPHER_SUITE_NONE
                0x0000000000023905                WPA_CIPHER_SUITE_WEP40
                0x0000000000023909                WPA_CIPHER_SUITE_TKIP
                0x000000000002390d                WPA_CIPHER_SUITE_CCMP
                0x0000000000023911                WPA_CIPHER_SUITE_WEP104
                0x0000000000023915                RSN_CIPHER_SUITE_NONE
                0x0000000000023919                RSN_CIPHER_SUITE_WEP40
                0x000000000002391d                RSN_CIPHER_SUITE_TKIP
                0x0000000000023921                RSN_CIPHER_SUITE_CCMP
                0x0000000000023925                RSN_CIPHER_SUITE_WEP104
                0x0000000000023935                RSN_AUTH_KEY_MGMT_PSK_OVER_802_1X
                0x0000000000023939                RSN_AUTH_KEY_MGMT_UNSPEC_802_1X
                0x000000000002393e                RSN_VERSION_BSD
                0x0000000000023940                RTW_ChannelPlan2G
                0x00000000000239a9                RTW_WPA_OUI
                0x00000000000239ad                RSN_TKIP_CIPHER
                0x00000000000239b1                RSN_AUTH_KEY_MGMT_FT_802_1X
                0x00000000000239b5                RSN_AUTH_KEY_MGMT_FT_PSK
                0x00000000000239b9                RSN_AUTH_KEY_MGMT_802_1X_SHA256
                0x00000000000239bd                RSN_AUTH_KEY_MGMT_PSK_SHA256
                0x00000000000239c1                RSN_AUTH_KEY_MGMT_SAE
                0x00000000000239c5                RSN_AUTH_KEY_MGMT_802_1X_SUITE_B
                0x00000000000239c9                RSN_AUTH_KEY_MGMT_802_1X_SUITE_B_192
                0x00000000000239cd                RSN_AUTH_KEY_MGMT_DPP
                0x00000000000239d1                RSN_CIPHER_SUITE_AES_128_CMAC
                0x00000000000239d5                RSN_CIPHER_SUITE_BIP_GMAC_128
                0x00000000000239d9                RSN_CIPHER_SUITE_BIP_GMAC_256
                0x00000000000239dd                RSN_CIPHER_SUITE_BIP_CMAC_256
                0x00000000000239e1                RTW_ChannelPlanMap
                0x0000000000023c61                RTW_ChannelPlan5G
                0x0000000000025414                rom_e_rtw_msgp_str_
                0x0000000000025728                rom_f_rtw_msgp_str_
                0x0000000000025751                igtk_expansion_const
                0x00000000000257ac                rtw_basic_rate_mix
                0x00000000000257b4                center_chs_2g_by_bw
                0x00000000000257c4                op_chs_of_cch_2g_by_bw
                0x00000000000257d4                center_chs_5g_by_bw
                0x00000000000257f4                op_chs_of_cch_5g_by_bw
                0x0000000000025814                _ch_width_to_bw_cap
                0x000000000002581b                op_chs_of_cch_5g_160m
                0x0000000000025833                center_ch_5g_160m
                0x0000000000025836                op_chs_of_cch_5g_80m
                0x0000000000025852                center_ch_5g_80m
                0x0000000000025859                op_chs_of_cch_5g_40m
                0x0000000000025875                center_ch_5g_20m_40m
                0x000000000002589f                center_ch_5g_40m
                0x00000000000258ad                center_ch_5g_20m
                0x00000000000258c9                center_ch_5g_all
                0x00000000000258fa                op_chs_of_cch_2g_40m
                0x000000000002590c                center_ch_2g_40m
                0x0000000000025915                center_ch_2g
                0x0000000000026108                sae_groups

.hal.rom.bss    0x0000000020000000      0x9d0
 .hal.rom.bss   0x0000000020000000      0x9d0 /home/zjian_zhang/Dplus_Z/project/realtek_amebaDplus_va0_example/GCC-RELEASE/project_km0/asdk/lib/rl6845_rom_acut/rom.o
                0x0000000020000000                NewVectorTable
                0x0000000020000000                __rom_bss_start__
                0x0000000020000180                UserIrqFunTable
                0x00000000200002c0                UserIrqDataTable
                0x0000000020000400                RBSS_UDELAY_CLK
                0x0000000020000404                flash_init_para
                0x000000002000045c                PortB_IrqData
                0x00000000200004dc                PortA_IrqData
                0x000000002000055c                PortB_IrqHandler
                0x00000000200005dc                PortA_IrqHandler
                0x000000002000065c                ConfigDebugClose
                0x0000000020000660                ConfigDebug
                0x0000000020000670                shell_argv_array
                0x00000000200006b0                shell_ctl
                0x00000000200006c8                shell_rxbuf
                0x0000000020000748                shell_buf
                0x00000000200007cc                p_wifi_rom_func_map
                0x00000000200007d0                wifi_rom_func_map
                0x00000000200007dc                wpa_global_PSK
                0x0000000020000854                psk_passphrase64
                0x0000000020000895                psk_essid
                0x0000000020000901                psk_passphrase
                0x00000000200009c8                sae_debug_level
                0x00000000200009d0                __rom_bss_end__

.ram_image1.entry
                0x0000000020004d20        0x0
                0x0000000020004d20                __ram_image1_text_start__ = .
                0x0000000020004d20                __ram_start_table_start__ = .
 *(SORT_BY_NAME(.image1.entry.data*))
 *(.image1.validate.rodata*)
 *(.image1.export.symb*)
 .ram_image1.entry
                0x0000000020004d20        0x0 /home/zjian_zhang/Dplus_Z/project/realtek_amebaDplus_va0_example/GCC-RELEASE/project_km0/asdk/lib/rl6845_rom_acut/rom.o

.ram_retention.entry
                0x0000000041008e00        0x0
                0x0000000041008e00                __retention_entry_func__ = ABSOLUTE (.)
 .ram_retention.entry
                0x0000000041008e00        0x0 /home/zjian_zhang/Dplus_Z/project/realtek_amebaDplus_va0_example/GCC-RELEASE/project_km0/asdk/lib/rl6845_rom_acut/rom.o

.ram.data       0x0000000000000000        0x0
 *(.data*)
 .ram.data      0x0000000000000000        0x0 /home/zjian_zhang/Dplus_Z/project/realtek_amebaDplus_va0_example/GCC-RELEASE/project_km0/asdk/lib/rl6845_rom_acut/rom.o

.ram.bss        0x0000000000000000        0x0
 *(.bss*)
 .ram.bss       0x0000000000000000        0x0 /home/zjian_zhang/Dplus_Z/project/realtek_amebaDplus_va0_example/GCC-RELEASE/project_km0/asdk/lib/rl6845_rom_acut/rom.o

.rom.text.libgcc
                0x0000000000000000        0x0
 *(.text*)
 *(.rodata*)
 .rom.text.libgcc
                0x0000000000000000        0x0 /home/zjian_zhang/Dplus_Z/project/realtek_amebaDplus_va0_example/GCC-RELEASE/project_km0/asdk/lib/rl6845_rom_acut/rom.o
                [!provide]                        PROVIDE (__rom_stdlib_text_start__ = 0x6000)
                [!provide]                        PROVIDE (stdlib_loguart_relocation = 0x6815)
                [!provide]                        PROVIDE (_atoi = 0x6825)
                [!provide]                        PROVIDE (_stratoi = 0x6825)
                [!provide]                        PROVIDE (__wrap_atoi = 0x6825)
                [!provide]                        PROVIDE (__wrap_stratoi = 0x6825)
                [!provide]                        PROVIDE (__wrap_printf = 0x6873)
                [!provide]                        PROVIDE (_printf = 0x6873)
                [!provide]                        PROVIDE (__wrap_putchar = 0x68bd)
                [!provide]                        PROVIDE (_putchar = 0x68bd)
                [!provide]                        PROVIDE (__wrap_puts = 0x6a61)
                [!provide]                        PROVIDE (_puts = 0x6a61)
                [!provide]                        PROVIDE (__wrap_snprintf = 0x6ad5)
                [!provide]                        PROVIDE (_snprintf = 0x6ad5)
                [!provide]                        PROVIDE (__wrap_sprintf = 0x6b75)
                [!provide]                        PROVIDE (_sprintf = 0x6b75)
                [!provide]                        PROVIDE (__wrap_sscanf = 0x6bb5)
                [!provide]                        PROVIDE (_sscanf = 0x6bb5)
                [!provide]                        PROVIDE (__wrap_strcat = 0x6cf1)
                [!provide]                        PROVIDE (_strcat = 0x6cf1)
                [!provide]                        PROVIDE (__wrap_strchr = 0x6d0b)
                [!provide]                        PROVIDE (_strchr = 0x6d0b)
                [!provide]                        PROVIDE (__wrap_strcpy = 0x6d25)
                [!provide]                        PROVIDE (_strcpy = 0x6d25)
                [!provide]                        PROVIDE (__wrap_strncat = 0x6d43)
                [!provide]                        PROVIDE (_strncat = 0x6d43)
                [!provide]                        PROVIDE (__wrap_strncmp = 0x6d67)
                [!provide]                        PROVIDE (_strncmp = 0x6d67)
                [!provide]                        PROVIDE (__wrap_strncpy = 0x6d8b)
                0x0000000000006d8b                PROVIDE (_strncpy = 0x6d8b)
                [!provide]                        PROVIDE (__wrap_strpbrk = 0x6db1)
                [!provide]                        PROVIDE (_strpbrk = 0x6db1)
                [!provide]                        PROVIDE (__wrap_strsep = 0x6de1)
                [!provide]                        PROVIDE (_strsep = 0x6de1)
                [!provide]                        PROVIDE (__wrap_strstr = 0x6def)
                [!provide]                        PROVIDE (_strstr = 0x6def)
                [!provide]                        PROVIDE (__wrap_strtok = 0x6e19)
                [!provide]                        PROVIDE (_strtok = 0x6e19)
                [!provide]                        PROVIDE (__wrap_strtol = 0x7019)
                [!provide]                        PROVIDE (_strtol = 0x7019)
                [!provide]                        PROVIDE (__wrap_vsnprintf = 0x7085)
                [!provide]                        PROVIDE (_vsnprintf = 0x7085)
                [!provide]                        PROVIDE (__rom_stdlib_text_end__ = 0x97e0)
                [!provide]                        PROVIDE (__rom_stdlib_data_start__ = 0x20002000)
                [!provide]                        PROVIDE (__rom_stdlib_data_end__ = 0x20002064)
                [!provide]                        PROVIDE (__rom_stdlib_bss_start__ = 0x20002080)
                [!provide]                        PROVIDE (rom_customer_log = 0x20002080)
                [!provide]                        PROVIDE (__rom_stdlib_bss_end__ = 0x200020a4)
                [!provide]                        PROVIDE (__rom_stdlib_heap_start__ = 0x200020c0)
OUTPUT(target_rom.axf elf32-littlearm)
LOAD linker stubs

.rel.dyn        0x0000000000000000        0x0
 .rel.iplt      0x0000000000000000        0x0 /home/zjian_zhang/Dplus_Z/project/realtek_amebaDplus_va0_example/GCC-RELEASE/project_km0/asdk/lib/rl6845_rom_acut/rom.o

.debug_info     0x0000000000000000    0x40169
 .debug_info    0x0000000000000000    0x40169 /home/zjian_zhang/Dplus_Z/project/realtek_amebaDplus_va0_example/GCC-RELEASE/project_km0/asdk/lib/rl6845_rom_acut/rom.o

.debug_abbrev   0x0000000000000000     0xa058
 .debug_abbrev  0x0000000000000000     0xa058 /home/zjian_zhang/Dplus_Z/project/realtek_amebaDplus_va0_example/GCC-RELEASE/project_km0/asdk/lib/rl6845_rom_acut/rom.o

.debug_loc      0x0000000000000000    0x37a20
 .debug_loc     0x0000000000000000    0x37a20 /home/zjian_zhang/Dplus_Z/project/realtek_amebaDplus_va0_example/GCC-RELEASE/project_km0/asdk/lib/rl6845_rom_acut/rom.o

.debug_aranges  0x0000000000000000     0x1500
 .debug_aranges
                0x0000000000000000     0x1500 /home/zjian_zhang/Dplus_Z/project/realtek_amebaDplus_va0_example/GCC-RELEASE/project_km0/asdk/lib/rl6845_rom_acut/rom.o

.debug_ranges   0x0000000000000000     0x2110
 .debug_ranges  0x0000000000000000     0x2110 /home/zjian_zhang/Dplus_Z/project/realtek_amebaDplus_va0_example/GCC-RELEASE/project_km0/asdk/lib/rl6845_rom_acut/rom.o

.debug_line     0x0000000000000000    0x3a24e
 .debug_line    0x0000000000000000    0x3a24e /home/zjian_zhang/Dplus_Z/project/realtek_amebaDplus_va0_example/GCC-RELEASE/project_km0/asdk/lib/rl6845_rom_acut/rom.o

.debug_str      0x0000000000000000    0x12710
 .debug_str     0x0000000000000000    0x12710 /home/zjian_zhang/Dplus_Z/project/realtek_amebaDplus_va0_example/GCC-RELEASE/project_km0/asdk/lib/rl6845_rom_acut/rom.o
                                      0x25ec1 (size before relaxing)

.comment        0x0000000000000000       0x36
 .comment       0x0000000000000000       0x36 /home/zjian_zhang/Dplus_Z/project/realtek_amebaDplus_va0_example/GCC-RELEASE/project_km0/asdk/lib/rl6845_rom_acut/rom.o
                                       0x11d5 (size before relaxing)

.ARM.attributes
                0x0000000000000000       0x2e
 .ARM.attributes
                0x0000000000000000       0x2e /home/zjian_zhang/Dplus_Z/project/realtek_amebaDplus_va0_example/GCC-RELEASE/project_km0/asdk/lib/rl6845_rom_acut/rom.o

.debug_frame    0x0000000000000000     0x54f0
 .debug_frame   0x0000000000000000     0x54f0 /home/zjian_zhang/Dplus_Z/project/realtek_amebaDplus_va0_example/GCC-RELEASE/project_km0/asdk/lib/rl6845_rom_acut/rom.o

Cross Reference Table

Symbol                                            File
AES_UnWRAP                                        /home/zjian_zhang/Dplus_Z/project/realtek_amebaDplus_va0_example/GCC-RELEASE/project_km0/asdk/lib/rl6845_rom_acut/rom.o
AES_WRAP                                          /home/zjian_zhang/Dplus_Z/project/realtek_amebaDplus_va0_example/GCC-RELEASE/project_km0/asdk/lib/rl6845_rom_acut/rom.o
BKUP_Clear                                        /home/zjian_zhang/Dplus_Z/project/realtek_amebaDplus_va0_example/GCC-RELEASE/project_km0/asdk/lib/rl6845_rom_acut/rom.o
BKUP_Read                                         /home/zjian_zhang/Dplus_Z/project/realtek_amebaDplus_va0_example/GCC-RELEASE/project_km0/asdk/lib/rl6845_rom_acut/rom.o
BKUP_Set                                          /home/zjian_zhang/Dplus_Z/project/realtek_amebaDplus_va0_example/GCC-RELEASE/project_km0/asdk/lib/rl6845_rom_acut/rom.o
BKUP_Write                                        /home/zjian_zhang/Dplus_Z/project/realtek_amebaDplus_va0_example/GCC-RELEASE/project_km0/asdk/lib/rl6845_rom_acut/rom.o
BOOT_ROM_InitDebugFlg                             /home/zjian_zhang/Dplus_Z/project/realtek_amebaDplus_va0_example/GCC-RELEASE/project_km0/asdk/lib/rl6845_rom_acut/rom.o
BOOT_ROM_ResetVsr                                 /home/zjian_zhang/Dplus_Z/project/realtek_amebaDplus_va0_example/GCC-RELEASE/project_km0/asdk/lib/rl6845_rom_acut/rom.o
BusFault_Handler                                  /home/zjian_zhang/Dplus_Z/project/realtek_amebaDplus_va0_example/GCC-RELEASE/project_km0/asdk/lib/rl6845_rom_acut/rom.o
CPU_ClkGet                                        /home/zjian_zhang/Dplus_Z/project/realtek_amebaDplus_va0_example/GCC-RELEASE/project_km0/asdk/lib/rl6845_rom_acut/rom.o
ConfigDebug                                       /home/zjian_zhang/Dplus_Z/project/realtek_amebaDplus_va0_example/GCC-RELEASE/project_km0/asdk/lib/rl6845_rom_acut/rom.o
ConfigDebugClose                                  /home/zjian_zhang/Dplus_Z/project/realtek_amebaDplus_va0_example/GCC-RELEASE/project_km0/asdk/lib/rl6845_rom_acut/rom.o
DelayClkUpdate                                    /home/zjian_zhang/Dplus_Z/project/realtek_amebaDplus_va0_example/GCC-RELEASE/project_km0/asdk/lib/rl6845_rom_acut/rom.o
DelayMs                                           /home/zjian_zhang/Dplus_Z/project/realtek_amebaDplus_va0_example/GCC-RELEASE/project_km0/asdk/lib/rl6845_rom_acut/rom.o
DelayNop                                          /home/zjian_zhang/Dplus_Z/project/realtek_amebaDplus_va0_example/GCC-RELEASE/project_km0/asdk/lib/rl6845_rom_acut/rom.o
DelayUs                                           /home/zjian_zhang/Dplus_Z/project/realtek_amebaDplus_va0_example/GCC-RELEASE/project_km0/asdk/lib/rl6845_rom_acut/rom.o
DiagPrintf                                        /home/zjian_zhang/Dplus_Z/project/realtek_amebaDplus_va0_example/GCC-RELEASE/project_km0/asdk/lib/rl6845_rom_acut/rom.o
DiagPrintfD                                       /home/zjian_zhang/Dplus_Z/project/realtek_amebaDplus_va0_example/GCC-RELEASE/project_km0/asdk/lib/rl6845_rom_acut/rom.o
DiagSPrintf                                       /home/zjian_zhang/Dplus_Z/project/realtek_amebaDplus_va0_example/GCC-RELEASE/project_km0/asdk/lib/rl6845_rom_acut/rom.o
DiagSnPrintf                                      /home/zjian_zhang/Dplus_Z/project/realtek_amebaDplus_va0_example/GCC-RELEASE/project_km0/asdk/lib/rl6845_rom_acut/rom.o
DiagVSprintf                                      /home/zjian_zhang/Dplus_Z/project/realtek_amebaDplus_va0_example/GCC-RELEASE/project_km0/asdk/lib/rl6845_rom_acut/rom.o
EFUSE_GetBDNum                                    /home/zjian_zhang/Dplus_Z/project/realtek_amebaDplus_va0_example/GCC-RELEASE/project_km0/asdk/lib/rl6845_rom_acut/rom.o
EFUSE_GetChipVersion                              /home/zjian_zhang/Dplus_Z/project/realtek_amebaDplus_va0_example/GCC-RELEASE/project_km0/asdk/lib/rl6845_rom_acut/rom.o
EFUSE_GetESFlag                                   /home/zjian_zhang/Dplus_Z/project/realtek_amebaDplus_va0_example/GCC-RELEASE/project_km0/asdk/lib/rl6845_rom_acut/rom.o
EFUSE_GetPackageInfo                              /home/zjian_zhang/Dplus_Z/project/realtek_amebaDplus_va0_example/GCC-RELEASE/project_km0/asdk/lib/rl6845_rom_acut/rom.o
EFUSE_GetUUID                                     /home/zjian_zhang/Dplus_Z/project/realtek_amebaDplus_va0_example/GCC-RELEASE/project_km0/asdk/lib/rl6845_rom_acut/rom.o
EFUSE_Get_Info                                    /home/zjian_zhang/Dplus_Z/project/realtek_amebaDplus_va0_example/GCC-RELEASE/project_km0/asdk/lib/rl6845_rom_acut/rom.o
FLASH_Addr4ByteDis                                /home/zjian_zhang/Dplus_Z/project/realtek_amebaDplus_va0_example/GCC-RELEASE/project_km0/asdk/lib/rl6845_rom_acut/rom.o
FLASH_Addr4ByteEn                                 /home/zjian_zhang/Dplus_Z/project/realtek_amebaDplus_va0_example/GCC-RELEASE/project_km0/asdk/lib/rl6845_rom_acut/rom.o
FLASH_CalibrationNew                              /home/zjian_zhang/Dplus_Z/project/realtek_amebaDplus_va0_example/GCC-RELEASE/project_km0/asdk/lib/rl6845_rom_acut/rom.o
FLASH_CalibrationNewCmd                           /home/zjian_zhang/Dplus_Z/project/realtek_amebaDplus_va0_example/GCC-RELEASE/project_km0/asdk/lib/rl6845_rom_acut/rom.o
FLASH_CalibrationPLLPSCmd                         /home/zjian_zhang/Dplus_Z/project/realtek_amebaDplus_va0_example/GCC-RELEASE/project_km0/asdk/lib/rl6845_rom_acut/rom.o
FLASH_CalibrationPLLPS_Shift                      /home/zjian_zhang/Dplus_Z/project/realtek_amebaDplus_va0_example/GCC-RELEASE/project_km0/asdk/lib/rl6845_rom_acut/rom.o
FLASH_CalibrationPhase                            /home/zjian_zhang/Dplus_Z/project/realtek_amebaDplus_va0_example/GCC-RELEASE/project_km0/asdk/lib/rl6845_rom_acut/rom.o
FLASH_CalibrationPhaseIdx                         /home/zjian_zhang/Dplus_Z/project/realtek_amebaDplus_va0_example/GCC-RELEASE/project_km0/asdk/lib/rl6845_rom_acut/rom.o
FLASH_Calibration_PLL_Close                       /home/zjian_zhang/Dplus_Z/project/realtek_amebaDplus_va0_example/GCC-RELEASE/project_km0/asdk/lib/rl6845_rom_acut/rom.o
FLASH_Calibration_PLL_Open                        /home/zjian_zhang/Dplus_Z/project/realtek_amebaDplus_va0_example/GCC-RELEASE/project_km0/asdk/lib/rl6845_rom_acut/rom.o
FLASH_Config                                      /home/zjian_zhang/Dplus_Z/project/realtek_amebaDplus_va0_example/GCC-RELEASE/project_km0/asdk/lib/rl6845_rom_acut/rom.o
FLASH_DeepPowerDown                               /home/zjian_zhang/Dplus_Z/project/realtek_amebaDplus_va0_example/GCC-RELEASE/project_km0/asdk/lib/rl6845_rom_acut/rom.o
FLASH_Erase                                       /home/zjian_zhang/Dplus_Z/project/realtek_amebaDplus_va0_example/GCC-RELEASE/project_km0/asdk/lib/rl6845_rom_acut/rom.o
FLASH_Init                                        /home/zjian_zhang/Dplus_Z/project/realtek_amebaDplus_va0_example/GCC-RELEASE/project_km0/asdk/lib/rl6845_rom_acut/rom.o
FLASH_PLLInit_ClockDiv                            /home/zjian_zhang/Dplus_Z/project/realtek_amebaDplus_va0_example/GCC-RELEASE/project_km0/asdk/lib/rl6845_rom_acut/rom.o
FLASH_Read_DataIsRight                            /home/zjian_zhang/Dplus_Z/project/realtek_amebaDplus_va0_example/GCC-RELEASE/project_km0/asdk/lib/rl6845_rom_acut/rom.o
FLASH_Read_HandShake                              /home/zjian_zhang/Dplus_Z/project/realtek_amebaDplus_va0_example/GCC-RELEASE/project_km0/asdk/lib/rl6845_rom_acut/rom.o
FLASH_Read_HandShake_Cmd                          /home/zjian_zhang/Dplus_Z/project/realtek_amebaDplus_va0_example/GCC-RELEASE/project_km0/asdk/lib/rl6845_rom_acut/rom.o
FLASH_RxCmd                                       /home/zjian_zhang/Dplus_Z/project/realtek_amebaDplus_va0_example/GCC-RELEASE/project_km0/asdk/lib/rl6845_rom_acut/rom.o
FLASH_RxCmd_InUserMode                            /home/zjian_zhang/Dplus_Z/project/realtek_amebaDplus_va0_example/GCC-RELEASE/project_km0/asdk/lib/rl6845_rom_acut/rom.o
FLASH_RxData                                      /home/zjian_zhang/Dplus_Z/project/realtek_amebaDplus_va0_example/GCC-RELEASE/project_km0/asdk/lib/rl6845_rom_acut/rom.o
FLASH_SetSpiMode                                  /home/zjian_zhang/Dplus_Z/project/realtek_amebaDplus_va0_example/GCC-RELEASE/project_km0/asdk/lib/rl6845_rom_acut/rom.o
FLASH_SetStatus                                   /home/zjian_zhang/Dplus_Z/project/realtek_amebaDplus_va0_example/GCC-RELEASE/project_km0/asdk/lib/rl6845_rom_acut/rom.o
[...]
wifi_rom_message_replaycounter_oc2li              /home/zjian_zhang/Dplus_Z/project/realtek_amebaDplus_va0_example/GCC-RELEASE/project_km0/asdk/lib/rl6845_rom_acut/rom.o
wifi_rom_message_setreplaycounter                 /home/zjian_zhang/Dplus_Z/project/realtek_amebaDplus_va0_example/GCC-RELEASE/project_km0/asdk/lib/rl6845_rom_acut/rom.o
wifi_rom_message_smallerequalreplaycounter        /home/zjian_zhang/Dplus_Z/project/realtek_amebaDplus_va0_example/GCC-RELEASE/project_km0/asdk/lib/rl6845_rom_acut/rom.o
wifi_rom_mpi_add_abs                              /home/zjian_zhang/Dplus_Z/project/realtek_amebaDplus_va0_example/GCC-RELEASE/project_km0/asdk/lib/rl6845_rom_acut/rom.o
wifi_rom_mpi_add_int                              /home/zjian_zhang/Dplus_Z/project/realtek_amebaDplus_va0_example/GCC-RELEASE/project_km0/asdk/lib/rl6845_rom_acut/rom.o
wifi_rom_mpi_add_mpi                              /home/zjian_zhang/Dplus_Z/project/realtek_amebaDplus_va0_example/GCC-RELEASE/project_km0/asdk/lib/rl6845_rom_acut/rom.o
wifi_rom_mpi_bitlen                               /home/zjian_zhang/Dplus_Z/project/realtek_amebaDplus_va0_example/GCC-RELEASE/project_km0/asdk/lib/rl6845_rom_acut/rom.o
wifi_rom_mpi_cmp_abs                              /home/zjian_zhang/Dplus_Z/project/realtek_amebaDplus_va0_example/GCC-RELEASE/project_km0/asdk/lib/rl6845_rom_acut/rom.o
wifi_rom_mpi_cmp_int                              /home/zjian_zhang/Dplus_Z/project/realtek_amebaDplus_va0_example/GCC-RELEASE/project_km0/asdk/lib/rl6845_rom_acut/rom.o
wifi_rom_mpi_cmp_mpi                              /home/zjian_zhang/Dplus_Z/project/realtek_amebaDplus_va0_example/GCC-RELEASE/project_km0/asdk/lib/rl6845_rom_acut/rom.o
wifi_rom_mpi_copy                                 /home/zjian_zhang/Dplus_Z/project/realtek_amebaDplus_va0_example/GCC-RELEASE/project_km0/asdk/lib/rl6845_rom_acut/rom.o
wifi_rom_mpi_div_mpi                              /home/zjian_zhang/Dplus_Z/project/realtek_amebaDplus_va0_example/GCC-RELEASE/project_km0/asdk/lib/rl6845_rom_acut/rom.o
wifi_rom_mpi_exp_mod                              /home/zjian_zhang/Dplus_Z/project/realtek_amebaDplus_va0_example/GCC-RELEASE/project_km0/asdk/lib/rl6845_rom_acut/rom.o
wifi_rom_mpi_fill_random                          /home/zjian_zhang/Dplus_Z/project/realtek_amebaDplus_va0_example/GCC-RELEASE/project_km0/asdk/lib/rl6845_rom_acut/rom.o
wifi_rom_mpi_free                                 /home/zjian_zhang/Dplus_Z/project/realtek_amebaDplus_va0_example/GCC-RELEASE/project_km0/asdk/lib/rl6845_rom_acut/rom.o
wifi_rom_mpi_gcd                                  /home/zjian_zhang/Dplus_Z/project/realtek_amebaDplus_va0_example/GCC-RELEASE/project_km0/asdk/lib/rl6845_rom_acut/rom.o
wifi_rom_mpi_get_bit                              /home/zjian_zhang/Dplus_Z/project/realtek_amebaDplus_va0_example/GCC-RELEASE/project_km0/asdk/lib/rl6845_rom_acut/rom.o
wifi_rom_mpi_grow                                 /home/zjian_zhang/Dplus_Z/project/realtek_amebaDplus_va0_example/GCC-RELEASE/project_km0/asdk/lib/rl6845_rom_acut/rom.o
wifi_rom_mpi_init                                 /home/zjian_zhang/Dplus_Z/project/realtek_amebaDplus_va0_example/GCC-RELEASE/project_km0/asdk/lib/rl6845_rom_acut/rom.o
wifi_rom_mpi_inv_mod                              /home/zjian_zhang/Dplus_Z/project/realtek_amebaDplus_va0_example/GCC-RELEASE/project_km0/asdk/lib/rl6845_rom_acut/rom.o
wifi_rom_mpi_lsb                                  /home/zjian_zhang/Dplus_Z/project/realtek_amebaDplus_va0_example/GCC-RELEASE/project_km0/asdk/lib/rl6845_rom_acut/rom.o
wifi_rom_mpi_lset                                 /home/zjian_zhang/Dplus_Z/project/realtek_amebaDplus_va0_example/GCC-RELEASE/project_km0/asdk/lib/rl6845_rom_acut/rom.o
wifi_rom_mpi_mod_mpi                              /home/zjian_zhang/Dplus_Z/project/realtek_amebaDplus_va0_example/GCC-RELEASE/project_km0/asdk/lib/rl6845_rom_acut/rom.o
wifi_rom_mpi_mul_hlp                              /home/zjian_zhang/Dplus_Z/project/realtek_amebaDplus_va0_example/GCC-RELEASE/project_km0/asdk/lib/rl6845_rom_acut/rom.o
wifi_rom_mpi_mul_int                              /home/zjian_zhang/Dplus_Z/project/realtek_amebaDplus_va0_example/GCC-RELEASE/project_km0/asdk/lib/rl6845_rom_acut/rom.o
wifi_rom_mpi_mul_mpi                              /home/zjian_zhang/Dplus_Z/project/realtek_amebaDplus_va0_example/GCC-RELEASE/project_km0/asdk/lib/rl6845_rom_acut/rom.o
wifi_rom_mpi_read_binary                          /home/zjian_zhang/Dplus_Z/project/realtek_amebaDplus_va0_example/GCC-RELEASE/project_km0/asdk/lib/rl6845_rom_acut/rom.o
wifi_rom_mpi_safe_cond_assign                     /home/zjian_zhang/Dplus_Z/project/realtek_amebaDplus_va0_example/GCC-RELEASE/project_km0/asdk/lib/rl6845_rom_acut/rom.o
wifi_rom_mpi_set_bit                              /home/zjian_zhang/Dplus_Z/project/realtek_amebaDplus_va0_example/GCC-RELEASE/project_km0/asdk/lib/rl6845_rom_acut/rom.o
wifi_rom_mpi_shift_l                              /home/zjian_zhang/Dplus_Z/project/realtek_amebaDplus_va0_example/GCC-RELEASE/project_km0/asdk/lib/rl6845_rom_acut/rom.o
wifi_rom_mpi_shift_r                              /home/zjian_zhang/Dplus_Z/project/realtek_amebaDplus_va0_example/GCC-RELEASE/project_km0/asdk/lib/rl6845_rom_acut/rom.o
wifi_rom_mpi_shrink                               /home/zjian_zhang/Dplus_Z/project/realtek_amebaDplus_va0_example/GCC-RELEASE/project_km0/asdk/lib/rl6845_rom_acut/rom.o
wifi_rom_mpi_size                                 /home/zjian_zhang/Dplus_Z/project/realtek_amebaDplus_va0_example/GCC-RELEASE/project_km0/asdk/lib/rl6845_rom_acut/rom.o
wifi_rom_mpi_sub_abs                              /home/zjian_zhang/Dplus_Z/project/realtek_amebaDplus_va0_example/GCC-RELEASE/project_km0/asdk/lib/rl6845_rom_acut/rom.o
wifi_rom_mpi_sub_int                              /home/zjian_zhang/Dplus_Z/project/realtek_amebaDplus_va0_example/GCC-RELEASE/project_km0/asdk/lib/rl6845_rom_acut/rom.o
wifi_rom_mpi_sub_mpi                              /home/zjian_zhang/Dplus_Z/project/realtek_amebaDplus_va0_example/GCC-RELEASE/project_km0/asdk/lib/rl6845_rom_acut/rom.o
wifi_rom_mpi_write_binary                         /home/zjian_zhang/Dplus_Z/project/realtek_amebaDplus_va0_example/GCC-RELEASE/project_km0/asdk/lib/rl6845_rom_acut/rom.o
wifi_rom_networktype_to_raid_ex                   /home/zjian_zhang/Dplus_Z/project/realtek_amebaDplus_va0_example/GCC-RELEASE/project_km0/asdk/lib/rl6845_rom_acut/rom.o
wifi_rom_omac1_aes_128_vector                     /home/zjian_zhang/Dplus_Z/project/realtek_amebaDplus_va0_example/GCC-RELEASE/project_km0/asdk/lib/rl6845_rom_acut/rom.o
wifi_rom_on_action_csa                            /home/zjian_zhang/Dplus_Z/project/realtek_amebaDplus_va0_example/GCC-RELEASE/project_km0/asdk/lib/rl6845_rom_acut/rom.o
wifi_rom_on_assocreq_check                        /home/zjian_zhang/Dplus_Z/project/realtek_amebaDplus_va0_example/GCC-RELEASE/project_km0/asdk/lib/rl6845_rom_acut/rom.o
wifi_rom_on_assocrsp_wmm                          /home/zjian_zhang/Dplus_Z/project/realtek_amebaDplus_va0_example/GCC-RELEASE/project_km0/asdk/lib/rl6845_rom_acut/rom.o
wifi_rom_on_probereq                              /home/zjian_zhang/Dplus_Z/project/realtek_amebaDplus_va0_example/GCC-RELEASE/project_km0/asdk/lib/rl6845_rom_acut/rom.o
wifi_rom_para_set_for_addba                       /home/zjian_zhang/Dplus_Z/project/realtek_amebaDplus_va0_example/GCC-RELEASE/project_km0/asdk/lib/rl6845_rom_acut/rom.o
wifi_rom_parse_group_kde                          /home/zjian_zhang/Dplus_Z/project/realtek_amebaDplus_va0_example/GCC-RELEASE/project_km0/asdk/lib/rl6845_rom_acut/rom.o
wifi_rom_parse_pairwise_kde                       /home/zjian_zhang/Dplus_Z/project/realtek_amebaDplus_va0_example/GCC-RELEASE/project_km0/asdk/lib/rl6845_rom_acut/rom.o
wifi_rom_parse_rsnxe                              /home/zjian_zhang/Dplus_Z/project/realtek_amebaDplus_va0_example/GCC-RELEASE/project_km0/asdk/lib/rl6845_rom_acut/rom.o
wifi_rom_parse_sec_ie_akm_mgc                     /home/zjian_zhang/Dplus_Z/project/realtek_amebaDplus_va0_example/GCC-RELEASE/project_km0/asdk/lib/rl6845_rom_acut/rom.o
wifi_rom_parse_wpa_ie_akm                         /home/zjian_zhang/Dplus_Z/project/realtek_amebaDplus_va0_example/GCC-RELEASE/project_km0/asdk/lib/rl6845_rom_acut/rom.o
wifi_rom_platform_set_func                        /home/zjian_zhang/Dplus_Z/project/realtek_amebaDplus_va0_example/GCC-RELEASE/project_km0/asdk/lib/rl6845_rom_acut/rom.o
wifi_rom_platform_zeroize                         /home/zjian_zhang/Dplus_Z/project/realtek_amebaDplus_va0_example/GCC-RELEASE/project_km0/asdk/lib/rl6845_rom_acut/rom.o
wifi_rom_pmksa_append_pmkid                       /home/zjian_zhang/Dplus_Z/project/realtek_amebaDplus_va0_example/GCC-RELEASE/project_km0/asdk/lib/rl6845_rom_acut/rom.o
wifi_rom_pmksa_cache_encrypt_macaddr              /home/zjian_zhang/Dplus_Z/project/realtek_amebaDplus_va0_example/GCC-RELEASE/project_km0/asdk/lib/rl6845_rom_acut/rom.o
wifi_rom_psk_derive                               /home/zjian_zhang/Dplus_Z/project/realtek_amebaDplus_va0_example/GCC-RELEASE/project_km0/asdk/lib/rl6845_rom_acut/rom.o
wifi_rom_psk_ieee80211w_kde_add                   /home/zjian_zhang/Dplus_Z/project/realtek_amebaDplus_va0_example/GCC-RELEASE/project_km0/asdk/lib/rl6845_rom_acut/rom.o
wifi_rom_psk_strip_pmkid                          /home/zjian_zhang/Dplus_Z/project/realtek_amebaDplus_va0_example/GCC-RELEASE/project_km0/asdk/lib/rl6845_rom_acut/rom.o
wifi_rom_psk_strip_rsn_akmp                       /home/zjian_zhang/Dplus_Z/project/realtek_amebaDplus_va0_example/GCC-RELEASE/project_km0/asdk/lib/rl6845_rom_acut/rom.o
wifi_rom_psk_strip_rsn_pairwise                   /home/zjian_zhang/Dplus_Z/project/realtek_amebaDplus_va0_example/GCC-RELEASE/project_km0/asdk/lib/rl6845_rom_acut/rom.o
wifi_rom_psk_strip_wpa_pairwise                   /home/zjian_zhang/Dplus_Z/project/realtek_amebaDplus_va0_example/GCC-RELEASE/project_km0/asdk/lib/rl6845_rom_acut/rom.o
wifi_rom_rate2tbl_inx                             /home/zjian_zhang/Dplus_Z/project/realtek_amebaDplus_va0_example/GCC-RELEASE/project_km0/asdk/lib/rl6845_rom_acut/rom.o
wifi_rom_restruct_sec_ie                          /home/zjian_zhang/Dplus_Z/project/realtek_amebaDplus_va0_example/GCC-RELEASE/project_km0/asdk/lib/rl6845_rom_acut/rom.o
wifi_rom_restruct_wmm_ie                          /home/zjian_zhang/Dplus_Z/project/realtek_amebaDplus_va0_example/GCC-RELEASE/project_km0/asdk/lib/rl6845_rom_acut/rom.o
wifi_rom_sae_blind_select_group                   /home/zjian_zhang/Dplus_Z/project/realtek_amebaDplus_va0_example/GCC-RELEASE/project_km0/asdk/lib/rl6845_rom_acut/rom.o
wifi_rom_sae_buf_shift_right                      /home/zjian_zhang/Dplus_Z/project/realtek_amebaDplus_va0_example/GCC-RELEASE/project_km0/asdk/lib/rl6845_rom_acut/rom.o
wifi_rom_sae_check_big_sync                       /home/zjian_zhang/Dplus_Z/project/realtek_amebaDplus_va0_example/GCC-RELEASE/project_km0/asdk/lib/rl6845_rom_acut/rom.o
wifi_rom_sae_check_group                          /home/zjian_zhang/Dplus_Z/project/realtek_amebaDplus_va0_example/GCC-RELEASE/project_km0/asdk/lib/rl6845_rom_acut/rom.o
wifi_rom_sae_check_peer_confirm                   /home/zjian_zhang/Dplus_Z/project/realtek_amebaDplus_va0_example/GCC-RELEASE/project_km0/asdk/lib/rl6845_rom_acut/rom.o
wifi_rom_sae_clear_data                           /home/zjian_zhang/Dplus_Z/project/realtek_amebaDplus_va0_example/GCC-RELEASE/project_km0/asdk/lib/rl6845_rom_acut/rom.o
wifi_rom_sae_crypto_ecc_free                      /home/zjian_zhang/Dplus_Z/project/realtek_amebaDplus_va0_example/GCC-RELEASE/project_km0/asdk/lib/rl6845_rom_acut/rom.o
wifi_rom_sae_crypto_ecc_init                      /home/zjian_zhang/Dplus_Z/project/realtek_amebaDplus_va0_example/GCC-RELEASE/project_km0/asdk/lib/rl6845_rom_acut/rom.o
wifi_rom_sae_del_event                            /home/zjian_zhang/Dplus_Z/project/realtek_amebaDplus_va0_example/GCC-RELEASE/project_km0/asdk/lib/rl6845_rom_acut/rom.o
wifi_rom_sae_derive_k_ecc                         /home/zjian_zhang/Dplus_Z/project/realtek_amebaDplus_va0_example/GCC-RELEASE/project_km0/asdk/lib/rl6845_rom_acut/rom.o
wifi_rom_sae_derive_k_ffc                         /home/zjian_zhang/Dplus_Z/project/realtek_amebaDplus_va0_example/GCC-RELEASE/project_km0/asdk/lib/rl6845_rom_acut/rom.o
wifi_rom_sae_derive_pmk_and_kck                   /home/zjian_zhang/Dplus_Z/project/realtek_amebaDplus_va0_example/GCC-RELEASE/project_km0/asdk/lib/rl6845_rom_acut/rom.o
wifi_rom_sae_derive_pt                            /home/zjian_zhang/Dplus_Z/project/realtek_amebaDplus_va0_example/GCC-RELEASE/project_km0/asdk/lib/rl6845_rom_acut/rom.o
wifi_rom_sae_derive_pt_ecc                        /home/zjian_zhang/Dplus_Z/project/realtek_amebaDplus_va0_example/GCC-RELEASE/project_km0/asdk/lib/rl6845_rom_acut/rom.o
wifi_rom_sae_derive_pwe_ecc                       /home/zjian_zhang/Dplus_Z/project/realtek_amebaDplus_va0_example/GCC-RELEASE/project_km0/asdk/lib/rl6845_rom_acut/rom.o
wifi_rom_sae_derive_pwe_ffc                       /home/zjian_zhang/Dplus_Z/project/realtek_amebaDplus_va0_example/GCC-RELEASE/project_km0/asdk/lib/rl6845_rom_acut/rom.o
wifi_rom_sae_derive_pwe_from_pt                   /home/zjian_zhang/Dplus_Z/project/realtek_amebaDplus_va0_example/GCC-RELEASE/project_km0/asdk/lib/rl6845_rom_acut/rom.o
wifi_rom_sae_ecc_point_invert                     /home/zjian_zhang/Dplus_Z/project/realtek_amebaDplus_va0_example/GCC-RELEASE/project_km0/asdk/lib/rl6845_rom_acut/rom.o
wifi_rom_sae_generate_commit_element_ecc          /home/zjian_zhang/Dplus_Z/project/realtek_amebaDplus_va0_example/GCC-RELEASE/project_km0/asdk/lib/rl6845_rom_acut/rom.o
wifi_rom_sae_generate_commit_element_ffc          /home/zjian_zhang/Dplus_Z/project/realtek_amebaDplus_va0_example/GCC-RELEASE/project_km0/asdk/lib/rl6845_rom_acut/rom.o
wifi_rom_sae_get_rand_mask                        /home/zjian_zhang/Dplus_Z/project/realtek_amebaDplus_va0_example/GCC-RELEASE/project_km0/asdk/lib/rl6845_rom_acut/rom.o
wifi_rom_sae_memcmp                               /home/zjian_zhang/Dplus_Z/project/realtek_amebaDplus_va0_example/GCC-RELEASE/project_km0/asdk/lib/rl6845_rom_acut/rom.o
wifi_rom_sae_octect_buf_alloc                     /home/zjian_zhang/Dplus_Z/project/realtek_amebaDplus_va0_example/GCC-RELEASE/project_km0/asdk/lib/rl6845_rom_acut/rom.o
wifi_rom_sae_octect_buf_clear                     /home/zjian_zhang/Dplus_Z/project/realtek_amebaDplus_va0_example/GCC-RELEASE/project_km0/asdk/lib/rl6845_rom_acut/rom.o
wifi_rom_sae_parse_peer_commit                    /home/zjian_zhang/Dplus_Z/project/realtek_amebaDplus_va0_example/GCC-RELEASE/project_km0/asdk/lib/rl6845_rom_acut/rom.o
wifi_rom_sae_prepare_commit                       /home/zjian_zhang/Dplus_Z/project/realtek_amebaDplus_va0_example/GCC-RELEASE/project_km0/asdk/lib/rl6845_rom_acut/rom.o
wifi_rom_sae_prepare_confirm                      /home/zjian_zhang/Dplus_Z/project/realtek_amebaDplus_va0_example/GCC-RELEASE/project_km0/asdk/lib/rl6845_rom_acut/rom.o
wifi_rom_sae_process_peer_commit                  /home/zjian_zhang/Dplus_Z/project/realtek_amebaDplus_va0_example/GCC-RELEASE/project_km0/asdk/lib/rl6845_rom_acut/rom.o
wifi_rom_sae_set_state                            /home/zjian_zhang/Dplus_Z/project/realtek_amebaDplus_va0_example/GCC-RELEASE/project_km0/asdk/lib/rl6845_rom_acut/rom.o
wifi_rom_sae_target_select_group                  /home/zjian_zhang/Dplus_Z/project/realtek_amebaDplus_va0_example/GCC-RELEASE/project_km0/asdk/lib/rl6845_rom_acut/rom.o
wifi_rom_set_beacon_timeout                       /home/zjian_zhang/Dplus_Z/project/realtek_amebaDplus_va0_example/GCC-RELEASE/project_km0/asdk/lib/rl6845_rom_acut/rom.o
wifi_rom_set_eapolkeyiv                           /home/zjian_zhang/Dplus_Z/project/realtek_amebaDplus_va0_example/GCC-RELEASE/project_km0/asdk/lib/rl6845_rom_acut/rom.o
wifi_rom_set_group_cipher                         /home/zjian_zhang/Dplus_Z/project/realtek_amebaDplus_va0_example/GCC-RELEASE/project_km0/asdk/lib/rl6845_rom_acut/rom.o
wifi_rom_set_ie_ram                               /home/zjian_zhang/Dplus_Z/project/realtek_amebaDplus_va0_example/GCC-RELEASE/project_km0/asdk/lib/rl6845_rom_acut/rom.o
wifi_rom_set_playercounter                        /home/zjian_zhang/Dplus_Z/project/realtek_amebaDplus_va0_example/GCC-RELEASE/project_km0/asdk/lib/rl6845_rom_acut/rom.o
wifi_rom_set_port                                 /home/zjian_zhang/Dplus_Z/project/realtek_amebaDplus_va0_example/GCC-RELEASE/project_km0/asdk/lib/rl6845_rom_acut/rom.o
wifi_rom_set_probersp_tim_ie                      /home/zjian_zhang/Dplus_Z/project/realtek_amebaDplus_va0_example/GCC-RELEASE/project_km0/asdk/lib/rl6845_rom_acut/rom.o
wifi_rom_set_wpa_global_PSK                       /home/zjian_zhang/Dplus_Z/project/realtek_amebaDplus_va0_example/GCC-RELEASE/project_km0/asdk/lib/rl6845_rom_acut/rom.o
wifi_rom_sha256_prf                               /home/zjian_zhang/Dplus_Z/project/realtek_amebaDplus_va0_example/GCC-RELEASE/project_km0/asdk/lib/rl6845_rom_acut/rom.o
wifi_rom_sha256_prf_bits                          /home/zjian_zhang/Dplus_Z/project/realtek_amebaDplus_va0_example/GCC-RELEASE/project_km0/asdk/lib/rl6845_rom_acut/rom.o
wifi_rom_sha256_vector                            /home/zjian_zhang/Dplus_Z/project/realtek_amebaDplus_va0_example/GCC-RELEASE/project_km0/asdk/lib/rl6845_rom_acut/rom.o
wifi_rom_signal_stat_get                          /home/zjian_zhang/Dplus_Z/project/realtek_amebaDplus_va0_example/GCC-RELEASE/project_km0/asdk/lib/rl6845_rom_acut/rom.o
wifi_rom_support_short_GI                         /home/zjian_zhang/Dplus_Z/project/realtek_amebaDplus_va0_example/GCC-RELEASE/project_km0/asdk/lib/rl6845_rom_acut/rom.o
wifi_rom_updateBratetbl                           /home/zjian_zhang/Dplus_Z/project/realtek_amebaDplus_va0_example/GCC-RELEASE/project_km0/asdk/lib/rl6845_rom_acut/rom.o
wifi_rom_updateBratetbl_softap                    /home/zjian_zhang/Dplus_Z/project/realtek_amebaDplus_va0_example/GCC-RELEASE/project_km0/asdk/lib/rl6845_rom_acut/rom.o
wifi_rom_update_mcs_rate                          /home/zjian_zhang/Dplus_Z/project/realtek_amebaDplus_va0_example/GCC-RELEASE/project_km0/asdk/lib/rl6845_rom_acut/rom.o
wifi_rom_update_wireless_mode                     /home/zjian_zhang/Dplus_Z/project/realtek_amebaDplus_va0_example/GCC-RELEASE/project_km0/asdk/lib/rl6845_rom_acut/rom.o
wifi_rom_vht_get_highest_rate                     /home/zjian_zhang/Dplus_Z/project/realtek_amebaDplus_va0_example/GCC-RELEASE/project_km0/asdk/lib/rl6845_rom_acut/rom.o
wifi_rom_vht_mcsmap_to_bitmap                     /home/zjian_zhang/Dplus_Z/project/realtek_amebaDplus_va0_example/GCC-RELEASE/project_km0/asdk/lib/rl6845_rom_acut/rom.o
wifi_rom_vht_mcsmap_to_nss                        /home/zjian_zhang/Dplus_Z/project/realtek_amebaDplus_va0_example/GCC-RELEASE/project_km0/asdk/lib/rl6845_rom_acut/rom.o
wifi_rom_vht_nss_to_mcsmap                        /home/zjian_zhang/Dplus_Z/project/realtek_amebaDplus_va0_example/GCC-RELEASE/project_km0/asdk/lib/rl6845_rom_acut/rom.o
wifi_rom_wpa_key_mgmt_sae                         /home/zjian_zhang/Dplus_Z/project/realtek_amebaDplus_va0_example/GCC-RELEASE/project_km0/asdk/lib/rl6845_rom_acut/rom.o
wifi_rom_wpa_key_mgmt_sha256                      /home/zjian_zhang/Dplus_Z/project/realtek_amebaDplus_va0_example/GCC-RELEASE/project_km0/asdk/lib/rl6845_rom_acut/rom.o
wifi_rom_wpa_key_mgmt_sha384                      /home/zjian_zhang/Dplus_Z/project/realtek_amebaDplus_va0_example/GCC-RELEASE/project_km0/asdk/lib/rl6845_rom_acut/rom.o
wpa_global_PSK                                    /home/zjian_zhang/Dplus_Z/project/realtek_amebaDplus_va0_example/GCC-RELEASE/project_km0/asdk/lib/rl6845_rom_acut/rom.o
