image_total  xip_total  sram_total  xip_text  xip_rodata  sram_text  sram_rodata  sram_data(load)  sram_data(noload)  module  
image_total = xip_text + xip_rodata + sram_text + sram_rodata + sram_data(load) + psram_text + psram_rodata + psram_data(load)
xip_total = xip_text + xip_rodata
sram_total = sram_text + sram_rodata + sram_data(load) + sram_data(noload) + sram_bss
psram_total = psram_text + psram_rodata + psram_data(load) + psram_data(noload) + psram_bss


============================================================ libgcc Start ===============================================================================
image_total  xip_total  sram_total  xip_text  xip_rodata  sram_text  sram_rodata  sram_data(load)  sram_data(noload)  module  
64           0          64          0         0           64         0            0                0                  libgcc.a(_aeabi_uldivmod.o)
60           0          60          0         0           60         0            0                0                  libgcc.a(_clzsi2.o)
4            0          4           0         0           4          0            0                0                  libgcc.a(_dvmd_tls.o)
72           0          72          0         0           72         0            0                0                  libgcc.a(_muldi3.o)
804          0          804         0         0           796        0            8                0                  libgcc.a(_udivmoddi4.o)
------------------------------------------------------------ libgcc End ---------------------------------------------------------------------------------
image_total  xip_total  sram_total  xip_text  xip_rodata  sram_text  sram_rodata  sram_data(load)  sram_data(noload)  module  
1004         0          1004        0         0           996        0            8                0                  (TOTALS)
Module libgcc size:
0x3ec			1004

============================================================ lib_chipinfo Start =========================================================================
image_total  xip_total  sram_total  xip_text  xip_rodata  sram_text  sram_rodata  sram_data(load)  sram_data(noload)  module  
743          0          747         0         0           464        277          2                4                  lib_chipinfo.a(ameba_chipinfo_lib.o)
4294         0          4294        0         0           3788       505          1                0                  lib_chipinfo.a(ameba_rom_patch.o)
------------------------------------------------------------ lib_chipinfo End ---------------------------------------------------------------------------
image_total  xip_total  sram_total  xip_text  xip_rodata  sram_text  sram_rodata  sram_data(load)  sram_data(noload)  module  
5037         0          5041        0         0           4252       782          3                4                  (TOTALS)
Module lib_chipinfo size:
0x13ad			5037

============================================================ wififw Start ===============================================================================
image_total  xip_total  sram_total  xip_text  xip_rodata  sram_text  sram_rodata  sram_data(load)  sram_data(noload)  module  
673          0          673         0         0           648        25           0                0                  lib_wifi_fw_mp.a(wififw_btcoex.o)
604          0          604         0         0           604        0            0                0                  lib_wifi_fw_mp.a(wififw_btcoex_mailbox_common.o)
2869         0          2869        0         0           2848       21           0                0                  lib_wifi_fw_mp.a(wififw_btcoex_tdma_common.o)
212          0          212         0         0           212        0            0                0                  lib_wifi_fw_mp.a(wififw_c2h_common.o)
540          0          540         0         0           540        0            0                0                  lib_wifi_fw_mp.a(wififw_csi.o)
941          0          941         0         0           896        41           4                0                  lib_wifi_fw_mp.a(wififw_csi_common.o)
188          0          188         0         0           188        0            0                0                  lib_wifi_fw_mp.a(wififw_disconchk_common.o)
124          0          124         0         0           124        0            0                0                  lib_wifi_fw_mp.a(wififw_gtimer.o)
200          0          200         0         0           200        0            0                0                  lib_wifi_fw_mp.a(wififw_gtimer_common.o)
476          0          477         0         0           476        0            0                1                  lib_wifi_fw_mp.a(wififw_h2c_c2h.o)
528          0          528         0         0           528        0            0                0                  lib_wifi_fw_mp.a(wififw_h2c_common.o)
786          0          786         0         0           740        42           4                0                  lib_wifi_fw_mp.a(wififw_hioe_common.o)
633          0          5121        0         0           544        85           4                4488               lib_wifi_fw_mp.a(wififw_init.o)
96           0          96          0         0           96         0            0                0                  lib_wifi_fw_mp.a(wififw_init_common.o)
784          0          784         0         0           740        44           0                0                  lib_wifi_fw_mp.a(wififw_interrupt_ctrl.o)
980          0          980         0         0           980        0            0                0                  lib_wifi_fw_mp.a(wififw_interrupt_handle.o)
744          0          744         0         0           744        0            0                0                  lib_wifi_fw_mp.a(wififw_interrupt_handle_com.o)
439          0          439         0         0           416        23           0                0                  lib_wifi_fw_mp.a(wififw_keepalive_common.o)
1436         0          1436        0         0           1268       168          0                0                  lib_wifi_fw_mp.a(wififw_lpsofld.o)
1168         0          1169        0         0           1168       0            0                1                  lib_wifi_fw_mp.a(wififw_lpsofld_common.o)
324          0          324         0         0           324        0            0                0                  lib_wifi_fw_mp.a(wififw_media_common.o)
1346         0          1346        0         0           932        414          0                0                  lib_wifi_fw_mp.a(wififw_mp.o)
228          0          228         0         0           228        0            0                0                  lib_wifi_fw_mp.a(wififw_phy_common.o)
5592         0          5592        0         0           752        4840         0                0                  lib_wifi_fw_mp.a(wififw_phy_reg_init.o)
264          0          264         0         0           264        0            0                0                  lib_wifi_fw_mp.a(wififw_ps_bcnhdl.o)
908          0          908         0         0           908        0            0                0                  lib_wifi_fw_mp.a(wififw_ps_bcnhdl_common.o)
2396         0          2402        0         0           2348       40           8                6                  lib_wifi_fw_mp.a(wififw_ps_state_common.o)
5401         0          5403        0         0           3336       2065         0                2                  lib_wifi_fw_mp.a(wififw_pwrctrl.o)
1140         0          1141        0         0           1140       0            0                1                  lib_wifi_fw_mp.a(wififw_pwrctrl_common.o)
1180         0          1188        0         0           984        192          4                8                  lib_wifi_fw_mp.a(wififw_ra_debug.o)
1954         0          1958        0         0           1800       154          0                4                  lib_wifi_fw_mp.a(wififw_ra_hl.o)
812          0          812         0         0           812        0            0                0                  lib_wifi_fw_mp.a(wififw_ra_ll.o)
1664         0          1669        0         0           1664       0            0                5                  lib_wifi_fw_mp.a(wififw_ra_new.o)
767          0          780         0         0           652        115          0                13                 lib_wifi_fw_mp.a(wififw_task_common.o)
1577         0          1577        0         0           1492       85           0                0                  lib_wifi_fw_mp.a(wififw_txpkt_common.o)
252          0          252         0         0           252        0            0                0                  lib_wifi_fw_mp.a(wififw_txrpt.o)
256          0          256         0         0           256        0            0                0                  lib_wifi_fw_mp.a(wififw_txrpt_common.o)
969          0          969         0         0           956        13           0                0                  lib_wifi_fw_mp.a(wififw_wowlan.o)
3060         0          3060        0         0           3060       0            0                0                  lib_wifi_fw_mp.a(wififw_wowlan_common.o)
------------------------------------------------------------ wififw End ---------------------------------------------------------------------------------
image_total  xip_total  sram_total  xip_text  xip_rodata  sram_text  sram_rodata  sram_data(load)  sram_data(noload)  module  
44511        0          49040       0         0           36120      8367         24               4529               (TOTALS)
Module wififw size:
0xaddf			44511

============================================================ wifios Start ===============================================================================
image_total  xip_total  sram_total  xip_text  xip_rodata  sram_text  sram_rodata  sram_data(load)  sram_data(noload)  module  
556          0          1808        0         0           556        0            0                1252               lib_freertos_os_wrapper.a(os_wrapper_static_functions.o)
------------------------------------------------------------ wifios End ---------------------------------------------------------------------------------
image_total  xip_total  sram_total  xip_text  xip_rodata  sram_text  sram_rodata  sram_data(load)  sram_data(noload)  module  
556          0          1808        0         0           556        0            0                1252               (TOTALS)
Module wifios size:
0x22c			556

============================================================ atcmd Start ================================================================================
image_total  xip_total  sram_total  xip_text  xip_rodata  sram_text  sram_rodata  sram_data(load)  sram_data(noload)  module  
2041         0          2041        0         0           1024       1017         0                0                  lib_at_cmd.a(monitor.o)
------------------------------------------------------------ atcmd End ----------------------------------------------------------------------------------
image_total  xip_total  sram_total  xip_text  xip_rodata  sram_text  sram_rodata  sram_data(load)  sram_data(noload)  module  
2041         0          2041        0         0           1024       1017         0                0                  (TOTALS)
Module atcmd size:
0x7f9			2041

============================================================ fwlib Start ================================================================================
image_total  xip_total  sram_total  xip_text  xip_rodata  sram_text  sram_rodata  sram_data(load)  sram_data(noload)  module  
76           0          76          0         0           76         0            0                0                  lib_fwlib_common.a(ameba_aontimer.o)
200          0          200         0         0           200        0            0                0                  lib_fwlib_lp.a(ameba_app_start.o)
32           0          32          0         0           32         0            0                0                  lib_fwlib_common.a(ameba_arch.o)
2460         0          2461        0         0           2112       347          1                1                  lib_fwlib_common.a(ameba_ddrphy.o)
717          0          717         0         0           512        205          0                0                  lib_fwlib_common.a(ameba_fault_handle.o)
677          0          677         0         0           292        385          0                0                  lib_crashdump.a(ameba_freertos_backtrace.o)
1528         0          1604        0         0           1144       384          0                76                 lib_fwlib_common.a(ameba_ipc_api.o)
361          0          617         0         0           244        117          0                256                lib_fwlib_common.a(ameba_ipc_ram.o)
1381         0          1386        0         0           1248       129          4                5                  lib_fwlib_lp.a(ameba_lpcap.o)
5295         0          5323        0         0           5140       155          0                28                 lib_fwlib_lp.a(ameba_lpcnp.o)
361          0          365         0         0           244        117          0                4                  lib_fwlib_common.a(ameba_mpu_ram.o)
300          0          300         0         0           248        52           0                0                  lib_fwlib_common.a(ameba_otp.o)
116          0          116         0         0           116        0            0                0                  lib_fwlib_common.a(ameba_pll.o)
1735         0          1767        0         0           1580       115          40               32                 lib_fwlib_lp.a(ameba_pmc.o)
2282         0          2574        0         0           2176       10           96               292                lib_pmc.a(ameba_pmc_lp_lib.o)
608          0          808         0         0           596        0            12               200                lib_misc.a(ameba_pmu.o)
10           0          10          0         0           4          0            6                0                  lib_fwlib_common.a(ameba_psram.o)
68           0          68          0         0           68         0            0                0                  lib_fwlib_common.a(ameba_reset.o)
6794         0          6794        0         0           5448       278          1068             0                  lib_fwlib_common.a(ameba_rxi316_dram_init.o)
344          0          344         0         0           0          0            344              0                  lib_usrcfg.a(ameba_sleepcfg.o)
813          0          813         0         0           652        161          0                0                  lib_fwlib_common.a(ameba_swr.o)
656          0          656         0         0           652        0            4                0                  lib_fwlib_common.a(ameba_swr_calib.o)
40           0          40          0         0           36         0            4                0                  lib_fwlib_lp.a(ameba_system.o)
8            0          8           0         0           8          0            0                0                  lib_crashdump.a(ameba_v8m_backtrace.o)
1060         0          1176        0         0           560        500          0                116                lib_crashdump.a(ameba_v8m_crashdump.o)
672          0          672         0         0           672        0            0                0                  lib_bootloader_internal.a(bootloader_lp.o)
366          0          1038        0         0           156        210          0                672                lib_swlib.a(locks.o)
582          0          630         0         0           540        41           1                48                 lib_swlib.a(log.o)
1296         0          1428        0         0           1104       192          0                132                lib_monitor.a(shell_ram.o)
------------------------------------------------------------ fwlib End ----------------------------------------------------------------------------------
image_total  xip_total  sram_total  xip_text  xip_rodata  sram_text  sram_rodata  sram_data(load)  sram_data(noload)  module  
30838        0          32700       0         0           25860      3398         1580             1862               (TOTALS)
Module fwlib size:
0x7876			30838

============================================================ os Start ===================================================================================
image_total  xip_total  sram_total  xip_text  xip_rodata  sram_text  sram_rodata  sram_data(load)  sram_data(noload)  module  
393          0          446         0         0           288        105          0                53                 lib_freertos_os_wrapper.a(freertos_heap5_config.o)
1227         0          1259        0         0           1004       223          0                32                 lib_freertos.a(heap_5.o)
120          0          120         0         0           120        0            0                0                  lib_freertos.a(list.o)
228          0          234         0         0           228        0            0                6                  lib_freertos_os_wrapper.a(os_wrapper_critical.o)
8            0          8           0         0           8          0            0                0                  lib_freertos_os_wrapper.a(os_wrapper_memory.o)
264          0          264         0         0           264        0            0                0                  lib_freertos_os_wrapper.a(os_wrapper_semaphore.o)
92           0          92          0         0           92         0            0                0                  lib_freertos_os_wrapper.a(os_wrapper_task.o)
96           0          96          0         0           96         0            0                0                  lib_freertos_os_wrapper.a(os_wrapper_time.o)
148          0          148         0         0           148        0            0                0                  lib_freertos_os_wrapper.a(os_wrapper_timer.o)
1156         0          5484        0         0           948        208          0                4328               lib_freertos.a(port.o)
176          0          176         0         0           176        0            0                0                  lib_freertos.a(portasm.o)
3133         0          3133        0         0           3020       113          0                0                  lib_freertos.a(queue.o)
66           0          66          0         0           44         22           0                0                  lib_rtk_assert.a(rtk_assert.o)
4702         0          5078        0         0           4580       118          4                376                lib_freertos.a(tasks.o)
1314         0          1618        0         0           1192       122          0                304                lib_freertos.a(timers.o)
------------------------------------------------------------ os End -------------------------------------------------------------------------------------
image_total  xip_total  sram_total  xip_text  xip_rodata  sram_text  sram_rodata  sram_data(load)  sram_data(noload)  module  
13123        0          18222       0         0           12208      911          4                5099               (TOTALS)
Module os size:
0x3343			13123

============================================================ others Start ===============================================================================
image_total  xip_total  sram_total  xip_text  xip_rodata  sram_text  sram_rodata  sram_data(load)  sram_data(noload)  module  
739          0          739         0         0           664        75           0                0                  lib_project_src.a(main.o)
------------------------------------------------------------ others End ---------------------------------------------------------------------------------
image_total  xip_total  sram_total  xip_text  xip_rodata  sram_text  sram_rodata  sram_data(load)  sram_data(noload)  module  
739          0          739         0         0           664        75           0                0                  (TOTALS)
Module others size:
0x2e3			739

======================================================================================================================================================
image_total  xip_total  sram_total  xip_text  xip_rodata  sram_text  sram_rodata  sram_data(load)  sram_data(noload)  module  
97849        0          110595      0         0           81680      14550        1619             12746              (TOTALS)

Image size:
0x17e39			97849

============================================================ RAM analysis Start =========================================================================
============================================================ lib_chipinfo Start =========================================================================
image_total  xip_total  sram_total  xip_text  xip_rodata  sram_text  sram_rodata  sram_data(load)  sram_data(noload)  module  
0            0          0           0         0           0          0            1                0                  Chipinfo(ameba_chipinfo_lib.o)
0            0          0           0         0           0          0            1                0                  rtk_temp(ameba_chipinfo_lib.o)
0            0          0           0         0           0          0            0                4                  .bss.meminfo.1(ameba_chipinfo_lib.o)
0            0          0           0         0           0          0            1                0                  rtk_temp(ameba_rom_patch.o)
------------------------------------------------------------ lib_chipinfo End ---------------------------------------------------------------------------
image_total  xip_total  sram_total  xip_text  xip_rodata  sram_text  sram_rodata  sram_data(load)  sram_data(noload)  module  
0            0          0           0         0           0          0            3                4                  (TOTALS)
Module lib_chipinfo size:
0x7			7

============================================================ wififw Start ===============================================================================
image_total  xip_total  sram_total  xip_text  xip_rodata  sram_text  sram_rodata  sram_data(load)  sram_data(noload)  module  
0            0          0           0         0           0          0            4                0                  TAG_FW_CSI(lib_wifi_fw_mp.a(wififw_csi_common.o))
0            0          0           0         0           0          0            0                1                  .bss.c2h_seq.0(lib_wifi_fw_mp.a(wififw_h2c_c2h.o))
0            0          0           0         0           0          0            4                0                  TAG_FW_HIOE(lib_wifi_fw_mp.a(wififw_hioe_common.o))
0            0          0           0         0           0          0            4                0                  TAG_FW_COM(lib_wifi_fw_mp.a(wififw_init.o))
0            0          0           0         0           0          0            0                4488               .bss.SysMib(lib_wifi_fw_mp.a(wififw_init.o))
0            0          0           0         0           0          0            0                1                  .bss.status.0(lib_wifi_fw_mp.a(wififw_lpsofld_common.o))
0            0          0           0         0           0          0            4                0                  TAG_FW_LPS(lib_wifi_fw_mp.a(wififw_ps_state_common.o))
0            0          0           0         0           0          0            4                0                  TAG_FW_WAKESTAT(lib_wifi_fw_mp.a(wififw_ps_state_common.o))
0            0          0           0         0           0          0            0                2                  .bss.i.0(lib_wifi_fw_mp.a(wififw_ps_state_common.o))
0            0          0           0         0           0          0            0                2                  .bss.i.1(lib_wifi_fw_mp.a(wififw_ps_state_common.o))
0            0          0           0         0           0          0            0                2                  .bss.i.2(lib_wifi_fw_mp.a(wififw_ps_state_common.o))
0            0          0           0         0           0          0            0                1                  BKSTMode_status(lib_wifi_fw_mp.a(wififw_pwrctrl.o))
0            0          0           0         0           0          0            0                1                  RFCMode_status(lib_wifi_fw_mp.a(wififw_pwrctrl.o))
0            0          0           0         0           0          0            0                1                  BKSTMode_status(lib_wifi_fw_mp.a(wififw_pwrctrl_common.o))
0            0          0           0         0           0          0            4                0                  .data.TAG_FW_RA(lib_wifi_fw_mp.a(wififw_ra_debug.o))
0            0          0           0         0           0          0            0                4                  .bss.tbtt_cnt(lib_wifi_fw_mp.a(wififw_ra_debug.o))
0            0          0           0         0           0          0            0                4                  tbtt_lmt_cnt(lib_wifi_fw_mp.a(wififw_ra_debug.o))
0            0          0           0         0           0          0            0                4                  ra_tbtt_seq(lib_wifi_fw_mp.a(wififw_ra_hl.o))
0            0          0           0         0           0          0            0                2                  cck_fa_old(lib_wifi_fw_mp.a(wififw_ra_new.o))
0            0          0           0         0           0          0            0                1                  fa_tbtt_cnt(lib_wifi_fw_mp.a(wififw_ra_new.o))
0            0          0           0         0           0          0            0                2                  ofdm_fa_old(lib_wifi_fw_mp.a(wififw_ra_new.o))
0            0          0           0         0           0          0            0                4                  fw_comm_sema(lib_wifi_fw_mp.a(wififw_task_common.o))
0            0          0           0         0           0          0            0                4                  fw_ipc_cmd_sema(lib_wifi_fw_mp.a(wififw_task_common.o))
0            0          0           0         0           0          0            0                1                  wifi_disable(lib_wifi_fw_mp.a(wififw_task_common.o))
0            0          0           0         0           0          0            0                1                  wifi_enable(lib_wifi_fw_mp.a(wififw_task_common.o))
0            0          0           0         0           0          0            0                1                  wifi_is_enable(lib_wifi_fw_mp.a(wififw_task_common.o))
0            0          0           0         0           0          0            0                1                  wifi_mp_pg_trx_enable(lib_wifi_fw_mp.a(wififw_task_common.o))
0            0          0           0         0           0          0            0                1                  wifi_mp_pg_trx_mode(lib_wifi_fw_mp.a(wififw_task_common.o))
------------------------------------------------------------ wififw End ---------------------------------------------------------------------------------
image_total  xip_total  sram_total  xip_text  xip_rodata  sram_text  sram_rodata  sram_data(load)  sram_data(noload)  module  
0            0          0           0         0           0          0            24               4529               (TOTALS)
Module wififw size:
0x11c9			4553

============================================================ wifios Start ===============================================================================
image_total  xip_total  sram_total  xip_text  xip_rodata  sram_text  sram_rodata  sram_data(load)  sram_data(noload)  module  
0            0          0           0         0           0          0            0                4                  mutex_buf_used_num(lib_freertos_os_wrapper.a(os_wrapper_static_functions.o))
0            0          0           0         0           0          0            0                4                  mutex_dynamic_num(lib_freertos_os_wrapper.a(os_wrapper_static_functions.o))
0            0          0           0         0           0          0            0                4                  mutex_max_buf_used_num(lib_freertos_os_wrapper.a(os_wrapper_static_functions.o))
0            0          0           0         0           0          0            0                460                .bss.mutex_pool(lib_freertos_os_wrapper.a(os_wrapper_static_functions.o))
0            0          0           0         0           0          0            0                4                  mutex_pool_init_flag(lib_freertos_os_wrapper.a(os_wrapper_static_functions.o))
0            0          0           0         0           0          0            0                4                  sema_buf_used_num(lib_freertos_os_wrapper.a(os_wrapper_static_functions.o))
0            0          0           0         0           0          0            0                4                  sema_dynamic_num(lib_freertos_os_wrapper.a(os_wrapper_static_functions.o))
0            0          0           0         0           0          0            0                4                  sema_max_buf_used_num(lib_freertos_os_wrapper.a(os_wrapper_static_functions.o))
0            0          0           0         0           0          0            0                460                .bss.sema_pool(lib_freertos_os_wrapper.a(os_wrapper_static_functions.o))
0            0          0           0         0           0          0            0                4                  sema_pool_init_flag(lib_freertos_os_wrapper.a(os_wrapper_static_functions.o))
0            0          0           0         0           0          0            0                4                  timer_buf_used_num(lib_freertos_os_wrapper.a(os_wrapper_static_functions.o))
0            0          0           0         0           0          0            0                4                  timer_dynamic_num(lib_freertos_os_wrapper.a(os_wrapper_static_functions.o))
0            0          0           0         0           0          0            0                4                  timer_max_buf_used_num(lib_freertos_os_wrapper.a(os_wrapper_static_functions.o))
0            0          0           0         0           0          0            0                260                .bss.timer_pool(lib_freertos_os_wrapper.a(os_wrapper_static_functions.o))
0            0          0           0         0           0          0            0                4                  timer_pool_init_flag(lib_freertos_os_wrapper.a(os_wrapper_static_functions.o))
0            0          0           0         0           0          0            0                8                  wrapper_mutex_buf_list(lib_freertos_os_wrapper.a(os_wrapper_static_functions.o))
0            0          0           0         0           0          0            0                8                  wrapper_sema_buf_list(lib_freertos_os_wrapper.a(os_wrapper_static_functions.o))
0            0          0           0         0           0          0            0                8                  wrapper_timer_buf_list(lib_freertos_os_wrapper.a(os_wrapper_static_functions.o))
------------------------------------------------------------ wifios End ---------------------------------------------------------------------------------
image_total  xip_total  sram_total  xip_text  xip_rodata  sram_text  sram_rodata  sram_data(load)  sram_data(noload)  module  
0            0          0           0         0           0          0            0                1252               (TOTALS)
Module wifios size:
0x4e4			1252

============================================================ fwlib Start ================================================================================
image_total  xip_total  sram_total  xip_text  xip_rodata  sram_text  sram_rodata  sram_data(load)  sram_data(noload)  module  
0            0          0           0         0           0          0            1                0                  s_chipinfo_ddr(lib_fwlib_common.a(ameba_ddrphy.o))
0            0          0           0         0           0          0            0                1                  s_chipinfo_ddrtpye(lib_fwlib_common.a(ameba_ddrphy.o))
0            0          0           0         0           0          0            0                64                 ipc_Semaphore(lib_fwlib_common.a(ameba_ipc_api.o))
0            0          0           0         0           0          0            0                4                  ipc_delay_func(lib_fwlib_common.a(ameba_ipc_api.o))
0            0          0           0         0           0          0            0                4                  ipc_enter_func(lib_fwlib_common.a(ameba_ipc_api.o))
0            0          0           0         0           0          0            0                4                  ipc_exit_func(lib_fwlib_common.a(ameba_ipc_api.o))
0            0          0           0         0           0          0            0                128                IPC_IrqData(lib_fwlib_common.a(ameba_ipc_ram.o))
0            0          0           0         0           0          0            0                128                IPC_IrqHandler(lib_fwlib_common.a(ameba_ipc_ram.o))
0            0          0           0         0           0          0            4                0                  ap_sleep_timeout(lib_fwlib_lp.a(ameba_lpcap.o))
0            0          0           0         0           0          0            0                4                  ap_pll_backup(lib_fwlib_lp.a(ameba_lpcap.o))
0            0          0           0         0           0          0            0                1                  ap_sleep_type(lib_fwlib_lp.a(ameba_lpcap.o))
0            0          0           0         0           0          0            0                4                  NPSleepTick(lib_fwlib_lp.a(ameba_lpcnp.o))
0            0          0           0         0           0          0            0                4                  .bss.np_dslp_en(lib_fwlib_lp.a(ameba_lpcnp.o))
0            0          0           0         0           0          0            0                4                  np_flash_FLASH_rd_sample_phase(lib_fwlib_lp.a(ameba_lpcnp.o))
0            0          0           0         0           0          0            0                4                  np_flash_FLASH_rd_sample_phase_cal(lib_fwlib_lp.a(ameba_lpcnp.o))
0            0          0           0         0           0          0            0                4                  np_flash_dummy(lib_fwlib_lp.a(ameba_lpcnp.o))
0            0          0           0         0           0          0            0                4                  np_flash_phase_shift_idx(lib_fwlib_lp.a(ameba_lpcnp.o))
0            0          0           0         0           0          0            0                4                  np_sleep_type(lib_fwlib_lp.a(ameba_lpcnp.o))
0            0          0           0         0           0          0            0                4                  mpu_entry_register(lib_fwlib_common.a(ameba_mpu_ram.o))
0            0          0           0         0           0          0            40               0                  sleep_sram_config(lib_fwlib_lp.a(ameba_pmc.o))
0            0          0           0         0           0          0            0                24                 PMC_MemMode_BK(lib_fwlib_lp.a(ameba_pmc.o))
0            0          0           0         0           0          0            0                4                  hsram_set(lib_fwlib_lp.a(ameba_pmc.o))
0            0          0           0         0           0          0            0                4                  km0cg_pwrmgt_config_val(lib_fwlib_lp.a(ameba_pmc.o))
0            0          0           0         0           0          0            96               0                  PMC_MemMode_Def(lib_pmc.a(ameba_pmc_lp_lib.o))
0            0          0           0         0           0          0            0                4                  WakeEventFlag(lib_pmc.a(ameba_pmc_lp_lib.o))
0            0          0           0         0           0          0            0                288                .bss.PMC_BK(lib_pmc.a(ameba_pmc_lp_lib.o))
0            0          0           0         0           0          0            4                0                  deepwakelock(lib_misc.a(ameba_pmu.o))
0            0          0           0         0           0          0            4                0                  system_can_yield(lib_misc.a(ameba_pmu.o))
0            0          0           0         0           0          0            4                0                  .data.wakelock(lib_misc.a(ameba_pmu.o))
0            0          0           0         0           0          0            0                4                  deepwakelock_timeout(lib_misc.a(ameba_pmu.o))
0            0          0           0         0           0          0            0                180                gPsmDdHookInfo(lib_misc.a(ameba_pmu.o))
0            0          0           0         0           0          0            0                4                  .bss.sleep_type(lib_misc.a(ameba_pmu.o))
0            0          0           0         0           0          0            0                4                  sleepwakelock_timeout(lib_misc.a(ameba_pmu.o))
0            0          0           0         0           0          0            0                4                  sysactive_timeout_flag(lib_misc.a(ameba_pmu.o))
0            0          0           0         0           0          0            0                4                  sysactive_timeout_temp(lib_misc.a(ameba_pmu.o))
0            0          0           0         0           0          0            6                0                  APM_WR_INIT_LATENCY_SPEC(lib_fwlib_common.a(ameba_psram.o))
0            0          0           0         0           0          0            32               0                  ddr2_dq16_bus_addr_remap_info(lib_fwlib_common.a(ameba_rxi316_dram_init.o))
0            0          0           0         0           0          0            32               0                  ddr2_dq16_bus_addr_remap_info_256m(lib_fwlib_common.a(ameba_rxi316_dram_init.o))
0            0          0           0         0           0          0            32               0                  ddr2_dq16_bus_addr_remap_info_512m(lib_fwlib_common.a(ameba_rxi316_dram_init.o))
0            0          0           0         0           0          0            12               0                  rxi316_ddr2_dev(lib_fwlib_common.a(ameba_rxi316_dram_init.o))
0            0          0           0         0           0          0            12               0                  rxi316_ddr2_dev_256m(lib_fwlib_common.a(ameba_rxi316_dram_init.o))
0            0          0           0         0           0          0            12               0                  rxi316_ddr2_dev_512m(lib_fwlib_common.a(ameba_rxi316_dram_init.o))
0            0          0           0         0           0          0            12               0                  rxi316_ddr2_dramc_info_ddr2_dev(lib_fwlib_common.a(ameba_rxi316_dram_init.o))
0            0          0           0         0           0          0            12               0                  rxi316_ddr2_dramc_info_ddr2_dev_256m(lib_fwlib_common.a(ameba_rxi316_dram_init.o))
0            0          0           0         0           0          0            12               0                  rxi316_ddr2_dramc_info_ddr2_dev_512m(lib_fwlib_common.a(ameba_rxi316_dram_init.o))
0            0          0           0         0           0          0            12               0                  rxi316_ddr2_dramc_info_ddr3_dev(lib_fwlib_common.a(ameba_rxi316_dram_init.o))
0            0          0           0         0           0          0            12               0                  rxi316_ddr2_dramc_info_lpddr1_dev(lib_fwlib_common.a(ameba_rxi316_dram_init.o))
0            0          0           0         0           0          0            72               0                  rxi316_ddr2_mode_reg_1066mhz(lib_fwlib_common.a(ameba_rxi316_dram_init.o))
0            0          0           0         0           0          0            100              0                  rxi316_ddr2_timing_1066mhz(lib_fwlib_common.a(ameba_rxi316_dram_init.o))
0            0          0           0         0           0          0            12               0                  rxi316_ddr3_dev(lib_fwlib_common.a(ameba_rxi316_dram_init.o))
0            0          0           0         0           0          0            72               0                  rxi316_ddr3_mode_reg_1066mhz(lib_fwlib_common.a(ameba_rxi316_dram_init.o))
0            0          0           0         0           0          0            100              0                  rxi316_ddr3_timing_1066mhz(lib_fwlib_common.a(ameba_rxi316_dram_init.o))
0            0          0           0         0           0          0            112              0                  rxi316_dram_ctrl_common(lib_fwlib_common.a(ameba_rxi316_dram_init.o))
0            0          0           0         0           0          0            20               0                  rxi316_dram_info_m(lib_fwlib_common.a(ameba_rxi316_dram_init.o))
0            0          0           0         0           0          0            24               0                  rxi316_dram_info_m_ddr2_dev(lib_fwlib_common.a(ameba_rxi316_dram_init.o))
0            0          0           0         0           0          0            24               0                  rxi316_dram_info_m_ddr2_dev_256m(lib_fwlib_common.a(ameba_rxi316_dram_init.o))
0            0          0           0         0           0          0            24               0                  rxi316_dram_info_m_ddr2_dev_512m(lib_fwlib_common.a(ameba_rxi316_dram_init.o))
0            0          0           0         0           0          0            24               0                  rxi316_dram_info_m_ddr3_dev(lib_fwlib_common.a(ameba_rxi316_dram_init.o))
0            0          0           0         0           0          0            24               0                  rxi316_dram_info_m_lpddr1_dev(lib_fwlib_common.a(ameba_rxi316_dram_init.o))
0            0          0           0         0           0          0            12               0                  rxi316_lpddr1_dev(lib_fwlib_common.a(ameba_rxi316_dram_init.o))
0            0          0           0         0           0          0            72               0                  rxi316_lpddr1_mode_reg_400mhz(lib_fwlib_common.a(ameba_rxi316_dram_init.o))
0            0          0           0         0           0          0            100              0                  rxi316_lpddr1_timing_400mhz(lib_fwlib_common.a(ameba_rxi316_dram_init.o))
0            0          0           0         0           0          0            84               0                  slot_starve_info(lib_fwlib_common.a(ameba_rxi316_dram_init.o))
0            0          0           0         0           0          0            8                0                  .data.ps_config(lib_usrcfg.a(ameba_sleepcfg.o))
0            0          0           0         0           0          0            336              0                  sleep_wevent_config(lib_usrcfg.a(ameba_sleepcfg.o))
0            0          0           0         0           0          0            1                0                  Swr_Calib_AUD_PFM_Times(lib_fwlib_common.a(ameba_swr_calib.o))
0            0          0           0         0           0          0            1                0                  Swr_Calib_AUD_PWM_Times(lib_fwlib_common.a(ameba_swr_calib.o))
0            0          0           0         0           0          0            1                0                  Swr_Calib_MEM_PFM_Times(lib_fwlib_common.a(ameba_swr_calib.o))
0            0          0           0         0           0          0            1                0                  Swr_Calib_MEM_PWM_Times(lib_fwlib_common.a(ameba_swr_calib.o))
0            0          0           0         0           0          0            4                0                  SystemCoreClock(lib_fwlib_lp.a(ameba_system.o))
0            0          0           0         0           0          0            0                4                  crash_task_info(lib_crashdump.a(ameba_v8m_crashdump.o))
0            0          0           0         0           0          0            0                112                .bss.regs(lib_crashdump.a(ameba_v8m_crashdump.o))
0            0          0           0         0           0          0            0                84                 __lock___arc4random_mutex(lib_swlib.a(locks.o))
0            0          0           0         0           0          0            0                84                 __lock___at_quick_exit_mutex(lib_swlib.a(locks.o))
0            0          0           0         0           0          0            0                84                 __lock___atexit_recursive_mutex(lib_swlib.a(locks.o))
0            0          0           0         0           0          0            0                84                 __lock___dd_hash_mutex(lib_swlib.a(locks.o))
0            0          0           0         0           0          0            0                84                 __lock___env_recursive_mutex(lib_swlib.a(locks.o))
0            0          0           0         0           0          0            0                84                 __lock___sfp_recursive_mutex(lib_swlib.a(locks.o))
0            0          0           0         0           0          0            0                84                 __lock___sinit_recursive_mutex(lib_swlib.a(locks.o))
0            0          0           0         0           0          0            0                84                 __lock___tz_mutex(lib_swlib.a(locks.o))
0            0          0           0         0           0          0            1                0                  rtk_log_default_level(lib_swlib.a(log.o))
0            0          0           0         0           0          0            0                4                  rtk_log_entry_count(lib_swlib.a(log.o))
0            0          0           0         0           0          0            0                44                 rtk_log_tag_array(lib_swlib.a(log.o))
0            0          0           0         0           0          0            0                4                  .bss.shell_sema(lib_monitor.a(shell_ram.o))
0            0          0           0         0           0          0            0                128                tmp_log_buf(lib_monitor.a(shell_ram.o))
------------------------------------------------------------ fwlib End ----------------------------------------------------------------------------------
image_total  xip_total  sram_total  xip_text  xip_rodata  sram_text  sram_rodata  sram_data(load)  sram_data(noload)  module  
0            0          0           0         0           0          0            1580             1862               (TOTALS)
Module fwlib size:
0xd72			3442

============================================================ os Start ===================================================================================
image_total  xip_total  sram_total  xip_text  xip_rodata  sram_text  sram_rodata  sram_data(load)  sram_data(noload)  module  
0            0          0           0         0           0          0            0                48                 xHeapRegions(lib_freertos_os_wrapper.a(freertos_heap5_config.o))
0            0          0           0         0           0          0            0                1                  .bss.heap_index(lib_freertos_os_wrapper.a(freertos_heap5_config.o))
0            0          0           0         0           0          0            0                4                  total_heap_size(lib_freertos_os_wrapper.a(freertos_heap5_config.o))
0            0          0           0         0           0          0            0                4                  .bss.pxEnd(lib_freertos.a(heap_5.o))
0            0          0           0         0           0          0            0                4                  xBlockAllocatedBit(lib_freertos.a(heap_5.o))
0            0          0           0         0           0          0            0                4                  xFreeBytesRemaining(lib_freertos.a(heap_5.o))
0            0          0           0         0           0          0            0                4                  xMinimumEverFreeBytesRemaining(lib_freertos.a(heap_5.o))
0            0          0           0         0           0          0            0                4                  xNumberOfSuccessfulAllocations(lib_freertos.a(heap_5.o))
0            0          0           0         0           0          0            0                4                  xNumberOfSuccessfulFrees(lib_freertos.a(heap_5.o))
0            0          0           0         0           0          0            0                8                  .bss.xStart(lib_freertos.a(heap_5.o))
0            0          0           0         0           0          0            0                2                  uxCriticalNestingCnt(lib_freertos_os_wrapper.a(os_wrapper_critical.o))
0            0          0           0         0           0          0            0                4                  uxSavedInterruptStatus(lib_freertos_os_wrapper.a(os_wrapper_critical.o))
0            0          0           0         0           0          0            0                4                  missing_tick(lib_freertos.a(port.o))
0            0          0           0         0           0          0            0                4                  ulCriticalNesting(lib_freertos.a(port.o))
0            0          0           0         0           0          0            0                2048               uxIdleTaskStack(lib_freertos.a(port.o))
0            0          0           0         0           0          0            0                2048               uxTimerTaskStack(lib_freertos.a(port.o))
0            0          0           0         0           0          0            0                112                xIdleTaskTCB(lib_freertos.a(port.o))
0            0          0           0         0           0          0            0                112                xTimerTaskTCB(lib_freertos.a(port.o))
0            0          0           0         0           0          0            4                0                  uxTopUsedPriority(lib_freertos.a(tasks.o))
0            0          0           0         0           0          0            0                4                  pxCurrentTCB(lib_freertos.a(tasks.o))
0            0          0           0         0           0          0            0                4                  pxDelayedTaskList(lib_freertos.a(tasks.o))
0            0          0           0         0           0          0            0                4                  pxOverflowDelayedTaskList(lib_freertos.a(tasks.o))
0            0          0           0         0           0          0            0                220                pxReadyTasksLists(lib_freertos.a(tasks.o))
0            0          0           0         0           0          0            0                4                  uxCurrentNumberOfTasks(lib_freertos.a(tasks.o))
0            0          0           0         0           0          0            0                4                  uxDeletedTasksWaitingCleanUp(lib_freertos.a(tasks.o))
0            0          0           0         0           0          0            0                4                  uxSchedulerSuspended(lib_freertos.a(tasks.o))
0            0          0           0         0           0          0            0                4                  uxTaskNumber(lib_freertos.a(tasks.o))
0            0          0           0         0           0          0            0                4                  uxTopReadyPriority(lib_freertos.a(tasks.o))
0            0          0           0         0           0          0            0                20                 xDelayedTaskList1(lib_freertos.a(tasks.o))
0            0          0           0         0           0          0            0                20                 xDelayedTaskList2(lib_freertos.a(tasks.o))
0            0          0           0         0           0          0            0                4                  xNextTaskUnblockTime(lib_freertos.a(tasks.o))
0            0          0           0         0           0          0            0                4                  xNumOfOverflows(lib_freertos.a(tasks.o))
0            0          0           0         0           0          0            0                4                  xPendedTicks(lib_freertos.a(tasks.o))
0            0          0           0         0           0          0            0                20                 xPendingReadyList(lib_freertos.a(tasks.o))
0            0          0           0         0           0          0            0                4                  xSchedulerRunning(lib_freertos.a(tasks.o))
0            0          0           0         0           0          0            0                20                 xSuspendedTaskList(lib_freertos.a(tasks.o))
0            0          0           0         0           0          0            0                20                 xTasksWaitingTermination(lib_freertos.a(tasks.o))
0            0          0           0         0           0          0            0                4                  .bss.xTickCount(lib_freertos.a(tasks.o))
0            0          0           0         0           0          0            0                4                  xYieldPending(lib_freertos.a(tasks.o))
0            0          0           0         0           0          0            0                4                  pxCurrentTimerList(lib_freertos.a(timers.o))
0            0          0           0         0           0          0            0                4                  pxOverflowTimerList(lib_freertos.a(timers.o))
0            0          0           0         0           0          0            0                160                ucStaticTimerQueueStorage(lib_freertos.a(timers.o))
0            0          0           0         0           0          0            0                20                 xActiveTimerList1(lib_freertos.a(timers.o))
0            0          0           0         0           0          0            0                20                 xActiveTimerList2(lib_freertos.a(timers.o))
0            0          0           0         0           0          0            0                4                  xLastTime(lib_freertos.a(timers.o))
0            0          0           0         0           0          0            0                84                 xStaticTimerQueue(lib_freertos.a(timers.o))
0            0          0           0         0           0          0            0                4                  xTimerQueue(lib_freertos.a(timers.o))
0            0          0           0         0           0          0            0                4                  xTimerTaskHandle(lib_freertos.a(timers.o))
------------------------------------------------------------ os End -------------------------------------------------------------------------------------
image_total  xip_total  sram_total  xip_text  xip_rodata  sram_text  sram_rodata  sram_data(load)  sram_data(noload)  module  
0            0          0           0         0           0          0            4                5099               (TOTALS)
Module os size:
0x13ef			5103

============================================================ others Start ===============================================================================
image_total  xip_total  sram_total  xip_text  xip_rodata  sram_text  sram_rodata  sram_data(load)  sram_data(noload)  module  
------------------------------------------------------------ others End ---------------------------------------------------------------------------------
image_total  xip_total  sram_total  xip_text  xip_rodata  sram_text  sram_rodata  sram_data(load)  sram_data(noload)  module  
0            0          0           0         0           0          0            0                0                  (TOTALS)
Module others size:
0x0			0

======================================================================================================================================================
image_total  xip_total  sram_total  xip_text  xip_rodata  sram_text  sram_rodata  sram_data(load)  sram_data(noload)  module  
0            0          0           0         0           0          0            1611             12746              (TOTALS)

Image size:
0x3815			14357

------------------------------------------------------------ RAM analysis End ---------------------------------------------------------------------------
