Archive member included to satisfy reference by file (symbol)

/home/auto_jenkins_wlan5/workspace/sdk/auto-release-master/amebasmart_gcc_project/build/project_ap/asdk/make/atf/lib/libpm.a(sheipa_pm.o)
                              /home/auto_jenkins_wlan5/workspace/sdk/auto-release-master/amebasmart_gcc_project/build/project_ap/asdk/make/atf/bl32/sp_min_main.o (plat_sheipa_restore_mpc)
/home/auto_jenkins_wlan5/workspace/sdk/auto-release-master/amebasmart_gcc_project/build/project_ap/asdk/make/atf/lib/libc.a(assert.o)
                              /home/auto_jenkins_wlan5/workspace/sdk/auto-release-master/amebasmart_gcc_project/build/project_ap/asdk/make/atf/bl32/sp_min_main.o (__assert)
/home/auto_jenkins_wlan5/workspace/sdk/auto-release-master/amebasmart_gcc_project/build/project_ap/asdk/make/atf/lib/libc.a(memcpy.o)
                              /home/auto_jenkins_wlan5/workspace/sdk/auto-release-master/amebasmart_gcc_project/build/project_ap/asdk/make/atf/bl32/context_mgmt.o (memcpy)
/home/auto_jenkins_wlan5/workspace/sdk/auto-release-master/amebasmart_gcc_project/build/project_ap/asdk/make/atf/lib/libc.a(memmove.o)
                              /home/auto_jenkins_wlan5/workspace/sdk/auto-release-master/amebasmart_gcc_project/build/project_ap/asdk/make/atf/bl32/xlat_tables_core.o (memmove)
/home/auto_jenkins_wlan5/workspace/sdk/auto-release-master/amebasmart_gcc_project/build/project_ap/asdk/make/atf/lib/libc.a(memset.o)
                              /home/auto_jenkins_wlan5/workspace/sdk/auto-release-master/amebasmart_gcc_project/build/project_ap/asdk/make/atf/bl32/runtime_svc.o (memset)
/home/auto_jenkins_wlan5/workspace/sdk/auto-release-master/amebasmart_gcc_project/build/project_ap/asdk/make/atf/lib/libc.a(printf.o)
                              /home/auto_jenkins_wlan5/workspace/sdk/auto-release-master/amebasmart_gcc_project/build/project_ap/asdk/make/atf/bl32/tf_log.o (vprintf)
/home/auto_jenkins_wlan5/workspace/sdk/auto-release-master/amebasmart_gcc_project/build/project_ap/asdk/make/atf/lib/libc.a(putchar.o)
                              /home/auto_jenkins_wlan5/workspace/sdk/auto-release-master/amebasmart_gcc_project/build/project_ap/asdk/make/atf/bl32/tf_log.o (putchar)

Discarded input sections

 .text          0x0000000000000000        0x0 /home/auto_jenkins_wlan5/workspace/sdk/auto-release-master/amebasmart_gcc_project/build/project_ap/asdk/make/atf/bl32/build_message.o
 .data          0x0000000000000000        0x0 /home/auto_jenkins_wlan5/workspace/sdk/auto-release-master/amebasmart_gcc_project/build/project_ap/asdk/make/atf/bl32/build_message.o
 .bss           0x0000000000000000        0x0 /home/auto_jenkins_wlan5/workspace/sdk/auto-release-master/amebasmart_gcc_project/build/project_ap/asdk/make/atf/bl32/build_message.o
 .text          0x0000000000000000        0x0 /home/auto_jenkins_wlan5/workspace/sdk/auto-release-master/amebasmart_gcc_project/build/project_ap/asdk/make/atf/bl32/sp_min_main.o
 .data          0x0000000000000000        0x0 /home/auto_jenkins_wlan5/workspace/sdk/auto-release-master/amebasmart_gcc_project/build/project_ap/asdk/make/atf/bl32/sp_min_main.o
 .bss           0x0000000000000000        0x0 /home/auto_jenkins_wlan5/workspace/sdk/auto-release-master/amebasmart_gcc_project/build/project_ap/asdk/make/atf/bl32/sp_min_main.o
 .text.smc_get_ctx
                0x0000000000000000       0x24 /home/auto_jenkins_wlan5/workspace/sdk/auto-release-master/amebasmart_gcc_project/build/project_ap/asdk/make/atf/bl32/sp_min_main.o
 .text.smc_set_next_ctx
                0x0000000000000000       0x14 /home/auto_jenkins_wlan5/workspace/sdk/auto-release-master/amebasmart_gcc_project/build/project_ap/asdk/make/atf/bl32/sp_min_main.o
 .text.cm_set_context
                0x0000000000000000       0x24 /home/auto_jenkins_wlan5/workspace/sdk/auto-release-master/amebasmart_gcc_project/build/project_ap/asdk/make/atf/bl32/sp_min_main.o
 .text          0x0000000000000000        0x0 /home/auto_jenkins_wlan5/workspace/sdk/auto-release-master/amebasmart_gcc_project/build/project_ap/asdk/make/atf/bl32/runtime_svc.o
 .data          0x0000000000000000        0x0 /home/auto_jenkins_wlan5/workspace/sdk/auto-release-master/amebasmart_gcc_project/build/project_ap/asdk/make/atf/bl32/runtime_svc.o
 .bss           0x0000000000000000        0x0 /home/auto_jenkins_wlan5/workspace/sdk/auto-release-master/amebasmart_gcc_project/build/project_ap/asdk/make/atf/bl32/runtime_svc.o
 .text          0x0000000000000000        0x0 /home/auto_jenkins_wlan5/workspace/sdk/auto-release-master/amebasmart_gcc_project/build/project_ap/asdk/make/atf/bl32/gic_common.o
 .data          0x0000000000000000        0x0 /home/auto_jenkins_wlan5/workspace/sdk/auto-release-master/amebasmart_gcc_project/build/project_ap/asdk/make/atf/bl32/gic_common.o
 .bss           0x0000000000000000        0x0 /home/auto_jenkins_wlan5/workspace/sdk/auto-release-master/amebasmart_gcc_project/build/project_ap/asdk/make/atf/bl32/gic_common.o
[...]
Memory Configuration

Name             Origin             Length             Attributes
RAM              0x0000000070200000 0x0000000000100000 xrw
*default*        0x0000000000000000 0xffffffffffffffff

Linker script and memory map

                0x0000000070200000                . = 0x70200000
                0x0000000000000001                ASSERT ((. == ALIGN (0x1000)), BL32_BASE address is not aligned on a page boundary.)

.text           0x0000000070200000     0x4000
                0x0000000070200000                __TEXT_START__ = .
 *entrypoint.o(.text*)
 .text.asm.sp_min_entrypoint
                0x0000000070200000      0x170 /home/auto_jenkins_wlan5/workspace/sdk/auto-release-master/amebasmart_gcc_project/build/project_ap/asdk/make/atf/bl32/entrypoint.o
                0x0000000070200000                sp_min_entrypoint
 .text.asm.sp_min_handle_smc
                0x0000000070200170       0xd4 /home/auto_jenkins_wlan5/workspace/sdk/auto-release-master/amebasmart_gcc_project/build/project_ap/asdk/make/atf/bl32/entrypoint.o
                0x0000000070200170                sp_min_handle_smc
 .text.asm.sp_min_handle_fiq
                0x0000000070200244        0x4 /home/auto_jenkins_wlan5/workspace/sdk/auto-release-master/amebasmart_gcc_project/build/project_ap/asdk/make/atf/bl32/entrypoint.o
                0x0000000070200244                sp_min_handle_fiq
 .text.asm.sp_min_warm_entrypoint
                0x0000000070200248       0xdc /home/auto_jenkins_wlan5/workspace/sdk/auto-release-master/amebasmart_gcc_project/build/project_ap/asdk/make/atf/bl32/entrypoint.o
                0x0000000070200248                sp_min_warm_entrypoint
 .text.asm.sp_min_exit
                0x0000000070200324       0x98 /home/auto_jenkins_wlan5/workspace/sdk/auto-release-master/amebasmart_gcc_project/build/project_ap/asdk/make/atf/bl32/entrypoint.o
 *(.text*)
 .text.smc_get_next_ctx
                0x00000000702003bc       0x14 /home/auto_jenkins_wlan5/workspace/sdk/auto-release-master/amebasmart_gcc_project/build/project_ap/asdk/make/atf/bl32/sp_min_main.o
                0x00000000702003bc                smc_get_next_ctx
 .text.cm_get_context
                0x00000000702003d0       0x24 /home/auto_jenkins_wlan5/workspace/sdk/auto-release-master/amebasmart_gcc_project/build/project_ap/asdk/make/atf/bl32/sp_min_main.o
                0x00000000702003d0                cm_get_context
 .text.cm_get_context_by_index
                0x00000000702003f4       0x20 /home/auto_jenkins_wlan5/workspace/sdk/auto-release-master/amebasmart_gcc_project/build/project_ap/asdk/make/atf/bl32/sp_min_main.o
                0x00000000702003f4                cm_get_context_by_index
 .text.cm_set_context_by_index
                0x0000000070200414       0x20 /home/auto_jenkins_wlan5/workspace/sdk/auto-release-master/amebasmart_gcc_project/build/project_ap/asdk/make/atf/bl32/sp_min_main.o
                0x0000000070200414                cm_set_context_by_index
 .text.get_arm_std_svc_args
                0x0000000070200434       0x20 /home/auto_jenkins_wlan5/workspace/sdk/auto-release-master/amebasmart_gcc_project/build/project_ap/asdk/make/atf/bl32/sp_min_main.o
                0x0000000070200434                get_arm_std_svc_args
 .text.sp_min_main
                0x0000000070200454       0xd0 /home/auto_jenkins_wlan5/workspace/sdk/auto-release-master/amebasmart_gcc_project/build/project_ap/asdk/make/atf/bl32/sp_min_main.o
                0x0000000070200454                sp_min_main
 .text.sp_min_warm_boot
                0x0000000070200524       0x84 /home/auto_jenkins_wlan5/workspace/sdk/auto-release-master/amebasmart_gcc_project/build/project_ap/asdk/make/atf/bl32/sp_min_main.o
                0x0000000070200524                sp_min_warm_boot
 .text.handle_runtime_svc
                0x00000000702005a8       0x60 /home/auto_jenkins_wlan5/workspace/sdk/auto-release-master/amebasmart_gcc_project/build/project_ap/asdk/make/atf/bl32/runtime_svc.o
                0x00000000702005a8                handle_runtime_svc
 .text.runtime_svc_init
                0x0000000070200608       0xd8 /home/auto_jenkins_wlan5/workspace/sdk/auto-release-master/amebasmart_gcc_project/build/project_ap/asdk/make/atf/bl32/runtime_svc.o
                0x0000000070200608                runtime_svc_init
 .text.gicd_read_igroupr
                0x00000000702006e0        0xa /home/auto_jenkins_wlan5/workspace/sdk/auto-release-master/amebasmart_gcc_project/build/project_ap/asdk/make/atf/bl32/gic_common.o
                0x00000000702006e0                gicd_read_igroupr
 .text.gicd_read_icfgr
                0x00000000702006ea        0xc /home/auto_jenkins_wlan5/workspace/sdk/auto-release-master/amebasmart_gcc_project/build/project_ap/asdk/make/atf/bl32/gic_common.o
                0x00000000702006ea                gicd_read_icfgr
 .text.gicd_write_igroupr
                0x00000000702006f6        0xa /home/auto_jenkins_wlan5/workspace/sdk/auto-release-master/amebasmart_gcc_project/build/project_ap/asdk/make/atf/bl32/gic_common.o
                0x00000000702006f6                gicd_write_igroupr
 .text.gicd_write_isenabler
                0x0000000070200700        0xc /home/auto_jenkins_wlan5/workspace/sdk/auto-release-master/amebasmart_gcc_project/build/project_ap/asdk/make/atf/bl32/gic_common.o
                0x0000000070200700                gicd_write_isenabler
 .text.gicd_write_icenabler
                0x000000007020070c        0xc /home/auto_jenkins_wlan5/workspace/sdk/auto-release-master/amebasmart_gcc_project/build/project_ap/asdk/make/atf/bl32/gic_common.o
                0x000000007020070c                gicd_write_icenabler
 .text.gicd_write_ipriorityr
                0x0000000070200718        0xc /home/auto_jenkins_wlan5/workspace/sdk/auto-release-master/amebasmart_gcc_project/build/project_ap/asdk/make/atf/bl32/gic_common.o
                0x0000000070200718                gicd_write_ipriorityr
 .text.gicd_write_icfgr
                0x0000000070200724        0xc /home/auto_jenkins_wlan5/workspace/sdk/auto-release-master/amebasmart_gcc_project/build/project_ap/asdk/make/atf/bl32/gic_common.o
                0x0000000070200724                gicd_write_icfgr
 .text.gicd_clr_igroupr
                0x0000000070200730       0x22 /home/auto_jenkins_wlan5/workspace/sdk/auto-release-master/amebasmart_gcc_project/build/project_ap/asdk/make/atf/bl32/gic_common.o
                0x0000000070200730                gicd_clr_igroupr
 .text.gicd_set_isenabler
                0x0000000070200752        0xc /home/auto_jenkins_wlan5/workspace/sdk/auto-release-master/amebasmart_gcc_project/build/project_ap/asdk/make/atf/bl32/gic_common.o
                0x0000000070200752                gicd_set_isenabler
 .text.gicd_set_ipriorityr
                0x000000007020075e        0xa /home/auto_jenkins_wlan5/workspace/sdk/auto-release-master/amebasmart_gcc_project/build/project_ap/asdk/make/atf/bl32/gic_common.o
                0x000000007020075e                gicd_set_ipriorityr
 .text.gicd_set_icfgr
                0x0000000070200768       0x2c /home/auto_jenkins_wlan5/workspace/sdk/auto-release-master/amebasmart_gcc_project/build/project_ap/asdk/make/atf/bl32/gic_common.o
                0x0000000070200768                gicd_set_icfgr
 .text.gicv2_spis_configure_defaults
                0x0000000070200794       0x50 /home/auto_jenkins_wlan5/workspace/sdk/auto-release-master/amebasmart_gcc_project/build/project_ap/asdk/make/atf/bl32/gicv2_helpers.o
                0x0000000070200794                gicv2_spis_configure_defaults
 .text.gicv2_secure_spis_configure_props
                0x00000000702007e4       0x94 /home/auto_jenkins_wlan5/workspace/sdk/auto-release-master/amebasmart_gcc_project/build/project_ap/asdk/make/atf/bl32/gicv2_helpers.o
                0x00000000702007e4                gicv2_secure_spis_configure_props
 .text.gicv2_secure_ppi_sgi_setup_props
                0x0000000070200878       0xb4 /home/auto_jenkins_wlan5/workspace/sdk/auto-release-master/amebasmart_gcc_project/build/project_ap/asdk/make/atf/bl32/gicv2_helpers.o
                0x0000000070200878                gicv2_secure_ppi_sgi_setup_props
 .text.gicv2_cpuif_enable
                0x000000007020092c       0x2c /home/auto_jenkins_wlan5/workspace/sdk/auto-release-master/amebasmart_gcc_project/build/project_ap/asdk/make/atf/bl32/gicv2_main.o
                0x000000007020092c                gicv2_cpuif_enable
 .text.gicv2_pcpu_distif_init
                0x0000000070200958       0x3c /home/auto_jenkins_wlan5/workspace/sdk/auto-release-master/amebasmart_gcc_project/build/project_ap/asdk/make/atf/bl32/gicv2_main.o
                0x0000000070200958                gicv2_pcpu_distif_init
 .text.gicv2_distif_init
                0x0000000070200994       0x44 /home/auto_jenkins_wlan5/workspace/sdk/auto-release-master/amebasmart_gcc_project/build/project_ap/asdk/make/atf/bl32/gicv2_main.o
                0x0000000070200994                gicv2_distif_init
 .text.gicv2_driver_init
                0x00000000702009d8       0x5c /home/auto_jenkins_wlan5/workspace/sdk/auto-release-master/amebasmart_gcc_project/build/project_ap/asdk/make/atf/bl32/gicv2_main.o
                0x00000000702009d8                gicv2_driver_init
 .text.errata_needs_reporting
                0x0000000070200a34       0x2c /home/auto_jenkins_wlan5/workspace/sdk/auto-release-master/amebasmart_gcc_project/build/project_ap/asdk/make/atf/bl32/errata_report.o
                0x0000000070200a34                errata_needs_reporting
 .text.cm_setup_context
                0x0000000070200a60       0x78 /home/auto_jenkins_wlan5/workspace/sdk/auto-release-master/amebasmart_gcc_project/build/project_ap/asdk/make/atf/bl32/context_mgmt.o
                0x0000000070200a60                cm_setup_context
 .text.cm_init_context_by_index
                0x0000000070200ad8       0x18 /home/auto_jenkins_wlan5/workspace/sdk/auto-release-master/amebasmart_gcc_project/build/project_ap/asdk/make/atf/bl32/context_mgmt.o
                0x0000000070200ad8                cm_init_context_by_index
 .text.cm_init_my_context
                0x0000000070200af0       0x18 /home/auto_jenkins_wlan5/workspace/sdk/auto-release-master/amebasmart_gcc_project/build/project_ap/asdk/make/atf/bl32/context_mgmt.o
                0x0000000070200af0                cm_init_my_context
 .text.cm_prepare_el3_exit
                0x0000000070200b08       0xb8 /home/auto_jenkins_wlan5/workspace/sdk/auto-release-master/amebasmart_gcc_project/build/project_ap/asdk/make/atf/bl32/context_mgmt.o
                0x0000000070200b08                cm_prepare_el3_exit
 .text.bakery_lock_get
                0x0000000070200bc0       0x84 /home/auto_jenkins_wlan5/workspace/sdk/auto-release-master/amebasmart_gcc_project/build/project_ap/asdk/make/atf/bl32/bakery_lock_coherent.o
                0x0000000070200bc0                bakery_lock_get
 .text.bakery_lock_release
                0x0000000070200c44       0x3c /home/auto_jenkins_wlan5/workspace/sdk/auto-release-master/amebasmart_gcc_project/build/project_ap/asdk/make/atf/bl32/bakery_lock_coherent.o
                0x0000000070200c44                bakery_lock_release
 .text.psci_set_req_local_pwr_state
                0x0000000070200c80       0x30 /home/auto_jenkins_wlan5/workspace/sdk/auto-release-master/amebasmart_gcc_project/build/project_ap/asdk/make/atf/bl32/psci_common.o
 .text.psci_validate_power_state
                0x0000000070200cb0       0x30 /home/auto_jenkins_wlan5/workspace/sdk/auto-release-master/amebasmart_gcc_project/build/project_ap/asdk/make/atf/bl32/psci_common.o
                0x0000000070200cb0                psci_validate_power_state
 .text.psci_query_sys_suspend_pwrstate
                0x0000000070200ce0       0x20 /home/auto_jenkins_wlan5/workspace/sdk/auto-release-master/amebasmart_gcc_project/build/project_ap/asdk/make/atf/bl32/psci_common.o
                0x0000000070200ce0                psci_query_sys_suspend_pwrstate
 .text.psci_is_last_on_cpu
                0x0000000070200d00       0x48 /home/auto_jenkins_wlan5/workspace/sdk/auto-release-master/amebasmart_gcc_project/build/project_ap/asdk/make/atf/bl32/psci_common.o
                0x0000000070200d00                psci_is_last_on_cpu
 .text.psci_init_req_local_pwr_states
                0x0000000070200d48       0x28 /home/auto_jenkins_wlan5/workspace/sdk/auto-release-master/amebasmart_gcc_project/build/project_ap/asdk/make/atf/bl32/psci_common.o
                0x0000000070200d48                psci_init_req_local_pwr_states
 .text.psci_get_target_local_pwr_states
                0x0000000070200d70       0x48 /home/auto_jenkins_wlan5/workspace/sdk/auto-release-master/amebasmart_gcc_project/build/project_ap/asdk/make/atf/bl32/psci_common.o
                0x0000000070200d70                psci_get_target_local_pwr_states
 .text.psci_get_parent_pwr_domain_nodes
                0x0000000070200db8       0x2c /home/auto_jenkins_wlan5/workspace/sdk/auto-release-master/amebasmart_gcc_project/build/project_ap/asdk/make/atf/bl32/psci_common.o
                0x0000000070200db8                psci_get_parent_pwr_domain_nodes
 .text.psci_set_pwr_domains_to_run
                0x0000000070200de4       0x64 /home/auto_jenkins_wlan5/workspace/sdk/auto-release-master/amebasmart_gcc_project/build/project_ap/asdk/make/atf/bl32/psci_common.o
                0x0000000070200de4                psci_set_pwr_domains_to_run
 .text.psci_do_state_coordination
                0x0000000070200e48       0xe4 /home/auto_jenkins_wlan5/workspace/sdk/auto-release-master/amebasmart_gcc_project/build/project_ap/asdk/make/atf/bl32/psci_common.o
                0x0000000070200e48                psci_do_state_coordination
 .text.psci_find_max_off_lvl
                0x0000000070200f2c       0x20 /home/auto_jenkins_wlan5/workspace/sdk/auto-release-master/amebasmart_gcc_project/build/project_ap/asdk/make/atf/bl32/psci_common.o
                0x0000000070200f2c                psci_find_max_off_lvl
 .text.psci_find_target_suspend_lvl
                0x0000000070200f4c       0x1c /home/auto_jenkins_wlan5/workspace/sdk/auto-release-master/amebasmart_gcc_project/build/project_ap/asdk/make/atf/bl32/psci_common.o
                0x0000000070200f4c                psci_find_target_suspend_lvl
 .text.psci_validate_suspend_req
                0x0000000070200f68       0x52 /home/auto_jenkins_wlan5/workspace/sdk/auto-release-master/amebasmart_gcc_project/build/project_ap/asdk/make/atf/bl32/psci_common.o
                0x0000000070200f68                psci_validate_suspend_req
 *fill*         0x0000000070200fba        0x2 
 .text.psci_acquire_pwr_domain_locks
                0x0000000070200fbc       0x38 /home/auto_jenkins_wlan5/workspace/sdk/auto-release-master/amebasmart_gcc_project/build/project_ap/asdk/make/atf/bl32/psci_common.o
                0x0000000070200fbc                psci_acquire_pwr_domain_locks
 .text.psci_release_pwr_domain_locks
                0x0000000070200ff4       0x30 /home/auto_jenkins_wlan5/workspace/sdk/auto-release-master/amebasmart_gcc_project/build/project_ap/asdk/make/atf/bl32/psci_common.o
                0x0000000070200ff4                psci_release_pwr_domain_locks
 .text.psci_validate_mpidr
                0x0000000070201024       0x12 /home/auto_jenkins_wlan5/workspace/sdk/auto-release-master/amebasmart_gcc_project/build/project_ap/asdk/make/atf/bl32/psci_common.o
                0x0000000070201024                psci_validate_mpidr
 *fill*         0x0000000070201036        0x2 
 .text.psci_validate_entry_point
                0x0000000070201038       0x94 /home/auto_jenkins_wlan5/workspace/sdk/auto-release-master/amebasmart_gcc_project/build/project_ap/asdk/make/atf/bl32/psci_common.o
                0x0000000070201038                psci_validate_entry_point
 .text.psci_warmboot_entrypoint
                0x00000000702010cc       0x9c /home/auto_jenkins_wlan5/workspace/sdk/auto-release-master/amebasmart_gcc_project/build/project_ap/asdk/make/atf/bl32/psci_common.o
                0x00000000702010cc                psci_warmboot_entrypoint
 .text.psci_spd_migrate_info
                0x0000000070201168       0x2c /home/auto_jenkins_wlan5/workspace/sdk/auto-release-master/amebasmart_gcc_project/build/project_ap/asdk/make/atf/bl32/psci_common.o
                0x0000000070201168                psci_spd_migrate_info
 .text.psci_print_power_domain_map
                0x0000000070201194       0xb4 /home/auto_jenkins_wlan5/workspace/sdk/auto-release-master/amebasmart_gcc_project/build/project_ap/asdk/make/atf/bl32/psci_common.o
                0x0000000070201194                psci_print_power_domain_map
 .text.psci_do_pwrdown_sequence
                0x0000000070201248        0x4 /home/auto_jenkins_wlan5/workspace/sdk/auto-release-master/amebasmart_gcc_project/build/project_ap/asdk/make/atf/bl32/psci_common.o
                0x0000000070201248                psci_do_pwrdown_sequence
 .text.psci_cpu_on
                0x000000007020124c       0x2e /home/auto_jenkins_wlan5/workspace/sdk/auto-release-master/amebasmart_gcc_project/build/project_ap/asdk/make/atf/bl32/psci_main.o
                0x000000007020124c                psci_cpu_on
 *fill*         0x000000007020127a        0x2 
 .text.psci_cpu_suspend
                0x000000007020127c       0xc4 /home/auto_jenkins_wlan5/workspace/sdk/auto-release-master/amebasmart_gcc_project/build/project_ap/asdk/make/atf/bl32/psci_main.o
                0x000000007020127c                psci_cpu_suspend
 .text.psci_system_suspend
                0x0000000070201340       0x68 /home/auto_jenkins_wlan5/workspace/sdk/auto-release-master/amebasmart_gcc_project/build/project_ap/asdk/make/atf/bl32/psci_main.o
                0x0000000070201340                psci_system_suspend
 .text.psci_cpu_off
                0x00000000702013a8       0x1c /home/auto_jenkins_wlan5/workspace/sdk/auto-release-master/amebasmart_gcc_project/build/project_ap/asdk/make/atf/bl32/psci_main.o
                0x00000000702013a8                psci_cpu_off
 .text.psci_affinity_info
                0x00000000702013c4       0x2a /home/auto_jenkins_wlan5/workspace/sdk/auto-release-master/amebasmart_gcc_project/build/project_ap/asdk/make/atf/bl32/psci_main.o
                0x00000000702013c4                psci_affinity_info
 *fill*         0x00000000702013ee        0x2 
 .text.psci_migrate
                0x00000000702013f0       0x74 /home/auto_jenkins_wlan5/workspace/sdk/auto-release-master/amebasmart_gcc_project/build/project_ap/asdk/make/atf/bl32/psci_main.o
                0x00000000702013f0                psci_migrate
 .text.psci_migrate_info_type
                0x0000000070201464        0xe /home/auto_jenkins_wlan5/workspace/sdk/auto-release-master/amebasmart_gcc_project/build/project_ap/asdk/make/atf/bl32/psci_main.o
                0x0000000070201464                psci_migrate_info_type
 .text.psci_migrate_info_up_cpu
                0x0000000070201472       0x1a /home/auto_jenkins_wlan5/workspace/sdk/auto-release-master/amebasmart_gcc_project/build/project_ap/asdk/make/atf/bl32/psci_main.o
                0x0000000070201472                psci_migrate_info_up_cpu
 .text.psci_node_hw_state
                0x000000007020148c       0x48 /home/auto_jenkins_wlan5/workspace/sdk/auto-release-master/amebasmart_gcc_project/build/project_ap/asdk/make/atf/bl32/psci_main.o
                0x000000007020148c                psci_node_hw_state
 .text.psci_features
                0x00000000702014d4       0x60 /home/auto_jenkins_wlan5/workspace/sdk/auto-release-master/amebasmart_gcc_project/build/project_ap/asdk/make/atf/bl32/psci_main.o
                0x00000000702014d4                psci_features
 .text.psci_smc_handler
                0x0000000070201534      0x134 /home/auto_jenkins_wlan5/workspace/sdk/auto-release-master/amebasmart_gcc_project/build/project_ap/asdk/make/atf/bl32/psci_main.o
                0x0000000070201534                psci_smc_handler
 .text.psci_mem_protect
                0x0000000070201668       0x4c /home/auto_jenkins_wlan5/workspace/sdk/auto-release-master/amebasmart_gcc_project/build/project_ap/asdk/make/atf/bl32/psci_mem_protect.o
                0x0000000070201668                psci_mem_protect
 .text.psci_mem_chk_range
                0x00000000702016b4       0x34 /home/auto_jenkins_wlan5/workspace/sdk/auto-release-master/amebasmart_gcc_project/build/project_ap/asdk/make/atf/bl32/psci_mem_protect.o
                0x00000000702016b4                psci_mem_chk_range
 .text.psci_do_cpu_off
                0x00000000702016e8       0xc4 /home/auto_jenkins_wlan5/workspace/sdk/auto-release-master/amebasmart_gcc_project/build/project_ap/asdk/make/atf/bl32/psci_off.o
                0x00000000702016e8                psci_do_cpu_off
 .text.psci_cpu_on_start
                0x00000000702017ac      0x130 /home/auto_jenkins_wlan5/workspace/sdk/auto-release-master/amebasmart_gcc_project/build/project_ap/asdk/make/atf/bl32/psci_on.o
                0x00000000702017ac                psci_cpu_on_start
 .text.psci_cpu_on_finish
                0x00000000702018dc       0x9c /home/auto_jenkins_wlan5/workspace/sdk/auto-release-master/amebasmart_gcc_project/build/project_ap/asdk/make/atf/bl32/psci_on.o
                0x00000000702018dc                psci_cpu_on_finish
 .text.psci_arch_setup
                0x0000000070201978       0x16 /home/auto_jenkins_wlan5/workspace/sdk/auto-release-master/amebasmart_gcc_project/build/project_ap/asdk/make/atf/bl32/psci_setup.o
                0x0000000070201978                psci_arch_setup
 *fill*         0x000000007020198e        0x2 
 .text.psci_setup
                0x0000000070201990      0x22c /home/auto_jenkins_wlan5/workspace/sdk/auto-release-master/amebasmart_gcc_project/build/project_ap/asdk/make/atf/bl32/psci_setup.o
                0x0000000070201990                psci_setup
 .text.psci_prepare_next_non_secure_ctx
                0x0000000070201bbc       0x24 /home/auto_jenkins_wlan5/workspace/sdk/auto-release-master/amebasmart_gcc_project/build/project_ap/asdk/make/atf/bl32/psci_setup.o
                0x0000000070201bbc                psci_prepare_next_non_secure_ctx
 .text.psci_cpu_suspend_start
                0x0000000070201be0      0x104 /home/auto_jenkins_wlan5/workspace/sdk/auto-release-master/amebasmart_gcc_project/build/project_ap/asdk/make/atf/bl32/psci_suspend.o
                0x0000000070201be0                psci_cpu_suspend_start
 .text.psci_cpu_suspend_finish
                0x0000000070201ce4       0x8c /home/auto_jenkins_wlan5/workspace/sdk/auto-release-master/amebasmart_gcc_project/build/project_ap/asdk/make/atf/bl32/psci_suspend.o
                0x0000000070201ce4                psci_cpu_suspend_finish
 .text.psci_system_off
                0x0000000070201d70       0x38 /home/auto_jenkins_wlan5/workspace/sdk/auto-release-master/amebasmart_gcc_project/build/project_ap/asdk/make/atf/bl32/psci_system_off.o
                0x0000000070201d70                psci_system_off
 .text.psci_system_reset
                0x0000000070201da8       0x38 /home/auto_jenkins_wlan5/workspace/sdk/auto-release-master/amebasmart_gcc_project/build/project_ap/asdk/make/atf/bl32/psci_system_off.o
                0x0000000070201da8                psci_system_reset
 .text.psci_system_reset2
                0x0000000070201de0       0x70 /home/auto_jenkins_wlan5/workspace/sdk/auto-release-master/amebasmart_gcc_project/build/project_ap/asdk/make/atf/bl32/psci_system_off.o
                0x0000000070201de0                psci_system_reset2
 .text.sp_min_plat_runtime_setup
                0x0000000070201e50        0x6 /home/auto_jenkins_wlan5/workspace/sdk/auto-release-master/amebasmart_gcc_project/build/project_ap/asdk/make/atf/bl32/plat_sp_min_common.o
                0x0000000070201e50                sp_min_plat_runtime_setup
 *fill*         0x0000000070201e56        0x2 
 .text.plat_get_target_pwr_state
                0x0000000070201e58       0x24 /home/auto_jenkins_wlan5/workspace/sdk/auto-release-master/amebasmart_gcc_project/build/project_ap/asdk/make/atf/bl32/plat_psci_common.o
                0x0000000070201e58                plat_get_target_pwr_state
 .text.rtk_secure_service
                0x0000000070201e7c       0x20 /home/auto_jenkins_wlan5/workspace/sdk/auto-release-master/amebasmart_gcc_project/build/project_ap/asdk/make/atf/bl32/bsec_svc.o
                0x0000000070201e7c                rtk_secure_service
 .text.rtk_smc_setup
                0x0000000070201e9c        0x4 /home/auto_jenkins_wlan5/workspace/sdk/auto-release-master/amebasmart_gcc_project/build/project_ap/asdk/make/atf/bl32/rtk_svc_setup.o
 .text.matter_secure_smc_handler
                0x0000000070201ea0       0x10 /home/auto_jenkins_wlan5/workspace/sdk/auto-release-master/amebasmart_gcc_project/build/project_ap/asdk/make/atf/bl32/rtk_svc_setup.o
                0x0000000070201ea0                matter_secure_smc_handler
 .text.rtk_smc_handler
                0x0000000070201eb0       0x58 /home/auto_jenkins_wlan5/workspace/sdk/auto-release-master/amebasmart_gcc_project/build/project_ap/asdk/make/atf/bl32/rtk_svc_setup.o
 .text.plat_sheipa_gic_driver_init
                0x0000000070201f08        0xc /home/auto_jenkins_wlan5/workspace/sdk/auto-release-master/amebasmart_gcc_project/build/project_ap/asdk/make/atf/bl32/sheipa_gic.o
                0x0000000070201f08                plat_sheipa_gic_driver_init
 .text.plat_sheipa_gic_init
                0x0000000070201f14       0x12 /home/auto_jenkins_wlan5/workspace/sdk/auto-release-master/amebasmart_gcc_project/build/project_ap/asdk/make/atf/bl32/sheipa_gic.o
                0x0000000070201f14                plat_sheipa_gic_init
 .text.plat_sheipa_gic_cpuif_enable
                0x0000000070201f26        0x4 /home/auto_jenkins_wlan5/workspace/sdk/auto-release-master/amebasmart_gcc_project/build/project_ap/asdk/make/atf/bl32/sheipa_gic.o
                0x0000000070201f26                plat_sheipa_gic_cpuif_enable
 .text.plat_sheipa_gic_pcpu_init
                0x0000000070201f2a        0x4 /home/auto_jenkins_wlan5/workspace/sdk/auto-release-master/amebasmart_gcc_project/build/project_ap/asdk/make/atf/bl32/sheipa_gic.o
                0x0000000070201f2a                plat_sheipa_gic_pcpu_init
 *fill*         0x0000000070201f2e        0x2 
 .text.sp_min_plat_get_bl33_ep_info
                0x0000000070201f30       0x10 /home/auto_jenkins_wlan5/workspace/sdk/auto-release-master/amebasmart_gcc_project/build/project_ap/asdk/make/atf/bl32/sp_min_setup.o
                0x0000000070201f30                sp_min_plat_get_bl33_ep_info
 .text.sp_min_early_platform_setup2
                0x0000000070201f40       0x5c /home/auto_jenkins_wlan5/workspace/sdk/auto-release-master/amebasmart_gcc_project/build/project_ap/asdk/make/atf/bl32/sp_min_setup.o
                0x0000000070201f40                sp_min_early_platform_setup2
 .text.sp_min_plat_arch_setup
                0x0000000070201f9c       0x44 /home/auto_jenkins_wlan5/workspace/sdk/auto-release-master/amebasmart_gcc_project/build/project_ap/asdk/make/atf/bl32/sp_min_setup.o
                0x0000000070201f9c                sp_min_plat_arch_setup
 .text.sp_min_platform_setup
                0x0000000070201fe0        0xe /home/auto_jenkins_wlan5/workspace/sdk/auto-release-master/amebasmart_gcc_project/build/project_ap/asdk/make/atf/bl32/sp_min_setup.o
                0x0000000070201fe0                sp_min_platform_setup
 .text.plat_get_syscnt_freq2
                0x0000000070201fee        0x6 /home/auto_jenkins_wlan5/workspace/sdk/auto-release-master/amebasmart_gcc_project/build/project_ap/asdk/make/atf/bl32/sp_min_setup.o
                0x0000000070201fee                plat_get_syscnt_freq2
 .text.plat_get_power_domain_tree_desc
                0x0000000070201ff4        0x8 /home/auto_jenkins_wlan5/workspace/sdk/auto-release-master/amebasmart_gcc_project/build/project_ap/asdk/make/atf/bl32/topology.o
                0x0000000070201ff4                plat_get_power_domain_tree_desc
 .text.plat_core_pos_by_mpidr
                0x0000000070201ffc       0x20 /home/auto_jenkins_wlan5/workspace/sdk/auto-release-master/amebasmart_gcc_project/build/project_ap/asdk/make/atf/bl32/topology.o
                0x0000000070201ffc                plat_core_pos_by_mpidr
 .text.std_svc_smc_handler
                0x000000007020201c       0x7c /home/auto_jenkins_wlan5/workspace/sdk/auto-release-master/amebasmart_gcc_project/build/project_ap/asdk/make/atf/bl32/std_svc_setup.o
 .text.std_svc_setup
                0x0000000070202098       0x24 /home/auto_jenkins_wlan5/workspace/sdk/auto-release-master/amebasmart_gcc_project/build/project_ap/asdk/make/atf/bl32/std_svc_setup.o
 .text.tf_log   0x00000000702020bc       0x5c /home/auto_jenkins_wlan5/workspace/sdk/auto-release-master/amebasmart_gcc_project/build/project_ap/asdk/make/atf/bl32/tf_log.o
                0x00000000702020bc                tf_log
 .text.console_is_registered
                0x0000000070202118       0x2c /home/auto_jenkins_wlan5/workspace/sdk/auto-release-master/amebasmart_gcc_project/build/project_ap/asdk/make/atf/bl32/multi_console.o
                0x0000000070202118                console_is_registered
 .text.console_register
                0x0000000070202144       0x40 /home/auto_jenkins_wlan5/workspace/sdk/auto-release-master/amebasmart_gcc_project/build/project_ap/asdk/make/atf/bl32/multi_console.o
                0x0000000070202144                console_register
 .text.console_switch_state
                0x0000000070202184        0xc /home/auto_jenkins_wlan5/workspace/sdk/auto-release-master/amebasmart_gcc_project/build/project_ap/asdk/make/atf/bl32/multi_console.o
                0x0000000070202184                console_switch_state
 .text.console_set_scope
                0x0000000070202190       0x1c /home/auto_jenkins_wlan5/workspace/sdk/auto-release-master/amebasmart_gcc_project/build/project_ap/asdk/make/atf/bl32/multi_console.o
                0x0000000070202190                console_set_scope
 .text.console_putc
                0x00000000702021ac       0x58 /home/auto_jenkins_wlan5/workspace/sdk/auto-release-master/amebasmart_gcc_project/build/project_ap/asdk/make/atf/bl32/multi_console.o
                0x00000000702021ac                console_putc
 .text.console_flush
                0x0000000070202204       0x40 /home/auto_jenkins_wlan5/workspace/sdk/auto-release-master/amebasmart_gcc_project/build/project_ap/asdk/make/atf/bl32/multi_console.o
                0x0000000070202204                console_flush
 .text.plat_log_get_prefix
                0x0000000070202244       0x24 /home/auto_jenkins_wlan5/workspace/sdk/auto-release-master/amebasmart_gcc_project/build/project_ap/asdk/make/atf/bl32/plat_log_common.o
                0x0000000070202244                plat_log_get_prefix
 .text.bl32_plat_enable_mmu
                0x0000000070202268        0x4 /home/auto_jenkins_wlan5/workspace/sdk/auto-release-master/amebasmart_gcc_project/build/project_ap/asdk/make/atf/bl32/plat_common.o
                0x0000000070202268                bl32_plat_enable_mmu
 .text.__ctzdi2
                0x000000007020226c       0x20 /home/auto_jenkins_wlan5/workspace/sdk/auto-release-master/amebasmart_gcc_project/build/project_ap/asdk/make/atf/bl32/ctzdi2.o
                0x000000007020226c                __ctzdi2
 .text.__udivmoddi4
                0x000000007020228c      0x17c /home/auto_jenkins_wlan5/workspace/sdk/auto-release-master/amebasmart_gcc_project/build/project_ap/asdk/make/atf/bl32/udivmoddi4.o
                0x000000007020228c                __udivmoddi4
 .text.sheipa_configure_mmu_svc_mon
                0x0000000070202408       0x70 /home/auto_jenkins_wlan5/workspace/sdk/auto-release-master/amebasmart_gcc_project/build/project_ap/asdk/make/atf/bl32/sheipa_common.o
                0x0000000070202408                sheipa_configure_mmu_svc_mon
 .text.sheipa_console_init
                0x0000000070202478       0x2c /home/auto_jenkins_wlan5/workspace/sdk/auto-release-master/amebasmart_gcc_project/build/project_ap/asdk/make/atf/bl32/sheipa_console_setup.o
                0x0000000070202478                sheipa_console_init
 .text.plat_sheipa_pm_get_ns_dram0_base
                0x00000000702024a4        0x8 /home/auto_jenkins_wlan5/workspace/sdk/auto-release-master/amebasmart_gcc_project/build/project_ap/asdk/make/atf/bl32/sheipa_pm_ext.o
                0x00000000702024a4                plat_sheipa_pm_get_ns_dram0_base
 .text.plat_sheipa_pm_get_ns_dram0_size
                0x00000000702024ac        0x6 /home/auto_jenkins_wlan5/workspace/sdk/auto-release-master/amebasmart_gcc_project/build/project_ap/asdk/make/atf/bl32/sheipa_pm_ext.o
                0x00000000702024ac                plat_sheipa_pm_get_ns_dram0_size
 *fill*         0x00000000702024b2        0x2 
 .text.plat_sheipa_pm_get_trusted_mailbox_base
                0x00000000702024b4        0x8 /home/auto_jenkins_wlan5/workspace/sdk/auto-release-master/amebasmart_gcc_project/build/project_ap/asdk/make/atf/bl32/sheipa_pm_ext.o
                0x00000000702024b4                plat_sheipa_pm_get_trusted_mailbox_base
 .text.plat_sheipa_pm_get_hold_base
                0x00000000702024bc        0x8 /home/auto_jenkins_wlan5/workspace/sdk/auto-release-master/amebasmart_gcc_project/build/project_ap/asdk/make/atf/bl32/sheipa_pm_ext.o
                0x00000000702024bc                plat_sheipa_pm_get_hold_base
 .text.plat_sheipa_pm_get_warm_boot_base
                0x00000000702024c4        0x8 /home/auto_jenkins_wlan5/workspace/sdk/auto-release-master/amebasmart_gcc_project/build/project_ap/asdk/make/atf/bl32/sheipa_pm_ext.o
                0x00000000702024c4                plat_sheipa_pm_get_warm_boot_base
 .text.xlat_arch_get_max_supported_pa
                0x00000000702024cc        0x8 /home/auto_jenkins_wlan5/workspace/sdk/auto-release-master/amebasmart_gcc_project/build/project_ap/asdk/make/atf/bl32/xlat_tables_arch.o
                0x00000000702024cc                xlat_arch_get_max_supported_pa
 .text.xlat_get_min_virt_addr_space_size
                0x00000000702024d4        0x6 /home/auto_jenkins_wlan5/workspace/sdk/auto-release-master/amebasmart_gcc_project/build/project_ap/asdk/make/atf/bl32/xlat_tables_arch.o
                0x00000000702024d4                xlat_get_min_virt_addr_space_size
 .text.is_dcache_enabled
                0x00000000702024da       0x1c /home/auto_jenkins_wlan5/workspace/sdk/auto-release-master/amebasmart_gcc_project/build/project_ap/asdk/make/atf/bl32/xlat_tables_arch.o
                0x00000000702024da                is_dcache_enabled
 *fill*         0x00000000702024f6        0x2 
 .text.xlat_arch_regime_get_xn_desc
                0x00000000702024f8       0x28 /home/auto_jenkins_wlan5/workspace/sdk/auto-release-master/amebasmart_gcc_project/build/project_ap/asdk/make/atf/bl32/xlat_tables_arch.o
                0x00000000702024f8                xlat_arch_regime_get_xn_desc
 .text.xlat_arch_current_el
                0x0000000070202520       0x3c /home/auto_jenkins_wlan5/workspace/sdk/auto-release-master/amebasmart_gcc_project/build/project_ap/asdk/make/atf/bl32/xlat_tables_arch.o
                0x0000000070202520                xlat_arch_current_el
 .text.is_mmu_enabled_ctx
                0x000000007020255c       0x40 /home/auto_jenkins_wlan5/workspace/sdk/auto-release-master/amebasmart_gcc_project/build/project_ap/asdk/make/atf/bl32/xlat_tables_arch.o
                0x000000007020255c                is_mmu_enabled_ctx
 .text.setup_mmu_cfg
                0x000000007020259c       0xac /home/auto_jenkins_wlan5/workspace/sdk/auto-release-master/amebasmart_gcc_project/build/project_ap/asdk/make/atf/bl32/xlat_tables_arch.o
                0x000000007020259c                setup_mmu_cfg
 .text.mmap_add_region
                0x0000000070202648       0x28 /home/auto_jenkins_wlan5/workspace/sdk/auto-release-master/amebasmart_gcc_project/build/project_ap/asdk/make/atf/bl32/xlat_tables_context.o
                0x0000000070202648                mmap_add_region
 .text.mmap_add
                0x0000000070202670        0xc /home/auto_jenkins_wlan5/workspace/sdk/auto-release-master/amebasmart_gcc_project/build/project_ap/asdk/make/atf/bl32/xlat_tables_context.o
                0x0000000070202670                mmap_add
 .text.init_xlat_tables
                0x000000007020267c       0x3c /home/auto_jenkins_wlan5/workspace/sdk/auto-release-master/amebasmart_gcc_project/build/project_ap/asdk/make/atf/bl32/xlat_tables_context.o
                0x000000007020267c                init_xlat_tables
 .text.enable_mmu_svc_mon
                0x00000000702026b8       0x34 /home/auto_jenkins_wlan5/workspace/sdk/auto-release-master/amebasmart_gcc_project/build/project_ap/asdk/make/atf/bl32/xlat_tables_context.o
                0x00000000702026b8                enable_mmu_svc_mon
 .text.xlat_clean_dcache_range
                0x00000000702026ec       0x1a /home/auto_jenkins_wlan5/workspace/sdk/auto-release-master/amebasmart_gcc_project/build/project_ap/asdk/make/atf/bl32/xlat_tables_core.o
 *fill*         0x0000000070202706        0x2 
 .text.xlat_desc
                0x0000000070202708       0xc0 /home/auto_jenkins_wlan5/workspace/sdk/auto-release-master/amebasmart_gcc_project/build/project_ap/asdk/make/atf/bl32/xlat_tables_core.o
                0x0000000070202708                xlat_desc
 .text.xlat_tables_map_region
                0x00000000702027c8      0x184 /home/auto_jenkins_wlan5/workspace/sdk/auto-release-master/amebasmart_gcc_project/build/project_ap/asdk/make/atf/bl32/xlat_tables_core.o
 .text.mmap_add_region_ctx
                0x000000007020294c      0x1f8 /home/auto_jenkins_wlan5/workspace/sdk/auto-release-master/amebasmart_gcc_project/build/project_ap/asdk/make/atf/bl32/xlat_tables_core.o
                0x000000007020294c                mmap_add_region_ctx
 .text.mmap_add_ctx
                0x0000000070202b44       0x18 /home/auto_jenkins_wlan5/workspace/sdk/auto-release-master/amebasmart_gcc_project/build/project_ap/asdk/make/atf/bl32/xlat_tables_core.o
                0x0000000070202b44                mmap_add_ctx
 .text.init_xlat_tables_ctx
                0x0000000070202b5c      0x140 /home/auto_jenkins_wlan5/workspace/sdk/auto-release-master/amebasmart_gcc_project/build/project_ap/asdk/make/atf/bl32/xlat_tables_core.o
                0x0000000070202b5c                init_xlat_tables_ctx
 .text.xlat_mmap_print
                0x0000000070202c9c        0x2 /home/auto_jenkins_wlan5/workspace/sdk/auto-release-master/amebasmart_gcc_project/build/project_ap/asdk/make/atf/bl32/xlat_tables_utils.o
                0x0000000070202c9c                xlat_mmap_print
 .text.xlat_tables_print
                0x0000000070202c9e        0x2 /home/auto_jenkins_wlan5/workspace/sdk/auto-release-master/amebasmart_gcc_project/build/project_ap/asdk/make/atf/bl32/xlat_tables_utils.o
                0x0000000070202c9e                xlat_tables_print
 .text.asm.aem_generic_core_pwr_dwn
                0x0000000070202ca0       0x24 /home/auto_jenkins_wlan5/workspace/sdk/auto-release-master/amebasmart_gcc_project/build/project_ap/asdk/make/atf/bl32/aem_generic.o
 .text.asm.aem_generic_cluster_pwr_dwn
                0x0000000070202cc4       0x24 /home/auto_jenkins_wlan5/workspace/sdk/auto-release-master/amebasmart_gcc_project/build/project_ap/asdk/make/atf/bl32/aem_generic.o
 .text.asm.aem_generic_errata_report
                0x0000000070202ce8        0x4 /home/auto_jenkins_wlan5/workspace/sdk/auto-release-master/amebasmart_gcc_project/build/project_ap/asdk/make/atf/bl32/aem_generic.o
 .text.asm.cortex_a32_disable_smp
                0x0000000070202cec       0x18 /home/auto_jenkins_wlan5/workspace/sdk/auto-release-master/amebasmart_gcc_project/build/project_ap/asdk/make/atf/bl32/cortex_a32.o
 .text.asm.cortex_a32_reset_func
                0x0000000070202d04       0x14 /home/auto_jenkins_wlan5/workspace/sdk/auto-release-master/amebasmart_gcc_project/build/project_ap/asdk/make/atf/bl32/cortex_a32.o
 .text.asm.cortex_a32_core_pwr_dwn
                0x0000000070202d18       0x30 /home/auto_jenkins_wlan5/workspace/sdk/auto-release-master/amebasmart_gcc_project/build/project_ap/asdk/make/atf/bl32/cortex_a32.o
 .text.asm.cortex_a32_cluster_pwr_dwn
                0x0000000070202d48       0x3c /home/auto_jenkins_wlan5/workspace/sdk/auto-release-master/amebasmart_gcc_project/build/project_ap/asdk/make/atf/bl32/cortex_a32.o
 .text.asm.cortex_a32_errata_report
                0x0000000070202d84        0x4 /home/auto_jenkins_wlan5/workspace/sdk/auto-release-master/amebasmart_gcc_project/build/project_ap/asdk/make/atf/bl32/cortex_a32.o
 .text.asm.cortex_a7_disable_smp
                0x0000000070202d88       0x18 /home/auto_jenkins_wlan5/workspace/sdk/auto-release-master/amebasmart_gcc_project/build/project_ap/asdk/make/atf/bl32/cortex_a7.o
 .text.asm.cortex_a7_enable_smp
                0x0000000070202da0       0x14 /home/auto_jenkins_wlan5/workspace/sdk/auto-release-master/amebasmart_gcc_project/build/project_ap/asdk/make/atf/bl32/cortex_a7.o
 .text.asm.cortex_a7_reset_func
                0x0000000070202db4        0x4 /home/auto_jenkins_wlan5/workspace/sdk/auto-release-master/amebasmart_gcc_project/build/project_ap/asdk/make/atf/bl32/cortex_a7.o
 .text.asm.cortex_a7_core_pwr_dwn
                0x0000000070202db8       0x30 /home/auto_jenkins_wlan5/workspace/sdk/auto-release-master/amebasmart_gcc_project/build/project_ap/asdk/make/atf/bl32/cortex_a7.o
 .text.asm.cortex_a7_cluster_pwr_dwn
                0x0000000070202de8       0x34 /home/auto_jenkins_wlan5/workspace/sdk/auto-release-master/amebasmart_gcc_project/build/project_ap/asdk/make/atf/bl32/cortex_a7.o
 .text.asm.cortex_a7_errata_report
                0x0000000070202e1c        0x4 /home/auto_jenkins_wlan5/workspace/sdk/auto-release-master/amebasmart_gcc_project/build/project_ap/asdk/make/atf/bl32/cortex_a7.o
 .text.asm.reset_handler
                0x0000000070202e20       0x38 /home/auto_jenkins_wlan5/workspace/sdk/auto-release-master/amebasmart_gcc_project/build/project_ap/asdk/make/atf/bl32/cpu_helpers.o
                0x0000000070202e20                reset_handler
 .text.asm.prepare_cpu_pwr_dwn
                0x0000000070202e58       0x44 /home/auto_jenkins_wlan5/workspace/sdk/auto-release-master/amebasmart_gcc_project/build/project_ap/asdk/make/atf/bl32/cpu_helpers.o
                0x0000000070202e58                prepare_cpu_pwr_dwn
 .text.asm.init_cpu_ops
                0x0000000070202e9c       0x3c /home/auto_jenkins_wlan5/workspace/sdk/auto-release-master/amebasmart_gcc_project/build/project_ap/asdk/make/atf/bl32/cpu_helpers.o
                0x0000000070202e9c                init_cpu_ops
 .text.asm.get_cpu_ops_ptr
                0x0000000070202ed8       0x44 /home/auto_jenkins_wlan5/workspace/sdk/auto-release-master/amebasmart_gcc_project/build/project_ap/asdk/make/atf/bl32/cpu_helpers.o
                0x0000000070202ed8                get_cpu_ops_ptr
 .text.asm.print_errata_status
                0x0000000070202f1c       0x34 /home/auto_jenkins_wlan5/workspace/sdk/auto-release-master/amebasmart_gcc_project/build/project_ap/asdk/make/atf/bl32/cpu_helpers.o
                0x0000000070202f1c                print_errata_status
 .text.asm._cpu_data
                0x0000000070202f50       0x10 /home/auto_jenkins_wlan5/workspace/sdk/auto-release-master/amebasmart_gcc_project/build/project_ap/asdk/make/atf/bl32/cpu_data.o
                0x0000000070202f50                _cpu_data
 .text.asm._cpu_data_by_index
                0x0000000070202f60       0x18 /home/auto_jenkins_wlan5/workspace/sdk/auto-release-master/amebasmart_gcc_project/build/project_ap/asdk/make/atf/bl32/cpu_data.o
                0x0000000070202f60                _cpu_data_by_index
 .text.asm.spin_lock
                0x0000000070202f78       0x24 /home/auto_jenkins_wlan5/workspace/sdk/auto-release-master/amebasmart_gcc_project/build/project_ap/asdk/make/atf/bl32/spinlock.o
                0x0000000070202f78                spin_lock
 .text.asm.spin_unlock
                0x0000000070202f9c        0xc /home/auto_jenkins_wlan5/workspace/sdk/auto-release-master/amebasmart_gcc_project/build/project_ap/asdk/make/atf/bl32/spinlock.o
                0x0000000070202f9c                spin_unlock
 .text.asm.psci_do_pwrdown_cache_maintenance
                0x0000000070202fa8       0x18 /home/auto_jenkins_wlan5/workspace/sdk/auto-release-master/amebasmart_gcc_project/build/project_ap/asdk/make/atf/bl32/psci_helpers.o
                0x0000000070202fa8                psci_do_pwrdown_cache_maintenance
 .text.asm.psci_do_pwrup_cache_maintenance
                0x0000000070202fc0       0x30 /home/auto_jenkins_wlan5/workspace/sdk/auto-release-master/amebasmart_gcc_project/build/project_ap/asdk/make/atf/bl32/psci_helpers.o
                0x0000000070202fc0                psci_do_pwrup_cache_maintenance
 .text.asm.do_stack_maintenance
                0x0000000070202ff0       0x3c /home/auto_jenkins_wlan5/workspace/sdk/auto-release-master/amebasmart_gcc_project/build/project_ap/asdk/make/atf/bl32/psci_helpers.o
 .text.asm.psci_power_down_wfi
                0x000000007020302c       0x10 /home/auto_jenkins_wlan5/workspace/sdk/auto-release-master/amebasmart_gcc_project/build/project_ap/asdk/make/atf/bl32/psci_helpers.o
                0x000000007020302c                psci_power_down_wfi
 .text.asm.plat_get_my_stack
                0x000000007020303c       0x1c /home/auto_jenkins_wlan5/workspace/sdk/auto-release-master/amebasmart_gcc_project/build/project_ap/asdk/make/atf/bl32/platform_mp_stack.o
                0x000000007020303c                plat_get_my_stack
 .text.asm.plat_set_my_stack
                0x0000000070203058       0x20 /home/auto_jenkins_wlan5/workspace/sdk/auto-release-master/amebasmart_gcc_project/build/project_ap/asdk/make/atf/bl32/platform_mp_stack.o
                0x0000000070203058                plat_set_my_stack
 .text.asm.do_panic
                0x0000000070203078       0x3c /home/auto_jenkins_wlan5/workspace/sdk/auto-release-master/amebasmart_gcc_project/build/project_ap/asdk/make/atf/bl32/debug.o
                0x0000000070203078                do_panic
 .text.asm.report_prefetch_abort
                0x00000000702030b4       0x10 /home/auto_jenkins_wlan5/workspace/sdk/auto-release-master/amebasmart_gcc_project/build/project_ap/asdk/make/atf/bl32/debug.o
                0x00000000702030b4                report_prefetch_abort
 .text.asm.report_data_abort
                0x00000000702030c4       0x10 /home/auto_jenkins_wlan5/workspace/sdk/auto-release-master/amebasmart_gcc_project/build/project_ap/asdk/make/atf/bl32/debug.o
                0x00000000702030c4                report_data_abort
 .text.asm.asm_assert
                0x00000000702030d4       0x7c /home/auto_jenkins_wlan5/workspace/sdk/auto-release-master/amebasmart_gcc_project/build/project_ap/asdk/make/atf/bl32/debug.o
                0x00000000702030d4                asm_assert
 .text.asm.asm_print_str
                0x0000000070203150       0x1c /home/auto_jenkins_wlan5/workspace/sdk/auto-release-master/amebasmart_gcc_project/build/project_ap/asdk/make/atf/bl32/debug.o
                0x0000000070203150                asm_print_str
 .text.asm.asm_print_hex
                0x000000007020316c       0x34 /home/auto_jenkins_wlan5/workspace/sdk/auto-release-master/amebasmart_gcc_project/build/project_ap/asdk/make/atf/bl32/debug.o
                0x000000007020316c                asm_print_hex
 .text.asm.flush_dcache_range
                0x00000000702031a0       0x3c /home/auto_jenkins_wlan5/workspace/sdk/auto-release-master/amebasmart_gcc_project/build/project_ap/asdk/make/atf/bl32/cache_helpers.o
                0x00000000702031a0                flush_dcache_range
 .text.asm.clean_dcache_range
                0x00000000702031dc       0x3c /home/auto_jenkins_wlan5/workspace/sdk/auto-release-master/amebasmart_gcc_project/build/project_ap/asdk/make/atf/bl32/cache_helpers.o
                0x00000000702031dc                clean_dcache_range
 .text.asm.inv_dcache_range
                0x0000000070203218       0x3c /home/auto_jenkins_wlan5/workspace/sdk/auto-release-master/amebasmart_gcc_project/build/project_ap/asdk/make/atf/bl32/cache_helpers.o
                0x0000000070203218                inv_dcache_range
 .text.asm.do_dcsw_op
                0x0000000070203254       0x9c /home/auto_jenkins_wlan5/workspace/sdk/auto-release-master/amebasmart_gcc_project/build/project_ap/asdk/make/atf/bl32/cache_helpers.o
 .text.asm.dcsw_op_louis
                0x00000000702032f0       0x14 /home/auto_jenkins_wlan5/workspace/sdk/auto-release-master/amebasmart_gcc_project/build/project_ap/asdk/make/atf/bl32/cache_helpers.o
                0x00000000702032f0                dcsw_op_louis
 .text.asm.dcsw_op_all
                0x0000000070203304       0x14 /home/auto_jenkins_wlan5/workspace/sdk/auto-release-master/amebasmart_gcc_project/build/project_ap/asdk/make/atf/bl32/cache_helpers.o
                0x0000000070203304                dcsw_op_all
 .text.asm.dcsw_op_level1
                0x0000000070203318       0x10 /home/auto_jenkins_wlan5/workspace/sdk/auto-release-master/amebasmart_gcc_project/build/project_ap/asdk/make/atf/bl32/cache_helpers.o
                0x0000000070203318                dcsw_op_level1
 .text.asm.dcsw_op_level2
                0x0000000070203328       0x10 /home/auto_jenkins_wlan5/workspace/sdk/auto-release-master/amebasmart_gcc_project/build/project_ap/asdk/make/atf/bl32/cache_helpers.o
                0x0000000070203328                dcsw_op_level2
 .text.asm.zeromem
                0x0000000070203338       0x64 /home/auto_jenkins_wlan5/workspace/sdk/auto-release-master/amebasmart_gcc_project/build/project_ap/asdk/make/atf/bl32/misc_helpers.o
                0x0000000070203338                zeromem
                0x0000000070203338                zero_normalmem
 .text.asm.plat_reset_handler
                0x000000007020339c        0x4 /home/auto_jenkins_wlan5/workspace/sdk/auto-release-master/amebasmart_gcc_project/build/project_ap/asdk/make/atf/bl32/platform_helpers.o
                0x000000007020339c                plat_reset_handler
 .text.asm.plat_disable_acp
                0x00000000702033a0        0x4 /home/auto_jenkins_wlan5/workspace/sdk/auto-release-master/amebasmart_gcc_project/build/project_ap/asdk/make/atf/bl32/platform_helpers.o
                0x00000000702033a0                plat_disable_acp
 .text          0x00000000702033a4       0x24 /home/auto_jenkins_wlan5/workspace/sdk/auto-release-master/amebasmart_gcc_project/build/project_ap/asdk/make/atf/bl32/aeabi_uldivmod.o
                0x00000000702033a4                __aeabi_uldivmod
 .text.asm.plat_my_core_pos
                0x00000000702033c8        0x8 /home/auto_jenkins_wlan5/workspace/sdk/auto-release-master/amebasmart_gcc_project/build/project_ap/asdk/make/atf/bl32/plat_helpers.o
                0x00000000702033c8                plat_my_core_pos
 .text.asm.plat_report_exception
                0x00000000702033d0       0x64 /home/auto_jenkins_wlan5/workspace/sdk/auto-release-master/amebasmart_gcc_project/build/project_ap/asdk/make/atf/bl32/plat_helpers.o
                0x00000000702033d0                plat_report_exception
 .text.asm.plat_report_prefetch_abort
                0x0000000070203434       0x58 /home/auto_jenkins_wlan5/workspace/sdk/auto-release-master/amebasmart_gcc_project/build/project_ap/asdk/make/atf/bl32/plat_helpers.o
                0x0000000070203434                plat_report_prefetch_abort
 .text.asm.plat_report_data_abort
                0x000000007020348c       0x58 /home/auto_jenkins_wlan5/workspace/sdk/auto-release-master/amebasmart_gcc_project/build/project_ap/asdk/make/atf/bl32/plat_helpers.o
                0x000000007020348c                plat_report_data_abort
 .text.asm.plat_sheipa_calc_core_pos
                0x00000000702034e4       0x10 /home/auto_jenkins_wlan5/workspace/sdk/auto-release-master/amebasmart_gcc_project/build/project_ap/asdk/make/atf/bl32/plat_helpers.o
                0x00000000702034e4                plat_sheipa_calc_core_pos
 .text.asm.plat_crash_console_init
                0x00000000702034f4       0x1c /home/auto_jenkins_wlan5/workspace/sdk/auto-release-master/amebasmart_gcc_project/build/project_ap/asdk/make/atf/bl32/plat_helpers.o
                0x00000000702034f4                plat_crash_console_init
 .text.asm.plat_crash_console_putc
                0x0000000070203510        0xc /home/auto_jenkins_wlan5/workspace/sdk/auto-release-master/amebasmart_gcc_project/build/project_ap/asdk/make/atf/bl32/plat_helpers.o
                0x0000000070203510                plat_crash_console_putc
 .text.asm.plat_crash_console_flush
                0x000000007020351c        0xc /home/auto_jenkins_wlan5/workspace/sdk/auto-release-master/amebasmart_gcc_project/build/project_ap/asdk/make/atf/bl32/plat_helpers.o
                0x000000007020351c                plat_crash_console_flush
 .text.asm.plat_panic_handler
                0x0000000070203528       0x14 /home/auto_jenkins_wlan5/workspace/sdk/auto-release-master/amebasmart_gcc_project/build/project_ap/asdk/make/atf/bl32/plat_helpers.o
                0x0000000070203528                plat_panic_handler
 .text.asm.console_core_init
                0x000000007020353c       0x34 /home/auto_jenkins_wlan5/workspace/sdk/auto-release-master/amebasmart_gcc_project/build/project_ap/asdk/make/atf/bl32/sheipa_console.o
                0x000000007020353c                console_core_init
 .text.asm.console_core_register
                0x0000000070203570       0x5c /home/auto_jenkins_wlan5/workspace/sdk/auto-release-master/amebasmart_gcc_project/build/project_ap/asdk/make/atf/bl32/sheipa_console.o
                0x0000000070203570                console_core_register
 .text.asm.console_core_putc
                0x00000000702035cc       0x5c /home/auto_jenkins_wlan5/workspace/sdk/auto-release-master/amebasmart_gcc_project/build/project_ap/asdk/make/atf/bl32/sheipa_console.o
                0x00000000702035cc                console_core_putc
 .text.asm.console_core_getc
                0x0000000070203628       0x30 /home/auto_jenkins_wlan5/workspace/sdk/auto-release-master/amebasmart_gcc_project/build/project_ap/asdk/make/atf/bl32/sheipa_console.o
                0x0000000070203628                console_core_getc
 .text.asm.console_core_flush
                0x0000000070203658        0x8 /home/auto_jenkins_wlan5/workspace/sdk/auto-release-master/amebasmart_gcc_project/build/project_ap/asdk/make/atf/bl32/sheipa_console.o
                0x0000000070203658                console_core_flush
 .text.asm.enable_mmu_direct_svc_mon
                0x0000000070203660       0x80 /home/auto_jenkins_wlan5/workspace/sdk/auto-release-master/amebasmart_gcc_project/build/project_ap/asdk/make/atf/bl32/enable_mmu.o
                0x0000000070203660                enable_mmu_direct_svc_mon
 .text.sheipa_pwr_domain_off
                0x00000000702036e0        0x2 /home/auto_jenkins_wlan5/workspace/sdk/auto-release-master/amebasmart_gcc_project/build/project_ap/asdk/make/atf/lib/libpm.a(sheipa_pm.o)
                0x00000000702036e0                sheipa_pwr_domain_off
 *fill*         0x00000000702036e2        0x2 
 .text.sheipa_pwr_domain_suspend_finish
                0x00000000702036e4       0x24 /home/auto_jenkins_wlan5/workspace/sdk/auto-release-master/amebasmart_gcc_project/build/project_ap/asdk/make/atf/lib/libpm.a(sheipa_pm.o)
                0x00000000702036e4                sheipa_pwr_domain_suspend_finish
 .text.sheipa_pwr_domain_pwr_down_wfi
                0x0000000070203708        0x4 /home/auto_jenkins_wlan5/workspace/sdk/auto-release-master/amebasmart_gcc_project/build/project_ap/asdk/make/atf/lib/libpm.a(sheipa_pm.o)
                0x0000000070203708                sheipa_pwr_domain_pwr_down_wfi
 .text.sheipa_validate_ns_entrypoint
                0x000000007020370c       0x26 /home/auto_jenkins_wlan5/workspace/sdk/auto-release-master/amebasmart_gcc_project/build/project_ap/asdk/make/atf/lib/libpm.a(sheipa_pm.o)
 *fill*         0x0000000070203732        0x2 
 .text.sheipa_system_reset
                0x0000000070203734       0x14 /home/auto_jenkins_wlan5/workspace/sdk/auto-release-master/amebasmart_gcc_project/build/project_ap/asdk/make/atf/lib/libpm.a(sheipa_pm.o)
 .text.sheipa_system_off
                0x0000000070203748       0x14 /home/auto_jenkins_wlan5/workspace/sdk/auto-release-master/amebasmart_gcc_project/build/project_ap/asdk/make/atf/lib/libpm.a(sheipa_pm.o)
 .text.sheipa_pwr_domain_on
                0x000000007020375c       0x1e /home/auto_jenkins_wlan5/workspace/sdk/auto-release-master/amebasmart_gcc_project/build/project_ap/asdk/make/atf/lib/libpm.a(sheipa_pm.o)
 *fill*         0x000000007020377a        0x2 
 .text.sheipa_validate_power_state
                0x000000007020377c       0x3c /home/auto_jenkins_wlan5/workspace/sdk/auto-release-master/amebasmart_gcc_project/build/project_ap/asdk/make/atf/lib/libpm.a(sheipa_pm.o)
 .text.sheipa_cpu_standby
                0x00000000702037b8       0x1c /home/auto_jenkins_wlan5/workspace/sdk/auto-release-master/amebasmart_gcc_project/build/project_ap/asdk/make/atf/lib/libpm.a(sheipa_pm.o)
 .text.sheipa_pwr_domain_on_finish
                0x00000000702037d4       0x20 /home/auto_jenkins_wlan5/workspace/sdk/auto-release-master/amebasmart_gcc_project/build/project_ap/asdk/make/atf/lib/libpm.a(sheipa_pm.o)
                0x00000000702037d4                sheipa_pwr_domain_on_finish
 .text.plat_sheipa_save_mpc
                0x00000000702037f4       0x38 /home/auto_jenkins_wlan5/workspace/sdk/auto-release-master/amebasmart_gcc_project/build/project_ap/asdk/make/atf/lib/libpm.a(sheipa_pm.o)
                0x00000000702037f4                plat_sheipa_save_mpc
 .text.sheipa_pwr_domain_suspend
                0x000000007020382c       0x28 /home/auto_jenkins_wlan5/workspace/sdk/auto-release-master/amebasmart_gcc_project/build/project_ap/asdk/make/atf/lib/libpm.a(sheipa_pm.o)
                0x000000007020382c                sheipa_pwr_domain_suspend
 .text.plat_sheipa_restore_mpc
                0x0000000070203854       0x38 /home/auto_jenkins_wlan5/workspace/sdk/auto-release-master/amebasmart_gcc_project/build/project_ap/asdk/make/atf/lib/libpm.a(sheipa_pm.o)
                0x0000000070203854                plat_sheipa_restore_mpc
 .text.plat_setup_psci_ops
                0x000000007020388c       0x18 /home/auto_jenkins_wlan5/workspace/sdk/auto-release-master/amebasmart_gcc_project/build/project_ap/asdk/make/atf/lib/libpm.a(sheipa_pm.o)
                0x000000007020388c                plat_setup_psci_ops
 .text.__assert
                0x00000000702038a4       0x18 /home/auto_jenkins_wlan5/workspace/sdk/auto-release-master/amebasmart_gcc_project/build/project_ap/asdk/make/atf/lib/libc.a(assert.o)
                0x00000000702038a4                __assert
 .text.memcpy   0x00000000702038bc       0x16 /home/auto_jenkins_wlan5/workspace/sdk/auto-release-master/amebasmart_gcc_project/build/project_ap/asdk/make/atf/lib/libc.a(memcpy.o)
                0x00000000702038bc                memcpy
 .text.memmove  0x00000000702038d2       0x2c /home/auto_jenkins_wlan5/workspace/sdk/auto-release-master/amebasmart_gcc_project/build/project_ap/asdk/make/atf/lib/libc.a(memmove.o)
                0x00000000702038d2                memmove
 .text.memset   0x00000000702038fe       0x10 /home/auto_jenkins_wlan5/workspace/sdk/auto-release-master/amebasmart_gcc_project/build/project_ap/asdk/make/atf/lib/libc.a(memset.o)
                0x00000000702038fe                memset
 .text.unsigned_num_print
                0x000000007020390e       0x80 /home/auto_jenkins_wlan5/workspace/sdk/auto-release-master/amebasmart_gcc_project/build/project_ap/asdk/make/atf/lib/libc.a(printf.o)
 *fill*         0x000000007020398e        0x2 
 .text.vprintf  0x0000000070203990      0x194 /home/auto_jenkins_wlan5/workspace/sdk/auto-release-master/amebasmart_gcc_project/build/project_ap/asdk/make/atf/lib/libc.a(printf.o)
                0x0000000070203990                vprintf
 .text.printf   0x0000000070203b24       0x1a /home/auto_jenkins_wlan5/workspace/sdk/auto-release-master/amebasmart_gcc_project/build/project_ap/asdk/make/atf/lib/libc.a(printf.o)
                0x0000000070203b24                printf
 .text.putchar  0x0000000070203b3e       0x1a /home/auto_jenkins_wlan5/workspace/sdk/auto-release-master/amebasmart_gcc_project/build/project_ap/asdk/make/atf/lib/libc.a(putchar.o)
                0x0000000070203b3e                putchar
 *(.vectors)
 *fill*         0x0000000070203b58        0x8 
 .vectors       0x0000000070203b60       0x20 /home/auto_jenkins_wlan5/workspace/sdk/auto-release-master/amebasmart_gcc_project/build/project_ap/asdk/make/atf/bl32/entrypoint.o
                0x0000000070203b60                sp_min_vector_table
 .vectors.__stub
                0x0000000070203b80       0x40 linker stubs
                0x0000000070204000                . = ALIGN (0x1000)
 *fill*         0x0000000070203bc0      0x440 
                0x0000000070204000                __TEXT_END__ = .

.glue_7         0x0000000070204000        0x0
 .glue_7        0x0000000070204000        0x0 linker stubs

.glue_7t        0x0000000070204000        0x0
 .glue_7t       0x0000000070204000        0x0 linker stubs

.vfp11_veneer   0x0000000070204000        0x0
 .vfp11_veneer  0x0000000070204000        0x0 linker stubs

.v4_bx          0x0000000070204000        0x0
 .v4_bx         0x0000000070204000        0x0 linker stubs

.iplt           0x0000000070204000        0x0
 .iplt          0x0000000070204000        0x0 /home/auto_jenkins_wlan5/workspace/sdk/auto-release-master/amebasmart_gcc_project/build/project_ap/asdk/make/atf/bl32/sp_min_main.o

.ARM.extab
 *(.ARM.extab* .gnu.linkonce.armextab.*)

.ARM.exidx
 *(.ARM.exidx* .gnu.linkonce.armexidx.*)

.rodata         0x0000000070204000     0x1000
                0x0000000070204000                __RODATA_START__ = .
 *(.rodata*)
 .rodata.build_message
                0x0000000070204000       0x1e /home/auto_jenkins_wlan5/workspace/sdk/auto-release-master/amebasmart_gcc_project/build/project_ap/asdk/make/atf/bl32/build_message.o
                0x0000000070204000                build_message
 .rodata.version_string
                0x000000007020401e       0x12 /home/auto_jenkins_wlan5/workspace/sdk/auto-release-master/amebasmart_gcc_project/build/project_ap/asdk/make/atf/bl32/build_message.o
                0x000000007020401e                version_string
 .rodata.smc_get_ctx.str1.1
                0x0000000070204030       0x1a /home/auto_jenkins_wlan5/workspace/sdk/auto-release-master/amebasmart_gcc_project/build/project_ap/asdk/make/atf/bl32/sp_min_main.o
 .rodata.sp_min_main.str1.1
                0x000000007020404a       0x5e /home/auto_jenkins_wlan5/workspace/sdk/auto-release-master/amebasmart_gcc_project/build/project_ap/asdk/make/atf/bl32/sp_min_main.o
 .rodata.psci_args.0
                0x00000000702040a8        0xc /home/auto_jenkins_wlan5/workspace/sdk/auto-release-master/amebasmart_gcc_project/build/project_ap/asdk/make/atf/bl32/sp_min_main.o
 .rodata.handle_runtime_svc.str1.1
                0x00000000702040b4       0x15 /home/auto_jenkins_wlan5/workspace/sdk/auto-release-master/amebasmart_gcc_project/build/project_ap/asdk/make/atf/bl32/runtime_svc.o
 .rodata.runtime_svc_init.str1.1
                0x00000000702040c9       0x50 /home/auto_jenkins_wlan5/workspace/sdk/auto-release-master/amebasmart_gcc_project/build/project_ap/asdk/make/atf/bl32/runtime_svc.o
 .rodata.gicv2_secure_spis_configure_props.str1.1
                0x0000000070204119       0x23 /home/auto_jenkins_wlan5/workspace/sdk/auto-release-master/amebasmart_gcc_project/build/project_ap/asdk/make/atf/bl32/gicv2_helpers.o
 .rodata.gicv2_cpuif_enable.str1.1
                0x000000007020413c       0x20 /home/auto_jenkins_wlan5/workspace/sdk/auto-release-master/amebasmart_gcc_project/build/project_ap/asdk/make/atf/bl32/gicv2_main.o
 .rodata.cm_setup_context.str1.1
                0x000000007020415c       0x27 /home/auto_jenkins_wlan5/workspace/sdk/auto-release-master/amebasmart_gcc_project/build/project_ap/asdk/make/atf/bl32/context_mgmt.o
 .rodata.bakery_lock_get.str1.1
                0x0000000070204183       0x28 /home/auto_jenkins_wlan5/workspace/sdk/auto-release-master/amebasmart_gcc_project/build/project_ap/asdk/make/atf/bl32/bakery_lock_coherent.o
 .rodata.psci_set_req_local_pwr_state.str1.1
                0x00000000702041ab       0x17 /home/auto_jenkins_wlan5/workspace/sdk/auto-release-master/amebasmart_gcc_project/build/project_ap/asdk/make/atf/bl32/psci_common.o
 .rodata.psci_warmboot_entrypoint.str1.1
                0x00000000702041c2       0x22 /home/auto_jenkins_wlan5/workspace/sdk/auto-release-master/amebasmart_gcc_project/build/project_ap/asdk/make/atf/bl32/psci_common.o
 .rodata.psci_print_power_domain_map.str1.1
                0x00000000702041e4       0x91 /home/auto_jenkins_wlan5/workspace/sdk/auto-release-master/amebasmart_gcc_project/build/project_ap/asdk/make/atf/bl32/psci_common.o
 .rodata.str1.1
                0x0000000070204275        0xe /home/auto_jenkins_wlan5/workspace/sdk/auto-release-master/amebasmart_gcc_project/build/project_ap/asdk/make/atf/bl32/psci_common.o
                                         0x11 (size before relaxing)
 .rodata        0x0000000070204283        0x3 /home/auto_jenkins_wlan5/workspace/sdk/auto-release-master/amebasmart_gcc_project/build/project_ap/asdk/make/atf/bl32/psci_common.o
 *fill*         0x0000000070204286        0x2 
 .rodata.psci_state_type_str.0
                0x0000000070204288        0xc /home/auto_jenkins_wlan5/workspace/sdk/auto-release-master/amebasmart_gcc_project/build/project_ap/asdk/make/atf/bl32/psci_common.o
 .rodata.psci_cpu_suspend.str1.1
                0x0000000070204294       0x48 /home/auto_jenkins_wlan5/workspace/sdk/auto-release-master/amebasmart_gcc_project/build/project_ap/asdk/make/atf/bl32/psci_main.o
 .rodata.psci_smc_handler.str1.1
                0x00000000702042dc       0x20 /home/auto_jenkins_wlan5/workspace/sdk/auto-release-master/amebasmart_gcc_project/build/project_ap/asdk/make/atf/bl32/psci_main.o
 .rodata        0x00000000702042fc        0x3 /home/auto_jenkins_wlan5/workspace/sdk/auto-release-master/amebasmart_gcc_project/build/project_ap/asdk/make/atf/bl32/psci_main.o
 .rodata.psci_mem_protect.str1.1
                0x00000000702042ff       0x1c /home/auto_jenkins_wlan5/workspace/sdk/auto-release-master/amebasmart_gcc_project/build/project_ap/asdk/make/atf/bl32/psci_mem_protect.o
 .rodata.psci_do_cpu_off.str1.1
                0x000000007020431b       0x14 /home/auto_jenkins_wlan5/workspace/sdk/auto-release-master/amebasmart_gcc_project/build/project_ap/asdk/make/atf/bl32/psci_off.o
 .rodata.psci_cpu_on_start.str1.1
                0x000000007020432f       0x13 /home/auto_jenkins_wlan5/workspace/sdk/auto-release-master/amebasmart_gcc_project/build/project_ap/asdk/make/atf/bl32/psci_on.o
 .rodata.psci_setup.str1.1
                0x0000000070204342       0x16 /home/auto_jenkins_wlan5/workspace/sdk/auto-release-master/amebasmart_gcc_project/build/project_ap/asdk/make/atf/bl32/psci_setup.o
 .rodata.psci_cpu_suspend_start.str1.1
                0x0000000070204358       0x18 /home/auto_jenkins_wlan5/workspace/sdk/auto-release-master/amebasmart_gcc_project/build/project_ap/asdk/make/atf/bl32/psci_suspend.o
 .rodata.psci_system_off.str1.1
                0x0000000070204370       0x1b /home/auto_jenkins_wlan5/workspace/sdk/auto-release-master/amebasmart_gcc_project/build/project_ap/asdk/make/atf/bl32/psci_system_off.o
 .rodata.plat_get_target_pwr_state.str1.1
                0x000000007020438b       0x1f /home/auto_jenkins_wlan5/workspace/sdk/auto-release-master/amebasmart_gcc_project/build/project_ap/asdk/make/atf/bl32/plat_psci_common.o
 .rodata.rtk_secure_service.str1.1
                0x00000000702043aa       0x13 /home/auto_jenkins_wlan5/workspace/sdk/auto-release-master/amebasmart_gcc_project/build/project_ap/asdk/make/atf/bl32/bsec_svc.o
 .rodata.matter_secure_smc_handler.str1.1
                0x00000000702043bd       0x27 /home/auto_jenkins_wlan5/workspace/sdk/auto-release-master/amebasmart_gcc_project/build/project_ap/asdk/make/atf/bl32/rtk_svc_setup.o
 .rodata.rtk_smc_handler.str1.1
                0x00000000702043e4       0x2d /home/auto_jenkins_wlan5/workspace/sdk/auto-release-master/amebasmart_gcc_project/build/project_ap/asdk/make/atf/bl32/rtk_svc_setup.o
 .rodata.str1.1
                0x0000000070204411        0x8 /home/auto_jenkins_wlan5/workspace/sdk/auto-release-master/amebasmart_gcc_project/build/project_ap/asdk/make/atf/bl32/rtk_svc_setup.o
 *fill*         0x0000000070204419        0x3 
 .rodata.plat_gicv2_driver_data
                0x000000007020441c       0x18 /home/auto_jenkins_wlan5/workspace/sdk/auto-release-master/amebasmart_gcc_project/build/project_ap/asdk/make/atf/bl32/sheipa_gic.o
 .rodata.sp_min_early_platform_setup2.str1.1
                0x0000000070204434       0x2a /home/auto_jenkins_wlan5/workspace/sdk/auto-release-master/amebasmart_gcc_project/build/project_ap/asdk/make/atf/bl32/sp_min_setup.o
 .rodata.std_svc_smc_handler.str1.1
                0x000000007020445e       0x2d /home/auto_jenkins_wlan5/workspace/sdk/auto-release-master/amebasmart_gcc_project/build/project_ap/asdk/make/atf/bl32/std_svc_setup.o
 .rodata.std_svc_setup.str1.1
                0x000000007020445e       0x21 /home/auto_jenkins_wlan5/workspace/sdk/auto-release-master/amebasmart_gcc_project/build/project_ap/asdk/make/atf/bl32/std_svc_setup.o
 .rodata.str1.1
                0x000000007020447f        0x8 /home/auto_jenkins_wlan5/workspace/sdk/auto-release-master/amebasmart_gcc_project/build/project_ap/asdk/make/atf/bl32/std_svc_setup.o
 .rodata.tf_log.str1.1
                0x0000000070204487       0x10 /home/auto_jenkins_wlan5/workspace/sdk/auto-release-master/amebasmart_gcc_project/build/project_ap/asdk/make/atf/bl32/tf_log.o
 .rodata.console_unregister.str1.1
                0x0000000070204497       0x20 /home/auto_jenkins_wlan5/workspace/sdk/auto-release-master/amebasmart_gcc_project/build/project_ap/asdk/make/atf/bl32/multi_console.o
 .rodata.str1.1
                0x00000000702044b7       0x32 /home/auto_jenkins_wlan5/workspace/sdk/auto-release-master/amebasmart_gcc_project/build/project_ap/asdk/make/atf/bl32/plat_log_common.o
 *fill*         0x00000000702044e9        0x3 
 .rodata.plat_prefix_str
                0x00000000702044ec       0x14 /home/auto_jenkins_wlan5/workspace/sdk/auto-release-master/amebasmart_gcc_project/build/project_ap/asdk/make/atf/bl32/plat_log_common.o
 .rodata.plat_sheipa_mmap
                0x0000000070204500       0xc0 /home/auto_jenkins_wlan5/workspace/sdk/auto-release-master/amebasmart_gcc_project/build/project_ap/asdk/make/atf/bl32/sheipa_common.o
                0x0000000070204500                plat_sheipa_mmap
 .rodata.xlat_arch_regime_get_xn_desc.str1.1
                0x00000000702045c0       0x2e /home/auto_jenkins_wlan5/workspace/sdk/auto-release-master/amebasmart_gcc_project/build/project_ap/asdk/make/atf/bl32/xlat_tables_arch.o
 .rodata.mmap_add_alloc_va.str1.1
                0x00000000702045ee       0x29 /home/auto_jenkins_wlan5/workspace/sdk/auto-release-master/amebasmart_gcc_project/build/project_ap/asdk/make/atf/bl32/xlat_tables_context.o
 .rodata.xlat_desc.str1.1
                0x0000000070204617       0x26 /home/auto_jenkins_wlan5/workspace/sdk/auto-release-master/amebasmart_gcc_project/build/project_ap/asdk/make/atf/bl32/xlat_tables_core.o
 .rodata.mmap_add_region_ctx.str1.1
                0x000000007020463d       0x2b /home/auto_jenkins_wlan5/workspace/sdk/auto-release-master/amebasmart_gcc_project/build/project_ap/asdk/make/atf/bl32/xlat_tables_core.o
 .rodata.init_xlat_tables_ctx.str1.1
                0x0000000070204668       0x4f /home/auto_jenkins_wlan5/workspace/sdk/auto-release-master/amebasmart_gcc_project/build/project_ap/asdk/make/atf/bl32/xlat_tables_core.o
 .rodata.str1.1
                0x00000000702046b7       0x29 /home/auto_jenkins_wlan5/workspace/sdk/auto-release-master/amebasmart_gcc_project/build/project_ap/asdk/make/atf/bl32/entrypoint.o
 .rodata.str1.1
                0x00000000702046e0       0x1f /home/auto_jenkins_wlan5/workspace/sdk/auto-release-master/amebasmart_gcc_project/build/project_ap/asdk/make/atf/bl32/aem_generic.o
 .rodata.str1.1
                0x00000000702046ff       0x1e /home/auto_jenkins_wlan5/workspace/sdk/auto-release-master/amebasmart_gcc_project/build/project_ap/asdk/make/atf/bl32/cortex_a32.o
 .rodata.str1.1
                0x000000007020471d       0x1d /home/auto_jenkins_wlan5/workspace/sdk/auto-release-master/amebasmart_gcc_project/build/project_ap/asdk/make/atf/bl32/cortex_a7.o
 .rodata.str1.1
                0x000000007020473a       0x1f /home/auto_jenkins_wlan5/workspace/sdk/auto-release-master/amebasmart_gcc_project/build/project_ap/asdk/make/atf/bl32/cpu_helpers.o
 .rodata.panic_str
                0x0000000070204759       0x14 /home/auto_jenkins_wlan5/workspace/sdk/auto-release-master/amebasmart_gcc_project/build/project_ap/asdk/make/atf/bl32/debug.o
 .rodata.assert_str
                0x000000007020476d       0x15 /home/auto_jenkins_wlan5/workspace/sdk/auto-release-master/amebasmart_gcc_project/build/project_ap/asdk/make/atf/bl32/debug.o
 .rodata.rev_err_str
                0x0000000070204782       0x92 /home/auto_jenkins_wlan5/workspace/sdk/auto-release-master/amebasmart_gcc_project/build/project_ap/asdk/make/atf/bl32/plat_helpers.o
 .rodata.str1.1
                0x0000000070204814       0x2d /home/auto_jenkins_wlan5/workspace/sdk/auto-release-master/amebasmart_gcc_project/build/project_ap/asdk/make/atf/bl32/sheipa_console.o
 .rodata.str1.1
                0x0000000070204841       0x28 /home/auto_jenkins_wlan5/workspace/sdk/auto-release-master/amebasmart_gcc_project/build/project_ap/asdk/make/atf/bl32/enable_mmu.o
 .rodata.sheipa_system_reset.str1.1
                0x0000000070204869       0x2e /home/auto_jenkins_wlan5/workspace/sdk/auto-release-master/amebasmart_gcc_project/build/project_ap/asdk/make/atf/lib/libpm.a(sheipa_pm.o)
 .rodata.sheipa_system_off.str1.1
                0x0000000070204897       0x2c /home/auto_jenkins_wlan5/workspace/sdk/auto-release-master/amebasmart_gcc_project/build/project_ap/asdk/make/atf/lib/libpm.a(sheipa_pm.o)
 .rodata.sheipa_validate_power_state.str1.1
                0x00000000702048c3       0x24 /home/auto_jenkins_wlan5/workspace/sdk/auto-release-master/amebasmart_gcc_project/build/project_ap/asdk/make/atf/lib/libpm.a(sheipa_pm.o)
 *fill*         0x00000000702048e7        0x1 
 .rodata.plat_sheipa_psci_pm_ops
                0x00000000702048e8       0x54 /home/auto_jenkins_wlan5/workspace/sdk/auto-release-master/amebasmart_gcc_project/build/project_ap/asdk/make/atf/lib/libpm.a(sheipa_pm.o)
 .rodata.sheipa_pm_idle_states
                0x000000007020493c       0x10 /home/auto_jenkins_wlan5/workspace/sdk/auto-release-master/amebasmart_gcc_project/build/project_ap/asdk/make/atf/lib/libpm.a(sheipa_pm.o)
 .rodata.__assert.str1.1
                0x000000007020494c        0xf /home/auto_jenkins_wlan5/workspace/sdk/auto-release-master/amebasmart_gcc_project/build/project_ap/asdk/make/atf/lib/libc.a(assert.o)
 .rodata.vprintf.str1.1
                0x000000007020495b       0x15 /home/auto_jenkins_wlan5/workspace/sdk/auto-release-master/amebasmart_gcc_project/build/project_ap/asdk/make/atf/lib/libc.a(printf.o)
                0x0000000070204970                . = ALIGN (0x4)
                0x0000000070204970                __RT_SVC_DESCS_START__ = .
 *(rt_svc_descs)
 rt_svc_descs   0x0000000070204970       0x10 /home/auto_jenkins_wlan5/workspace/sdk/auto-release-master/amebasmart_gcc_project/build/project_ap/asdk/make/atf/bl32/rtk_svc_setup.o
 rt_svc_descs   0x0000000070204980       0x10 /home/auto_jenkins_wlan5/workspace/sdk/auto-release-master/amebasmart_gcc_project/build/project_ap/asdk/make/atf/bl32/std_svc_setup.o
                0x0000000070204990                __RT_SVC_DESCS_END__ = .
                0x0000000070204990                . = ALIGN (0x4)
                0x0000000070204990                __FCONF_POPULATOR_START__ = .
 *(.fconf_populator)
                0x0000000070204990                __FCONF_POPULATOR_END__ = .
                0x0000000070204990                . = ALIGN (0x4)
                0x0000000070204990                __PMF_SVC_DESCS_START__ = .
 *(pmf_svc_descs)
                0x0000000070204990                __PMF_SVC_DESCS_END__ = .
                0x0000000070204990                . = ALIGN (0x4)
                0x0000000070204990                __PARSER_LIB_DESCS_START__ = .
 *(.img_parser_lib_descs)
                0x0000000070204990                __PARSER_LIB_DESCS_END__ = .
                0x0000000070204990                . = ALIGN (0x4)
                0x0000000070204990                __CPU_OPS_START__ = .
 *(cpu_ops)
 cpu_ops        0x0000000070204990       0x1c /home/auto_jenkins_wlan5/workspace/sdk/auto-release-master/amebasmart_gcc_project/build/project_ap/asdk/make/atf/bl32/aem_generic.o
 cpu_ops        0x00000000702049ac       0x1c /home/auto_jenkins_wlan5/workspace/sdk/auto-release-master/amebasmart_gcc_project/build/project_ap/asdk/make/atf/bl32/cortex_a32.o
 cpu_ops        0x00000000702049c8       0x1c /home/auto_jenkins_wlan5/workspace/sdk/auto-release-master/amebasmart_gcc_project/build/project_ap/asdk/make/atf/bl32/cortex_a7.o
                0x00000000702049e4                __CPU_OPS_END__ = .
                0x00000000702049e4                . = ALIGN (0x4)
                0x00000000702049e4                __GOT_START__ = .
 *(.got)
                0x00000000702049e4                __GOT_END__ = .
                0x00000000702049e8                . = ALIGN (0x8)
 *fill*         0x00000000702049e4        0x4 
                0x00000000702049e8                __pubsub_psci_cpu_on_finish_start = .
 *(__pubsub_psci_cpu_on_finish)
                0x00000000702049e8                __pubsub_psci_cpu_on_finish_end = .
                0x00000000702049e8                __pubsub_psci_suspend_pwrdown_start_start = .
 *(__pubsub_psci_suspend_pwrdown_start)
                0x00000000702049e8                __pubsub_psci_suspend_pwrdown_start_end = .
                0x00000000702049e8                __pubsub_psci_suspend_pwrdown_finish_start = .
 *(__pubsub_psci_suspend_pwrdown_finish)
                0x00000000702049e8                __pubsub_psci_suspend_pwrdown_finish_end = .
                0x0000000070205000                . = ALIGN (0x1000)
 *fill*         0x00000000702049e8      0x618 
                0x0000000070205000                __RODATA_END__ = .
                0x0000000000000001                ASSERT ((__CPU_OPS_END__ > __CPU_OPS_START__), cpu_ops not defined for this platform.)
                0x0000000070205000                __RW_START__ = .

.rel.dyn        0x0000000070205000        0x0
 .rel.iplt      0x0000000070205000        0x0 /home/auto_jenkins_wlan5/workspace/sdk/auto-release-master/amebasmart_gcc_project/build/project_ap/asdk/make/atf/bl32/sp_min_main.o

.data           0x0000000070205000       0x68
                0x0000000070205000                __DATA_START__ = .
 *(.data*)
 .data.power_domain_tree_desc
                0x0000000070205000        0x3 /home/auto_jenkins_wlan5/workspace/sdk/auto-release-master/amebasmart_gcc_project/build/project_ap/asdk/make/atf/bl32/topology.o
 *fill*         0x0000000070205003        0x1 
 .data.max_log_level
                0x0000000070205004        0x4 /home/auto_jenkins_wlan5/workspace/sdk/auto-release-master/amebasmart_gcc_project/build/project_ap/asdk/make/atf/bl32/tf_log.o
 .data.console_state
                0x0000000070205008        0x1 /home/auto_jenkins_wlan5/workspace/sdk/auto-release-master/amebasmart_gcc_project/build/project_ap/asdk/make/atf/bl32/multi_console.o
                0x0000000070205008                console_state
 *fill*         0x0000000070205009        0x7 
 .data.tf_xlat_ctx
                0x0000000070205010       0x40 /home/auto_jenkins_wlan5/workspace/sdk/auto-release-master/amebasmart_gcc_project/build/project_ap/asdk/make/atf/bl32/xlat_tables_context.o
 .data          0x0000000070205050        0x8 /home/auto_jenkins_wlan5/workspace/sdk/auto-release-master/amebasmart_gcc_project/build/project_ap/asdk/make/atf/bl32/aem_generic.o
 .data          0x0000000070205058        0x8 /home/auto_jenkins_wlan5/workspace/sdk/auto-release-master/amebasmart_gcc_project/build/project_ap/asdk/make/atf/bl32/cortex_a32.o
 .data          0x0000000070205060        0x8 /home/auto_jenkins_wlan5/workspace/sdk/auto-release-master/amebasmart_gcc_project/build/project_ap/asdk/make/atf/bl32/cortex_a7.o
                0x0000000070205068                __DATA_END__ = .

.igot.plt       0x0000000070205068        0x0
 .igot.plt      0x0000000070205068        0x0 /home/auto_jenkins_wlan5/workspace/sdk/auto-release-master/amebasmart_gcc_project/build/project_ap/asdk/make/atf/bl32/sp_min_main.o

stacks          0x0000000070205080     0x2000
                0x0000000070205080                __STACKS_START__ = .
 *(tzfw_normal_stacks)
 tzfw_normal_stacks
                0x0000000070205080     0x2000 /home/auto_jenkins_wlan5/workspace/sdk/auto-release-master/amebasmart_gcc_project/build/project_ap/asdk/make/atf/bl32/platform_mp_stack.o
                0x0000000070207080                __STACKS_END__ = .

.bss            0x0000000070207080      0x520
                0x0000000070207080                __BSS_START__ = .
 *(SORT_BY_ALIGNMENT(.bss*))
 .bss.percpu_data
                0x0000000070207080       0x80 /home/auto_jenkins_wlan5/workspace/sdk/auto-release-master/amebasmart_gcc_project/build/project_ap/asdk/make/atf/bl32/cpu_data_array.o
                0x0000000070207080                percpu_data
 .bss.sp_min_smc_context
                0x0000000070207100      0x120 /home/auto_jenkins_wlan5/workspace/sdk/auto-release-master/amebasmart_gcc_project/build/project_ap/asdk/make/atf/bl32/sp_min_main.o
 .bss.psci_ns_context
                0x0000000070207220       0x40 /home/auto_jenkins_wlan5/workspace/sdk/auto-release-master/amebasmart_gcc_project/build/project_ap/asdk/make/atf/bl32/psci_setup.o
 .bss.mmu_cfg_params
                0x0000000070207260       0x18 /home/auto_jenkins_wlan5/workspace/sdk/auto-release-master/amebasmart_gcc_project/build/project_ap/asdk/make/atf/bl32/xlat_tables_context.o
                0x0000000070207260                mmu_cfg_params
 .bss.tf_mmap   0x0000000070207278      0x198 /home/auto_jenkins_wlan5/workspace/sdk/auto-release-master/amebasmart_gcc_project/build/project_ap/asdk/make/atf/bl32/xlat_tables_context.o
 .bss.sp_min_cpu_ctx_ptr
                0x0000000070207410        0x8 /home/auto_jenkins_wlan5/workspace/sdk/auto-release-master/amebasmart_gcc_project/build/project_ap/asdk/make/atf/bl32/sp_min_main.o
 .bss.driver_data
                0x0000000070207418        0x4 /home/auto_jenkins_wlan5/workspace/sdk/auto-release-master/amebasmart_gcc_project/build/project_ap/asdk/make/atf/bl32/gicv2_main.o
 .bss.psci_cpu_pd_nodes
                0x000000007020741c       0x18 /home/auto_jenkins_wlan5/workspace/sdk/auto-release-master/amebasmart_gcc_project/build/project_ap/asdk/make/atf/bl32/psci_common.o
                0x000000007020741c                psci_cpu_pd_nodes
 .bss.psci_plat_core_count
                0x0000000070207434        0x4 /home/auto_jenkins_wlan5/workspace/sdk/auto-release-master/amebasmart_gcc_project/build/project_ap/asdk/make/atf/bl32/psci_common.o
                0x0000000070207434                psci_plat_core_count
 .bss.psci_plat_pm_ops
                0x0000000070207438        0x4 /home/auto_jenkins_wlan5/workspace/sdk/auto-release-master/amebasmart_gcc_project/build/project_ap/asdk/make/atf/bl32/psci_common.o
                0x0000000070207438                psci_plat_pm_ops
 .bss.psci_spd_pm
                0x000000007020743c        0x4 /home/auto_jenkins_wlan5/workspace/sdk/auto-release-master/amebasmart_gcc_project/build/project_ap/asdk/make/atf/bl32/psci_common.o
                0x000000007020743c                psci_spd_pm
 .bss.psci_caps
                0x0000000070207440        0x4 /home/auto_jenkins_wlan5/workspace/sdk/auto-release-master/amebasmart_gcc_project/build/project_ap/asdk/make/atf/bl32/psci_setup.o
                0x0000000070207440                psci_caps
 .bss.bl33_image_ep_info
                0x0000000070207444       0x24 /home/auto_jenkins_wlan5/workspace/sdk/auto-release-master/amebasmart_gcc_project/build/project_ap/asdk/make/atf/bl32/sp_min_setup.o
 .bss.console_list
                0x0000000070207468        0x4 /home/auto_jenkins_wlan5/workspace/sdk/auto-release-master/amebasmart_gcc_project/build/project_ap/asdk/make/atf/bl32/multi_console.o
                0x0000000070207468                console_list
 .bss.console   0x000000007020746c       0x1c /home/auto_jenkins_wlan5/workspace/sdk/auto-release-master/amebasmart_gcc_project/build/project_ap/asdk/make/atf/bl32/sheipa_console_setup.o
 .bss.mpc_backup
                0x0000000070207488       0x48 /home/auto_jenkins_wlan5/workspace/sdk/auto-release-master/amebasmart_gcc_project/build/project_ap/asdk/make/atf/lib/libpm.a(sheipa_pm.o)
 .bss.rt_svc_descs_indices
                0x00000000702074d0       0x80 /home/auto_jenkins_wlan5/workspace/sdk/auto-release-master/amebasmart_gcc_project/build/project_ap/asdk/make/atf/bl32/runtime_svc.o
                0x00000000702074d0                rt_svc_descs_indices
 .bss.psci_req_local_pwr_states
                0x0000000070207550        0x4 /home/auto_jenkins_wlan5/workspace/sdk/auto-release-master/amebasmart_gcc_project/build/project_ap/asdk/make/atf/bl32/psci_common.o
 *(COMMON)
                0x0000000070207580                . = ALIGN (0x40)
 *fill*         0x0000000070207554       0x2c 
                0x0000000070207580                __PMF_TIMESTAMP_START__ = .
 *(pmf_timestamp_array)
                0x0000000070207580                . = ALIGN (0x40)
                0x0000000070207580                __PMF_PERCPU_TIMESTAMP_END__ = .
                0x0000000000000000                __PERCPU_TIMESTAMP_SIZE__ = ABSOLUTE ((. - __PMF_TIMESTAMP_START__))
                0x0000000070207580                . = (. + (__PERCPU_TIMESTAMP_SIZE__ * 0x1))
                0x0000000070207580                __PMF_TIMESTAMP_END__ = .
                0x0000000070207580                . = ALIGN (0x10)
 *(base_xlat_table)
 base_xlat_table
                0x0000000070207580       0x20 /home/auto_jenkins_wlan5/workspace/sdk/auto-release-master/amebasmart_gcc_project/build/project_ap/asdk/make/atf/bl32/xlat_tables_context.o
                0x00000000702075a0                __BSS_END__ = .

xlat_table      0x0000000070208000     0xa000
 *(xlat_table)
 xlat_table     0x0000000070208000     0xa000 /home/auto_jenkins_wlan5/workspace/sdk/auto-release-master/amebasmart_gcc_project/build/project_ap/asdk/make/atf/bl32/xlat_tables_context.o
                0x0000000000000520                __BSS_SIZE__ = SIZEOF (.bss)

coherent_ram    0x0000000070212000     0x1000
                0x0000000070212000                __COHERENT_RAM_START__ = .
 *(bakery_lock)
 bakery_lock    0x0000000070212000        0x8 /home/auto_jenkins_wlan5/workspace/sdk/auto-release-master/amebasmart_gcc_project/build/project_ap/asdk/make/atf/bl32/psci_common.o
                0x0000000070212000                psci_locks
 *(tzfw_coherent_mem)
 tzfw_coherent_mem
                0x0000000070212008       0x20 /home/auto_jenkins_wlan5/workspace/sdk/auto-release-master/amebasmart_gcc_project/build/project_ap/asdk/make/atf/bl32/psci_common.o
                0x0000000070212008                psci_non_cpu_pd_nodes
                0x0000000070212028                __COHERENT_RAM_END_UNALIGNED__ = .
                0x0000000070213000                . = ALIGN (0x1000)
 *fill*         0x0000000070212028      0xfd8 
                0x0000000070213000                __COHERENT_RAM_END__ = .
                0x0000000000000028                __COHERENT_RAM_UNALIGNED_SIZE__ = (__COHERENT_RAM_END_UNALIGNED__ - __COHERENT_RAM_START__)
                0x0000000070213000                __RW_END__ = .
                0x0000000070213000                __BL32_END__ = .
LOAD /home/auto_jenkins_wlan5/workspace/sdk/auto-release-master/amebasmart_gcc_project/build/project_ap/asdk/make/atf/bl32/build_message.o
LOAD /home/auto_jenkins_wlan5/workspace/sdk/auto-release-master/amebasmart_gcc_project/build/project_ap/asdk/make/atf/bl32/sp_min_main.o
LOAD /home/auto_jenkins_wlan5/workspace/sdk/auto-release-master/amebasmart_gcc_project/build/project_ap/asdk/make/atf/bl32/runtime_svc.o
LOAD /home/auto_jenkins_wlan5/workspace/sdk/auto-release-master/amebasmart_gcc_project/build/project_ap/asdk/make/atf/bl32/gic_common.o
LOAD /home/auto_jenkins_wlan5/workspace/sdk/auto-release-master/amebasmart_gcc_project/build/project_ap/asdk/make/atf/bl32/gicv2_helpers.o
LOAD /home/auto_jenkins_wlan5/workspace/sdk/auto-release-master/amebasmart_gcc_project/build/project_ap/asdk/make/atf/bl32/gicv2_main.o
LOAD /home/auto_jenkins_wlan5/workspace/sdk/auto-release-master/amebasmart_gcc_project/build/project_ap/asdk/make/atf/bl32/errata_report.o
LOAD /home/auto_jenkins_wlan5/workspace/sdk/auto-release-master/amebasmart_gcc_project/build/project_ap/asdk/make/atf/bl32/context_mgmt.o
LOAD /home/auto_jenkins_wlan5/workspace/sdk/auto-release-master/amebasmart_gcc_project/build/project_ap/asdk/make/atf/bl32/cpu_data_array.o
LOAD /home/auto_jenkins_wlan5/workspace/sdk/auto-release-master/amebasmart_gcc_project/build/project_ap/asdk/make/atf/bl32/bakery_lock_coherent.o
LOAD /home/auto_jenkins_wlan5/workspace/sdk/auto-release-master/amebasmart_gcc_project/build/project_ap/asdk/make/atf/bl32/psci_common.o
LOAD /home/auto_jenkins_wlan5/workspace/sdk/auto-release-master/amebasmart_gcc_project/build/project_ap/asdk/make/atf/bl32/psci_main.o
LOAD /home/auto_jenkins_wlan5/workspace/sdk/auto-release-master/amebasmart_gcc_project/build/project_ap/asdk/make/atf/bl32/psci_mem_protect.o
LOAD /home/auto_jenkins_wlan5/workspace/sdk/auto-release-master/amebasmart_gcc_project/build/project_ap/asdk/make/atf/bl32/psci_off.o
LOAD /home/auto_jenkins_wlan5/workspace/sdk/auto-release-master/amebasmart_gcc_project/build/project_ap/asdk/make/atf/bl32/psci_on.o
LOAD /home/auto_jenkins_wlan5/workspace/sdk/auto-release-master/amebasmart_gcc_project/build/project_ap/asdk/make/atf/bl32/psci_setup.o
LOAD /home/auto_jenkins_wlan5/workspace/sdk/auto-release-master/amebasmart_gcc_project/build/project_ap/asdk/make/atf/bl32/psci_suspend.o
LOAD /home/auto_jenkins_wlan5/workspace/sdk/auto-release-master/amebasmart_gcc_project/build/project_ap/asdk/make/atf/bl32/psci_system_off.o
LOAD /home/auto_jenkins_wlan5/workspace/sdk/auto-release-master/amebasmart_gcc_project/build/project_ap/asdk/make/atf/bl32/plat_sp_min_common.o
LOAD /home/auto_jenkins_wlan5/workspace/sdk/auto-release-master/amebasmart_gcc_project/build/project_ap/asdk/make/atf/bl32/plat_gicv2.o
LOAD /home/auto_jenkins_wlan5/workspace/sdk/auto-release-master/amebasmart_gcc_project/build/project_ap/asdk/make/atf/bl32/plat_psci_common.o
LOAD /home/auto_jenkins_wlan5/workspace/sdk/auto-release-master/amebasmart_gcc_project/build/project_ap/asdk/make/atf/bl32/bsec_svc.o
LOAD /home/auto_jenkins_wlan5/workspace/sdk/auto-release-master/amebasmart_gcc_project/build/project_ap/asdk/make/atf/bl32/rtk_svc_setup.o
LOAD /home/auto_jenkins_wlan5/workspace/sdk/auto-release-master/amebasmart_gcc_project/build/project_ap/asdk/make/atf/bl32/sheipa_gic.o
LOAD /home/auto_jenkins_wlan5/workspace/sdk/auto-release-master/amebasmart_gcc_project/build/project_ap/asdk/make/atf/bl32/sp_min_setup.o
LOAD /home/auto_jenkins_wlan5/workspace/sdk/auto-release-master/amebasmart_gcc_project/build/project_ap/asdk/make/atf/bl32/topology.o
LOAD /home/auto_jenkins_wlan5/workspace/sdk/auto-release-master/amebasmart_gcc_project/build/project_ap/asdk/make/atf/bl32/std_svc_setup.o
LOAD /home/auto_jenkins_wlan5/workspace/sdk/auto-release-master/amebasmart_gcc_project/build/project_ap/asdk/make/atf/bl32/bl_common.o
LOAD /home/auto_jenkins_wlan5/workspace/sdk/auto-release-master/amebasmart_gcc_project/build/project_ap/asdk/make/atf/bl32/tf_log.o
LOAD /home/auto_jenkins_wlan5/workspace/sdk/auto-release-master/amebasmart_gcc_project/build/project_ap/asdk/make/atf/bl32/multi_console.o
LOAD /home/auto_jenkins_wlan5/workspace/sdk/auto-release-master/amebasmart_gcc_project/build/project_ap/asdk/make/atf/bl32/plat_bl_common.o
LOAD /home/auto_jenkins_wlan5/workspace/sdk/auto-release-master/amebasmart_gcc_project/build/project_ap/asdk/make/atf/bl32/plat_log_common.o
LOAD /home/auto_jenkins_wlan5/workspace/sdk/auto-release-master/amebasmart_gcc_project/build/project_ap/asdk/make/atf/bl32/plat_common.o
LOAD /home/auto_jenkins_wlan5/workspace/sdk/auto-release-master/amebasmart_gcc_project/build/project_ap/asdk/make/atf/bl32/popcountdi2.o
LOAD /home/auto_jenkins_wlan5/workspace/sdk/auto-release-master/amebasmart_gcc_project/build/project_ap/asdk/make/atf/bl32/popcountsi2.o
LOAD /home/auto_jenkins_wlan5/workspace/sdk/auto-release-master/amebasmart_gcc_project/build/project_ap/asdk/make/atf/bl32/ctzdi2.o
LOAD /home/auto_jenkins_wlan5/workspace/sdk/auto-release-master/amebasmart_gcc_project/build/project_ap/asdk/make/atf/bl32/divdi3.o
LOAD /home/auto_jenkins_wlan5/workspace/sdk/auto-release-master/amebasmart_gcc_project/build/project_ap/asdk/make/atf/bl32/divmoddi4.o
LOAD /home/auto_jenkins_wlan5/workspace/sdk/auto-release-master/amebasmart_gcc_project/build/project_ap/asdk/make/atf/bl32/lshrdi3.o
LOAD /home/auto_jenkins_wlan5/workspace/sdk/auto-release-master/amebasmart_gcc_project/build/project_ap/asdk/make/atf/bl32/udivmoddi4.o
LOAD /home/auto_jenkins_wlan5/workspace/sdk/auto-release-master/amebasmart_gcc_project/build/project_ap/asdk/make/atf/bl32/sheipa_common.o
LOAD /home/auto_jenkins_wlan5/workspace/sdk/auto-release-master/amebasmart_gcc_project/build/project_ap/asdk/make/atf/bl32/sheipa_console_setup.o
LOAD /home/auto_jenkins_wlan5/workspace/sdk/auto-release-master/amebasmart_gcc_project/build/project_ap/asdk/make/atf/bl32/sheipa_ipc.o