========================= libc Start ==============================================
text  rodata  data  bss  module  
20    0       0     0    libc.a(lib_a-abort.o)
96    60      0     0    libc.a(lib_a-assert.o)
56    0       0     0    libc.a(lib_a-closer.o)
0     257     0     0    libc.a(lib_a-ctype_.o)
4380  126     0     0    libc.a(lib_a-dtoa.o)
328   0       0     0    libc.a(lib_a-fclose.o)
700   0       0     0    libc.a(lib_a-fflush.o)
964   0       0     312  libc.a(lib_a-findfp.o)
96    0       0     0    libc.a(lib_a-fiprintf.o)
444   0       0     0    libc.a(lib_a-fputwc.o)
60    0       0     0    libc.a(lib_a-fstatr.o)
1076  0       0     0    libc.a(lib_a-fvwrite.o)
200   0       0     0    libc.a(lib_a-fwalk.o)
0     4       244   0    libc.a(lib_a-impure.o)
112   0       0     0    libc.a(lib_a-init.o)
56    0       0     0    libc.a(lib_a-isattyr.o)
140   10      364   0    libc.a(lib_a-locale.o)
32    0       0     0    libc.a(lib_a-localeconv.o)
48    0       0     9    libc.a(lib_a-lock.o)
64    0       0     0    libc.a(lib_a-lseekr.o)
348   0       0     0    libc.a(lib_a-makebuf.o)
92    0       0     0    libc.a(lib_a-mbtowc_r.o)
3580  368     0     0    libc.a(lib_a-mprec.o)
64    0       0     0    libc.a(lib_a-readr.o)
428   0       0     4    libc.a(lib_a-reent.o)
520   0       0     0    libc.a(lib_a-signal.o)
64    0       0     0    libc.a(lib_a-signalr.o)
196   0       0     0    libc.a(lib_a-stdio.o)
168   0       0     0    libc.a(lib_a-strncpy.o)
152   0       0     0    libc.a(lib_a-s_frexp.o)
4184  66      0     0    libc.a(lib_a-vfiprintf.o)
8188  48      0     0    libc.a(lib_a-vfprintf.o)
44    0       0     0    libc.a(lib_a-vprintf.o)
304   0       0     0    libc.a(lib_a-wbuf.o)
96    0       0     0    libc.a(lib_a-wcrtomb.o)
68    0       0     0    libc.a(lib_a-wctomb_r.o)
64    0       0     0    libc.a(lib_a-writer.o)
304   0       0     0    libc.a(lib_a-wsetup.o)
------------------------- libc End ------------------------------------------------
text  rodata  data  bss  module  
27736 939     608   325  (TOTALS)
Module libc size:
0x73a8			29608

========================= libgcc Start ============================================
text  rodata  data  bss  module  
60    0       0     0    libgcc.a(_aeabi_uldivmod.o)
32    0       0     0    libgcc.a(_ctzdi2.o)
252   0       0     0    libgcc.a(_divsi3.o)
4     0       0     0    libgcc.a(_dvmd_tls.o)
288   0       0     0    libgcc.a(_udivmoddi4.o)
200   0       0     0    libgcc.a(_udivsi3.o)
------------------------- libgcc End ----------------------------------------------
text  rodata  data  bss  module  
836   0       0     0    (TOTALS)
Module libgcc size:
0x344			836

========================= lib_chipinfo Start ======================================
text  rodata  data  bss  module  
8     0       0     0    lib_chipinfo.a(ameba_chipinfo_lib.o)
4692  213     0     0    lib_chipinfo.a(ameba_rom_patch.o)
------------------------- lib_chipinfo End ----------------------------------------
text  rodata  data  bss  module  
4700  213     0     0    (TOTALS)
Module lib_chipinfo size:
0x1331			4913

========================= atcmd Start =============================================
text  rodata  data  bss  module  
3188  1700    0     0    lib_at_cmd.a(monitor.o)
------------------------- atcmd End -----------------------------------------------
text  rodata  data  bss  module  
3188  1700    0     0    (TOTALS)
Module atcmd size:
0x1318			4888

========================= fwlib Start =============================================
text  rodata  data  bss  module  
408   0       0     0    lib_pmc.a(a32_pm.o)
56    0       0     0    lib_fwlib_ap_core.a(amebaap_vector.o)
80    0       0     0    lib_fwlib_ap_core.a(ameba_app_start.o)
112   118     0     0    lib_rom.a(ameba_backup_reg.o)
156   0       0     0    lib_fwlib_ap_peripheral.a(ameba_delay.o)
0     0       0     116  lib_rom.a(ameba_flash_rom.o)
716   0       12    768  lib_rom.a(ameba_gpio_rom.o)
1536  384     0     76   lib_fwlib_common.a(ameba_ipc_api.o)
280   117     0     256  lib_fwlib_common.a(ameba_ipc_ram.o)
2624  170     0     24   lib_fwlib_hp.a(ameba_ipc_toap.o)
148   60      0     0    lib_rom.a(ameba_loguart_rom.o)
3332  551     0     0    lib_fwlib_common.a(ameba_otp.o)
52    0       0     0    lib_rom.a(ameba_pinmux_rom.o)
60    0       0     0    lib_fwlib_common.a(ameba_pll.o)
208   28      0     0    lib_fwlib_ap_core.a(ameba_pmc.o)
1032  40      0     448  lib_pmc.a(ameba_pmc_ap_lib.o)
12    28      0     0    lib_fwlib_ap_peripheral.a(ameba_pmc_ram.o)
1100  0       20    240  lib_misc.a(ameba_pmu.o)
64    0       0     0    lib_fwlib_common.a(ameba_reset.o)
0     0       0     128  lib_fwlib_hp.a(ameba_sd.o)
488   0       0     356  lib_rom.a(ameba_shell_rom.o)
52    0       0     0    lib_rom.a(ameba_syscfg_rom.o)
44    0       0     0    lib_fwlib_hp.a(ameba_system.o)
68    0       0     0    lib_rom.a(ameba_systimer_rom.o)
436   115     0     0    lib_rom.a(ameba_tim_rom.o)
344   0       0     0    lib_fwlib_ap_core.a(ameba_xlat_table.o)
748   0       0     0    lib_fwlib_ap_core.a(arm_gic.o)
60    0       0     0    lib_fwlib_ap_core.a(cache_helpers.o)
172   0       0     0    lib_rom.a(char2num.o)
192   0       0     0    lib_fwlib_ap_core.a(cstub.o)
0     0       0     20   lib_rom.a(diag.o)
100   0       0     0    lib_fwlib_ap_core.a(enable_mmu.o)
160   0       0     0    lib_freertos_os_wrapper.a(gcc_wrap.o)
856   41      1     48   lib_swlib.a(log.o)
224   0       0     0    lib_rom.a(memchr.o)
292   0       0     0    lib_rom.a(memcpy.o)
348   0       0     0    lib_rom.a(memmove.o)
284   0       0     0    lib_rom.a(memset.o)
600   299     0     0    lib_fwlib_ap_core.a(psci.o)
72    0       0     0    lib_rom.a(rand.o)
692   127     0     4    lib_monitor.a(shell_ram.o)
32    0       0     0    lib_fwlib_ap_core.a(smccc_call.o)
468   129     0     0    lib_fwlib_ap_core.a(smp.o)
680   0       0     18432lib_fwlib_ap_core.a(startup.o)
244   0       0     0    lib_rom.a(strcmp.o)
120   0       0     0    lib_rom.a(stricmp.o)
152   0       0     0    lib_rom.a(strlen.o)
444   0       0     0    lib_rom.a(strtoul.o)
72    0       0     0    lib_rom.a(strwrap.o)
848   47      0     1032 lib_fwlib_ap_core.a(system_sheipa.o)
712   555     0     12   lib_fwlib_ap_core.a(traps.o)
200   0       0     0    lib_fwlib_ap_core.a(vectors_table.o)
1008  128     0     0    lib_fwlib_ap_core.a(xlat_tables_arch.o)
320   163     64    41424lib_fwlib_ap_core.a(xlat_tables_context.o)
3536  249     0     0    lib_fwlib_ap_core.a(xlat_tables_core.o)
8     0       0     0    lib_fwlib_ap_core.a(xlat_tables_utils.o)
4     0       0     0    libnosys.a(_exit.o)
------------------------- fwlib End -----------------------------------------------
text  rodata  data  bss  module  
27056 3349    97    63384(TOTALS)
Module fwlib size:
0x16ebe			93886

========================= os Start ================================================
text  rodata  data  bss  module  
312   105     0     53   lib_freertos_os_wrapper.a(freertos_heap5_config.o)
1560  228     0     32   lib_freertos_smp.a(heap_5.o)
244   0       0     0    lib_freertos_smp.a(list.o)
672   67      0     760  lib_freertos_os_wrapper.a(os_wrapper_critical.o)
108   0       0     0    lib_freertos_os_wrapper.a(os_wrapper_memory.o)
368   0       0     0    lib_freertos_os_wrapper.a(os_wrapper_semaphore.o)
120   0       0     0    lib_freertos_os_wrapper.a(os_wrapper_task.o)
140   0       0     0    lib_freertos_os_wrapper.a(os_wrapper_time.o)
1640  172     0     17604lib_freertos_smp.a(port.o)
636   0       0     0    lib_freertos_smp.a(portASM.o)
4096  117     0     64   lib_freertos_smp.a(queue.o)
60    22      0     0    lib_rtk_assert.a(rtk_assert.o)
9584  122     0     432  lib_freertos_smp.a(tasks.o)
1604  131     0     384  lib_freertos_smp.a(timers.o)
------------------------- os End --------------------------------------------------
text  rodata  data  bss  module  
21144 964     0     19329(TOTALS)
Module os size:
0xa1dd			41437

========================= diagnose Start ==========================================
text  rodata  data  bss  module  
8     0       0     0    lib_diagnose.a(ameba_diagnose_none.o)
------------------------- diagnose End --------------------------------------------
text  rodata  data  bss  module  
8     0       0     0    (TOTALS)
Module diagnose size:
0x8			8

========================= others Start ============================================
text  rodata  data  bss  module  
708   706     0     0    lib_project_src.a(main.o)
220   4       0     28   crtbegin.o
------------------------- others End ----------------------------------------------
text  rodata  data  bss  module  
928   710     0     28   (TOTALS)
Module others size:
0x682			1666

================================================================================
text  rodata  data  bss  module  
85596 7875    705   83066(TOTALS)

Image size:
0x2b45a			177242

