00000000 A __dram_dynamic_app_text_size__
00000012 a IRQ_MODE
00000013 a SVC_MODE
0000001f a SYS_MODE
00003fa0 A __stack
00003fa0 B _end
00003fa0 B __StackTop
00033000 T __rom_stdlib_text_start__
003d1000 A __psram_heap_buffer_size__
0a000020 T __km4_boot_text_start__
0c000020 T __km0_flash_text_start__
0d000020 T __km4_flash_text_start__
0e000020 T __ca32_flash_text_start__
0e000020 T __flash_text_end__
0e000020 T __flash_text_start__
2301fd00 T __km0_ipc_memory_start__
3001fe00 T __ca32_bl1_sram_start__
60300000 T __dram_text_start__
60300000 T _vector_table
60300020 t FreeRTOS_FIQHandler
60300030 t FreeRTOS_UndefinedHandler
60300060 t FreeRTOS_DataAbortHandler
60300090 t FreeRTOS_PrefetchAbortHandler
603000c8 T _boot
603000c8 t _prestart
6030026c T exit
60300270 t invalidate_dcache
60300284 t loop1
603002c0 t loop2
603002c4 t loop3
603002e0 t skip
603002ec t finished
60300300 T __PutCharacter
6030033c t putc_error
60300370 T cpu_suspend
60300390 T cpu_do_suspend
60300430 T cpu_resume
60300508 T FreeRTOS_IPI_FLASHPG_Handler
60300554 T __arm_smccc_smc
60300580 T FreeRTOS_SWI_Handler
6030060c T vPortRestoreTaskContext
60300660 T FreeRTOS_IRQ_Handler
603006ec t exit_without_switch
60300700 t switch_before_exit
603007b0 W vApplicationIRQHandler
603007e0 t pxCurrentTCBConst
603007e4 t ulPortTaskHasFPUContextConst
603007e8 t vTaskSwitchContextConst
603007ec t vApplicationIRQHandlerConst
603007f0 t vApplicationFPUSafeIRQHandlerConst
603007fc t deregister_tm_clones
60300828 t register_tm_clones
60300860 t __do_global_dtors_aux
603008a4 t frame_dummy
603008d4 T __aeabi_uldivmod
60300910 T __ctzdi2
60300930 T __udivmoddi4
60300a48 W __aeabi_idiv0
60300a48 W __aeabi_ldiv0
60300a4c T __sflush_r
60300c40 T _fflush_r
60300cd8 T fflush
60300d08 t std
60300d88 T _cleanup_r
60300df4 t __fp_lock
60300e28 t __fp_unlock
60300e5c T __sfmoreglue
60300ea0 T _cleanup
60300eb0 T __sfp_lock_acquire
60300ebc T __sfp_lock_release
60300ec8 T __sinit_lock_acquire
60300ed4 T __sinit_lock_release
60300ee0 T __sinit
60300f98 T __sfp
60301084 T __fp_lock_all
603010a8 T __fp_unlock_all
603010cc T _fwalk
6030112c T _fwalk_reent
60301194 T __libc_init_array
60301204 T __retarget_lock_init
60301208 T __retarget_lock_init_recursive
6030120c T __retarget_lock_close
60301210 T __retarget_lock_close_recursive
60301214 T __retarget_lock_acquire
60301218 T __retarget_lock_acquire_recursive
6030121c T __retarget_lock_try_acquire
60301224 T __retarget_lock_try_acquire_recursive
6030122c T __retarget_lock_release
60301230 T __retarget_lock_release_recursive
60301234 T cleanup_glue
60301260 T _reclaim_reent
603013e0 T __sread
60301410 T __seofread
60301418 T __swrite
6030146c T __sseek
6030149c T __sclose
603014a4 T strncpy
6030154c T vprintf
60301568 T _vprintf_r
60301578 T _write_r
603015b8 T __assert_func
60301608 T __assert
60301618 T _close_r
60301650 t quorem
603017fc T _dtoa_r
6030276c T _fclose_r
603028a0 T fclose
603028b4 T _fiprintf_r
603028dc T fiprintf
60302914 T _setlocale_r
60302978 T __locale_mb_cur_max
60302988 T setlocale
603029a0 T __localeconv_l
603029a8 T _localeconv_r
603029b4 T localeconv
603029c0 T _lseek_r
60302a00 T _mbtowc_r
60302a1c T __ascii_mbtowc
60302a5c T _Balloc
60302b40 T _Bfree
60302bbc T __multadd
60302c94 T __s2b
60302d88 T __hi0bits
60302de0 T __lo0bits
60302e7c T __i2b
60302ebc T __multiply
60303088 T __pow5mult
603031a8 T __lshift
603032d4 T __mcmp
6030332c T __mdiff
603034b0 T __ulp
60303520 T __b2d
603035d0 T __d2b
603036e0 T __ratio
6030375c T _mprec_log10
60303790 T __copybits
603037f8 T __any_on
60303858 T _read_r
60303898 T frexp
60303930 T __sprint_r
603039d8 T _vfiprintf_r
6030489c T vfiprintf
603048b8 t __sbprintf
60304988 T _vfprintf_r
60306898 T vfprintf
603068b4 t __sbprintf
60306984 T _wctomb_r
603069a0 T __ascii_wctomb
603069c8 T __swsetup_r
60306af8 T abort
60306b0c T __fputwc
60306bf4 T _fputwc_r
60306c80 T fputwc
60306cc8 T __sfvwrite_r
603070fc T __swhatbuf_r
60307180 T __smakebuf_r
60307258 T _init_signal_r
603072a4 T _signal_r
603072f4 T _raise_r
60307384 T __sigtramp_r
60307410 T raise
60307424 T signal
6030743c T _init_signal
6030744c T __sigtramp
60307460 T _kill_r
6030749c T _getpid_r
603074a0 T __swbuf_r
603075b8 T __swbuf
603075d0 T _wcrtomb_r
60307614 T wcrtomb
60307630 T _fstat_r
6030766c T _isatty_r
603076a4 T __aeabi_uidiv
603076a4 T __udivsi3
603076a4 t .udivsi3_skip_div0_test
6030774c T __aeabi_uidivmod
6030776c T __aeabi_idiv
6030776c T __divsi3
60307774 t .divsi3_skip_div0_test
60307848 T __aeabi_idivmod
60307868 T _exit
6030786c T CmdRamHelp
60307924 T cmd_reboot
603079a8 T CmdTickPS
60307adc T cmd_write_word
60307b84 T cmd_dump_word
60307dd4 T cmd_efuse_protect
603084c8 T cmd_rom_table
603084e0 T shell_loguratRx_ipc_int
60308568 t shell_cmd_exec_ram
60308600 t shell_task_ram
603086c8 t shell_give_sema
603086ec T shell_init_ram
60308794 T ipc_table_init
603088f4 T IPC_TXHandler
60308938 T IPC_wait_idle
60308a3c T ipc_send_message
60308b5c T ipc_get_message
60308bb4 T IPC_patch_function
60308bd0 T IPC_SEMTake
60308cf8 T IPC_SEMFree
60308d84 T IPC_SEMDelayStub
60308d94 T IPC_INTConfig
60308db4 T IPC_IERGet
60308dbc T IPC_INTHandler
60308e24 T IPC_INTUserHandler
60308e5c T IPC_GetDevById
60308eac t OTP_Read8.part.0
60308fdc t OTP_ProgramMarginRead8.part.0
60309114 T OTPGetCRC
60309178 T OTP_Read8
60309190 T OTP_Write8
603093d0 T OTP_Read32
60309440 T OTP_LogicalMap_Read
603095f4 T OTP_LogicalMap_Write
60309b40 T otp_logical_remain
60309bb0 T PLL_GetHBUSClk
60309bec T System_Reset
60309c2c T vAssertCalled
60309c68 T CPU_InInterrupt
60309c94 T linux_ipc_otp_instruction
6030a6d4 t gic_cpu_init
6030a768 T arm_gic_irq_enable
6030a78c T arm_gic_irq_disable
6030a7b0 T arm_gic_irq_set_priority
6030a808 T arm_gic_get_active
6030a820 T arm_gic_clear_pending_irq
6030a844 T arm_gic_eoi
6030a858 T arm_gic_raise_softirq
6030a884 T arm_gic_init_secondary
6030a894 T arm_gic_init
6030a9c0 T _read
6030a9ec T _write
6030aa1c T _close
6030aa24 T _isatty
6030aa2c T _lseek
6030aa44 T _fstat
6030aa54 T _getpid
6030aa5c T _kill
6030aa80 T vGetGenericTimerFreq
6030aac0 T prvSetupHardware
6030ab1c T prvSetupHardwareSecondary
6030ab2c T vDisableIPIInterrupt
6030ab58 T vConfigureIPIInterrupt
6030abe4 T vConfigureSMPSendIPI
6030ac04 T vConfigureTickInterrupt
6030ac70 T vClearTickInterrupt
6030ad00 T vRegisterIRQHandler
6030ad1c T vApplicationFPUSafeIRQHandler
6030add0 T irq_enable
6030add8 T irq_register
6030ae08 T _init
6030ae0c T app_start
6030ae58 W FIQHandler
6030ae5c W Crash_GetExStack
6030aef0 W Crash_DumpReg
6030b064 W UndefinedExceptionHandler
6030b098 W DataAbortHandler
6030b0dc W PrefetchAbortHandler
6030b120 T psci_cpu_suspend
6030b168 T psci_cpu_off
6030b1c4 T psci_cpu_on
6030b220 T psci_init
6030b378 T rtk_core1_power_on
6030b404 T vPortSecondaryStart
6030b484 T smp_init
6030b54c T SOCPS_SleepPG
6030b5c0 T SOCPS_SleepCG
6030b61c T setupMMUTable
6030b774 T mmap_add_region
6030b7ac T init_xlat_tables
6030b864 T enable_mmu_svc_mon
6030b8b4 T xlat_desc
6030ba50 t xlat_tables_map_region
6030be60 T mmap_add_region_ctx
6030c2bc T init_xlat_tables_ctx
6030c684 T xlat_mmap_print
6030c688 T xlat_tables_print
6030c68c T xlat_arch_get_max_supported_pa
6030c698 T xlat_get_min_virt_addr_space_size
6030c6a0 T is_dcache_enabled
6030c6c8 T xlat_arch_regime_get_xn_desc
6030c72c T xlat_arch_current_el
6030c7a8 T is_mmu_enabled_ctx
6030c898 T setup_mmu_cfg
6030ca80 T enable_mmu_direct_svc_mon
6030cae4 T clean_dcache_range
6030cb08 t loop_cmvac
6030cb1c t exit_loop_cmvac
6030cb20 T SOCPS_LPWAP_ipc_int
6030cb2c T DelayUs
6030cbb4 T DelayMs
6030cbc8 T rtk_log_level_get
6030cc68 T rtk_log_write
6030ccf8 T rtk_log_write_nano
6030cd88 T rtk_log_memory_dump_word
6030ce54 T rtk_log_memory_dump_byte
6030cf20 T os_heap_init
6030cf84 t os_heap_sort
6030cff0 T os_heap_add
6030d058 T rtos_critical_is_in_interrupt
6030d084 T GetComponentCriticalNesting
6030d098 T rtos_critical_enter
6030d170 T rtos_critical_exit
6030d27c T __rtos_critical_enter_os
6030d2f8 T rtos_mem_init
6030d2fc T rtos_mem_malloc
6030d300 T rtos_mem_zmalloc
6030d328 T rtos_mem_calloc
6030d354 T rtos_mem_realloc
6030d358 T rtos_mem_free
6030d364 T rtos_sema_create_binary
6030d39c T rtos_sema_take
6030d440 T rtos_sema_give
6030d4d4 T rtos_sched_start
6030d4e4 T rtos_sched_get_state
6030d510 T rtos_task_create
6030d548 T rtos_create_secure_context
6030d54c T rtos_time_delay_ms
6030d598 T rtos_time_get_current_system_time_ms
6030d5b8 T rtos_time_get_current_pended_time_ms
6030d5d8 T __wrap_malloc
6030d5dc T __wrap__malloc_r
6030d5e4 T __wrap__realloc_r
6030d5f0 T __wrap__free_r
6030d5f8 T __wrap__calloc_r
6030d604 T __wrap_printf
6030d678 T rtk_diag_init
6030d680 T pmu_exec_sleep_hook_funs
6030d6c8 T pmu_exec_wakeup_hook_funs
6030d70c T pmu_set_sysactive_time
6030d7e4 T pmu_yield_os_check
6030d7f4 T pmu_ready_to_sleep
6030d850 T pmu_acquire_wakelock
6030d87c T pmu_release_wakelock
6030d8a8 T pmu_get_wakelock_status
6030d8b8 T pmu_set_sleep_type
6030d8d0 T pmu_get_sleep_type
6030d8e0 T pmu_get_sleep_time
6030d964 T pmu_pre_sleep_processing
6030da4c T pmu_acquire_deepwakelock
6030da68 T pmu_get_deepwakelock_status
6030da78 T pmu_set_secondary_cpu_state
6030da88 T pmu_get_secondary_cpu_state
6030da98 T pmu_secondary_cpu_state_is_running
6030dab0 T pmu_secondary_cpu_state_is_hotplug
6030dacc T app_uart_rx_pin_wake_int_handler
6030daf4 W app_pre_example
6030daf8 W app_example
6030dafc T app_uart_rx_pin_wake_init
6030dbdc T app_pmu_init
6030dbf8 T main
6030dd90 t prvDeleteTCB
6030ddf4 t prvYieldCore
6030de54 t prvInitialiseNewTask.constprop.0
6030df98 t prvYieldForTask.isra.0
6030e07c t prvGetExpectedIdleTime
6030e110 T xTaskGetCurrentYieldPending
6030e140 T xTaskGetTickCount
6030e150 T xTaskGetPendedTicks
6030e160 T xTaskGetTickCountFromISR
6030e170 T xTaskGetPendedTicksFromISR
6030e180 T pcTaskGetName
6030e1d8 T vTaskCompTick
6030e270 T vTaskSwitchContext
6030e9b0 T vTaskInternalSetTimeOutState
6030e9d0 T vTaskMissedYield
6030e9ec T eTaskConfirmSleepModeStatus
6030ea6c T xTaskGetSchedulerState
6030eac8 T vTaskYieldWithinAPI
6030eb1c T vTaskEnterCritical
6030eb74 T GetOSCriticalNesting
6030eb88 T vTaskExitCritical
6030ec70 t prvAddNewTaskToReadyList
6030ee88 T xTaskCreateStatic
6030ef8c T vTaskStartScheduler
6030f10c T xTaskCreate
6030f1a0 t prvAddCurrentTaskToDelayedList
6030f388 T xTaskIncrementTick
6030f6e4 t xTaskResumeAll.part.0
6030f8a8 T xTaskResumeAll
6030f8c0 T vTaskPlaceOnEventList
6030f92c T vTaskPlaceOnEventListRestricted
6030f9a4 T vTaskPlaceRemoveFromEventList
6030fa2c T xTaskRemoveFromEventList
6030fb5c T xTaskCheckForTimeOut
6030fc84 T xTaskPriorityInherit
6030fe00 T xTaskPriorityDisinherit
6030ff34 T vTaskPriorityDisinheritAfterTimeout
6031007c t prvIdleTask
60310194 T vTaskSuspendAll
603101cc T vTaskDelay
60310284 T pvTaskIncrementMutexHeldCount
60310300 T vListInitialise
60310324 T vListInitialiseItem
60310330 T vListInsertEnd
6031035c T vListInsert
603103b4 T uxListRemove
603103f4 t prvCopyDataToQueue
603104e0 t prvNotifyQueueSetContainer
603105bc t prvUnlockQueue
603106b8 T xQueueGenericReset
60310768 T xQueueGenericCreateStatic
60310884 T xQueueGenericCreate
60310924 T xQueueGenericSend
60310b70 T xQueueGenericSendFromISR
60310cac T xQueueGiveFromISR
60310dd4 T xQueueReceive
60310fc8 T xQueueSemaphoreTake
60311234 T xQueueReceiveFromISR
60311344 T vQueueAddToRegistry
6031137c T vQueueWaitForMessageRestricted
603113f4 t prvCheckForValidListAndQueue
60311494 T xTimerCreateTimerTask
6031153c T xTimerGenericCommand
603115dc t prvSwitchTimerLists
603116b0 t prvTimerTask
60311a38 t prvInsertBlockIntoFreeList
60311abc T vPortFree
60311b90 T vPortDefineHeapRegions
60311d34 T vApplicationMallocFailedHook
60311da8 T pvPortMallocBase
60311f84 T pvPortMalloc
60311f8c T pvPortReAlloc
60312050 T pxPortInitialiseStack
60312144 T xPortStartScheduler
60312190 T xPortSpinLockTask
603121bc T xPortSpinUnLockTask
603121dc T FreeRTOS_Tick_Handler
60312228 T ulPortInterruptLock
6031223c T ulPortInterruptUnLock
60312244 T xPortCpuIsInInterrupt
60312270 T FreeRTOS_IPI_Handler
60312294 T ulPortGetCoreId
603122a8 T FreeRTOS_IPI_CPUHP_Handler
603122cc T vPortYieldOtherCore
603122d0 T vApplicationStackOverflowHook
6031230c T vApplicationGetIdleTaskMemory
60312330 T vApplicationGetPassiveIdleTaskMemory
60312364 T vApplicationGetTimerTaskMemory
60312388 T pmu_post_sleep_processing
603123f8 T vPortSuppressTicksAndSleep
60312668 T vPortCleanUpTCB
6031266c T ChipInfo_PsramExists
60312674 t print_unsigned_num
60312830 T SYSCFG_RLVersion
60312858 T DiagVprintf
60313108 T DiagVprintfNano
60313728 T DiagPrintf
60313754 T DiagPrintfNano
60313780 T io_assert_failed
603137b8 T __wrap_strncpy
603137bc T OTPSetCRC
603138c8 T SOCPS_PG_Enter
60313918 T cpu_suspend_save
603139f8 T SOCPS_Save_GIC
60313b00 T SOCPS_Restore_GIC
60313c54 T SOCPS_SleepPG_LIB
60313c88 T SOCPS_SleepCG_LIB
60313cd0 W BKUP_Set
60313d08 W BKUP_Clear
60313d40 W GPIO_INTMode
60313de8 W GPIO_INTConfig
60313e20 W GPIO_INTHandler
60313f7c W GPIO_Direction
60313fb0 W GPIO_UserRegIrq
6031400c T LOGUART_PutChar
603140a0 W PAD_PullCtrl
603140d4 T shell_array_init
603140f8 T shell_get_argc
60314164 T shell_get_argv
603141f4 T shell_init_rom
603142bc T SYSCFG_CHIPType_Get
603142d0 T SYSCFG_OTP_RSIPEn
603142f0 T SYSTIMER_TickGet
60314304 T SYSTIMER_GetPassTick
60314334 W RTIM_GetCount
603144e8 T _2char2hex
60314594 T _memcpy
603146b8 T _memset
603147d4 T _rand
6031481c T _strcmp
60314910 T _stricmp
60314988 T _strlen
60314a20 T _strtoul
60314bdc T __wrap_memset
60314be8 T __wrap_memcpy
60314bf4 T __wrap_memchr
60314c00 T __wrap_memmove
60314c0c T __wrap_strlen
60314c18 T __wrap_strcmp
60314c24 T _memchr
60314d04 T _memmove
60314ec9 T _ctype_
60314fcc T _global_impure_ptr
60314fd0 t p05.0
60314fe0 T __mprec_tens
603150a8 T __mprec_tinytens
603150d0 T __mprec_bigtens
603150f8 t blanks.1
60315108 t zeroes.0
60315118 t blanks.1
60315128 t zeroes.0
603158ac t CSWTCH.40
603158d0 t CSWTCH.41
60315ed0 T crash_reg_name
6031600c t CSWTCH.2
60316344 t __func__.0
60316358 t __func__.1
60316ac4 t LOG_UART_IDX_FLAG
60316cb4 T __cmd_table_start__
60316cb4 t __EH_FRAME_BEGIN__
60316cb4 t shell_cmd_table
60316d14 T __cmd_table_end__
60316d14 T ipc_shell_table
60316d14 T __ipc_table_start__
60316d4c T ipc_linux_table
60316d68 T ipc_LPWHP_table
60316d84 R __exidx_start
60316d84 T __etext
60316d84 T __git_ver_table_end__
60316d84 T __git_ver_table_start__
60316d84 T __ipc_table_end__
60316d8c D __CTOR_END__
60316d8c D __CTOR_LIST__
60316d8c D __DTOR_END__
60316d8c D __DTOR_LIST__
60316d8c d __frame_dummy_init_array_entry
60316d8c d __init_array_start
60316d8c d __preinit_array_end
60316d8c d __preinit_array_start
60316d8c R __exidx_end
60316d90 d __do_global_dtors_aux_fini_array_entry
60316d90 d __init_array_end
60317000 D __data_start__
60317000 D __dram_text_end__
60317000 D _impure_ptr
60317004 d impure_data
603170f4 D __global_locale
60317260 d tf_xlat_ctx
603172a0 D rtk_log_default_level
603172a4 d deepwakelock
603172a8 D system_can_yield
603172ac d timer_max_sleep_time
603172b0 d timer_min_sleep_time
603172b4 d wakelock
603172b8 D GPIO_PORTx
603172c4 D __data_end__
603172c4 D __TMC_END__
60317300 B __bss_start__
60317300 b completed.1
60317304 b object.0
6031731c B __sf
60317454 B __lock___arc4random_mutex
60317455 B __lock___dd_hash_mutex
60317456 B __lock___tz_mutex
60317457 B __lock___env_recursive_mutex
60317458 B __lock___malloc_recursive_mutex
60317459 B __lock___at_quick_exit_mutex
6031745a B __lock___atexit_recursive_mutex
6031745b B __lock___sfp_recursive_mutex
6031745c B __lock___sinit_recursive_mutex
60317460 B errno
60317464 B shell_sema
60317468 B ipc_Semaphore
603174a8 B ipc_delay_func
603174ac B ipc_enter_func
603174b0 B ipc_exit_func
603174b4 B IPC_IrqData
60317534 B IPC_IrqHandler
603175b4 b ipc_msg
603175c4 b otp_data
603175d0 B GenericTimerFreq
603175d8 b xInterruptTable
603179d8 B DataAbortAddr
603179dc B PrefetchAbortAddr
603179e0 B UndefinedExceptionAddr
603179e8 B mmu_cfg_params
60317a00 b tf_mmap
60317b98 b rtk_log_entry_count
60317b9c B rtk_log_tag_array
60317bc8 B xHeapRegions
60317bf8 B heap_index
60317bfc B total_heap_size
60317c00 b rtos_critical_spin_lock_list
60317ec0 b rtos_critical_spin_lock_nesting
60317eec b uxCriticalNestingCnt
60317ef0 b uxSavedInterruptStatus
60317ef8 B cpuhp_flag
60317f00 b deepwakelock_timeout
60317f04 B gPsmDdHookInfo
60317fc0 B sleep_param
60317fe0 b sleep_type
60317fe4 b sleepwakelock_timeout
60317fe8 B sysactive_timeout_flag
60317fec b sysactive_timeout_temp
60317ff0 B pxCurrentTCBs
60317ff8 b pxDelayedTaskList
60317ffc b pxOverflowDelayedTaskList
60318000 b pxPendingSaveContextTaskList
60318000 D __mmu_tbl_end
60318000 D __mmu_tbl_start
60318004 b pxReadyTasksLists
603180e0 b ulTaskSwitchedInTime
603180e8 b ulTotalRunTime
603180f0 b uxCurrentNumberOfTasks
603180f4 b uxDeletedTasksWaitingCleanUp
603180f8 b uxSchedulerSuspended
603180fc b uxTaskNumber
60318100 b uxTopReadyPriority
60318104 b xDelayedTaskList1
60318118 b xDelayedTaskList2
6031812c b xIdleTaskHandle
60318134 b xNextTaskUnblockTime
60318138 b xNumOfOverflows
6031813c b xPendedTicks
60318140 b xPendingReadyList
60318154 b xSchedulerRunning
60318158 b xSuspendedTaskList
6031816c b xTasksWaitingSaveContext
60318180 b xTasksWaitingTermination
60318194 b xTickCount
60318198 b xYieldPendings
603181a0 B xQueueRegistry
603181e0 b pxCurrentTimerList
603181e4 b pxOverflowTimerList
603181e8 b ucStaticTimerQueueStorage.1
603182d8 b xActiveTimerList1
603182ec b xActiveTimerList2
60318300 b xLastTime.2
60318304 b xStaticTimerQueue.0
60318358 b xTimerQueue
6031835c b xTimerTaskHandle
60318360 b pxEnd
60318364 b xBlockAllocatedBit
60318368 b xFreeBytesRemaining
6031836c b xMinimumEverFreeBytesRemaining
60318370 b xNumberOfSuccessfulAllocations
60318374 b xNumberOfSuccessfulFrees
60318378 b xStart
60318380 b missing_tick.0
603183c0 B task_lock
60318400 B ulFlashPG_Flag
60318404 B ulPortInterruptNesting
6031840c B ulPortTaskHasFPUContext
60318410 B ulPortYieldRequired
60318418 b uxIdleTaskStack.5
60319418 b uxIdleTaskStacks.3
6031a418 b uxTimerTaskStack.1
6031c418 b xIdleTaskTCB.6
6031c590 b xIdleTaskTCBs.4
6031c708 b xTimerTaskTCB.2
6031c880 B ctx
6031c8fc B gic_regs
6031ca40 B flash_init_para
6031cab4 B PortA_IrqDataTable
6031cb34 B PortA_IrqHandlerTable
6031cbb4 B PortB_IrqDataTable
6031cc34 B PortB_IrqHandlerTable
6031ccb4 B PortC_IrqDataTable
6031cd34 B PortC_IrqHandlerTable
6031cdb4 B shell_argv_array
6031cdf4 B shell_buf
6031ce74 B shell_ctl
6031ce98 B shell_rxbuf
6031cf18 B ConfigDebug
6031cf28 B ConfigDebugClose
6031cf40 b tf_base_xlat_table
6031cf60 B __bss_end__
6031d000 b tf_xlat_tables
60327000 B __end__
60327000 B end
60327000 b __heap
60327000 B __HeapBase
6032a000 b __fiq_stack
6032a000 B __heap_limit
6032a000 B __HeapLimit
6032a000 B __HeapSize
6032a000 B __StackLimit
6032a800 b __irq_stack
6032b000 b __supervisor_stack
6032c000 b __abort_stack
6032c800 b __undef_stack
6032d000 b __sys_stack
6032e000 b card_info
6032e000 B __ram_nocache_start__
6032f000 B __ram_nocache_end__
6032f000 ? __psram_heap_buffer_start__
60800000 A __non_secure_psram_end__
6fffffff B __dram_dynamic_app_text_end__
6fffffff B __dram_dynamic_app_text_start__
70180020 T __ca32_bl1_dram_start__
70300000 T __ca32_fip_dram_start__
c8800000 ? __btrace_end__
c8800000 ? __btrace_start__
