/home/auto_jenkins_wlan5/IOT_ATS/repos/release-master/source/amebalite_gcc_project/project_kr4/vsdk/../../../component/lwip/lwip_v2.1.2/src/core/netif.c:151:1:netif_loopif_init	0	static
/home/auto_jenkins_wlan5/IOT_ATS/repos/release-master/source/amebalite_gcc_project/project_kr4/vsdk/../../../component/lwip/lwip_v2.1.2/src/core/netif.c:1630:1:netif_null_output_ip4	0	static
/home/auto_jenkins_wlan5/IOT_ATS/repos/release-master/source/amebalite_gcc_project/project_kr4/vsdk/../../../component/lwip/lwip_v2.1.2/src/core/netif.c:1209:1:netif_poll	16	static
/home/auto_jenkins_wlan5/IOT_ATS/repos/release-master/source/amebalite_gcc_project/project_kr4/vsdk/../../../component/lwip/lwip_v2.1.2/src/core/netif.c:875:1:netif_issue_reports	16	static
/home/auto_jenkins_wlan5/IOT_ATS/repos/release-master/source/amebalite_gcc_project/project_kr4/vsdk/../../../component/lwip/lwip_v2.1.2/src/core/netif.c:457:1:netif_do_set_ipaddr.isra	32	static
/home/auto_jenkins_wlan5/IOT_ATS/repos/release-master/source/amebalite_gcc_project/project_kr4/vsdk/../../../component/lwip/lwip_v2.1.2/src/core/netif.c:217:1:netif_input	0	static
/home/auto_jenkins_wlan5/IOT_ATS/repos/release-master/source/amebalite_gcc_project/project_kr4/vsdk/../../../component/lwip/lwip_v2.1.2/src/core/netif.c:500:1:netif_set_ipaddr	32	static
/home/auto_jenkins_wlan5/IOT_ATS/repos/release-master/source/amebalite_gcc_project/project_kr4/vsdk/../../../component/lwip/lwip_v2.1.2/src/core/netif.c:560:1:netif_set_netmask	0	static
/home/auto_jenkins_wlan5/IOT_ATS/repos/release-master/source/amebalite_gcc_project/project_kr4/vsdk/../../../component/lwip/lwip_v2.1.2/src/core/netif.c:621:1:netif_set_gw	0	static
/home/auto_jenkins_wlan5/IOT_ATS/repos/release-master/source/amebalite_gcc_project/project_kr4/vsdk/../../../component/lwip/lwip_v2.1.2/src/core/netif.c:658:1:netif_set_addr	48	static
/home/auto_jenkins_wlan5/IOT_ATS/repos/release-master/source/amebalite_gcc_project/project_kr4/vsdk/../../../component/lwip/lwip_v2.1.2/src/core/netif.c:276:1:netif_add	48	static
/home/auto_jenkins_wlan5/IOT_ATS/repos/release-master/source/amebalite_gcc_project/project_kr4/vsdk/../../../component/lwip/lwip_v2.1.2/src/core/netif.c:239:1:netif_add_noaddr	0	static
/home/auto_jenkins_wlan5/IOT_ATS/repos/release-master/source/amebalite_gcc_project/project_kr4/vsdk/../../../component/lwip/lwip_v2.1.2/src/core/netif.c:822:1:netif_set_default	0	static
/home/auto_jenkins_wlan5/IOT_ATS/repos/release-master/source/amebalite_gcc_project/project_kr4/vsdk/../../../component/lwip/lwip_v2.1.2/src/core/netif.c:844:1:netif_set_up	0	static
/home/auto_jenkins_wlan5/IOT_ATS/repos/release-master/source/amebalite_gcc_project/project_kr4/vsdk/../../../component/lwip/lwip_v2.1.2/src/core/netif.c:919:1:netif_set_down	0	static
/home/auto_jenkins_wlan5/IOT_ATS/repos/release-master/source/amebalite_gcc_project/project_kr4/vsdk/../../../component/lwip/lwip_v2.1.2/src/core/netif.c:737:1:netif_remove	32	static
/home/auto_jenkins_wlan5/IOT_ATS/repos/release-master/source/amebalite_gcc_project/project_kr4/vsdk/../../../component/lwip/lwip_v2.1.2/src/core/netif.c:988:1:netif_set_link_up	16	static
/home/auto_jenkins_wlan5/IOT_ATS/repos/release-master/source/amebalite_gcc_project/project_kr4/vsdk/../../../component/lwip/lwip_v2.1.2/src/core/netif.c:177:1:netif_init	32	static
/home/auto_jenkins_wlan5/IOT_ATS/repos/release-master/source/amebalite_gcc_project/project_kr4/vsdk/../../../component/lwip/lwip_v2.1.2/src/core/netif.c:1030:1:netif_set_link_down	0	static
/home/auto_jenkins_wlan5/IOT_ATS/repos/release-master/source/amebalite_gcc_project/project_kr4/vsdk/../../../component/lwip/lwip_v2.1.2/src/core/netif.c:1088:1:netif_loop_output	32	static
/home/auto_jenkins_wlan5/IOT_ATS/repos/release-master/source/amebalite_gcc_project/project_kr4/vsdk/../../../component/lwip/lwip_v2.1.2/src/core/netif.c:1184:1:netif_loop_output_ipv4	0	static
/home/auto_jenkins_wlan5/IOT_ATS/repos/release-master/source/amebalite_gcc_project/project_kr4/vsdk/../../../component/lwip/lwip_v2.1.2/src/core/netif.c:1298:1:netif_alloc_client_data_id	0	static
/home/auto_jenkins_wlan5/IOT_ATS/repos/release-master/source/amebalite_gcc_project/project_kr4/vsdk/../../../component/lwip/lwip_v2.1.2/src/core/netif.c:1687:1:netif_get_by_index	0	static
/home/auto_jenkins_wlan5/IOT_ATS/repos/release-master/source/amebalite_gcc_project/project_kr4/vsdk/../../../component/lwip/lwip_v2.1.2/src/core/netif.c:1667:1:netif_index_to_name	16	static
/home/auto_jenkins_wlan5/IOT_ATS/repos/release-master/source/amebalite_gcc_project/project_kr4/vsdk/../../../component/lwip/lwip_v2.1.2/src/core/netif.c:1712:1:netif_find	16	static
/home/auto_jenkins_wlan5/IOT_ATS/repos/release-master/source/amebalite_gcc_project/project_kr4/vsdk/../../../component/lwip/lwip_v2.1.2/src/core/netif.c:1648:1:netif_name_to_index	16	static
