/home/auto_jenkins_wlan5/IOT_ATS/repos/release-master/source/amebalite_gcc_project/project_kr4/vsdk/../../../component/lwip/lwip_v2.1.2/src/core/timeouts.c:186:1:sys_timeout_abs	16	static
/home/auto_jenkins_wlan5/IOT_ATS/repos/release-master/source/amebalite_gcc_project/project_kr4/vsdk/../../../component/lwip/lwip_v2.1.2/src/core/timeouts.c:235:1:lwip_cyclic_timer	32	static
/home/auto_jenkins_wlan5/IOT_ATS/repos/release-master/source/amebalite_gcc_project/project_kr4/vsdk/../../../component/lwip/lwip_v2.1.2/src/core/timeouts.c:293:1:sys_timeout	32	static
/home/auto_jenkins_wlan5/IOT_ATS/repos/release-master/source/amebalite_gcc_project/project_kr4/vsdk/../../../component/lwip/lwip_v2.1.2/src/core/timeouts.c:169:1:tcp_timer_needed	0	static
/home/auto_jenkins_wlan5/IOT_ATS/repos/release-master/source/amebalite_gcc_project/project_kr4/vsdk/../../../component/lwip/lwip_v2.1.2/src/core/timeouts.c:147:1:tcpip_tcp_timer	16	static
/home/auto_jenkins_wlan5/IOT_ATS/repos/release-master/source/amebalite_gcc_project/project_kr4/vsdk/../../../component/lwip/lwip_v2.1.2/src/core/timeouts.c:267:6:sys_timeouts_init	16	static
/home/auto_jenkins_wlan5/IOT_ATS/repos/release-master/source/amebalite_gcc_project/project_kr4/vsdk/../../../component/lwip/lwip_v2.1.2/src/core/timeouts.c:320:1:sys_untimeout	0	static
/home/auto_jenkins_wlan5/IOT_ATS/repos/release-master/source/amebalite_gcc_project/project_kr4/vsdk/../../../component/lwip/lwip_v2.1.2/src/core/timeouts.c:355:1:sys_check_timeouts	32	static
/home/auto_jenkins_wlan5/IOT_ATS/repos/release-master/source/amebalite_gcc_project/project_kr4/vsdk/../../../component/lwip/lwip_v2.1.2/src/core/timeouts.c:407:1:sys_restart_timeouts	16	static
/home/auto_jenkins_wlan5/IOT_ATS/repos/release-master/source/amebalite_gcc_project/project_kr4/vsdk/../../../component/lwip/lwip_v2.1.2/src/core/timeouts.c:429:1:sys_timeouts_sleeptime	16	static
