00000000 A __psram_heap_buffer_size__
00000000 A __psram_heap_extend_size__
00001c95 A rtl_crypto_aes_cbc_init
00001cf5 A rtl_crypto_aes_cbc_encrypt
00001d49 A rtl_crypto_aes_cbc_decrypt
00001d9d A rtl_crypto_aes_ecb_init
00001dfd A rtl_crypto_aes_ecb_encrypt
00001e3d A rtl_crypto_aes_ecb_decrypt
00001e7d A rtl_crypto_aes_ctr_init
00001edd A rtl_crypto_aes_ctr_encrypt
00001f75 A rtl_crypto_aes_cfb_init
00001fd5 A rtl_crypto_aes_cfb_encrypt
00002021 A rtl_crypto_aes_cfb_decrypt
0000206d A rtl_crypto_aes_ofb_init
000020cd A rtl_crypto_aes_ofb_encrypt
00002165 A rtl_crypto_aes_gcm_init
000021c5 A rtl_crypto_aes_gcm_encrypt
00002259 A rtl_crypto_aes_gcm_decrypt
0000904d A BKUP_Write
00009079 A BKUP_Read
000090a1 A BKUP_Set
00009255 A XTAL_ClkGet
00009271 A PLL_ClkGet
000093b5 A CPU_ClkGet
00009441 A _CPU_ClkSrcSet
000094a5 A DelayUs
0000951d A DelayMs
00009549 A FLASH_Calibration_PLL_Open
00009575 A FLASH_Calibration_PLL_Close
000095a5 A FLASH_CalibrationPLLPS_Shift
000096cd A FLASH_CalibrationNewCmd
00009a0d A FLASH_Config
00009aa1 A FLASH_SetSpiMode
00009c25 A FLASH_RxCmd
00009e6d A FLASH_TxData
00009fb9 A FLASH_SetStatus
00009fe5 A FLASH_Erase
0000a0c9 A FLASH_DeepPowerDown
0000a129 A FLASH_SetStatusBits
0000a201 A FLASH_StructInit_Micron
0000a26d A FLASH_StructInit_MXIC
0000a2d9 A FLASH_StructInit_GD
0000a34d A FLASH_StructInit
0000a401 A GPIO_INTMode
0000a485 A GPIO_INTConfig
0000a4c9 A GPIO_INTHandler
0000a581 A GPIO_Direction
0000a5cd A GPIO_Init
0000a65d A GPIO_DeInit
0000a6d1 A GPIO_ReadDataBit
0000a709 A GPIO_WriteBit
0000a755 A GPIO_PortDirection
0000a7a9 A GPIO_PortRead
0000a7ed A GPIO_PortWrite
0000a8d5 A GPIO_UserRegIrq
0000a981 A LOGUART_SetBaud
0000aa2d A LOGUART_RxCmd
0000aa41 A LOGUART_INTCoreConfig
0000aba1 A LOGUART_PutChar
0000abed A LOGUART_GetChar
0000ac09 A LOGUART_Readable
0000ac3d A LOGUART_INTConfig
0000ac4d A LOGUART_INTClear
0000ac55 A LOGUART_GetStatus
0000ae71 A LOGUART_WaitTxComplete
0000b275 A OTP_Read8_Rom
0000b485 A OTP_Write8_Rom
0000bb59 A PAD_PullCtrl
0000bc21 A PAD_SleepPullCtrl
0000bd0d A PAD_InputCtrl
0000bd4d A Pinmux_Config
0000bd75 A Pinmux_UartLogCtrl
0000bea9 A Pinmux_Swdoff
0000bebd A RCC_PeriphClockCmd
0000bf5d A RCC_PeriphClockSource_UART_ROM
0000bfe5 A RCC_PeriphClockSource_SPIC
0000c001 A RCC_PeriphClockSource_PSRAM
0000c071 A RCC_PeriphClockSource_SPORT
0000c0b1 A RCC_PeriphClockSource_LOGUART_ROM
0000c135 A IPC_SEMFree
0000c15d A SYSCFG_RLVersion
0000c1b5 A SYSCFG_TRP_ICFG
0000c1cd A SYSCFG_TRP_TestMode
0000c1dd A SYSCFG_TRP_OTPBYP
0000c219 A SYSCFG_CHIPType_Get
0000c249 A SYSCFG_OTP_RSIPEn
0000c311 A SYSCFG_OTP_FlashDSleepEn
0000c42d A SYSTIMER_Init
0000c479 A SYSTIMER_TickGet
0000c489 A SYSTIMER_GetPassTick
0000c4a9 A SYSTIMER_GetPassTime
0000c4dd A RTIM_TimeBaseStructInit
0000c4fd A RTIM_Cmd
0000c521 A RTIM_GetCount
0000c531 A RTIM_INTConfig
0000c575 A RTIM_INTClear
0000c58d A RTIM_TimeBaseInit
0000c68d A RTIM_DeInit
0000c92d A UART_DeInit
0000c935 A UART_StructInit
0000c9b9 A UART_SetBaud
0000caf9 A UART_SetRxLevel
0000cb09 A UART_RxCmd
0000cb25 A UART_Readable
0000cb2d A UART_CharPut
0000cb31 A UART_CharGet
0000cb89 A UART_ReceiveDataTO
0000cc15 A UART_BreakCtl
0000cc29 A UART_ClearRxFifo
0000cce5 A UART_ClearTxFifo
0000ccf1 A UART_INTConfig
0000cd01 A UART_INT_Clear
0000cd11 A UART_LineStatusGet
0000cded A INT_HardFault_C
0000d3c9 A irq_table_init
0000d641 A irq_enable
0000d65d A irq_disable
0000d769 A irq_register
0000d795 A irq_unregister
0000d7ed A WDG_StructInit
0000d7fd A WDG_Init
0000d879 A WDG_Enable
0000d939 A WDG_Refresh
0000d991 A WDG_INTConfig
0000da01 A WDG_ClearINT
0000daa9 A DiagVSprintf
0000ddbd A DiagSPrintf
0000e1b9 A _rand
0000e305 A shell_array_init
0000e313 A shell_get_argc
0000e33f A shell_get_argv
0000e505 A shell_init_rom
00011abd A _2char2hex
00011bbd A _memcmp
00011c1d A _memcpy
00011de5 A _memset
00011e89 A _strcmp
00011f15 A _stricmp
00011f69 A _strlen
00011fc5 A _strtoul
0001210d A __wrap_memset
00012115 A __wrap_memcpy
0001211d A __wrap_memcmp
00012125 A __wrap_memchr
0001212d A __wrap_memmove
00012135 A __wrap_strlen
0001213d A __wrap_strcmp
00012155 A __wrap_strtoul
0001215d A mbedtls_asn1_get_len
000121f1 A mbedtls_asn1_get_tag
00012219 A mbedtls_asn1_get_bool
00012249 A mbedtls_asn1_get_int
00012291 A mbedtls_asn1_get_mpi
000122b7 A mbedtls_asn1_get_bitstring
000122f7 A mbedtls_asn1_get_bitstring_null
0001231f A mbedtls_asn1_get_sequence_of
000123a1 A mbedtls_asn1_get_alg
00012437 A mbedtls_asn1_get_alg_null
00013457 A mbedtls_mpi_init
00013463 A mbedtls_mpi_free
0001355d A mbedtls_mpi_copy
000135b5 A mbedtls_mpi_swap
000136cd A mbedtls_mpi_lset
00013705 A mbedtls_mpi_get_bit
00013779 A mbedtls_mpi_lsb
000137ad A mbedtls_mpi_bitlen
000137e3 A mbedtls_mpi_size
000137ef A mbedtls_mpi_read_binary
0001385b A mbedtls_mpi_write_binary
00013967 A mbedtls_mpi_shift_r
00013a41 A mbedtls_mpi_cmp_mpi
00013b53 A mbedtls_mpi_cmp_int
00013ccb A mbedtls_mpi_add_mpi
00013d0f A mbedtls_mpi_sub_mpi
00013d55 A mbedtls_mpi_add_int
00013d81 A mbedtls_mpi_sub_int
00013dad A mbedtls_mpi_mul_mpi
00013fb5 A mbedtls_mpi_div_mpi
000143e5 A mbedtls_mpi_mod_mpi
00014629 A mbedtls_mpi_exp_mod
00014a3f A mbedtls_mpi_gcd
00014b47 A mbedtls_mpi_fill_random
00014d3f A mbedtls_mpi_inv_mod
00014ff7 A mbedtls_mpi_is_prime_ext
0001505b A mbedtls_mpi_gen_prime
00016919 A mbedtls_ecp_group_load
0001779d A mbedtls_ecp_grp_id_list
00017893 A mbedtls_ecp_keypair_init
00017921 A mbedtls_ecp_keypair_free
000182c1 A mbedtls_ecp_point_read_binary
00018429 A mbedtls_ecp_check_pubkey
000185b1 A mbedtls_ecp_check_privkey
00018b8d A mbedtls_ecp_mul
00018e39 A mbedtls_ecp_check_pub_priv
00019225 A mbedtls_md5_init
0001922d A mbedtls_md5_free
00019237 A mbedtls_md5_clone
00019241 A mbedtls_md5_starts_ret
000199ad A mbedtls_md5_update_ret
00019a2b A mbedtls_md5_finish_ret
00019bc1 A mbedtls_md_info_from_type
00019bfd A mbedtls_md_init
00019c07 A mbedtls_md_free
00019c45 A mbedtls_md_clone
00019c6d A mbedtls_md_setup
00019cbb A mbedtls_md_starts
00019cd1 A mbedtls_md_update
00019ce5 A mbedtls_md_finish
00019cf9 A mbedtls_md
00019d19 A mbedtls_md_hmac_starts
00019de1 A mbedtls_md_hmac_update
00019e05 A mbedtls_md_hmac_finish
00019e65 A mbedtls_md_hmac_reset
00019f01 A mbedtls_md_get_size
00019f07 A mbedtls_md_get_type
0001a02d A mbedtls_platform_zeroize
0001a03d A mbedtls_sha256_init
0001a045 A mbedtls_sha256_free
0001a04f A mbedtls_sha256_clone
0001a059 A mbedtls_sha256_starts_ret
0001a807 A mbedtls_sha256_update_ret
0001a885 A mbedtls_sha256_finish_ret
0001a9d9 A mbedtls_sha512_init
0001a9e1 A mbedtls_sha512_free
0001a9eb A mbedtls_sha512_clone
0001a9f5 A mbedtls_sha512_starts_ret
0001b699 A mbedtls_sha512_update_ret
0001b72f A mbedtls_sha512_finish_ret
0001b96b A mbedtls_sha512_ret
0004484c A SPIC_CALIB_PATTERN
0005bf00 A __bdram_heap_buffer_size__
0c000020 D __km0_flash_text_start__
0e000020 D __km4_flash_text_start__
0e000020 T ADC_StructInit
0e000020 T __flash_text_end__
0e000020 T __flash_text_start__
0e000020 T __image2_backtrace_start__
0e000044 T ADC_Init
0e000258 T ADC_Cmd
0e0002b8 T ADC_ReceiveBuf
0e0003a8 T app_mpu_nocache_init
0e0003fc T _init
0e000400 T app_testmode_status
0e000458 T app_vdd1833_detect
0e0004f8 T app_start
0e0006dc T SystemCoreClockUpdate
0e0006f0 T Systick_Cmd
0e000710 T CPU_InInterrupt
0e00071c T irq_disable_save
0e000724 T irq_enable_restore
0e00072c T OSC131K_Calibration
0e0008bc T OSC4M_Calibration
0e000ab8 T OSC4M_Init
0e000abc T XTAL_INIT
0e000af0 T DATA_FLASH_PLLInit_ClockDiv
0e000b60 T DATA_FLASH_Read_DataIsRight
0e000bd4 T data_flash_handshake_highspeed
0e000c90 T data_flash_rx_mode_switch
0e000d74 T data_flash_highspeed_setup
0e000fcc T DATA_FLASH_RxCmd_InUserMode
0e001050 T DATA_FLASH_RxCmd
0e001074 T DATA_FLASH_WaitBusy_InUserMode
0e0010fc T DATA_FLASH_TxCmd_InUserMode
0e001154 T DATA_FLASH_SetStatus
0e001220 T DATA_FLASH_StructInit_Micron
0e001228 T DATA_FLASH_StructInit_MXIC
0e001230 T DATA_FLASH_StructInit_GD
0e001238 T DATA_FLASH_StructInit
0e001240 T DATA_FLASH_Init
0e00126c T HANDLER_MemFault
0e001284 T HANDLER_BusFault
0e00129c T HANDLER_UsageFault
0e0012b4 T HANDLER_HardFault
0e0012cc T Fault_Handler
0e001418 T Fault_Hanlder_Redirect
0e001450 T flash_init_userdef
0e0014b4 T flash_get_readmode
0e0014f0 T flash_get_chip_info
0e00151c T flash_get_layout_info
0e001560 t Flash_Write_Lock_IPC
0e0015c0 T FLASH_Write_Lock
0e001604 T FLASH_EraseXIP
0e0016d8 T FLASH_ReadStream
0e00170c T FLASH_WriteStream
0e001828 T ipc_table_init
0e0018e8 T IPC_TXHandler
0e001920 T IPC_wait_idle
0e0019b4 T ipc_send_message
0e001a6c T ipc_get_message
0e001ac4 T IPC_INTConfig
0e001adc T IPC_IERGet
0e001ae0 T IPC_INTHandler
0e001b34 T IPC_INTUserHandler
0e001b64 T IPC_GetDev
0e001b9c T IPC_GetDevById
0e001bb4 T mpu_init
0e001c00 T mpu_region_cfg
0e001ce0 T mpu_entry_alloc
0e001d08 T ota_get_cur_index
0e001d88 T pmc_wakeuptimer_int_hdl
0e001d9c T pmu_register_sleep_callback
0e001df0 T pmu_yield_os_check
0e001dfc T pmu_ready_to_sleep
0e001e20 T pmu_set_sleep_type
0e001e30 T pmu_init_wakeup_timer
0e001e60 T BOOT_Reason
0e001e6c T System_Reset
0e001ea4 T RTCIO_IsEnabled
0e001eb4 W wifi_set_user_config
0e001f24 T fATSC
0e001f60 T fATSR
0e001f9c T at_sys_init
0e001fa8 T flash_read_word
0e001fbc T os_heap_init
0e002014 t os_heap_sort
0e002064 T os_heap_add
0e0020a4 T __wrap_malloc
0e0020a8 T __wrap_free
0e0020ac T __wrap__free_r
0e0020b4 t prvInsertBlockIntoFreeList
0e002114 T pvPortMalloc
0e0021dc T vPortFree
0e002238 T xPortGetFreeHeapSize
0e002244 T vPortDefineHeapRegions
0e0022e4 T vListInitialise
0e0022fc T vListInitialiseItem
0e002304 T vListInsertEnd
0e00231c T vListInsert
0e00234c T uxListRemove
0e002374 T rtk_log_memory_dump_word
0e0023d8 T rtk_log_memory_dump_byte
0e00243c T rtk_log_write
0e0024cc T log_service_init
0e002504 T log_service_add_table
0e00255c T log_action
0e0025b8 T log_handler
0e00262c T mp_commnad_handler
0e002698 T log_service
0e0026e8 t app_mbedtls_free_func
0e0026ec t app_mbedtls_calloc_func
0e002708 T app_pmu_init
0e002728 W app_pre_example
0e00272c W app_example
0e002730 T main
0e0027e0 T CmdRamHelp
0e00282c T cmd_reboot
0e002870 T cmd_write_word
0e0028d0 T cmd_dump_word
0e002a74 T rtos_critical_is_in_interrupt
0e002a84 T rtos_critical_enter
0e002ab8 T rtos_critical_exit
0e002ae4 T rtos_mem_init
0e002ae8 T rtos_mem_malloc
0e002aec T rtos_mem_zmalloc
0e002b04 T rtos_mem_free
0e002b0c T rtos_mem_get_free_heap_size
0e002b10 T rtos_mutex_create_static
0e002b48 T rtos_sema_create_static
0e002b88 T rtos_sema_create_binary
0e002bac T rtos_sema_take
0e002bfc T rtos_sema_give
0e002c48 t __reserved_get_from_poll
0e002db0 T __reserved_get_mutex_from_poll
0e002de0 T __reserved_get_sema_from_poll
0e002e10 T rtos_sched_start
0e002e1c T rtos_sched_suspend
0e002e28 T rtos_sched_resume
0e002e34 T rtos_sched_get_state
0e002e58 T rtos_task_create
0e002e80 T rtos_task_delete
0e002e8c T rtos_create_secure_context
0e002e90 T rtos_time_delay_ms
0e002ec4 t platform_calloc_uninit
0e002ec8 t platform_free_uninit
0e002ecc T mbedtls_platform_set_calloc_free
0e002f00 T vRestoreContextOfFirstTask
0e002f20 t pxCurrentTCBConst2
0e002f30 T PendSV_Handler
0e002f80 t pxCurrentTCBConst
0e002f84 t xMAIR0Const
0e002f88 t xRNRConst
0e002f8c t xRBARConst
0e002f90 T vStartFirstTask
0e002fb0 t xVTORConst
0e002fb4 T ulSetInterruptMaskFromISR
0e002fc0 T vClearInterruptMaskFromISR
0e002fd0 T SVC_Handler
0e002ff0 t svchandler_address_const
0e002ff4 T SysTick_Handler
0e003018 T vPortYield
0e003030 T ulPortSetInterruptMask
0e003040 T vPortEnterCritical
0e00305c t prvTaskExitError
0e003074 T vPortClearInterruptMask
0e00307c T vPortExitCritical
0e003094 T vPortSVCHandler_C
0e0030c0 T pxPortInitialiseStack
0e003148 T xPortStartScheduler
0e0031dc T vApplicationIdleHook
0e0031e0 T vApplicationStackOverflowHook
0e0031f8 T vApplicationMallocFailedHook
0e003234 T vApplicationGetIdleTaskMemory
0e003254 T vApplicationGetTimerTaskMemory
0e003274 T vPortSuppressTicksAndSleep
0e0032b8 t prvCopyDataToQueue
0e003334 t prvNotifyQueueSetContainer
0e0033bc t prvUnlockQueue
0e003450 T xQueueGenericCreateStatic
0e0034b4 T xQueueGenericCreate
0e003528 T xQueueCreateCountingSemaphoreStatic
0e003588 T xQueueCreateCountingSemaphore
0e0035ec T xQueueGenericSend
0e0036fc T xQueueCreateMutexStatic
0e003768 T xQueueCreateMutex
0e0037dc T xQueueGenericSendFromISR
0e003888 T xQueueGiveFromISR
0e003904 T xQueueReceive
0e003a08 T xQueueSemaphoreTake
0e003b4c T xQueueReceiveFromISR
0e003bd0 T vQueueWaitForMessageRestricted
0e003c20 T shell_loguratRx_ipc_int
0e003cbc t shell_task_ram
0e003d80 t shell_give_sema
0e003d98 T shell_init_ram
0e003e14 T sys_clear_ota_signature
0e003f18 T sys_recover_ota_signature
0e004030 t prvAddNewTaskToReadyList
0e004130 t prvAddCurrentTaskToDelayedList
0e0041a0 t vTaskSwitchContext.part.0
0e004284 t prvInitialiseNewTask.constprop.0
0e00435c t xTaskIncrementTick.part.0
0e004490 T xTaskCreateStatic
0e0044c4 T xTaskCreate
0e00452c T vTaskDelete
0e004600 T eTaskGetState
0e00466c T vTaskStartScheduler
0e00470c T vTaskSuspendAll
0e00471c T xTaskResumeAll
0e004834 T vTaskDelay
0e004860 t prvIdleTask
0e004970 T xTaskGetTickCount
0e00497c T pcTaskGetName
0e004990 T xTaskIncrementTick
0e0049b0 T vTaskSwitchContext
0e0049cc T vTaskPlaceOnEventList
0e0049ec T vTaskPlaceOnEventListRestricted
0e004a18 T xTaskRemoveFromEventList
0e004abc T vTaskInternalSetTimeOutState
0e004ad4 T xTaskCheckForTimeOut
0e004b38 T vTaskMissedYield
0e004b44 T eTaskConfirmSleepModeStatus
0e004b88 T vTaskGetInfo
0e004c1c T xTaskGetCurrentTaskHandle
0e004c28 T xTaskGetSchedulerState
0e004c48 T xTaskPriorityInherit
0e004cd4 T xTaskPriorityDisinherit
0e004d34 T vTaskPriorityDisinheritAfterTimeout
0e004da8 T pvTaskIncrementMutexHeldCount
0e004dc0 t prvCheckForValidListAndQueue
0e004e28 t prvInsertTimerInActiveList
0e004e6c T xTimerCreateTimerTask
0e004ec4 T xTimerGenericCommand
0e004f78 t prvSwitchTimerLists
0e004fe8 t prvTimerTask
0e005200 T wifi_fast_connect_enable
0e005214 T wifi_indication
0e005278 T _init_thread
0e0052dc T wlan_initialize
0e005330 T vTaskStatus
0e0053e8 T vTaskCrashCallback
0e005404 T SOCPS_KM0WKM4_ipc_int
0e005468 T crash_dump_memory
0e00551c T crash_dump
0e0056ac T fault_diagnosis
0e005ad4 t _my_calloc
0e005adc t _my_free
0e005ae0 t _my_random
0e005af4 T wifi_on
0e005b9c T wifi_config_autoreconnect
0e005ba4 t _inic_ipc_ip_addr_update_in_wowlan
0e005ba8 T inic_api_host_task_h
0e005f84 T inic_api_host_int_hdl
0e005f90 T inic_api_host_message_send
0e006104 T inic_api_init_host
0e006180 T inic_mp_command
0e0062f4 T inic_host_init
0e006304 T inic_host_init_skb
0e00644c T inic_host_init_priv
0e0064a0 T inic_host_trx_event_hdl
0e0064c8 T inic_host_trx_int_hdl
0e006580 t inic_msg_q_task
0e0065e0 T inic_msg_q_init
0e0066a0 T inic_msg_enqueue
0e006730 T inic_msg_get_queue_status
0e00673c T rtw_init_listhead
0e006744 T rtw_list_insert_tail
0e006750 T rtw_list_delete
0e006760 T rtw_init_queue
0e00676c T rtw_queue_empty
0e006778 T init_timer_wrapper
0e006798 T ChipInfo_BDNum
0e006814 T ChipInfo_MCM_Info
0e006874 T ChipInfo_GetLibVersion
0e006924 t print_unsigned_num
0e006a1c T IPC_SEMDelay
0e006a28 T OTP_Read8
0e006a88 T DiagVprintf
0e007008 T DiagPrintf
0e007024 T DiagPrintf_minimal
0e007310 T TRNG_get_random_bytes
0e007370 T io_assert_failed
0e007384 T IPC_SEMTake
0e0073cc t deregister_tm_clones
0e0073e8 t register_tm_clones
0e00740c t __do_global_dtors_aux
0e007434 t frame_dummy
0e007454 t _GLOBAL__sub_I__ZN9__gnu_cxx9__freeresEv
0e00747c T __aeabi_uldivmod
0e0074ac T __udivmoddi4
0e007754 W __aeabi_idiv0
0e007754 W __aeabi_ldiv0
0e007758 T __libc_init_array
0e0077a0 T cleanup_glue
0e0077ba T _reclaim_reent
0e007888 T strcpy
0e007944 T strncpy
0e007998 T strsep
0e0079a2 T __strtok_r
0e0079f2 T strtok_r
0e0079f8 t ____wrap_memcpy_veneer
0e007a00 t __INT_HardFault_C_veneer
0e007a08 t ____wrap_memset_veneer
0e007a10 t __IPC_SEMFree_veneer
0e007a18 t ____wrap_strcmp_veneer
0e007df0 T Data_Flash_ReadMode
0e007df2 T Data_Flash_Speed
0e007df4 T Flash_AVL
0e007f20 T Flash_Layout
0e0086c4 t __FUNCTION__.5
0e0087e0 t __func__.0
0e0087fc t __func__.1
0e00887c t __FUNCTION__.0
0e00888c t __FUNCTION__.1
0e008a08 t TaskStateString.0
0e008aa4 t __func__.0
0e008c20 t register_string
0e009618 t __func__.0
0e009694 t __func__.2
0e00980c T Chip_Info
0e009950 T __cmd_table_start__
0e009950 T shell_cmd_table
0e009990 T __cmd_table_end__
0e009990 T ipc_shell_table
0e009990 T __ipc_table_start__
0e0099ac T ipc_tickless_table
0e0099c8 T ipc_api_host_table
0e0099e4 T ipc_host_event_table
0e009a00 T __git_ver_table_start__
0e009a00 T __ipc_table_end__
0e009a00 T lib_pmc_git_rev
0e009a2c T lib_wifi_com_sec_git_rev
0e009a64 T lib_wps_git_rev
0e009a90 t __frame_dummy_init_array_entry
0e009a90 T __git_ver_table_end__
0e009a90 T __init_array_start
0e009a90 T __preinit_array_end
0e009a90 T __preinit_array_start
0e009a98 t __do_global_dtors_aux_fini_array_entry
0e009a98 T __fini_array_start
0e009a98 T __init_array_end
0e009a9c T __fini_array_end
0e009a9c T __image2_backtrace_end__
0e009aa0 R __exidx_start
0e009aa8 R __exidx_end
0f800020 D __km4_boot_text_start__
20004004 A ConfigDebug
20004014 A flash_init_para
2000412c A shell_ctl
20004d20 D __km0_image2_entry_func_mp__
20004da0 D __image2_entry_func__
20004da0 D Img2EntryFun0
20004e00 D __km0_ipc_memory_start__
20006000 b uxIdleTaskStack.3
20006800 b uxTimerTaskStack.1
2000b000 D __km4_bd_ram_start__
2000b000 D __km4_tz_entry_end__
2000b000 D __km4_tz_entry_start__
2000b000 D __km4_tz_nsc_start__
2000b020 D __sram_image2_end__
2000b020 D __sram_image2_start__
2000b020 D SystemCoreClock
2000b020 T __TMC_END__
2000b024 D system_can_yield
2000b028 d wakelock
2000b02c D at_sys_items
2000b04c D rtk_log_default_level
2000b050 D gDbgFlag
2000b054 D gDbgLevel
2000b058 D log_init_table
2000b05c d mbedtls_calloc_func
2000b060 d mbedtls_free_func
2000b064 D uxTopUsedPriority
2000b068 D _impure_ptr
2000b06c d impure_data
2000b180 B __bss_start__
2000b180 B vref_init_done
2000b181 b check_config_reg
2000b184 b current_IC
2000b188 B data_flash_init_para
2000b1e0 b Flash_Sync_Flag
2000b200 B PrevIrqStatus
2000b204 B ipc_Semaphore
2000b244 B IPC_IrqData
2000b2c4 B IPC_IrqHandler
2000b344 B mpu_entry_register
2000b34c B IMG_ADDR
2000b35c B gPsmDdHookInfo
2000b3d4 b sleep_type
2000b400 B wifi_user_config
2000b43c B xHeapRegions
2000b46c B heap_index
2000b470 b pxEnd
2000b474 b xBlockAllocatedBit
2000b478 b xFreeBytesRemaining
2000b47c b xMinimumEverFreeBytesRemaining
2000b480 b xNumberOfSuccessfulAllocations
2000b484 b xNumberOfSuccessfulFrees
2000b488 b xStart
2000b490 b rtk_log_entry_count
2000b494 B rtk_log_tag_array
2000b4c0 B __log_init_begin__
2000b4c4 B __log_init_end__
2000b4c8 B log_hash
2000b5c8 B use_hw_crypto_func
2000b5cc b uxCriticalNestingCnt
2000b5d0 b uxSavedInterruptStatus
2000b5d4 b mutex_buf_used_num
2000b5d8 b mutex_dynamic_num
2000b5dc b mutex_max_buf_used_num
2000b5e0 b mutex_pool
2000b5e0 b mutex_pool_init_flag
2000b5e4 b sema_buf_used_num
2000b5e8 b sema_dynamic_num
2000b5ec b sema_max_buf_used_num
2000b5f0 b sema_pool
2000b5f0 b sema_pool_init_flag
2000b5f4 b timer_buf_used_num
2000b5f8 b timer_dynamic_num
2000b5fc b timer_max_buf_used_num
2000b600 b timer_pool
2000b600 b timer_pool_init_flag
2000b604 b wrapper_mutex_buf_list
2000b60c b wrapper_sema_buf_list
2000b614 b wrapper_timer_buf_list
2000b61c b ulCriticalNesting
2000b620 b xIdleTaskTCB.4
2000b784 b xTimerTaskTCB.2
2000b8e8 B log_buf
2000b968 B shell_sema
2000b96c B FreeRTOS_errno
2000b970 B pxCurrentTCB
2000b974 b pxDelayedTaskList
2000b978 b pxOverflowDelayedTaskList
2000b97c b pxReadyTasksLists
2000ba58 b ulTaskSwitchedInTime
2000ba5c b ulTotalRunTime
2000ba60 b uxCurrentNumberOfTasks
2000ba64 b uxDeletedTasksWaitingCleanUp
2000ba68 b uxSchedulerSuspended
2000ba6c b uxTaskNumber
2000ba70 b uxTopReadyPriority
2000ba74 b xDelayedTaskList1
2000ba88 b xDelayedTaskList2
2000ba9c b xNextTaskUnblockTime
2000baa0 b xNumOfOverflows
2000baa4 b xPendedTicks
2000baa8 b xPendingReadyList
2000babc b xSchedulerRunning
2000bac0 b xSuspendedTaskList
2000bad4 b xTasksWaitingTermination
2000bae8 b xTickCount
2000baec b xYieldPending
2000baf0 b pxCurrentTimerList
2000baf4 b pxOverflowTimerList
2000baf8 b ucStaticTimerQueueStorage.1
2000bb98 b xActiveTimerList1
2000bbac b xActiveTimerList2
2000bbc0 b xLastTime.2
2000bbc4 b xStaticTimerQueue.0
2000bc18 b xTimerQueue
2000bc1c b xTimerTaskHandle
2000bc20 b event_callback_list
2000bd90 B crash_task_info
2000bd94 B regs
2000be04 B p_store_fast_connect_info
2000be08 B p_wifi_do_fast_connect
2000be0c B p_wifi_joinstatus_internal_callback
2000be10 B promisc_user_callback_ptr
2000be14 B scan_each_report_user_callback_ptr
2000be18 B scan_user_callback_ptr
2000be1c b wifi_boot.0
2000be20 B p_ap_channel_switch_callback
2000be24 B g_host_inic_api_message_send_sema
2000be28 B g_host_inic_api_task_wake_sema
2000be40 B g_host_ipc_api_msg
2000be80 B g_host_ipc_api_request_info
2000bec0 B g_inic_host_priv
2000bee8 B host_skb_data
2000beec B host_skb_info
2000bf00 B g_inic_ipc_ex_msg
2000bf40 b g_ipc_msg_q_priv
2000bf60 B p_wifi_rom_func_map
2000bf64 B wifi_rom_func_map
2000bf70 B max_timer_used_num
2000bf74 B timer_table
2000bf7c b timer_used_num
2000bf80 B ipc_delay
2000bf84 b completed.1
2000bf88 b object.0
2000bfa0 b _ZN12_GLOBAL__N_114emergency_poolE
2000bfb0 B __sf
2000c0e8 B __bss_end__
2000c100 B __ram_nocache_end__
2000c100 B __ram_nocache_start__
2000c100 N __bdram_heap_buffer_start__
20033020 D __km0_bd_ram_mp_start__
20068020 D __km0_image2_entry_func__
30007000 A NewVectorTable
30007998 A p_rom_ssl_ram_map
3000799c A rom_ssl_ram_map
60000000 D __km4_bd_psram_start__
60000000 D __km4_psram_tz_entry_end__
60000000 D __km4_psram_tz_entry_start__
60000000 D __km4_psram_tz_nsc_start__
60000020 D __psram_image2_end__
60325020 D __km0_psram_text_start__
c8800000 B __psram_heap_buffer_start__
c8800000 B __psram_heap_extend_start__
c8800000 B __psram_image2_start__
c8800000 N __btrace_end__
c8800000 N __btrace_start__
