========================= libgcc Start ============================================
text         rodata       data         bss          module       
1480         0            0            0            libgcc.a(adddf3.o)
1260         0            0            0            libgcc.a(divdf3.o)
112          0            0            0            libgcc.a(eqdf2.o)
68           0            0            0            libgcc.a(eqsf2.o)
124          0            0            0            libgcc.a(extendsfdf2.o)
92           0            0            0            libgcc.a(fixdfsi.o)
60           0            0            0            libgcc.a(fixsfsi.o)
82           0            0            0            libgcc.a(floatsidf.o)
62           0            0            0            libgcc.a(floatunsidf.o)
180          0            0            0            libgcc.a(gedf2.o)
112          0            0            0            libgcc.a(gesf2.o)
180          0            0            0            libgcc.a(ledf2.o)
112          0            0            0            libgcc.a(lesf2.o)
1052         0            0            0            libgcc.a(muldf3.o)
480          0            0            0            libgcc.a(mulsf3.o)
1484         0            0            0            libgcc.a(subdf3.o)
696          0            0            0            libgcc.a(subsf3.o)
64           0            0            0            libgcc.a(_aeabi_uldivmod.o)
124          0            0            0            libgcc.a(_arm_cmpdf2.o)
116          0            0            0            libgcc.a(_arm_cmpsf2.o)
60           0            0            0            libgcc.a(_clzsi2.o)
4            0            0            0            libgcc.a(_dvmd_tls.o)
56           0            0            0            libgcc.a(_fixunsdfsi.o)
44           0            0            0            libgcc.a(_fixunssfsi.o)
72           0            0            0            libgcc.a(_muldi3.o)
20           0            0            0            libgcc.a(_thumb1_case_shi.o)
20           0            0            0            libgcc.a(_thumb1_case_uhi.o)
20           0            0            0            libgcc.a(_thumb1_case_uqi.o)
796          0            0            0            libgcc.a(_udivmoddi4.o)
------------------------- libgcc End ----------------------------------------------
text         rodata       data         bss          module       
9032         0            0            0            (TOTALS)     

Module libgcc size:
0x2348			9032

========================= libnosys Start ==========================================
text         rodata       data         bss          module       
16           0            0            0            libnosys.a(close.o)
16           0            0            0            libnosys.a(fstat.o)
16           0            0            0            libnosys.a(isatty.o)
16           0            0            0            libnosys.a(lseek.o)
------------------------- libnosys End --------------------------------------------
text         rodata       data         bss          module       
64           0            0            0            (TOTALS)     

Module libnosys size:
0x40			64

========================= libc_nano Start =========================================
text         rodata       data         bss          module       
24           0            0            0            libc_nano.a(lib_a-atoi.o)
32           0            0            0            libc_nano.a(lib_a-closer.o)
0            257          0            0            libc_nano.a(lib_a-ctype_.o)
12           0            0            0            libc_nano.a(lib_a-errno.o)
396          0            0            0            libc_nano.a(lib_a-fflush.o)
636          0            0            0            libc_nano.a(lib_a-findfp.o)
36           0            0            0            libc_nano.a(lib_a-fstatr.o)
720          0            0            0            libc_nano.a(lib_a-fvwrite.o)
118          0            0            0            libc_nano.a(lib_a-fwalk.o)
0            4            0            0            libc_nano.a(lib_a-impure.o)
32           0            0            0            libc_nano.a(lib_a-isattyr.o)
24           0            0            0            libc_nano.a(lib_a-lock.o)
36           0            0            0            libc_nano.a(lib_a-lseekr.o)
208          0            0            0            libc_nano.a(lib_a-makebuf.o)
960          17           0            0            libc_nano.a(lib_a-nano-svfprintf.o)
936          4            0            0            libc_nano.a(lib_a-nano-svfscanf.o)
692          17           0            0            libc_nano.a(lib_a-nano-vfprintf.o)
756          34           0            0            libc_nano.a(lib_a-nano-vfprintf_i.o)
684          39           0            0            libc_nano.a(lib_a-nano-vfscanf_i.o)
36           0            0            0            libc_nano.a(lib_a-readr.o)
200          0            0            0            libc_nano.a(lib_a-reent.o)
116          0            0            0            libc_nano.a(lib_a-sccl.o)
200          0            0            0            libc_nano.a(lib_a-snprintf.o)
120          0            0            0            libc_nano.a(lib_a-sprintf.o)
160          0            0            0            libc_nano.a(lib_a-sscanf.o)
156          0            0            0            libc_nano.a(lib_a-stdio.o)
26           0            0            0            libc_nano.a(lib_a-strchr.o)
36           0            0            0            libc_nano.a(lib_a-strncmp.o)
38           0            0            0            libc_nano.a(lib_a-strncpy.o)
48           0            0            0            libc_nano.a(lib_a-strpbrk.o)
14           0            0            0            libc_nano.a(lib_a-strsep.o)
94           0            0            0            libc_nano.a(lib_a-strtok_r.o)
340          0            0            0            libc_nano.a(lib_a-strtol.o)
396          0            0            0            libc_nano.a(lib_a-strtoll.o)
308          0            0            0            libc_nano.a(lib_a-strtoul.o)
396          0            0            0            libc_nano.a(lib_a-strtoull.o)
396          0            0            0            libc_nano.a(lib_a-ungetc.o)
40           0            0            0            libc_nano.a(lib_a-vprintf.o)
144          0            0            0            libc_nano.a(lib_a-wbuf.o)
36           0            0            0            libc_nano.a(lib_a-writer.o)
192          0            0            0            libc_nano.a(lib_a-wsetup.o)
------------------------- libc_nano End -------------------------------------------
text         rodata       data         bss          module       
9794         372          0            0            (TOTALS)     

Module libc_nano size:
0x27b6			10166

========================= wifirom Start ===========================================
text         rodata       data         bss          module       
180          22           0            0            rom_hal_debug.o
916          412          0            0            rom_wifi_hal_debug.o
1372         2056         0            0            rom_wifi_patch.o
------------------------- wifirom End ---------------------------------------------
text         rodata       data         bss          module       
2468         2490         0            0            (TOTALS)     

Module wifirom size:
0x135e			4958

========================= fullmac Start ===========================================
text         rodata       data         bss          module       
8            56           0            0            inic_ipc_device.o
3508         178          0            0            inic_ipc_dev_api.o
560          61           0            0            inic_ipc_dev_trx.o
792          96           0            0            inic_ipc_msg_queue.o
------------------------- fullmac End ---------------------------------------------
text         rodata       data         bss          module       
4868         391          0            0            (TOTALS)     

Module fullmac size:
0x148b			5259

========================= wifidrv Start ===========================================
text         rodata       data         bss          module       
120          69           0            0            hal_debug.o  
4            0            0            0            hal_dm.o     
636          231          0            0            hal_phycfg.o 
1364         354          0            0            hal_recv.o   
144          0            0            0            hal_sta_config_phydm.o
1884         364          0            0            hal_xmit.o   
72           0            0            0            rtw_atomic.o 
348          0            0            0            rtw_cmd.o    
8            0            0            0            rtw_debug.o  
1556         297          0            0            rtw_drv_init.o
7344         407          0            0            rtw_mp.o     
96           0            0            0            rtw_queue.o  
576          92           0            0            rtw_recv.o   
840          119          0            0            rtw_skbuff.o 
132          0            0            0            rtw_state.o  
992          158          0            0            rtw_sta_mgt.o
140          0            0            0            rtw_task.o   
600          186          0            0            rtw_timer.o  
40           0            0            0            rtw_wakelock.o
488          55           0            0            rtw_xmit.o   
224          22           0            0            rtw_xmitbuff.o
8            0            0            0            wifi_feature_dis_speaker.o
456          235          0            0            wifi_hal_debug.o
220          0            0            0            wifi_hal_dm.o
2588         296          0            0            wifi_hal_halinit.o
24           0            0            0            wifi_hal_hci_intfs.o
1624         31           0            0            wifi_hal_interrupt.o
92           0            0            0            wifi_hal_io.o
4284         1097         0            0            wifi_hal_mp.o
320          31           0            0            wifi_hal_odm.o
288          0            0            0            wifi_hal_ops.o
620          74           0            0            wifi_hal_phycfg.o
8            0            0            0            wifi_hal_recv.o
408          0            0            0            wifi_hal_rxdesc.o
1796         0            0            0            wifi_hal_txdesc.o
2376         381          0            0            wifi_hal_txpower.o
28           0            0            0            wifi_init.o  
276          143          0            0            wifi_intf_drv_to_app_basic.o
2648         804          0            0            wifi_intf_drv_to_app_ext.o
52           0            0            0            wifi_intf_drv_to_bt.o
12           0            0            0            wifi_intf_drv_to_lwip.o
9476         3140         0            0            wifi_intf_drv_to_mp.o
760          99           0            0            wifi_intf_drv_to_upper.o
------------------------- wifidrv End ---------------------------------------------
text         rodata       data         bss          module       
45972        8685         0            0            (TOTALS)     

Module wifidrv size:
0xd581			54657

========================= wificoex Start ==========================================
text         rodata       data         bss          module       
1476         415          0            0            rtw_coex_action.o
4            0            0            0            rtw_coex_action_dual_ant.o
4            0            0            0            rtw_coex_action_dual_chip.o
736          0            0            0            rtw_coex_action_single_ant.o
1040         0            0            0            rtw_coex_api.o
320          0            0            0            rtw_coex_dbg.o
2540         54           0            0            rtw_coex_wl_chip.o
664          20           0            0            rtw_coex_wl_chip_rtl8721da.o
8            0            0            0            rtw_coex_wp_chip.o
240          0            0            0            wifi_hal_btc_api.o
660          0            0            0            wifi_hal_btc_rtl8721f.o
------------------------- wificoex End --------------------------------------------
text         rodata       data         bss          module       
7692         489          0            0            (TOTALS)     

Module wificoex size:
0x1ff5			8181

========================= wifibb Start ============================================
text         rodata       data         bss          module       
372          1808         0            0            halhwimg_bb.o
24           0            0            0            phydm.o      
492          0            0            0            phydm_api.o  
76           0            0            0            phydm_cfotracking.o
64           0            0            0            phydm_debug.o
3760         168          0            0            phydm_hal_api8721da.o
168          0            0            0            phydm_hwconfig.o
220          0            0            0            phydm_interface.o
1012         0            0            0            phydm_mp.o   
1616         0            0            0            phydm_pmac_tx_setting.o
204          0            0            0            phydm_regconfig8721da.o
------------------------- wifibb End ----------------------------------------------
text         rodata       data         bss          module       
8008         1976         0            0            (TOTALS)     

Module wifibb size:
0x2700			9984

========================= wifirf Start ============================================
text         rodata       data         bss          module       
236          7640         0            0            halhwimg_rf.o
64           0            0            0            halphyrf_iot.o
2212         0            0            0            halrf.o      
4948         59           0            0            halrf_8721da.o
20           0            0            0            halrf_debug.o
3480         60           0            0            halrf_dpk_8721da.o
2620         96           0            0            halrf_iqk_8721da.o
832          9            0            0            halrf_kfree.o
40           0            0            0            halrf_powertracking.o
72           0            0            0            halrf_powertracking_iot.o
1620         116          0            0            halrf_psd.o  
128          10168        0            0            halrf_rfk_init_8721da.o
2064         72           0            0            halrf_txgapk_8721da.o
------------------------- wifirf End ----------------------------------------------
text         rodata       data         bss          module       
18336        18220        0            0            (TOTALS)     

Module wifirf size:
0x8ecc			36556

========================= fwlib Start =============================================
text         rodata       data         bss          module       
136          0            0            0            ameba_app_start.o
84           0            0            0            ameba_arch.o 
468          556          0            0            ameba_chipinfo_lib.o
480          205          0            0            ameba_fault_handle.o
292          28           0            0            ameba_flash_ram.o
256          385          0            0            ameba_freertos_backtrace.o
720          297          0            0            ameba_ipc_api.o
264          168          0            0            ameba_ipc_ram.o
316          275          0            0            ameba_mpu_ram.o
0            28           0            0            ameba_npcap.o
472          0            0            0            ameba_pinmap.o
0            260          0            0            ameba_pinmapcfg.o
28           0            0            0            ameba_pmc.o  
280          152          0            0            ameba_pmu.o  
72           0            0            0            ameba_reset.o
4600         553          0            0            ameba_rom_patch.o
536          464          0            0            ameba_v8m_crashdump.o
200          606          0            0            ameba_wifi_country_code_table_usrcfg.o
564          1080         0            0            ameba_wifi_power_table_usrcfg.o
564          1080         0            0            ameba_wifi_power_table_usrcfg_1v8.o
44           18           0            0            ameba_wifi_power_table_usrcfg_1v8_1v25.o
44           18           0            0            ameba_wifi_power_table_usrcfg_3v3_1v25.o
268          0            0            0            bootloader_km0.o
80           0            0            0            gcc_wrap.o   
0            44           0            0            lib_pmc_git_version.o
340          41           0            0            log.o        
128          0            0            0            low_level_io.o
356          40           0            0            main.o       
688          837          0            0            monitor_km0.o
952          86           0            0            shell_ram.o  
------------------------- fwlib End -----------------------------------------------
text         rodata       data         bss          module       
13232        7221         0            0            (TOTALS)     

Module fwlib size:
0x4fe5			20453

========================= os Start ================================================
text         rodata       data         bss          module       
284          156          0            0            freertos_heap5_config.o
716          0            0            0            heap_5.o     
144          0            0            0            list.o       
116          0            0            0            os_wrapper_critical.o
68           0            0            0            os_wrapper_memory.o
300          100          0            0            os_wrapper_mutex.o
264          0            0            0            os_wrapper_semaphore.o
948          0            0            0            os_wrapper_static_functions.o
104          0            0            0            os_wrapper_task.o
84           0            0            0            os_wrapper_time.o
340          0            0            0            os_wrapper_timer.o
752          141          0            0            port.o       
2404         0            0            0            queue.o      
3740         5            0            0            tasks.o      
1344         8            0            0            timers.o     
------------------------- os End --------------------------------------------------
text         rodata       data         bss          module       
11608        410          0            0            (TOTALS)     

Module os size:
0x2ef2			12018

========================= others Start ============================================
text         rodata       data         bss          module       
32           0            0            0            phl.o        
1252         0            0            0            sscanf_minimal.o
0            37           0            0            _git_version.o
------------------------- others End ----------------------------------------------
text         rodata       data         bss          module       
1284         37           0            0            (TOTALS)     

Module others size:
0x529			1321

================================================================================
text         rodata       data         bss          module       
132358       40291        0            0            (TOTALS)     


Image size:
0x2a269			172649

